[BDArmory.BDACompetitionMode:196835540]: Dumping Results after 125s (of 0s) at 2026-03-28 04:35:17 -04:00
[BDArmory.BDACompetitionMode:196835540]: RESULT:Win:{"team": "PLAID AIF-42C5B LRP", "members": ["PLAID AIF-42C5B LRP", "PLAID AIF-42C5B LRP_1", "PLAID AIF-42C5B LRP_2", "PLAID AIF-42C5B LRP_3"]}
[BDArmory.BDACompetitionMode:196835540]: DEADTEAMS:[{"team": "PLAID AIF-42C5C LRP", "members": ["PLAID AIF-42C5C LRP", "PLAID AIF-42C5C LRP_1", "PLAID AIF-42C5C LRP_2", "PLAID AIF-42C5C LRP_3"]}]
[BDArmory.BDACompetitionMode:196835540]: ALIVE:PLAID AIF-42C5B LRP
[BDArmory.BDACompetitionMode:196835540]: ALIVE:PLAID AIF-42C5B LRP_1
[BDArmory.BDACompetitionMode:196835540]: ALIVE:PLAID AIF-42C5B LRP_2
[BDArmory.BDACompetitionMode:196835540]: ALIVE:PLAID AIF-42C5B LRP_3
[BDArmory.BDACompetitionMode:196835540]: DEAD:2:108.0:PLAID AIF-42C5C LRP
[BDArmory.BDACompetitionMode:196835540]: DEAD:3:114.0:PLAID AIF-42C5C LRP_1
[BDArmory.BDACompetitionMode:196835540]: DEAD:1:100.0:PLAID AIF-42C5C LRP_2
[BDArmory.BDACompetitionMode:196835540]: DEAD:0:87.0:PLAID AIF-42C5C LRP_3
[BDArmory.BDACompetitionMode:196835540]: WHOSHOTWHOWITHGUNS:PLAID AIF-42C5C LRP:15:PLAID AIF-42C5B LRP_3
[BDArmory.BDACompetitionMode:196835540]: WHOSHOTWHOWITHGUNS:PLAID AIF-42C5C LRP_1:5:PLAID AIF-42C5B LRP:1:PLAID AIF-42C5B LRP_1
[BDArmory.BDACompetitionMode:196835540]: WHOSHOTWHOWITHGUNS:PLAID AIF-42C5C LRP_2:11:PLAID AIF-42C5B LRP
[BDArmory.BDACompetitionMode:196835540]: WHOSHOTWHOWITHGUNS:PLAID AIF-42C5B LRP_3:1:PLAID AIF-42C5C LRP
[BDArmory.BDACompetitionMode:196835540]: WHODAMAGEDWHOWITHGUNS:PLAID AIF-42C5C LRP:6698.3:PLAID AIF-42C5B LRP_3
[BDArmory.BDACompetitionMode:196835540]: WHODAMAGEDWHOWITHGUNS:PLAID AIF-42C5C LRP_1:1645.7:PLAID AIF-42C5B LRP:248.4:PLAID AIF-42C5B LRP_1
[BDArmory.BDACompetitionMode:196835540]: WHODAMAGEDWHOWITHGUNS:PLAID AIF-42C5C LRP_2:2886.7:PLAID AIF-42C5B LRP
[BDArmory.BDACompetitionMode:196835540]: WHODAMAGEDWHOWITHGUNS:PLAID AIF-42C5B LRP_3:747.1:PLAID AIF-42C5C LRP
[BDArmory.BDACompetitionMode:196835540]: WHOHITWHOWITHMISSILES:PLAID AIF-42C5C LRP:1:PLAID AIF-42C5B LRP_2:1:PLAID AIF-42C5B LRP
[BDArmory.BDACompetitionMode:196835540]: WHOHITWHOWITHMISSILES:PLAID AIF-42C5C LRP_1:3:PLAID AIF-42C5B LRP_1
[BDArmory.BDACompetitionMode:196835540]: WHOHITWHOWITHMISSILES:PLAID AIF-42C5C LRP_2:1:PLAID AIF-42C5B LRP
[BDArmory.BDACompetitionMode:196835540]: WHOHITWHOWITHMISSILES:PLAID AIF-42C5C LRP_3:2:PLAID AIF-42C5B LRP_3
[BDArmory.BDACompetitionMode:196835540]: WHOHITWHOWITHMISSILES:PLAID AIF-42C5B LRP:1:PLAID AIF-42C5B LRP_3
[BDArmory.BDACompetitionMode:196835540]: WHOPARTSHITWHOWITHMISSILES:PLAID AIF-42C5C LRP:36:PLAID AIF-42C5B LRP_2:29:PLAID AIF-42C5B LRP
[BDArmory.BDACompetitionMode:196835540]: WHOPARTSHITWHOWITHMISSILES:PLAID AIF-42C5C LRP_1:84:PLAID AIF-42C5B LRP_1
[BDArmory.BDACompetitionMode:196835540]: WHOPARTSHITWHOWITHMISSILES:PLAID AIF-42C5C LRP_2:70:PLAID AIF-42C5B LRP
[BDArmory.BDACompetitionMode:196835540]: WHOPARTSHITWHOWITHMISSILES:PLAID AIF-42C5C LRP_3:144:PLAID AIF-42C5B LRP_3
[BDArmory.BDACompetitionMode:196835540]: WHOPARTSHITWHOWITHMISSILES:PLAID AIF-42C5B LRP:69:PLAID AIF-42C5B LRP_3
[BDArmory.BDACompetitionMode:196835540]: WHODAMAGEDWHOWITHMISSILES:PLAID AIF-42C5C LRP:776.6:PLAID AIF-42C5B LRP_2:713.5:PLAID AIF-42C5B LRP
[BDArmory.BDACompetitionMode:196835540]: WHODAMAGEDWHOWITHMISSILES:PLAID AIF-42C5C LRP_1:66112.9:PLAID AIF-42C5B LRP_1
[BDArmory.BDACompetitionMode:196835540]: WHODAMAGEDWHOWITHMISSILES:PLAID AIF-42C5C LRP_2:12341.6:PLAID AIF-42C5B LRP
[BDArmory.BDACompetitionMode:196835540]: WHODAMAGEDWHOWITHMISSILES:PLAID AIF-42C5C LRP_3:23348.5:PLAID AIF-42C5B LRP_3
[BDArmory.BDACompetitionMode:196835540]: WHODAMAGEDWHOWITHMISSILES:PLAID AIF-42C5B LRP:4361.9:PLAID AIF-42C5B LRP_3
[BDArmory.BDACompetitionMode:196835540]: WHODAMAGEDWHOWITHBATTLEDAMAGE:PLAID AIF-42C5C LRP:486.7:PLAID AIF-42C5B LRP_3:18555.7:PLAID AIF-42C5C LRP
[BDArmory.BDACompetitionMode:196835540]: WHODAMAGEDWHOWITHBATTLEDAMAGE:PLAID AIF-42C5C LRP_1:56.3:PLAID AIF-42C5B LRP:8275.8:PLAID AIF-42C5C LRP_1:13113.4:PLAID AIF-42C5B LRP_1
[BDArmory.BDACompetitionMode:196835540]: WHODAMAGEDWHOWITHBATTLEDAMAGE:PLAID AIF-42C5C LRP_2:258.0:PLAID AIF-42C5B LRP:15991.1:PLAID AIF-42C5C LRP_2
[BDArmory.BDACompetitionMode:196835540]: WHODAMAGEDWHOWITHBATTLEDAMAGE:PLAID AIF-42C5C LRP_3:42337.9:PLAID AIF-42C5B LRP_3
[BDArmory.BDACompetitionMode:196835540]: KILLSTEALGUNS:PLAID AIF-42C5C LRP:PLAID AIF-42C5B LRP_3
[BDArmory.BDACompetitionMode:196835540]: HEADSHOTMISSILES:PLAID AIF-42C5C LRP_1:PLAID AIF-42C5B LRP_1
[BDArmory.BDACompetitionMode:196835540]: CLEANKILLGUNS:PLAID AIF-42C5C LRP_2:PLAID AIF-42C5B LRP
[BDArmory.BDACompetitionMode:196835540]: CLEANKILLMISSILES:PLAID AIF-42C5C LRP_3:PLAID AIF-42C5B LRP_3
[BDArmory.BDACompetitionMode:196835540]: HPLEFT:PLAID AIF-42C5C LRP:0
[BDArmory.BDACompetitionMode:196835540]: HPLEFT:PLAID AIF-42C5C LRP_1:0
[BDArmory.BDACompetitionMode:196835540]: HPLEFT:PLAID AIF-42C5C LRP_2:0
[BDArmory.BDACompetitionMode:196835540]: HPLEFT:PLAID AIF-42C5C LRP_3:0
[BDArmory.BDACompetitionMode:196835540]: HPLEFT:PLAID AIF-42C5B LRP:95
[BDArmory.BDACompetitionMode:196835540]: HPLEFT:PLAID AIF-42C5B LRP_1:100
[BDArmory.BDACompetitionMode:196835540]: HPLEFT:PLAID AIF-42C5B LRP_2:100
[BDArmory.BDACompetitionMode:196835540]: HPLEFT:PLAID AIF-42C5B LRP_3:98.75
[BDArmory.BDACompetitionMode:196835540]: ACCURACY:PLAID AIF-42C5C LRP:1/22:0/0
[BDArmory.BDACompetitionMode:196835540]: ACCURACY:PLAID AIF-42C5C LRP_1:0/0:0/0
[BDArmory.BDACompetitionMode:196835540]: ACCURACY:PLAID AIF-42C5C LRP_2:0/0:0/0
[BDArmory.BDACompetitionMode:196835540]: ACCURACY:PLAID AIF-42C5C LRP_3:0/0:0/0
[BDArmory.BDACompetitionMode:196835540]: ACCURACY:PLAID AIF-42C5B LRP:16/171:0/0
[BDArmory.BDACompetitionMode:196835540]: ACCURACY:PLAID AIF-42C5B LRP_1:1/41:0/0
[BDArmory.BDACompetitionMode:196835540]: ACCURACY:PLAID AIF-42C5B LRP_2:0/9:0/0
[BDArmory.BDACompetitionMode:196835540]: ACCURACY:PLAID AIF-42C5B LRP_3:15/65:0/0
