[BDArmory.BDACompetitionMode:196983298]: Dumping Results after 150s (of 0s) at 2026-03-29 21:38:00 -04:00
[BDArmory.BDACompetitionMode:196983298]: RESULT:Win:{"team": "PLAID AIF-42C5B LRP", "members": ["PLAID AIF-42C5B LRP", "PLAID AIF-42C5B LRP_1", "PLAID AIF-42C5B LRP_2"]}
[BDArmory.BDACompetitionMode:196983298]: DEADTEAMS:[{"team": "PLAID AIF-42C5B1 LRP", "members": ["PLAID AIF-42C5B1 LRP", "PLAID AIF-42C5B1 LRP_1", "PLAID AIF-42C5B1 LRP_2"]}]
[BDArmory.BDACompetitionMode:196983298]: ALIVE:PLAID AIF-42C5B LRP_1
[BDArmory.BDACompetitionMode:196983298]: ALIVE:PLAID AIF-42C5B LRP_2
[BDArmory.BDACompetitionMode:196983298]: DEAD:1:109.0:PLAID AIF-42C5B LRP
[BDArmory.BDACompetitionMode:196983298]: DEAD:0:93.0:PLAID AIF-42C5B1 LRP
[BDArmory.BDACompetitionMode:196983298]: DEAD:3:139.0:PLAID AIF-42C5B1 LRP_1
[BDArmory.BDACompetitionMode:196983298]: DEAD:2:111.0:PLAID AIF-42C5B1 LRP_2
[BDArmory.BDACompetitionMode:196983298]: WHOSHOTWHOWITHGUNS:PLAID AIF-42C5B LRP_1:14:PLAID AIF-42C5B1 LRP_2
[BDArmory.BDACompetitionMode:196983298]: WHOSHOTWHOWITHGUNS:PLAID AIF-42C5B LRP_2:1:PLAID AIF-42C5B1 LRP_2
[BDArmory.BDACompetitionMode:196983298]: WHOSHOTWHOWITHGUNS:PLAID AIF-42C5B1 LRP_1:4:PLAID AIF-42C5B LRP
[BDArmory.BDACompetitionMode:196983298]: WHOSHOTWHOWITHGUNS:PLAID AIF-42C5B1 LRP_2:31:PLAID AIF-42C5B LRP_2:3:PLAID AIF-42C5B LRP
[BDArmory.BDACompetitionMode:196983298]: WHODAMAGEDWHOWITHGUNS:PLAID AIF-42C5B LRP_1:5414.7:PLAID AIF-42C5B1 LRP_2
[BDArmory.BDACompetitionMode:196983298]: WHODAMAGEDWHOWITHGUNS:PLAID AIF-42C5B LRP_2:396.3:PLAID AIF-42C5B1 LRP_2
[BDArmory.BDACompetitionMode:196983298]: WHODAMAGEDWHOWITHGUNS:PLAID AIF-42C5B1 LRP_1:2561.9:PLAID AIF-42C5B LRP
[BDArmory.BDACompetitionMode:196983298]: WHODAMAGEDWHOWITHGUNS:PLAID AIF-42C5B1 LRP_2:7470.6:PLAID AIF-42C5B LRP_2:1407.3:PLAID AIF-42C5B LRP
[BDArmory.BDACompetitionMode:196983298]: WHOHITWHOWITHMISSILES:PLAID AIF-42C5B LRP:1:PLAID AIF-42C5B1 LRP_2
[BDArmory.BDACompetitionMode:196983298]: WHOHITWHOWITHMISSILES:PLAID AIF-42C5B1 LRP:1:PLAID AIF-42C5B LRP_1
[BDArmory.BDACompetitionMode:196983298]: WHOHITWHOWITHMISSILES:PLAID AIF-42C5B1 LRP_1:2:PLAID AIF-42C5B LRP:1:PLAID AIF-42C5B LRP_1
[BDArmory.BDACompetitionMode:196983298]: WHOPARTSHITWHOWITHMISSILES:PLAID AIF-42C5B LRP:62:PLAID AIF-42C5B1 LRP_2
[BDArmory.BDACompetitionMode:196983298]: WHOPARTSHITWHOWITHMISSILES:PLAID AIF-42C5B1 LRP:69:PLAID AIF-42C5B LRP_1
[BDArmory.BDACompetitionMode:196983298]: WHOPARTSHITWHOWITHMISSILES:PLAID AIF-42C5B1 LRP_1:130:PLAID AIF-42C5B LRP:25:PLAID AIF-42C5B LRP_1
[BDArmory.BDACompetitionMode:196983298]: WHODAMAGEDWHOWITHMISSILES:PLAID AIF-42C5B LRP:43191.8:PLAID AIF-42C5B1 LRP_2
[BDArmory.BDACompetitionMode:196983298]: WHODAMAGEDWHOWITHMISSILES:PLAID AIF-42C5B1 LRP:69289.2:PLAID AIF-42C5B LRP_1
[BDArmory.BDACompetitionMode:196983298]: WHODAMAGEDWHOWITHMISSILES:PLAID AIF-42C5B1 LRP_1:61073.2:PLAID AIF-42C5B LRP:2004.4:PLAID AIF-42C5B LRP_1
[BDArmory.BDACompetitionMode:196983298]: WHODAMAGEDWHOWITHBATTLEDAMAGE:PLAID AIF-42C5B LRP_1:29.8:PLAID AIF-42C5B1 LRP_2
[BDArmory.BDACompetitionMode:196983298]: WHODAMAGEDWHOWITHBATTLEDAMAGE:PLAID AIF-42C5B LRP_2:120.3:PLAID AIF-42C5B1 LRP_2
[BDArmory.BDACompetitionMode:196983298]: WHODAMAGEDWHOWITHBATTLEDAMAGE:PLAID AIF-42C5B1 LRP:39739.3:PLAID AIF-42C5B LRP_1
[BDArmory.BDACompetitionMode:196983298]: WHODAMAGEDWHOWITHBATTLEDAMAGE:PLAID AIF-42C5B1 LRP_1:139.8:PLAID AIF-42C5B LRP
[BDArmory.BDACompetitionMode:196983298]: WHODAMAGEDWHOWITHBATTLEDAMAGE:PLAID AIF-42C5B1 LRP_2:166.5:PLAID AIF-42C5B LRP_2:44.8:PLAID AIF-42C5B LRP
[BDArmory.BDACompetitionMode:196983298]: CLEANKILLMISSILES:PLAID AIF-42C5B LRP:PLAID AIF-42C5B1 LRP_2
[BDArmory.BDACompetitionMode:196983298]: CLEANKILLMISSILES:PLAID AIF-42C5B1 LRP:PLAID AIF-42C5B LRP_1
[BDArmory.BDACompetitionMode:196983298]: KILLSTEALGUNS:PLAID AIF-42C5B1 LRP_2:PLAID AIF-42C5B LRP_2
[BDArmory.BDACompetitionMode:196983298]: HPLEFT:PLAID AIF-42C5B LRP:0
[BDArmory.BDACompetitionMode:196983298]: HPLEFT:PLAID AIF-42C5B LRP_1:71.25
[BDArmory.BDACompetitionMode:196983298]: HPLEFT:PLAID AIF-42C5B LRP_2:97.5
[BDArmory.BDACompetitionMode:196983298]: HPLEFT:PLAID AIF-42C5B1 LRP:0
[BDArmory.BDACompetitionMode:196983298]: HPLEFT:PLAID AIF-42C5B1 LRP_1:0
[BDArmory.BDACompetitionMode:196983298]: HPLEFT:PLAID AIF-42C5B1 LRP_2:0
[BDArmory.BDACompetitionMode:196983298]: ACCURACY:PLAID AIF-42C5B LRP:7/81:0/0
[BDArmory.BDACompetitionMode:196983298]: ACCURACY:PLAID AIF-42C5B LRP_1:0/53:0/0
[BDArmory.BDACompetitionMode:196983298]: ACCURACY:PLAID AIF-42C5B LRP_2:31/176:0/0
[BDArmory.BDACompetitionMode:196983298]: ACCURACY:PLAID AIF-42C5B1 LRP:0/0:0/0
[BDArmory.BDACompetitionMode:196983298]: ACCURACY:PLAID AIF-42C5B1 LRP_1:0/0:0/0
[BDArmory.BDACompetitionMode:196983298]: ACCURACY:PLAID AIF-42C5B1 LRP_2:15/105:0/0
