[BDArmory.BDACompetitionMode:199576004]: Dumping Results after -328s (of 0s) at 2026-04-28 21:49:46 -04:00
[BDArmory.BDACompetitionMode:199576004]: RESULT:Draw:[{"team": "AIF-38B", "members": ["AIF-38B", "AIF-38B_1"]}, {"team": "PLAID AIF-42C5D2", "members": ["PLAID AIF-42C5D2", "PLAID AIF-42C5D2_1"]}]
[BDArmory.BDACompetitionMode:199576004]: DEADTEAMS:[]
[BDArmory.BDACompetitionMode:199576004]: ALIVE:AIF-38B_1
[BDArmory.BDACompetitionMode:199576004]: ALIVE:PLAID AIF-42C5D2
[BDArmory.BDACompetitionMode:199576004]: ALIVE:PLAID AIF-42C5D2_1
[BDArmory.BDACompetitionMode:199576004]: MIA:AIF-38B
[BDArmory.BDACompetitionMode:199576004]: WHOSHOTWHOWITHGUNS:AIF-38B:13:PLAID AIF-42C5D2
[BDArmory.BDACompetitionMode:199576004]: WHOSHOTWHOWITHGUNS:AIF-38B_1:48:PLAID AIF-42C5D2_1
[BDArmory.BDACompetitionMode:199576004]: WHOSHOTWHOWITHGUNS:PLAID AIF-42C5D2:48:AIF-38B
[BDArmory.BDACompetitionMode:199576004]: WHOSHOTWHOWITHGUNS:PLAID AIF-42C5D2_1:68:AIF-38B_1:17:AIF-38B
[BDArmory.BDACompetitionMode:199576004]: WHOHITWHOWITHMISSILES:AIF-38B:2:PLAID AIF-42C5D2
[BDArmory.BDACompetitionMode:199576004]: WHOHITWHOWITHMISSILES:AIF-38B_1:1:PLAID AIF-42C5D2_1
[BDArmory.BDACompetitionMode:199576004]: WHOHITWHOWITHMISSILES:PLAID AIF-42C5D2:2:AIF-38B:1:AIF-38B_1
[BDArmory.BDACompetitionMode:199576004]: WHOHITWHOWITHMISSILES:PLAID AIF-42C5D2_1:1:AIF-38B_1
[BDArmory.BDACompetitionMode:199576004]: WHOPARTSHITWHOWITHMISSILES:AIF-38B:181:PLAID AIF-42C5D2
[BDArmory.BDACompetitionMode:199576004]: WHOPARTSHITWHOWITHMISSILES:AIF-38B_1:95:PLAID AIF-42C5D2_1
[BDArmory.BDACompetitionMode:199576004]: WHOPARTSHITWHOWITHMISSILES:PLAID AIF-42C5D2:134:AIF-38B:71:AIF-38B_1
[BDArmory.BDACompetitionMode:199576004]: WHOPARTSHITWHOWITHMISSILES:PLAID AIF-42C5D2_1:72:AIF-38B_1
[BDArmory.BDACompetitionMode:199576004]: HPLEFT:AIF-38B:0
[BDArmory.BDACompetitionMode:199576004]: HPLEFT:AIF-38B_1:100
[BDArmory.BDACompetitionMode:199576004]: HPLEFT:PLAID AIF-42C5D2:100
[BDArmory.BDACompetitionMode:199576004]: HPLEFT:PLAID AIF-42C5D2_1:100
[BDArmory.BDACompetitionMode:199576004]: ACCURACY:AIF-38B:65/297:0/0
[BDArmory.BDACompetitionMode:199576004]: ACCURACY:AIF-38B_1:68/478:0/0
[BDArmory.BDACompetitionMode:199576004]: ACCURACY:PLAID AIF-42C5D2:13/161:0/0
[BDArmory.BDACompetitionMode:199576004]: ACCURACY:PLAID AIF-42C5D2_1:48/396:0/0
