[BDArmory.BDACompetitionMode:208994569]: Dumping Results after 101s (of 0s) at 2026-08-15 22:06:27 -04:00
[BDArmory.BDACompetitionMode:208994569]: RESULT:Win:{"team": "AIF-38D5", "members": ["AIF-38D5", "AIF-38D5_1", "AIF-38D5_2", "AIF-38D5_3", "AIF-38D5_4", "AIF-38D5_5"]}
[BDArmory.BDACompetitionMode:208994569]: DEADTEAMS:[{"team": "AIF-38D2", "members": ["AIF-38D2", "AIF-38D2_1", "AIF-38D2_2", "AIF-38D2_3", "AIF-38D2_4", "AIF-38D2_5"]}]
[BDArmory.BDACompetitionMode:208994569]: ALIVE:AIF-38D5
[BDArmory.BDACompetitionMode:208994569]: ALIVE:AIF-38D5_2
[BDArmory.BDACompetitionMode:208994569]: ALIVE:AIF-38D5_5
[BDArmory.BDACompetitionMode:208994569]: DEAD:5:90.0:AIF-38D2
[BDArmory.BDACompetitionMode:208994569]: DEAD:2:70.0:AIF-38D2_1
[BDArmory.BDACompetitionMode:208994569]: DEAD:6:90.0:AIF-38D2_2
[BDArmory.BDACompetitionMode:208994569]: DEAD:3:80.0:AIF-38D2_3
[BDArmory.BDACompetitionMode:208994569]: DEAD:4:89.0:AIF-38D2_4
[BDArmory.BDACompetitionMode:208994569]: DEAD:1:65.0:AIF-38D2_5
[BDArmory.BDACompetitionMode:208994569]: MIA:AIF-38D5_1
[BDArmory.BDACompetitionMode:208994569]: MIA:AIF-38D5_3
[BDArmory.BDACompetitionMode:208994569]: DEAD:0:55.0:AIF-38D5_4
[BDArmory.BDACompetitionMode:208994569]: WHOSHOTWHOWITHGUNS:AIF-38D2_1:3:AIF-38D5_2:5:AIF-38D5
[BDArmory.BDACompetitionMode:208994569]: WHOSHOTWHOWITHGUNS:AIF-38D2_3:10:AIF-38D5_5:4:AIF-38D5_2:4:AIF-38D5_3:5:AIF-38D5
[BDArmory.BDACompetitionMode:208994569]: WHODAMAGEDWHOWITHGUNS:AIF-38D2_1:224.8:AIF-38D5_2:451.5:AIF-38D5
[BDArmory.BDACompetitionMode:208994569]: WHODAMAGEDWHOWITHGUNS:AIF-38D2_3:766.4:AIF-38D5_5:266.0:AIF-38D5_3:246.2:AIF-38D5_2:623.5:AIF-38D5
[BDArmory.BDACompetitionMode:208994569]: WHOHITWHOWITHMISSILES:AIF-38D2:2:AIF-38D5:1:AIF-38D5_5
[BDArmory.BDACompetitionMode:208994569]: WHOHITWHOWITHMISSILES:AIF-38D2_1:1:AIF-38D5_1:2:AIF-38D5:1:AIF-38D5_2:1:AIF-38D5_5:1:AIF-38D5_3
[BDArmory.BDACompetitionMode:208994569]: WHOHITWHOWITHMISSILES:AIF-38D2_2:1:AIF-38D5_2:1:AIF-38D5_1
[BDArmory.BDACompetitionMode:208994569]: WHOHITWHOWITHMISSILES:AIF-38D2_3:1:AIF-38D5_1:1:AIF-38D5_5:2:AIF-38D5_3:1:AIF-38D5_2:1:AIF-38D5
[BDArmory.BDACompetitionMode:208994569]: WHOHITWHOWITHMISSILES:AIF-38D2_4:3:AIF-38D5_2:1:AIF-38D5_4
[BDArmory.BDACompetitionMode:208994569]: WHOHITWHOWITHMISSILES:AIF-38D2_5:2:AIF-38D5_3:1:AIF-38D5_5
[BDArmory.BDACompetitionMode:208994569]: WHOHITWHOWITHMISSILES:AIF-38D5_1:1:AIF-38D2_3
[BDArmory.BDACompetitionMode:208994569]: WHOHITWHOWITHMISSILES:AIF-38D5_2:1:AIF-38D5_3
[BDArmory.BDACompetitionMode:208994569]: WHOHITWHOWITHMISSILES:AIF-38D5_3:1:AIF-38D5
[BDArmory.BDACompetitionMode:208994569]: WHOHITWHOWITHMISSILES:AIF-38D5_4:1:AIF-38D2_2:1:AIF-38D2_3
[BDArmory.BDACompetitionMode:208994569]: WHOHITWHOWITHMISSILES:AIF-38D5_5:1:AIF-38D5_3
[BDArmory.BDACompetitionMode:208994569]: WHOPARTSHITWHOWITHMISSILES:AIF-38D2:108:AIF-38D5:84:AIF-38D5_5
[BDArmory.BDACompetitionMode:208994569]: WHOPARTSHITWHOWITHMISSILES:AIF-38D2_1:88:AIF-38D5_1:85:AIF-38D5:69:AIF-38D5_2:69:AIF-38D5_5:18:AIF-38D5_3
[BDArmory.BDACompetitionMode:208994569]: WHOPARTSHITWHOWITHMISSILES:AIF-38D2_2:88:AIF-38D5_2:53:AIF-38D5_1
[BDArmory.BDACompetitionMode:208994569]: WHOPARTSHITWHOWITHMISSILES:AIF-38D2_3:91:AIF-38D5_1:58:AIF-38D5_5:60:AIF-38D5_3:13:AIF-38D5_2:12:AIF-38D5
[BDArmory.BDACompetitionMode:208994569]: WHOPARTSHITWHOWITHMISSILES:AIF-38D2_4:173:AIF-38D5_2:74:AIF-38D5_4
[BDArmory.BDACompetitionMode:208994569]: WHOPARTSHITWHOWITHMISSILES:AIF-38D2_5:104:AIF-38D5_3:18:AIF-38D5_5
[BDArmory.BDACompetitionMode:208994569]: WHOPARTSHITWHOWITHMISSILES:AIF-38D5_1:85:AIF-38D2_3
[BDArmory.BDACompetitionMode:208994569]: WHOPARTSHITWHOWITHMISSILES:AIF-38D5_2:78:AIF-38D5_3
[BDArmory.BDACompetitionMode:208994569]: WHOPARTSHITWHOWITHMISSILES:AIF-38D5_3:79:AIF-38D5
[BDArmory.BDACompetitionMode:208994569]: WHOPARTSHITWHOWITHMISSILES:AIF-38D5_4:82:AIF-38D2_2:18:AIF-38D2_3
[BDArmory.BDACompetitionMode:208994569]: WHOPARTSHITWHOWITHMISSILES:AIF-38D5_5:79:AIF-38D5_3
[BDArmory.BDACompetitionMode:208994569]: WHODAMAGEDWHOWITHMISSILES:AIF-38D2:33477.5:AIF-38D5:6234.8:AIF-38D5_5
[BDArmory.BDACompetitionMode:208994569]: WHODAMAGEDWHOWITHMISSILES:AIF-38D2_1:12416.6:AIF-38D5_1:20830.0:AIF-38D5:11589.7:AIF-38D5_2:8934.8:AIF-38D5_5:3805.6:AIF-38D5_3
[BDArmory.BDACompetitionMode:208994569]: WHODAMAGEDWHOWITHMISSILES:AIF-38D2_2:20734.5:AIF-38D5_2:13453.6:AIF-38D5_1
[BDArmory.BDACompetitionMode:208994569]: WHODAMAGEDWHOWITHMISSILES:AIF-38D2_3:48828.9:AIF-38D5_1:8656.0:AIF-38D5_5:39222.2:AIF-38D5_3:1242.6:AIF-38D5_2:6631.6:AIF-38D5
[BDArmory.BDACompetitionMode:208994569]: WHODAMAGEDWHOWITHMISSILES:AIF-38D2_4:114003.6:AIF-38D5_2:32192.9:AIF-38D5_4
[BDArmory.BDACompetitionMode:208994569]: WHODAMAGEDWHOWITHMISSILES:AIF-38D2_5:26796.7:AIF-38D5_3:11077.7:AIF-38D5_5
[BDArmory.BDACompetitionMode:208994569]: WHODAMAGEDWHOWITHMISSILES:AIF-38D5_1:21396.9:AIF-38D2_3
[BDArmory.BDACompetitionMode:208994569]: WHODAMAGEDWHOWITHMISSILES:AIF-38D5_3:56489.4:AIF-38D5
[BDArmory.BDACompetitionMode:208994569]: WHODAMAGEDWHOWITHMISSILES:AIF-38D5_4:12266.9:AIF-38D2_2:17596.0:AIF-38D2_3
[BDArmory.BDACompetitionMode:208994569]: WHODAMAGEDWHOWITHMISSILES:AIF-38D5_5:320.6:AIF-38D5_3
[BDArmory.BDACompetitionMode:208994569]: WHODAMAGEDWHOWITHBATTLEDAMAGE:AIF-38D2_1:31.4:AIF-38D5_2:12.4:AIF-38D5
[BDArmory.BDACompetitionMode:208994569]: WHODAMAGEDWHOWITHBATTLEDAMAGE:AIF-38D2_3:14723.4:AIF-38D5
[BDArmory.BDACompetitionMode:208994569]: WHODAMAGEDWHOWITHBATTLEDAMAGE:AIF-38D5_1:0.2:AIF-38D2_3
[BDArmory.BDACompetitionMode:208994569]: WHODAMAGEDWHOWITHBATTLEDAMAGE:AIF-38D5_4:12279.0:AIF-38D2_3
[BDArmory.BDACompetitionMode:208994569]: GMKILL:AIF-38D2_2:LandedTooLong
[BDArmory.BDACompetitionMode:208994569]: HEADSHOTMISSILES:AIF-38D2:AIF-38D5
[BDArmory.BDACompetitionMode:208994569]: KILLSTEALMISSILES:AIF-38D2_1:AIF-38D5
[BDArmory.BDACompetitionMode:208994569]: KILLSTEALGUNS:AIF-38D2_3:AIF-38D5
[BDArmory.BDACompetitionMode:208994569]: HEADSHOTMISSILES:AIF-38D2_4:AIF-38D5_2
[BDArmory.BDACompetitionMode:208994569]: HEADSHOTMISSILES:AIF-38D2_5:AIF-38D5_3
[BDArmory.BDACompetitionMode:208994569]: KILLSTEALMISSILES:AIF-38D5_4:AIF-38D2_3
[BDArmory.BDACompetitionMode:208994569]: HPLEFT:AIF-38D2:0
[BDArmory.BDACompetitionMode:208994569]: HPLEFT:AIF-38D2_1:0
[BDArmory.BDACompetitionMode:208994569]: HPLEFT:AIF-38D2_2:0
[BDArmory.BDACompetitionMode:208994569]: HPLEFT:AIF-38D2_3:0
[BDArmory.BDACompetitionMode:208994569]: HPLEFT:AIF-38D2_4:0
[BDArmory.BDACompetitionMode:208994569]: HPLEFT:AIF-38D2_5:0
[BDArmory.BDACompetitionMode:208994569]: HPLEFT:AIF-38D5:100
[BDArmory.BDACompetitionMode:208994569]: HPLEFT:AIF-38D5_1:54.0229885057471
[BDArmory.BDACompetitionMode:208994569]: HPLEFT:AIF-38D5_2:100
[BDArmory.BDACompetitionMode:208994569]: HPLEFT:AIF-38D5_3:20.6896551724138
[BDArmory.BDACompetitionMode:208994569]: HPLEFT:AIF-38D5_4:0
[BDArmory.BDACompetitionMode:208994569]: HPLEFT:AIF-38D5_5:100
[BDArmory.BDACompetitionMode:208994569]: ACCURACY:AIF-38D2:0/0:0/0
[BDArmory.BDACompetitionMode:208994569]: ACCURACY:AIF-38D2_1:0/0:0/0
[BDArmory.BDACompetitionMode:208994569]: ACCURACY:AIF-38D2_2:0/0:0/0
[BDArmory.BDACompetitionMode:208994569]: ACCURACY:AIF-38D2_3:0/9:0/0
[BDArmory.BDACompetitionMode:208994569]: ACCURACY:AIF-38D2_4:0/0:0/0
[BDArmory.BDACompetitionMode:208994569]: ACCURACY:AIF-38D2_5:0/0:0/0
[BDArmory.BDACompetitionMode:208994569]: ACCURACY:AIF-38D5:10/62:0/0
[BDArmory.BDACompetitionMode:208994569]: ACCURACY:AIF-38D5_1:0/0:0/0
[BDArmory.BDACompetitionMode:208994569]: ACCURACY:AIF-38D5_2:7/46:0/0
[BDArmory.BDACompetitionMode:208994569]: ACCURACY:AIF-38D5_3:4/13:0/0
[BDArmory.BDACompetitionMode:208994569]: ACCURACY:AIF-38D5_4:0/0:0/0
[BDArmory.BDACompetitionMode:208994569]: ACCURACY:AIF-38D5_5:10/69:0/0
