[BDArmory.BDACompetitionMode:196025566]: Dumping Results after 96s (of 0s) at 2026-03-18 19:34:28 -04:00
[BDArmory.BDACompetitionMode:196025566]: RESULT:Win:{"team": "PLAID AIF-42C5B LRP", "members": ["PLAID AIF-42C5A LRP", "PLAID AIF-42C5A LRP_1"]}
[BDArmory.BDACompetitionMode:196025566]: DEADTEAMS:[{"team": "PLAID AIF-42C2 LRP", "members": ["PLAID AIF-42C2 LRP", "PLAID AIF-42C2 LRP_1"]}]
[BDArmory.BDACompetitionMode:196025566]: ALIVE:PLAID AIF-42C5A LRP
[BDArmory.BDACompetitionMode:196025566]: ALIVE:PLAID AIF-42C5A LRP_1
[BDArmory.BDACompetitionMode:196025566]: DEAD:1:86.0:PLAID AIF-42C2 LRP
[BDArmory.BDACompetitionMode:196025566]: DEAD:0:67.0:PLAID AIF-42C2 LRP_1
[BDArmory.BDACompetitionMode:196025566]: WHOSHOTWHOWITHGUNS:PLAID AIF-42C2 LRP:14:PLAID AIF-42C5A LRP_1
[BDArmory.BDACompetitionMode:196025566]: WHODAMAGEDWHOWITHGUNS:PLAID AIF-42C2 LRP:5738.3:PLAID AIF-42C5A LRP_1
[BDArmory.BDACompetitionMode:196025566]: WHOHITWHOWITHMISSILES:PLAID AIF-42C2 LRP:1:PLAID AIF-42C5A LRP
[BDArmory.BDACompetitionMode:196025566]: WHOHITWHOWITHMISSILES:PLAID AIF-42C2 LRP_1:1:PLAID AIF-42C5A LRP
[BDArmory.BDACompetitionMode:196025566]: WHOPARTSHITWHOWITHMISSILES:PLAID AIF-42C2 LRP:81:PLAID AIF-42C5A LRP
[BDArmory.BDACompetitionMode:196025566]: WHOPARTSHITWHOWITHMISSILES:PLAID AIF-42C2 LRP_1:85:PLAID AIF-42C5A LRP
[BDArmory.BDACompetitionMode:196025566]: WHODAMAGEDWHOWITHMISSILES:PLAID AIF-42C2 LRP_1:14105.5:PLAID AIF-42C5A LRP
[BDArmory.BDACompetitionMode:196025566]: WHODAMAGEDWHOWITHBATTLEDAMAGE:PLAID AIF-42C2 LRP:51.3:PLAID AIF-42C5A LRP_1:10564.4:PLAID AIF-42C2 LRP
[BDArmory.BDACompetitionMode:196025566]: HEADSHOTGUNS:PLAID AIF-42C2 LRP:PLAID AIF-42C5A LRP_1
[BDArmory.BDACompetitionMode:196025566]: CLEANKILLMISSILES:PLAID AIF-42C2 LRP_1:PLAID AIF-42C5A LRP
[BDArmory.BDACompetitionMode:196025566]: HPLEFT:PLAID AIF-42C2 LRP:0
[BDArmory.BDACompetitionMode:196025566]: HPLEFT:PLAID AIF-42C2 LRP_1:0
[BDArmory.BDACompetitionMode:196025566]: HPLEFT:PLAID AIF-42C5A LRP:100
[BDArmory.BDACompetitionMode:196025566]: HPLEFT:PLAID AIF-42C5A LRP_1:100
[BDArmory.BDACompetitionMode:196025566]: ACCURACY:PLAID AIF-42C2 LRP:0/0:0/0
[BDArmory.BDACompetitionMode:196025566]: ACCURACY:PLAID AIF-42C2 LRP_1:0/0:0/0
[BDArmory.BDACompetitionMode:196025566]: ACCURACY:PLAID AIF-42C5A LRP:0/18:0/0
[BDArmory.BDACompetitionMode:196025566]: ACCURACY:PLAID AIF-42C5A LRP_1:14/53:0/0
