[BDArmory.BDACompetitionMode:200976417]: Dumping Results after -269s (of 0s) at 2026-05-15 02:49:29 -04:00
[BDArmory.BDACompetitionMode:200976417]: RESULT:Win:{"team": "AIF-38C", "members": ["AIF-38C", "AIF-38C_1"]}
[BDArmory.BDACompetitionMode:200976417]: DEADTEAMS:[{"team": "AIF-38B", "members": ["AIF-38B", "AIF-38B_1"]}]
[BDArmory.BDACompetitionMode:200976417]: MIA:AIF-38C
[BDArmory.BDACompetitionMode:200976417]: MIA:AIF-38C_1
[BDArmory.BDACompetitionMode:200976417]: DEAD:0:93.0:AIF-38B
[BDArmory.BDACompetitionMode:200976417]: MIA:AIF-38B_1
[BDArmory.BDACompetitionMode:200976417]: WHOHITWHOWITHMISSILES:AIF-38C:1:AIF-38B:3:AIF-38B_1
[BDArmory.BDACompetitionMode:200976417]: WHOHITWHOWITHMISSILES:AIF-38C_1:3:AIF-38B_1
[BDArmory.BDACompetitionMode:200976417]: WHOHITWHOWITHMISSILES:AIF-38B:1:AIF-38C:1:AIF-38C_1
[BDArmory.BDACompetitionMode:200976417]: WHOHITWHOWITHMISSILES:AIF-38B_1:1:AIF-38C_1
[BDArmory.BDACompetitionMode:200976417]: WHOPARTSHITWHOWITHMISSILES:AIF-38C:97:AIF-38B:233:AIF-38B_1
[BDArmory.BDACompetitionMode:200976417]: WHOPARTSHITWHOWITHMISSILES:AIF-38C_1:282:AIF-38B_1
[BDArmory.BDACompetitionMode:200976417]: WHOPARTSHITWHOWITHMISSILES:AIF-38B:93:AIF-38C:23:AIF-38C_1
[BDArmory.BDACompetitionMode:200976417]: WHOPARTSHITWHOWITHMISSILES:AIF-38B_1:87:AIF-38C_1
[BDArmory.BDACompetitionMode:200976417]: WHODAMAGEDWHOWITHMISSILES:AIF-38C:27225.3:AIF-38B_1
[BDArmory.BDACompetitionMode:200976417]: WHODAMAGEDWHOWITHMISSILES:AIF-38C_1:16447.4:AIF-38B_1
[BDArmory.BDACompetitionMode:200976417]: WHODAMAGEDWHOWITHMISSILES:AIF-38B:30094.9:AIF-38C:10555.6:AIF-38C_1
[BDArmory.BDACompetitionMode:200976417]: WHODAMAGEDWHOWITHMISSILES:AIF-38B_1:10837.6:AIF-38C_1
[BDArmory.BDACompetitionMode:200976417]: WHODAMAGEDWHOWITHBATTLEDAMAGE:AIF-38C:0.2:AIF-38B_1
[BDArmory.BDACompetitionMode:200976417]: WHODAMAGEDWHOWITHBATTLEDAMAGE:AIF-38B:25297.2:AIF-38C_1
[BDArmory.BDACompetitionMode:200976417]: HEADSHOTMISSILES:AIF-38B:AIF-38C_1
[BDArmory.BDACompetitionMode:200976417]: HPLEFT:AIF-38C:16.6666666666667
[BDArmory.BDACompetitionMode:200976417]: HPLEFT:AIF-38C_1:16.6666666666667
[BDArmory.BDACompetitionMode:200976417]: HPLEFT:AIF-38B:0
[BDArmory.BDACompetitionMode:200976417]: HPLEFT:AIF-38B_1:0
[BDArmory.BDACompetitionMode:200976417]: ACCURACY:AIF-38C:0/0:0/0
[BDArmory.BDACompetitionMode:200976417]: ACCURACY:AIF-38C_1:0/0:0/0
[BDArmory.BDACompetitionMode:200976417]: ACCURACY:AIF-38B:0/0:0/0
[BDArmory.BDACompetitionMode:200976417]: ACCURACY:AIF-38B_1:0/0:0/0
