[BDArmory.BDACompetitionMode:196979981]: Dumping Results after 102s (of 0s) at 2026-03-29 20:42:05 -04:00
[BDArmory.BDACompetitionMode:196979981]: RESULT:Win:{"team": "PLAID AIF-42C5B1 LRP", "members": ["PLAID AIF-42C5B1 LRP", "PLAID AIF-42C5B1 LRP_1", "PLAID AIF-42C5B1 LRP_2", "PLAID AIF-42C5B1 LRP_3"]}
[BDArmory.BDACompetitionMode:196979981]: DEADTEAMS:[{"team": "Dark Bramble K", "members": ["Dark Bramble K", "Dark Bramble K_1", "Dark Bramble K_2", "Dark Bramble K_3"]}]
[BDArmory.BDACompetitionMode:196979981]: ALIVE:PLAID AIF-42C5B1 LRP
[BDArmory.BDACompetitionMode:196979981]: ALIVE:PLAID AIF-42C5B1 LRP_2
[BDArmory.BDACompetitionMode:196979981]: ALIVE:PLAID AIF-42C5B1 LRP_3
[BDArmory.BDACompetitionMode:196979981]: MIA:PLAID AIF-42C5B1 LRP_1
[BDArmory.BDACompetitionMode:196979981]: DEAD:3:91.0:Dark Bramble K
[BDArmory.BDACompetitionMode:196979981]: DEAD:0:84.0:Dark Bramble K_1
[BDArmory.BDACompetitionMode:196979981]: DEAD:2:89.0:Dark Bramble K_2
[BDArmory.BDACompetitionMode:196979981]: DEAD:1:86.0:Dark Bramble K_3
[BDArmory.BDACompetitionMode:196979981]: WHOSHOTWHOWITHGUNS:Dark Bramble K:2:PLAID AIF-42C5B1 LRP_2
[BDArmory.BDACompetitionMode:196979981]: WHOSHOTWHOWITHGUNS:Dark Bramble K_1:13:PLAID AIF-42C5B1 LRP_2:24:PLAID AIF-42C5B1 LRP_3
[BDArmory.BDACompetitionMode:196979981]: WHOSHOTWHOWITHGUNS:Dark Bramble K_2:32:PLAID AIF-42C5B1 LRP:6:PLAID AIF-42C5B1 LRP_1:3:PLAID AIF-42C5B1 LRP_2
[BDArmory.BDACompetitionMode:196979981]: WHODAMAGEDWHOWITHGUNS:Dark Bramble K:298.3:PLAID AIF-42C5B1 LRP_2
[BDArmory.BDACompetitionMode:196979981]: WHODAMAGEDWHOWITHGUNS:Dark Bramble K_1:3330.7:PLAID AIF-42C5B1 LRP_2:7200.0:PLAID AIF-42C5B1 LRP_3
[BDArmory.BDACompetitionMode:196979981]: WHODAMAGEDWHOWITHGUNS:Dark Bramble K_2:8987.6:PLAID AIF-42C5B1 LRP:1505.1:PLAID AIF-42C5B1 LRP_1:831.5:PLAID AIF-42C5B1 LRP_2
[BDArmory.BDACompetitionMode:196979981]: WHOHITWHOWITHMISSILES:PLAID AIF-42C5B1 LRP_1:1:PLAID AIF-42C5B1 LRP
[BDArmory.BDACompetitionMode:196979981]: WHOHITWHOWITHMISSILES:Dark Bramble K:2:PLAID AIF-42C5B1 LRP_1:1:PLAID AIF-42C5B1 LRP_2
[BDArmory.BDACompetitionMode:196979981]: WHOHITWHOWITHMISSILES:Dark Bramble K_1:1:PLAID AIF-42C5B1 LRP_2
[BDArmory.BDACompetitionMode:196979981]: WHOHITWHOWITHMISSILES:Dark Bramble K_2:4:PLAID AIF-42C5B1 LRP:1:PLAID AIF-42C5B1 LRP_2
[BDArmory.BDACompetitionMode:196979981]: WHOHITWHOWITHMISSILES:Dark Bramble K_3:1:PLAID AIF-42C5B1 LRP:1:PLAID AIF-42C5B1 LRP_1
[BDArmory.BDACompetitionMode:196979981]: WHOPARTSHITWHOWITHMISSILES:PLAID AIF-42C5B1 LRP_1:63:PLAID AIF-42C5B1 LRP
[BDArmory.BDACompetitionMode:196979981]: WHOPARTSHITWHOWITHMISSILES:Dark Bramble K:114:PLAID AIF-42C5B1 LRP_1:3:PLAID AIF-42C5B1 LRP_2
[BDArmory.BDACompetitionMode:196979981]: WHOPARTSHITWHOWITHMISSILES:Dark Bramble K_1:62:PLAID AIF-42C5B1 LRP_2
[BDArmory.BDACompetitionMode:196979981]: WHOPARTSHITWHOWITHMISSILES:Dark Bramble K_2:169:PLAID AIF-42C5B1 LRP:2:PLAID AIF-42C5B1 LRP_2
[BDArmory.BDACompetitionMode:196979981]: WHOPARTSHITWHOWITHMISSILES:Dark Bramble K_3:62:PLAID AIF-42C5B1 LRP:52:PLAID AIF-42C5B1 LRP_1
[BDArmory.BDACompetitionMode:196979981]: WHODAMAGEDWHOWITHMISSILES:PLAID AIF-42C5B1 LRP_1:23309.9:PLAID AIF-42C5B1 LRP
[BDArmory.BDACompetitionMode:196979981]: WHODAMAGEDWHOWITHMISSILES:Dark Bramble K:22137.1:PLAID AIF-42C5B1 LRP_1:8444.2:PLAID AIF-42C5B1 LRP_2
[BDArmory.BDACompetitionMode:196979981]: WHODAMAGEDWHOWITHMISSILES:Dark Bramble K_1:10663.1:PLAID AIF-42C5B1 LRP_2
[BDArmory.BDACompetitionMode:196979981]: WHODAMAGEDWHOWITHMISSILES:Dark Bramble K_2:72068.8:PLAID AIF-42C5B1 LRP:790.8:PLAID AIF-42C5B1 LRP_2
[BDArmory.BDACompetitionMode:196979981]: WHODAMAGEDWHOWITHMISSILES:Dark Bramble K_3:22388.5:PLAID AIF-42C5B1 LRP
[BDArmory.BDACompetitionMode:196979981]: WHORAMMEDWHO:Dark Bramble K_2:10:PLAID AIF-42C5B1 LRP_1
[BDArmory.BDACompetitionMode:196979981]: WHODAMAGEDWHOWITHBATTLEDAMAGE:PLAID AIF-42C5B1 LRP_1:0.1:PLAID AIF-42C5B1 LRP
[BDArmory.BDACompetitionMode:196979981]: WHODAMAGEDWHOWITHBATTLEDAMAGE:Dark Bramble K_1:51.2:PLAID AIF-42C5B1 LRP_3:1.1:PLAID AIF-42C5B1 LRP_2
[BDArmory.BDACompetitionMode:196979981]: WHODAMAGEDWHOWITHBATTLEDAMAGE:Dark Bramble K_2:283.3:PLAID AIF-42C5B1 LRP
[BDArmory.BDACompetitionMode:196979981]: HEADSHOTMISSILES:Dark Bramble K:PLAID AIF-42C5B1 LRP_2
[BDArmory.BDACompetitionMode:196979981]: KILLSTEALGUNS:Dark Bramble K_1:PLAID AIF-42C5B1 LRP_2
[BDArmory.BDACompetitionMode:196979981]: KILLSTEALMISSILES:Dark Bramble K_2:PLAID AIF-42C5B1 LRP_2
[BDArmory.BDACompetitionMode:196979981]: HPLEFT:PLAID AIF-42C5B1 LRP:100
[BDArmory.BDACompetitionMode:196979981]: HPLEFT:PLAID AIF-42C5B1 LRP_1:37.5
[BDArmory.BDACompetitionMode:196979981]: HPLEFT:PLAID AIF-42C5B1 LRP_2:100
[BDArmory.BDACompetitionMode:196979981]: HPLEFT:PLAID AIF-42C5B1 LRP_3:100
[BDArmory.BDACompetitionMode:196979981]: HPLEFT:Dark Bramble K:0
[BDArmory.BDACompetitionMode:196979981]: HPLEFT:Dark Bramble K_1:0
[BDArmory.BDACompetitionMode:196979981]: HPLEFT:Dark Bramble K_2:0
[BDArmory.BDACompetitionMode:196979981]: HPLEFT:Dark Bramble K_3:0
[BDArmory.BDACompetitionMode:196979981]: ACCURACY:PLAID AIF-42C5B1 LRP:32/190:0/0
[BDArmory.BDACompetitionMode:196979981]: ACCURACY:PLAID AIF-42C5B1 LRP_1:6/60:0/0
[BDArmory.BDACompetitionMode:196979981]: ACCURACY:PLAID AIF-42C5B1 LRP_2:18/162:0/0
[BDArmory.BDACompetitionMode:196979981]: ACCURACY:PLAID AIF-42C5B1 LRP_3:24/91:0/0
[BDArmory.BDACompetitionMode:196979981]: ACCURACY:Dark Bramble K:0/0:0/0
[BDArmory.BDACompetitionMode:196979981]: ACCURACY:Dark Bramble K_1:0/0:0/0
[BDArmory.BDACompetitionMode:196979981]: ACCURACY:Dark Bramble K_2:0/12:0/0
[BDArmory.BDACompetitionMode:196979981]: ACCURACY:Dark Bramble K_3:0/0:0/0
