[BDArmory.BDACompetitionMode:196579032]: Dumping Results after 100s (of 0s) at 2026-03-25 05:18:58 -04:00
[BDArmory.BDACompetitionMode:196579032]: RESULT:Win:{"team": "LF-03 Avaria Mk11", "members": ["LF-03 Avaria Mk11", "LF-03 Avaria Mk11_1"]}
[BDArmory.BDACompetitionMode:196579032]: DEADTEAMS:[{"team": "PLAID AIF-42C3 LRP", "members": ["PLAID AIF-42C3 LRP", "PLAID AIF-42C3 LRP_1"]}]
[BDArmory.BDACompetitionMode:196579032]: ALIVE:LF-03 Avaria Mk11
[BDArmory.BDACompetitionMode:196579032]: MIA:LF-03 Avaria Mk11_1
[BDArmory.BDACompetitionMode:196579032]: DEAD:0:80.0:PLAID AIF-42C3 LRP
[BDArmory.BDACompetitionMode:196579032]: DEAD:1:89.0:PLAID AIF-42C3 LRP_1
[BDArmory.BDACompetitionMode:196579032]: WHOSHOTWHOWITHGUNS:LF-03 Avaria Mk11_1:6:PLAID AIF-42C3 LRP
[BDArmory.BDACompetitionMode:196579032]: WHOSHOTWHOWITHGUNS:PLAID AIF-42C3 LRP:14:LF-03 Avaria Mk11
[BDArmory.BDACompetitionMode:196579032]: WHOSHOTWHOWITHGUNS:PLAID AIF-42C3 LRP_1:34:LF-03 Avaria Mk11
[BDArmory.BDACompetitionMode:196579032]: WHODAMAGEDWHOWITHGUNS:LF-03 Avaria Mk11_1:1456.5:PLAID AIF-42C3 LRP
[BDArmory.BDACompetitionMode:196579032]: WHODAMAGEDWHOWITHGUNS:PLAID AIF-42C3 LRP:2665.0:LF-03 Avaria Mk11
[BDArmory.BDACompetitionMode:196579032]: WHODAMAGEDWHOWITHGUNS:PLAID AIF-42C3 LRP_1:8838.1:LF-03 Avaria Mk11
[BDArmory.BDACompetitionMode:196579032]: WHOHITWHOWITHMISSILES:LF-03 Avaria Mk11:1:PLAID AIF-42C3 LRP
[BDArmory.BDACompetitionMode:196579032]: WHOHITWHOWITHMISSILES:LF-03 Avaria Mk11_1:1:PLAID AIF-42C3 LRP_1:1:PLAID AIF-42C3 LRP
[BDArmory.BDACompetitionMode:196579032]: WHOHITWHOWITHMISSILES:PLAID AIF-42C3 LRP_1:2:LF-03 Avaria Mk11_1:2:LF-03 Avaria Mk11
[BDArmory.BDACompetitionMode:196579032]: WHOPARTSHITWHOWITHMISSILES:LF-03 Avaria Mk11:36:PLAID AIF-42C3 LRP
[BDArmory.BDACompetitionMode:196579032]: WHOPARTSHITWHOWITHMISSILES:LF-03 Avaria Mk11_1:43:PLAID AIF-42C3 LRP_1:40:PLAID AIF-42C3 LRP
[BDArmory.BDACompetitionMode:196579032]: WHOPARTSHITWHOWITHMISSILES:PLAID AIF-42C3 LRP_1:76:LF-03 Avaria Mk11_1:78:LF-03 Avaria Mk11
[BDArmory.BDACompetitionMode:196579032]: WHODAMAGEDWHOWITHMISSILES:LF-03 Avaria Mk11:7952.8:PLAID AIF-42C3 LRP
[BDArmory.BDACompetitionMode:196579032]: WHODAMAGEDWHOWITHMISSILES:LF-03 Avaria Mk11_1:2655.9:PLAID AIF-42C3 LRP_1:44392.7:PLAID AIF-42C3 LRP
[BDArmory.BDACompetitionMode:196579032]: WHODAMAGEDWHOWITHMISSILES:PLAID AIF-42C3 LRP_1:12820.5:LF-03 Avaria Mk11:1357.5:LF-03 Avaria Mk11_1
[BDArmory.BDACompetitionMode:196579032]: WHODAMAGEDWHOWITHBATTLEDAMAGE:LF-03 Avaria Mk11:12.0:LF-03 Avaria Mk11
[BDArmory.BDACompetitionMode:196579032]: WHODAMAGEDWHOWITHBATTLEDAMAGE:LF-03 Avaria Mk11_1:64.5:PLAID AIF-42C3 LRP
[BDArmory.BDACompetitionMode:196579032]: WHODAMAGEDWHOWITHBATTLEDAMAGE:PLAID AIF-42C3 LRP:57036.1:LF-03 Avaria Mk11
[BDArmory.BDACompetitionMode:196579032]: WHODAMAGEDWHOWITHBATTLEDAMAGE:PLAID AIF-42C3 LRP_1:16069.4:LF-03 Avaria Mk11:10527.5:PLAID AIF-42C3 LRP_1
[BDArmory.BDACompetitionMode:196579032]: CLEANKILLGUNS:PLAID AIF-42C3 LRP:LF-03 Avaria Mk11
[BDArmory.BDACompetitionMode:196579032]: HEADSHOTGUNS:PLAID AIF-42C3 LRP_1:LF-03 Avaria Mk11
[BDArmory.BDACompetitionMode:196579032]: HPLEFT:LF-03 Avaria Mk11:90
[BDArmory.BDACompetitionMode:196579032]: HPLEFT:LF-03 Avaria Mk11_1:26
[BDArmory.BDACompetitionMode:196579032]: HPLEFT:PLAID AIF-42C3 LRP:0
[BDArmory.BDACompetitionMode:196579032]: HPLEFT:PLAID AIF-42C3 LRP_1:0
[BDArmory.BDACompetitionMode:196579032]: ACCURACY:LF-03 Avaria Mk11:48/236:0/0
[BDArmory.BDACompetitionMode:196579032]: ACCURACY:LF-03 Avaria Mk11_1:0/0:0/0
[BDArmory.BDACompetitionMode:196579032]: ACCURACY:PLAID AIF-42C3 LRP:6/111:0/0
[BDArmory.BDACompetitionMode:196579032]: ACCURACY:PLAID AIF-42C3 LRP_1:0/2:0/0
