[BDArmory.BDACompetitionMode:204022166]: Dumping Results after 126s (of 0s) at 2026-06-19 08:51:38 -04:00
[BDArmory.BDACompetitionMode:204022166]: RESULT:Win:{"team": "AIF-38D1", "members": ["AIF-38D1"]}
[BDArmory.BDACompetitionMode:204022166]: DEADTEAMS:[{"team": "MAR-14", "members": ["MAR-14"]}]
[BDArmory.BDACompetitionMode:204022166]: ALIVE:AIF-38D1
[BDArmory.BDACompetitionMode:204022166]: DEAD:0:115.0:MAR-14
[BDArmory.BDACompetitionMode:204022166]: WHOSHOTWHOWITHGUNS:MAR-14:6:AIF-38D1
[BDArmory.BDACompetitionMode:204022166]: WHODAMAGEDWHOWITHGUNS:MAR-14:304.6:AIF-38D1
[BDArmory.BDACompetitionMode:204022166]: WHOHITWHOWITHMISSILES:AIF-38D1:1:MAR-14
[BDArmory.BDACompetitionMode:204022166]: WHOHITWHOWITHMISSILES:MAR-14:3:AIF-38D1
[BDArmory.BDACompetitionMode:204022166]: WHOPARTSHITWHOWITHMISSILES:AIF-38D1:97:MAR-14
[BDArmory.BDACompetitionMode:204022166]: WHOPARTSHITWHOWITHMISSILES:MAR-14:248:AIF-38D1
[BDArmory.BDACompetitionMode:204022166]: WHODAMAGEDWHOWITHMISSILES:AIF-38D1:6077.2:MAR-14
[BDArmory.BDACompetitionMode:204022166]: WHODAMAGEDWHOWITHMISSILES:MAR-14:43468.1:AIF-38D1
[BDArmory.BDACompetitionMode:204022166]: WHORAMMEDWHO:AIF-38D1:1:MAR-14
[BDArmory.BDACompetitionMode:204022166]: WHODAMAGEDWHOWITHBATTLEDAMAGE:MAR-14:366.9:AIF-38D1
[BDArmory.BDACompetitionMode:204022166]: CLEANKILLGUNS:MAR-14:AIF-38D1
[BDArmory.BDACompetitionMode:204022166]: HPLEFT:AIF-38D1:92.3809523809524
[BDArmory.BDACompetitionMode:204022166]: HPLEFT:MAR-14:0
[BDArmory.BDACompetitionMode:204022166]: ACCURACY:AIF-38D1:6/21:0/0
[BDArmory.BDACompetitionMode:204022166]: ACCURACY:MAR-14:0/33:0/0
