[BDArmory.BDACompetitionMode:197198358]: Dumping Results after 102s (of 0s) at 2026-04-01 09:23:46 -04:00
[BDArmory.BDACompetitionMode:197198358]: RESULT:Win:{"team": "PLAID AIF-42C5B LRP", "members": ["PLAID AIF-42C5B LRP", "PLAID AIF-42C5B LRP_1", "PLAID AIF-42C5B LRP_2"]}
[BDArmory.BDACompetitionMode:197198358]: DEADTEAMS:[{"team": "PLAID AIF-42C5D LRP", "members": ["PLAID AIF-42C5D LRP", "PLAID AIF-42C5D LRP_1", "PLAID AIF-42C5D LRP_2"]}]
[BDArmory.BDACompetitionMode:197198358]: ALIVE:PLAID AIF-42C5B LRP
[BDArmory.BDACompetitionMode:197198358]: ALIVE:PLAID AIF-42C5B LRP_1
[BDArmory.BDACompetitionMode:197198358]: DEAD:2:83.9:PLAID AIF-42C5B LRP_2
[BDArmory.BDACompetitionMode:197198358]: DEAD:1:79.0:PLAID AIF-42C5D LRP
[BDArmory.BDACompetitionMode:197198358]: DEAD:3:91.0:PLAID AIF-42C5D LRP_1
[BDArmory.BDACompetitionMode:197198358]: DEAD:0:67.0:PLAID AIF-42C5D LRP_2
[BDArmory.BDACompetitionMode:197198358]: WHOSHOTWHOWITHGUNS:PLAID AIF-42C5D LRP_1:23:PLAID AIF-42C5B LRP_1
[BDArmory.BDACompetitionMode:197198358]: WHODAMAGEDWHOWITHGUNS:PLAID AIF-42C5D LRP_1:9753.3:PLAID AIF-42C5B LRP_1
[BDArmory.BDACompetitionMode:197198358]: WHOHITWHOWITHMISSILES:PLAID AIF-42C5B LRP_2:1:PLAID AIF-42C5D LRP:1:PLAID AIF-42C5D LRP_1
[BDArmory.BDACompetitionMode:197198358]: WHOHITWHOWITHMISSILES:PLAID AIF-42C5D LRP:1:PLAID AIF-42C5B LRP
[BDArmory.BDACompetitionMode:197198358]: WHOHITWHOWITHMISSILES:PLAID AIF-42C5D LRP_1:1:PLAID AIF-42C5B LRP_1
[BDArmory.BDACompetitionMode:197198358]: WHOHITWHOWITHMISSILES:PLAID AIF-42C5D LRP_2:2:PLAID AIF-42C5B LRP:1:PLAID AIF-42C5B LRP_2
[BDArmory.BDACompetitionMode:197198358]: WHOPARTSHITWHOWITHMISSILES:PLAID AIF-42C5B LRP_2:73:PLAID AIF-42C5D LRP:47:PLAID AIF-42C5D LRP_1
[BDArmory.BDACompetitionMode:197198358]: WHOPARTSHITWHOWITHMISSILES:PLAID AIF-42C5D LRP:68:PLAID AIF-42C5B LRP
[BDArmory.BDACompetitionMode:197198358]: WHOPARTSHITWHOWITHMISSILES:PLAID AIF-42C5D LRP_1:71:PLAID AIF-42C5B LRP_1
[BDArmory.BDACompetitionMode:197198358]: WHOPARTSHITWHOWITHMISSILES:PLAID AIF-42C5D LRP_2:113:PLAID AIF-42C5B LRP:56:PLAID AIF-42C5B LRP_2
[BDArmory.BDACompetitionMode:197198358]: WHODAMAGEDWHOWITHMISSILES:PLAID AIF-42C5B LRP_2:15831.5:PLAID AIF-42C5D LRP
[BDArmory.BDACompetitionMode:197198358]: WHODAMAGEDWHOWITHMISSILES:PLAID AIF-42C5D LRP:49984.3:PLAID AIF-42C5B LRP
[BDArmory.BDACompetitionMode:197198358]: WHODAMAGEDWHOWITHMISSILES:PLAID AIF-42C5D LRP_1:8041.7:PLAID AIF-42C5B LRP_1
[BDArmory.BDACompetitionMode:197198358]: WHODAMAGEDWHOWITHMISSILES:PLAID AIF-42C5D LRP_2:79964.7:PLAID AIF-42C5B LRP:5078.8:PLAID AIF-42C5B LRP_2
[BDArmory.BDACompetitionMode:197198358]: WHODAMAGEDWHOWITHBATTLEDAMAGE:PLAID AIF-42C5B LRP_1:6.7:PLAID AIF-42C5D LRP_1
[BDArmory.BDACompetitionMode:197198358]: WHODAMAGEDWHOWITHBATTLEDAMAGE:PLAID AIF-42C5B LRP_2:0.1:PLAID AIF-42C5D LRP
[BDArmory.BDACompetitionMode:197198358]: WHODAMAGEDWHOWITHBATTLEDAMAGE:PLAID AIF-42C5D LRP:5630.3:PLAID AIF-42C5B LRP
[BDArmory.BDACompetitionMode:197198358]: WHODAMAGEDWHOWITHBATTLEDAMAGE:PLAID AIF-42C5D LRP_1:96.0:PLAID AIF-42C5B LRP_1:12052.4:PLAID AIF-42C5D LRP_1
[BDArmory.BDACompetitionMode:197198358]: WHODAMAGEDWHOWITHBATTLEDAMAGE:PLAID AIF-42C5D LRP_2:0.1:PLAID AIF-42C5B LRP
[BDArmory.BDACompetitionMode:197198358]: GMKILL:PLAID AIF-42C5B LRP_2:GM
[BDArmory.BDACompetitionMode:197198358]: CLEANKILLMISSILES:PLAID AIF-42C5D LRP:PLAID AIF-42C5B LRP
[BDArmory.BDACompetitionMode:197198358]: CLEANKILLGUNS:PLAID AIF-42C5D LRP_1:PLAID AIF-42C5B LRP_1
[BDArmory.BDACompetitionMode:197198358]: KILLSTEALMISSILES:PLAID AIF-42C5D LRP_2:PLAID AIF-42C5B LRP
[BDArmory.BDACompetitionMode:197198358]: HPLEFT:PLAID AIF-42C5B LRP:100
[BDArmory.BDACompetitionMode:197198358]: HPLEFT:PLAID AIF-42C5B LRP_1:100
[BDArmory.BDACompetitionMode:197198358]: HPLEFT:PLAID AIF-42C5B LRP_2:0
[BDArmory.BDACompetitionMode:197198358]: HPLEFT:PLAID AIF-42C5D LRP:0
[BDArmory.BDACompetitionMode:197198358]: HPLEFT:PLAID AIF-42C5D LRP_1:0
[BDArmory.BDACompetitionMode:197198358]: HPLEFT:PLAID AIF-42C5D LRP_2:0
[BDArmory.BDACompetitionMode:197198358]: ACCURACY:PLAID AIF-42C5B LRP:0/0:0/0
[BDArmory.BDACompetitionMode:197198358]: ACCURACY:PLAID AIF-42C5B LRP_1:23/48:0/0
[BDArmory.BDACompetitionMode:197198358]: ACCURACY:PLAID AIF-42C5B LRP_2:0/0:0/0
[BDArmory.BDACompetitionMode:197198358]: ACCURACY:PLAID AIF-42C5D LRP:0/0:0/0
[BDArmory.BDACompetitionMode:197198358]: ACCURACY:PLAID AIF-42C5D LRP_1:0/0:0/0
[BDArmory.BDACompetitionMode:197198358]: ACCURACY:PLAID AIF-42C5D LRP_2:0/0:0/0
