[BDArmory.BDACompetitionMode:197178278]: Dumping Results after 144s (of 0s) at 2026-04-01 03:46:17 -04:00
[BDArmory.BDACompetitionMode:197178278]: RESULT:Win:{"team": "PLAID AIF-42C5B LRP", "members": ["PLAID AIF-42C5B LRP", "PLAID AIF-42C5B LRP_1", "PLAID AIF-42C5B LRP_2"]}
[BDArmory.BDACompetitionMode:197178278]: DEADTEAMS:[{"team": "KJ-56M10_16 Tiger Heron", "members": ["KJ-56M10.16 Tiger Heron", "KJ-56M10.16 Tiger Heron_1", "KJ-56M10.16 Tiger Heron_2"]}]
[BDArmory.BDACompetitionMode:197178278]: ALIVE:PLAID AIF-42C5B LRP_1
[BDArmory.BDACompetitionMode:197178278]: DEAD:4:133.0:KJ-56M10.16 Tiger Heron
[BDArmory.BDACompetitionMode:197178278]: DEAD:2:121.0:KJ-56M10.16 Tiger Heron_1
[BDArmory.BDACompetitionMode:197178278]: DEAD:0:91.0:KJ-56M10.16 Tiger Heron_2
[BDArmory.BDACompetitionMode:197178278]: DEAD:1:113.0:PLAID AIF-42C5B LRP
[BDArmory.BDACompetitionMode:197178278]: DEAD:3:128.0:PLAID AIF-42C5B LRP_2
[BDArmory.BDACompetitionMode:197178278]: WHOSHOTWHOWITHGUNS:KJ-56M10.16 Tiger Heron:8:PLAID AIF-42C5B LRP_1
[BDArmory.BDACompetitionMode:197178278]: WHOSHOTWHOWITHGUNS:KJ-56M10.16 Tiger Heron_1:7:PLAID AIF-42C5B LRP
[BDArmory.BDACompetitionMode:197178278]: WHOSHOTWHOWITHGUNS:PLAID AIF-42C5B LRP_2:13:KJ-56M10.16 Tiger Heron
[BDArmory.BDACompetitionMode:197178278]: WHODAMAGEDWHOWITHGUNS:KJ-56M10.16 Tiger Heron:1407.6:PLAID AIF-42C5B LRP_1
[BDArmory.BDACompetitionMode:197178278]: WHODAMAGEDWHOWITHGUNS:KJ-56M10.16 Tiger Heron_1:1347.6:PLAID AIF-42C5B LRP
[BDArmory.BDACompetitionMode:197178278]: WHODAMAGEDWHOWITHGUNS:PLAID AIF-42C5B LRP_2:3299.0:KJ-56M10.16 Tiger Heron
[BDArmory.BDACompetitionMode:197178278]: WHOHITWHOWITHMISSILES:KJ-56M10.16 Tiger Heron:1:PLAID AIF-42C5B LRP_1
[BDArmory.BDACompetitionMode:197178278]: WHOHITWHOWITHMISSILES:KJ-56M10.16 Tiger Heron_1:1:PLAID AIF-42C5B LRP_2:1:PLAID AIF-42C5B LRP
[BDArmory.BDACompetitionMode:197178278]: WHOHITWHOWITHMISSILES:KJ-56M10.16 Tiger Heron_2:1:PLAID AIF-42C5B LRP
[BDArmory.BDACompetitionMode:197178278]: WHOHITWHOWITHMISSILES:PLAID AIF-42C5B LRP:1:KJ-56M10.16 Tiger Heron:1:PLAID AIF-42C5B LRP_1
[BDArmory.BDACompetitionMode:197178278]: WHOHITWHOWITHMISSILES:PLAID AIF-42C5B LRP_1:2:KJ-56M10.16 Tiger Heron_1
[BDArmory.BDACompetitionMode:197178278]: WHOHITWHOWITHMISSILES:PLAID AIF-42C5B LRP_2:1:KJ-56M10.16 Tiger Heron_2:1:KJ-56M10.16 Tiger Heron
[BDArmory.BDACompetitionMode:197178278]: WHOPARTSHITWHOWITHMISSILES:KJ-56M10.16 Tiger Heron:11:PLAID AIF-42C5B LRP_1
[BDArmory.BDACompetitionMode:197178278]: WHOPARTSHITWHOWITHMISSILES:KJ-56M10.16 Tiger Heron_1:60:PLAID AIF-42C5B LRP_2:6:PLAID AIF-42C5B LRP
[BDArmory.BDACompetitionMode:197178278]: WHOPARTSHITWHOWITHMISSILES:KJ-56M10.16 Tiger Heron_2:58:PLAID AIF-42C5B LRP
[BDArmory.BDACompetitionMode:197178278]: WHOPARTSHITWHOWITHMISSILES:PLAID AIF-42C5B LRP:76:KJ-56M10.16 Tiger Heron:22:PLAID AIF-42C5B LRP_1
[BDArmory.BDACompetitionMode:197178278]: WHOPARTSHITWHOWITHMISSILES:PLAID AIF-42C5B LRP_1:123:KJ-56M10.16 Tiger Heron_1
[BDArmory.BDACompetitionMode:197178278]: WHOPARTSHITWHOWITHMISSILES:PLAID AIF-42C5B LRP_2:73:KJ-56M10.16 Tiger Heron_2:64:KJ-56M10.16 Tiger Heron
[BDArmory.BDACompetitionMode:197178278]: WHODAMAGEDWHOWITHMISSILES:KJ-56M10.16 Tiger Heron:27043.2:PLAID AIF-42C5B LRP_1
[BDArmory.BDACompetitionMode:197178278]: WHODAMAGEDWHOWITHMISSILES:KJ-56M10.16 Tiger Heron_1:37535.4:PLAID AIF-42C5B LRP_2:6225.2:PLAID AIF-42C5B LRP
[BDArmory.BDACompetitionMode:197178278]: WHODAMAGEDWHOWITHMISSILES:KJ-56M10.16 Tiger Heron_2:60905.6:PLAID AIF-42C5B LRP
[BDArmory.BDACompetitionMode:197178278]: WHODAMAGEDWHOWITHMISSILES:PLAID AIF-42C5B LRP:4870.6:KJ-56M10.16 Tiger Heron
[BDArmory.BDACompetitionMode:197178278]: WHODAMAGEDWHOWITHMISSILES:PLAID AIF-42C5B LRP_1:18359.5:KJ-56M10.16 Tiger Heron_1
[BDArmory.BDACompetitionMode:197178278]: WHODAMAGEDWHOWITHMISSILES:PLAID AIF-42C5B LRP_2:1694.1:KJ-56M10.16 Tiger Heron_2:12623.0:KJ-56M10.16 Tiger Heron
[BDArmory.BDACompetitionMode:197178278]: WHORAMMEDWHO:PLAID AIF-42C5B LRP_2:53:KJ-56M10.16 Tiger Heron
[BDArmory.BDACompetitionMode:197178278]: WHODAMAGEDWHOWITHBATTLEDAMAGE:KJ-56M10.16 Tiger Heron:1.4:KJ-56M10.16 Tiger Heron:8707.7:PLAID AIF-42C5B LRP_1
[BDArmory.BDACompetitionMode:197178278]: WHODAMAGEDWHOWITHBATTLEDAMAGE:KJ-56M10.16 Tiger Heron_2:31633.2:PLAID AIF-42C5B LRP
[BDArmory.BDACompetitionMode:197178278]: WHODAMAGEDWHOWITHBATTLEDAMAGE:PLAID AIF-42C5B LRP:1450.6:PLAID AIF-42C5B LRP_1
[BDArmory.BDACompetitionMode:197178278]: WHODAMAGEDWHOWITHBATTLEDAMAGE:PLAID AIF-42C5B LRP_1:1.5:PLAID AIF-42C5B LRP_1
[BDArmory.BDACompetitionMode:197178278]: WHODAMAGEDWHOWITHBATTLEDAMAGE:PLAID AIF-42C5B LRP_2:6.9:KJ-56M10.16 Tiger Heron:0.8:PLAID AIF-42C5B LRP_1
[BDArmory.BDACompetitionMode:197178278]: CLEANKILLGUNS:KJ-56M10.16 Tiger Heron:PLAID AIF-42C5B LRP_1
[BDArmory.BDACompetitionMode:197178278]: CLEANKILLMISSILES:KJ-56M10.16 Tiger Heron_2:PLAID AIF-42C5B LRP
[BDArmory.BDACompetitionMode:197178278]: HPLEFT:KJ-56M10.16 Tiger Heron:0
[BDArmory.BDACompetitionMode:197178278]: HPLEFT:KJ-56M10.16 Tiger Heron_1:0
[BDArmory.BDACompetitionMode:197178278]: HPLEFT:KJ-56M10.16 Tiger Heron_2:0
[BDArmory.BDACompetitionMode:197178278]: HPLEFT:PLAID AIF-42C5B LRP:0
[BDArmory.BDACompetitionMode:197178278]: HPLEFT:PLAID AIF-42C5B LRP_1:75
[BDArmory.BDACompetitionMode:197178278]: HPLEFT:PLAID AIF-42C5B LRP_2:0
[BDArmory.BDACompetitionMode:197178278]: ACCURACY:KJ-56M10.16 Tiger Heron:13/82:0/0
[BDArmory.BDACompetitionMode:197178278]: ACCURACY:KJ-56M10.16 Tiger Heron_1:0/8:0/0
[BDArmory.BDACompetitionMode:197178278]: ACCURACY:KJ-56M10.16 Tiger Heron_2:0/0:0/0
[BDArmory.BDACompetitionMode:197178278]: ACCURACY:PLAID AIF-42C5B LRP:7/135:0/0
[BDArmory.BDACompetitionMode:197178278]: ACCURACY:PLAID AIF-42C5B LRP_1:8/116:0/0
[BDArmory.BDACompetitionMode:197178278]: ACCURACY:PLAID AIF-42C5B LRP_2:0/0:0/0
