[BDArmory.BDACompetitionMode:197196086]: Dumping Results after 131s (of 0s) at 2026-04-01 08:46:59 -04:00
[BDArmory.BDACompetitionMode:197196086]: RESULT:Win:{"team": "PLAID AIF-42C5B LRP", "members": ["PLAID AIF-42C5B LRP", "PLAID AIF-42C5B LRP_1", "PLAID AIF-42C5B LRP_2"]}
[BDArmory.BDACompetitionMode:197196086]: DEADTEAMS:[{"team": "PLAID AIF-42C5D LRP", "members": ["PLAID AIF-42C5D LRP", "PLAID AIF-42C5D LRP_1", "PLAID AIF-42C5D LRP_2"]}]
[BDArmory.BDACompetitionMode:197196086]: ALIVE:PLAID AIF-42C5B LRP
[BDArmory.BDACompetitionMode:197196086]: ALIVE:PLAID AIF-42C5B LRP_2
[BDArmory.BDACompetitionMode:197196086]: DEAD:2:111.2:PLAID AIF-42C5D LRP
[BDArmory.BDACompetitionMode:197196086]: DEAD:3:120.0:PLAID AIF-42C5D LRP_1
[BDArmory.BDACompetitionMode:197196086]: DEAD:0:80.0:PLAID AIF-42C5D LRP_2
[BDArmory.BDACompetitionMode:197196086]: DEAD:1:85.0:PLAID AIF-42C5B LRP_1
[BDArmory.BDACompetitionMode:197196086]: WHOSHOTWHOWITHGUNS:PLAID AIF-42C5D LRP_1:12:PLAID AIF-42C5B LRP_2:27:PLAID AIF-42C5B LRP
[BDArmory.BDACompetitionMode:197196086]: WHOSHOTWHOWITHGUNS:PLAID AIF-42C5D LRP_2:7:PLAID AIF-42C5B LRP
[BDArmory.BDACompetitionMode:197196086]: WHOSHOTWHOWITHGUNS:PLAID AIF-42C5B LRP:6:PLAID AIF-42C5D LRP_1
[BDArmory.BDACompetitionMode:197196086]: WHOSHOTWHOWITHGUNS:PLAID AIF-42C5B LRP_1:10:PLAID AIF-42C5D LRP_1
[BDArmory.BDACompetitionMode:197196086]: WHOSHOTWHOWITHGUNS:PLAID AIF-42C5B LRP_2:1:PLAID AIF-42C5D LRP
[BDArmory.BDACompetitionMode:197196086]: WHODAMAGEDWHOWITHGUNS:PLAID AIF-42C5D LRP_1:2917.9:PLAID AIF-42C5B LRP_2:5804.2:PLAID AIF-42C5B LRP
[BDArmory.BDACompetitionMode:197196086]: WHODAMAGEDWHOWITHGUNS:PLAID AIF-42C5D LRP_2:1796.3:PLAID AIF-42C5B LRP
[BDArmory.BDACompetitionMode:197196086]: WHODAMAGEDWHOWITHGUNS:PLAID AIF-42C5B LRP:1700.7:PLAID AIF-42C5D LRP_1
[BDArmory.BDACompetitionMode:197196086]: WHODAMAGEDWHOWITHGUNS:PLAID AIF-42C5B LRP_1:5870.1:PLAID AIF-42C5D LRP_1
[BDArmory.BDACompetitionMode:197196086]: WHODAMAGEDWHOWITHGUNS:PLAID AIF-42C5B LRP_2:248.5:PLAID AIF-42C5D LRP
[BDArmory.BDACompetitionMode:197196086]: WHOHITWHOWITHMISSILES:PLAID AIF-42C5D LRP:1:PLAID AIF-42C5B LRP_1:1:PLAID AIF-42C5B LRP
[BDArmory.BDACompetitionMode:197196086]: WHOHITWHOWITHMISSILES:PLAID AIF-42C5D LRP_1:1:PLAID AIF-42C5B LRP
[BDArmory.BDACompetitionMode:197196086]: WHOHITWHOWITHMISSILES:PLAID AIF-42C5D LRP_2:1:PLAID AIF-42C5B LRP_1
[BDArmory.BDACompetitionMode:197196086]: WHOHITWHOWITHMISSILES:PLAID AIF-42C5B LRP:1:PLAID AIF-42C5D LRP_1
[BDArmory.BDACompetitionMode:197196086]: WHOHITWHOWITHMISSILES:PLAID AIF-42C5B LRP_2:1:PLAID AIF-42C5D LRP_2:1:PLAID AIF-42C5D LRP
[BDArmory.BDACompetitionMode:197196086]: WHOPARTSHITWHOWITHMISSILES:PLAID AIF-42C5D LRP:66:PLAID AIF-42C5B LRP_1:58:PLAID AIF-42C5B LRP
[BDArmory.BDACompetitionMode:197196086]: WHOPARTSHITWHOWITHMISSILES:PLAID AIF-42C5D LRP_1:50:PLAID AIF-42C5B LRP
[BDArmory.BDACompetitionMode:197196086]: WHOPARTSHITWHOWITHMISSILES:PLAID AIF-42C5D LRP_2:74:PLAID AIF-42C5B LRP_1
[BDArmory.BDACompetitionMode:197196086]: WHOPARTSHITWHOWITHMISSILES:PLAID AIF-42C5B LRP:68:PLAID AIF-42C5D LRP_1
[BDArmory.BDACompetitionMode:197196086]: WHOPARTSHITWHOWITHMISSILES:PLAID AIF-42C5B LRP_2:75:PLAID AIF-42C5D LRP_2:59:PLAID AIF-42C5D LRP
[BDArmory.BDACompetitionMode:197196086]: WHODAMAGEDWHOWITHMISSILES:PLAID AIF-42C5D LRP:7995.1:PLAID AIF-42C5B LRP_1:32631.8:PLAID AIF-42C5B LRP
[BDArmory.BDACompetitionMode:197196086]: WHODAMAGEDWHOWITHMISSILES:PLAID AIF-42C5D LRP_1:16815.1:PLAID AIF-42C5B LRP
[BDArmory.BDACompetitionMode:197196086]: WHODAMAGEDWHOWITHMISSILES:PLAID AIF-42C5D LRP_2:11255.8:PLAID AIF-42C5B LRP_1
[BDArmory.BDACompetitionMode:197196086]: WHODAMAGEDWHOWITHMISSILES:PLAID AIF-42C5B LRP:5843.1:PLAID AIF-42C5D LRP_1
[BDArmory.BDACompetitionMode:197196086]: WHODAMAGEDWHOWITHMISSILES:PLAID AIF-42C5B LRP_2:19277.3:PLAID AIF-42C5D LRP
[BDArmory.BDACompetitionMode:197196086]: WHODAMAGEDWHOWITHBATTLEDAMAGE:PLAID AIF-42C5D LRP_1:523.2:PLAID AIF-42C5B LRP_2:36.4:PLAID AIF-42C5B LRP
[BDArmory.BDACompetitionMode:197196086]: WHODAMAGEDWHOWITHBATTLEDAMAGE:PLAID AIF-42C5D LRP_2:48824.8:PLAID AIF-42C5B LRP:14523.8:PLAID AIF-42C5D LRP_2
[BDArmory.BDACompetitionMode:197196086]: WHODAMAGEDWHOWITHBATTLEDAMAGE:PLAID AIF-42C5B LRP:50.1:PLAID AIF-42C5D LRP_1
[BDArmory.BDACompetitionMode:197196086]: WHODAMAGEDWHOWITHBATTLEDAMAGE:PLAID AIF-42C5B LRP_1:47290.8:PLAID AIF-42C5D LRP_1
[BDArmory.BDACompetitionMode:197196086]: GMKILL:PLAID AIF-42C5D LRP:GM
[BDArmory.BDACompetitionMode:197196086]: HEADSHOTGUNS:PLAID AIF-42C5D LRP_1:PLAID AIF-42C5B LRP
[BDArmory.BDACompetitionMode:197196086]: HEADSHOTGUNS:PLAID AIF-42C5D LRP_2:PLAID AIF-42C5B LRP
[BDArmory.BDACompetitionMode:197196086]: CLEANKILLGUNS:PLAID AIF-42C5B LRP_1:PLAID AIF-42C5D LRP_1
[BDArmory.BDACompetitionMode:197196086]: HPLEFT:PLAID AIF-42C5D LRP:0
[BDArmory.BDACompetitionMode:197196086]: HPLEFT:PLAID AIF-42C5D LRP_1:0
[BDArmory.BDACompetitionMode:197196086]: HPLEFT:PLAID AIF-42C5D LRP_2:0
[BDArmory.BDACompetitionMode:197196086]: HPLEFT:PLAID AIF-42C5B LRP:80
[BDArmory.BDACompetitionMode:197196086]: HPLEFT:PLAID AIF-42C5B LRP_1:0
[BDArmory.BDACompetitionMode:197196086]: HPLEFT:PLAID AIF-42C5B LRP_2:78.75
[BDArmory.BDACompetitionMode:197196086]: ACCURACY:PLAID AIF-42C5D LRP:1/61:0/0
[BDArmory.BDACompetitionMode:197196086]: ACCURACY:PLAID AIF-42C5D LRP_1:16/103:0/0
[BDArmory.BDACompetitionMode:197196086]: ACCURACY:PLAID AIF-42C5D LRP_2:0/0:0/0
[BDArmory.BDACompetitionMode:197196086]: ACCURACY:PLAID AIF-42C5B LRP:34/144:0/0
[BDArmory.BDACompetitionMode:197196086]: ACCURACY:PLAID AIF-42C5B LRP_1:0/0:0/0
[BDArmory.BDACompetitionMode:197196086]: ACCURACY:PLAID AIF-42C5B LRP_2:12/159:0/0
