[BDArmory.BDACompetitionMode:197200765]: Dumping Results after 125s (of 0s) at 2026-04-01 10:04:23 -04:00
[BDArmory.BDACompetitionMode:197200765]: RESULT:Win:{"team": "PLAID AIF-42C5D LRP", "members": ["PLAID AIF-42C5D LRP", "PLAID AIF-42C5D LRP_1", "PLAID AIF-42C5D LRP_2"]}
[BDArmory.BDACompetitionMode:197200765]: DEADTEAMS:[{"team": "PLAID AIF-42C5B LRP", "members": ["PLAID AIF-42C5B LRP", "PLAID AIF-42C5B LRP_1", "PLAID AIF-42C5B LRP_2"]}]
[BDArmory.BDACompetitionMode:197200765]: ALIVE:PLAID AIF-42C5D LRP_2
[BDArmory.BDACompetitionMode:197200765]: DEAD:0:45.3:PLAID AIF-42C5B LRP
[BDArmory.BDACompetitionMode:197200765]: DEAD:4:114.0:PLAID AIF-42C5B LRP_1
[BDArmory.BDACompetitionMode:197200765]: DEAD:3:111.7:PLAID AIF-42C5B LRP_2
[BDArmory.BDACompetitionMode:197200765]: DEAD:2:109.8:PLAID AIF-42C5D LRP
[BDArmory.BDACompetitionMode:197200765]: DEAD:1:89.0:PLAID AIF-42C5D LRP_1
[BDArmory.BDACompetitionMode:197200765]: WHOSHOTWHOWITHGUNS:PLAID AIF-42C5B LRP_1:34:PLAID AIF-42C5D LRP_2
[BDArmory.BDACompetitionMode:197200765]: WHOSHOTWHOWITHGUNS:PLAID AIF-42C5B LRP_2:2:PLAID AIF-42C5D LRP_1:10:PLAID AIF-42C5D LRP
[BDArmory.BDACompetitionMode:197200765]: WHODAMAGEDWHOWITHGUNS:PLAID AIF-42C5B LRP_1:7138.5:PLAID AIF-42C5D LRP_2
[BDArmory.BDACompetitionMode:197200765]: WHODAMAGEDWHOWITHGUNS:PLAID AIF-42C5B LRP_2:955.3:PLAID AIF-42C5D LRP_1:2274.4:PLAID AIF-42C5D LRP
[BDArmory.BDACompetitionMode:197200765]: WHOHITWHOWITHMISSILES:PLAID AIF-42C5B LRP:1:PLAID AIF-42C5D LRP:1:PLAID AIF-42C5D LRP_1
[BDArmory.BDACompetitionMode:197200765]: WHOHITWHOWITHMISSILES:PLAID AIF-42C5B LRP_1:2:PLAID AIF-42C5D LRP_2
[BDArmory.BDACompetitionMode:197200765]: WHOHITWHOWITHMISSILES:PLAID AIF-42C5D LRP:1:PLAID AIF-42C5B LRP_1
[BDArmory.BDACompetitionMode:197200765]: WHOHITWHOWITHMISSILES:PLAID AIF-42C5D LRP_1:1:PLAID AIF-42C5B LRP_1
[BDArmory.BDACompetitionMode:197200765]: WHOPARTSHITWHOWITHMISSILES:PLAID AIF-42C5B LRP:75:PLAID AIF-42C5D LRP:28:PLAID AIF-42C5D LRP_1
[BDArmory.BDACompetitionMode:197200765]: WHOPARTSHITWHOWITHMISSILES:PLAID AIF-42C5B LRP_1:144:PLAID AIF-42C5D LRP_2
[BDArmory.BDACompetitionMode:197200765]: WHOPARTSHITWHOWITHMISSILES:PLAID AIF-42C5D LRP:67:PLAID AIF-42C5B LRP_1
[BDArmory.BDACompetitionMode:197200765]: WHOPARTSHITWHOWITHMISSILES:PLAID AIF-42C5D LRP_1:64:PLAID AIF-42C5B LRP_1
[BDArmory.BDACompetitionMode:197200765]: WHODAMAGEDWHOWITHMISSILES:PLAID AIF-42C5B LRP:11356.4:PLAID AIF-42C5D LRP
[BDArmory.BDACompetitionMode:197200765]: WHODAMAGEDWHOWITHMISSILES:PLAID AIF-42C5B LRP_1:11968.5:PLAID AIF-42C5D LRP_2
[BDArmory.BDACompetitionMode:197200765]: WHODAMAGEDWHOWITHMISSILES:PLAID AIF-42C5D LRP:48357.0:PLAID AIF-42C5B LRP_1
[BDArmory.BDACompetitionMode:197200765]: WHODAMAGEDWHOWITHMISSILES:PLAID AIF-42C5D LRP_1:54895.9:PLAID AIF-42C5B LRP_1
[BDArmory.BDACompetitionMode:197200765]: WHODAMAGEDWHOWITHBATTLEDAMAGE:PLAID AIF-42C5B LRP_1:92.6:PLAID AIF-42C5D LRP_2:15414.5:PLAID AIF-42C5B LRP_1
[BDArmory.BDACompetitionMode:197200765]: WHODAMAGEDWHOWITHBATTLEDAMAGE:PLAID AIF-42C5B LRP_2:110.3:PLAID AIF-42C5D LRP_1:189.4:PLAID AIF-42C5D LRP:8159.8:PLAID AIF-42C5B LRP_2
[BDArmory.BDACompetitionMode:197200765]: WHODAMAGEDWHOWITHBATTLEDAMAGE:PLAID AIF-42C5D LRP_2:0.8:PLAID AIF-42C5B LRP_1
[BDArmory.BDACompetitionMode:197200765]: GMKILL:PLAID AIF-42C5B LRP:GM
[BDArmory.BDACompetitionMode:197200765]: GMKILL:PLAID AIF-42C5B LRP_2:GM
[BDArmory.BDACompetitionMode:197200765]: GMKILL:PLAID AIF-42C5D LRP:GM
[BDArmory.BDACompetitionMode:197200765]: CLEANKILLGUNS:PLAID AIF-42C5B LRP_1:PLAID AIF-42C5D LRP_2
[BDArmory.BDACompetitionMode:197200765]: CLEANKILLMISSILES:PLAID AIF-42C5D LRP_1:PLAID AIF-42C5B LRP_1
[BDArmory.BDACompetitionMode:197200765]: HPLEFT:PLAID AIF-42C5B LRP:0
[BDArmory.BDACompetitionMode:197200765]: HPLEFT:PLAID AIF-42C5B LRP_1:0
[BDArmory.BDACompetitionMode:197200765]: HPLEFT:PLAID AIF-42C5B LRP_2:0
[BDArmory.BDACompetitionMode:197200765]: HPLEFT:PLAID AIF-42C5D LRP:0
[BDArmory.BDACompetitionMode:197200765]: HPLEFT:PLAID AIF-42C5D LRP_1:0
[BDArmory.BDACompetitionMode:197200765]: HPLEFT:PLAID AIF-42C5D LRP_2:100
[BDArmory.BDACompetitionMode:197200765]: ACCURACY:PLAID AIF-42C5B LRP:0/0:0/0
[BDArmory.BDACompetitionMode:197200765]: ACCURACY:PLAID AIF-42C5B LRP_1:0/0:0/0
[BDArmory.BDACompetitionMode:197200765]: ACCURACY:PLAID AIF-42C5B LRP_2:0/0:0/0
[BDArmory.BDACompetitionMode:197200765]: ACCURACY:PLAID AIF-42C5D LRP:10/100:0/0
[BDArmory.BDACompetitionMode:197200765]: ACCURACY:PLAID AIF-42C5D LRP_1:2/9:0/0
[BDArmory.BDACompetitionMode:197200765]: ACCURACY:PLAID AIF-42C5D LRP_2:34/105:0/0
