[BDArmory.BDACompetitionMode:198014720]: Dumping Results after -578s (of 0s) at 2026-04-10 20:07:09 -04:00
[BDArmory.BDACompetitionMode:198014720]: RESULT:Win:{"team": "AIF-37A", "members": ["AIF-37A", "AIF-37A_1"]}
[BDArmory.BDACompetitionMode:198014720]: DEADTEAMS:[{"team": "PLAID AIF-42C5B LRP", "members": ["PLAID AIF-42C5B LRP", "PLAID AIF-42C5B LRP_1"]}]
[BDArmory.BDACompetitionMode:198014720]: MIA:PLAID AIF-42C5B LRP
[BDArmory.BDACompetitionMode:198014720]: MIA:PLAID AIF-42C5B LRP_1
[BDArmory.BDACompetitionMode:198014720]: MIA:AIF-37A
[BDArmory.BDACompetitionMode:198014720]: MIA:AIF-37A_1
[BDArmory.BDACompetitionMode:198014720]: WHOSHOTWHOWITHGUNS:PLAID AIF-42C5B LRP:3:AIF-37A
[BDArmory.BDACompetitionMode:198014720]: WHOSHOTWHOWITHGUNS:AIF-37A:8:PLAID AIF-42C5B LRP:9:PLAID AIF-42C5B LRP_1
[BDArmory.BDACompetitionMode:198014720]: WHOSHOTWHOWITHGUNS:AIF-37A_1:7:PLAID AIF-42C5B LRP
[BDArmory.BDACompetitionMode:198014720]: WHODAMAGEDWHOWITHGUNS:PLAID AIF-42C5B LRP:894.7:AIF-37A
[BDArmory.BDACompetitionMode:198014720]: WHODAMAGEDWHOWITHGUNS:AIF-37A:2483.5:PLAID AIF-42C5B LRP:1716.0:PLAID AIF-42C5B LRP_1
[BDArmory.BDACompetitionMode:198014720]: WHODAMAGEDWHOWITHGUNS:AIF-37A_1:2940.8:PLAID AIF-42C5B LRP
[BDArmory.BDACompetitionMode:198014720]: WHOHITWHOWITHMISSILES:AIF-37A:1:PLAID AIF-42C5B LRP_1
[BDArmory.BDACompetitionMode:198014720]: WHOPARTSHITWHOWITHMISSILES:AIF-37A:75:PLAID AIF-42C5B LRP_1
[BDArmory.BDACompetitionMode:198014720]: WHODAMAGEDWHOWITHMISSILES:AIF-37A:4952.8:PLAID AIF-42C5B LRP_1
[BDArmory.BDACompetitionMode:198014720]: WHODAMAGEDWHOWITHBATTLEDAMAGE:PLAID AIF-42C5B LRP:69.0:AIF-37A
[BDArmory.BDACompetitionMode:198014720]: WHODAMAGEDWHOWITHBATTLEDAMAGE:AIF-37A:34.9:PLAID AIF-42C5B LRP:11765.6:AIF-37A:8120.6:PLAID AIF-42C5B LRP_1
[BDArmory.BDACompetitionMode:198014720]: WHODAMAGEDWHOWITHBATTLEDAMAGE:AIF-37A_1:89.2:PLAID AIF-42C5B LRP:49466.4:AIF-37A_1
[BDArmory.BDACompetitionMode:198014720]: HPLEFT:PLAID AIF-42C5B LRP:0
[BDArmory.BDACompetitionMode:198014720]: HPLEFT:PLAID AIF-42C5B LRP_1:0
[BDArmory.BDACompetitionMode:198014720]: HPLEFT:AIF-37A:29.7619047619048
[BDArmory.BDACompetitionMode:198014720]: HPLEFT:AIF-37A_1:14.2857142857143
[BDArmory.BDACompetitionMode:198014720]: ACCURACY:PLAID AIF-42C5B LRP:15/70:0/0
[BDArmory.BDACompetitionMode:198014720]: ACCURACY:PLAID AIF-42C5B LRP_1:9/98:0/0
[BDArmory.BDACompetitionMode:198014720]: ACCURACY:AIF-37A:3/213:0/0
[BDArmory.BDACompetitionMode:198014720]: ACCURACY:AIF-37A_1:0/0:0/0
