[BDArmory.BDACompetitionMode:196831132]: Dumping Results after 115s (of 0s) at 2026-03-28 03:24:13 -04:00
[BDArmory.BDACompetitionMode:196831132]: RESULT:Win:{"team": "PLAID AIF-42C5B LRP", "members": ["PLAID AIF-42C5B LRP", "PLAID AIF-42C5B LRP_1", "PLAID AIF-42C5B LRP_2", "PLAID AIF-42C5B LRP_3", "PLAID AIF-42C5B LRP_4"]}
[BDArmory.BDACompetitionMode:196831132]: DEADTEAMS:[{"team": "F-42H-20 Corsair NF", "members": ["F-42H-20 Corsair NF", "F-42H-20 Corsair NF_1", "F-42H-20 Corsair NF_2", "F-42H-20 Corsair NF_3", "F-42H-20 Corsair NF_4"]}]
[BDArmory.BDACompetitionMode:196831132]: ALIVE:PLAID AIF-42C5B LRP
[BDArmory.BDACompetitionMode:196831132]: ALIVE:PLAID AIF-42C5B LRP_1
[BDArmory.BDACompetitionMode:196831132]: ALIVE:PLAID AIF-42C5B LRP_2
[BDArmory.BDACompetitionMode:196831132]: ALIVE:PLAID AIF-42C5B LRP_3
[BDArmory.BDACompetitionMode:196831132]: ALIVE:PLAID AIF-42C5B LRP_4
[BDArmory.BDACompetitionMode:196831132]: DEAD:1:94.0:F-42H-20 Corsair NF
[BDArmory.BDACompetitionMode:196831132]: DEAD:0:64.0:F-42H-20 Corsair NF_1
[BDArmory.BDACompetitionMode:196831132]: DEAD:2:94.0:F-42H-20 Corsair NF_2
[BDArmory.BDACompetitionMode:196831132]: DEAD:3:100.0:F-42H-20 Corsair NF_3
[BDArmory.BDACompetitionMode:196831132]: DEAD:4:104.0:F-42H-20 Corsair NF_4
[BDArmory.BDACompetitionMode:196831132]: WHOSHOTWHOWITHGUNS:F-42H-20 Corsair NF:3:PLAID AIF-42C5B LRP_4
[BDArmory.BDACompetitionMode:196831132]: WHOSHOTWHOWITHGUNS:F-42H-20 Corsair NF_2:7:PLAID AIF-42C5B LRP_1:5:PLAID AIF-42C5B LRP_2
[BDArmory.BDACompetitionMode:196831132]: WHODAMAGEDWHOWITHGUNS:F-42H-20 Corsair NF:792.8:PLAID AIF-42C5B LRP_4
[BDArmory.BDACompetitionMode:196831132]: WHODAMAGEDWHOWITHGUNS:F-42H-20 Corsair NF_2:3074.0:PLAID AIF-42C5B LRP_1:1484.9:PLAID AIF-42C5B LRP_2
[BDArmory.BDACompetitionMode:196831132]: WHOHITWHOWITHMISSILES:PLAID AIF-42C5B LRP_1:1:F-42H-20 Corsair NF_4
[BDArmory.BDACompetitionMode:196831132]: WHOHITWHOWITHMISSILES:PLAID AIF-42C5B LRP_3:1:F-42H-20 Corsair NF_2
[BDArmory.BDACompetitionMode:196831132]: WHOHITWHOWITHMISSILES:F-42H-20 Corsair NF:4:PLAID AIF-42C5B LRP_4:1:PLAID AIF-42C5B LRP
[BDArmory.BDACompetitionMode:196831132]: WHOHITWHOWITHMISSILES:F-42H-20 Corsair NF_1:1:PLAID AIF-42C5B LRP_2:1:PLAID AIF-42C5B LRP_3
[BDArmory.BDACompetitionMode:196831132]: WHOHITWHOWITHMISSILES:F-42H-20 Corsair NF_3:1:PLAID AIF-42C5B LRP:1:PLAID AIF-42C5B LRP_1
[BDArmory.BDACompetitionMode:196831132]: WHOHITWHOWITHMISSILES:F-42H-20 Corsair NF_4:1:PLAID AIF-42C5B LRP_3:2:PLAID AIF-42C5B LRP:1:PLAID AIF-42C5B LRP_4:1:PLAID AIF-42C5B LRP_2
[BDArmory.BDACompetitionMode:196831132]: WHOPARTSHITWHOWITHMISSILES:PLAID AIF-42C5B LRP_1:78:F-42H-20 Corsair NF_4
[BDArmory.BDACompetitionMode:196831132]: WHOPARTSHITWHOWITHMISSILES:PLAID AIF-42C5B LRP_3:71:F-42H-20 Corsair NF_2
[BDArmory.BDACompetitionMode:196831132]: WHOPARTSHITWHOWITHMISSILES:F-42H-20 Corsair NF:263:PLAID AIF-42C5B LRP_4:58:PLAID AIF-42C5B LRP
[BDArmory.BDACompetitionMode:196831132]: WHOPARTSHITWHOWITHMISSILES:F-42H-20 Corsair NF_1:109:PLAID AIF-42C5B LRP_2:108:PLAID AIF-42C5B LRP_3
[BDArmory.BDACompetitionMode:196831132]: WHOPARTSHITWHOWITHMISSILES:F-42H-20 Corsair NF_3:107:PLAID AIF-42C5B LRP:11:PLAID AIF-42C5B LRP_1
[BDArmory.BDACompetitionMode:196831132]: WHOPARTSHITWHOWITHMISSILES:F-42H-20 Corsair NF_4:107:PLAID AIF-42C5B LRP_3:12:PLAID AIF-42C5B LRP:6:PLAID AIF-42C5B LRP_4:3:PLAID AIF-42C5B LRP_2
[BDArmory.BDACompetitionMode:196831132]: WHODAMAGEDWHOWITHMISSILES:PLAID AIF-42C5B LRP_1:30449.0:F-42H-20 Corsair NF_4
[BDArmory.BDACompetitionMode:196831132]: WHODAMAGEDWHOWITHMISSILES:F-42H-20 Corsair NF:51706.6:PLAID AIF-42C5B LRP_4
[BDArmory.BDACompetitionMode:196831132]: WHODAMAGEDWHOWITHMISSILES:F-42H-20 Corsair NF_1:178456.3:PLAID AIF-42C5B LRP_2
[BDArmory.BDACompetitionMode:196831132]: WHODAMAGEDWHOWITHMISSILES:F-42H-20 Corsair NF_3:96631.3:PLAID AIF-42C5B LRP:23676.7:PLAID AIF-42C5B LRP_1
[BDArmory.BDACompetitionMode:196831132]: WHODAMAGEDWHOWITHMISSILES:F-42H-20 Corsair NF_4:35786.7:PLAID AIF-42C5B LRP_3:10875.8:PLAID AIF-42C5B LRP:1499.6:PLAID AIF-42C5B LRP_4
[BDArmory.BDACompetitionMode:196831132]: WHODAMAGEDWHOWITHBATTLEDAMAGE:F-42H-20 Corsair NF:0.2:PLAID AIF-42C5B LRP_4
[BDArmory.BDACompetitionMode:196831132]: WHODAMAGEDWHOWITHBATTLEDAMAGE:F-42H-20 Corsair NF_2:474.3:PLAID AIF-42C5B LRP_1:240.5:PLAID AIF-42C5B LRP_2:12159.4:F-42H-20 Corsair NF_2
[BDArmory.BDACompetitionMode:196831132]: WHODAMAGEDWHOWITHBATTLEDAMAGE:F-42H-20 Corsair NF_3:992.4:PLAID AIF-42C5B LRP_1
[BDArmory.BDACompetitionMode:196831132]: HEADSHOTGUNS:F-42H-20 Corsair NF:PLAID AIF-42C5B LRP_4
[BDArmory.BDACompetitionMode:196831132]: KILLSTEALMISSILES:F-42H-20 Corsair NF_1:PLAID AIF-42C5B LRP_3
[BDArmory.BDACompetitionMode:196831132]: KILLSTEALMISSILES:F-42H-20 Corsair NF_4:PLAID AIF-42C5B LRP
[BDArmory.BDACompetitionMode:196831132]: HPLEFT:PLAID AIF-42C5B LRP:100
[BDArmory.BDACompetitionMode:196831132]: HPLEFT:PLAID AIF-42C5B LRP_1:75
[BDArmory.BDACompetitionMode:196831132]: HPLEFT:PLAID AIF-42C5B LRP_2:100
[BDArmory.BDACompetitionMode:196831132]: HPLEFT:PLAID AIF-42C5B LRP_3:100
[BDArmory.BDACompetitionMode:196831132]: HPLEFT:PLAID AIF-42C5B LRP_4:100
[BDArmory.BDACompetitionMode:196831132]: HPLEFT:F-42H-20 Corsair NF:0
[BDArmory.BDACompetitionMode:196831132]: HPLEFT:F-42H-20 Corsair NF_1:0
[BDArmory.BDACompetitionMode:196831132]: HPLEFT:F-42H-20 Corsair NF_2:0
[BDArmory.BDACompetitionMode:196831132]: HPLEFT:F-42H-20 Corsair NF_3:0
[BDArmory.BDACompetitionMode:196831132]: HPLEFT:F-42H-20 Corsair NF_4:0
[BDArmory.BDACompetitionMode:196831132]: ACCURACY:PLAID AIF-42C5B LRP:0/23:0/0
[BDArmory.BDACompetitionMode:196831132]: ACCURACY:PLAID AIF-42C5B LRP_1:7/88:0/0
[BDArmory.BDACompetitionMode:196831132]: ACCURACY:PLAID AIF-42C5B LRP_2:5/78:0/0
[BDArmory.BDACompetitionMode:196831132]: ACCURACY:PLAID AIF-42C5B LRP_3:0/0:0/0
[BDArmory.BDACompetitionMode:196831132]: ACCURACY:PLAID AIF-42C5B LRP_4:3/40:0/0
[BDArmory.BDACompetitionMode:196831132]: ACCURACY:F-42H-20 Corsair NF:0/0:0/0
[BDArmory.BDACompetitionMode:196831132]: ACCURACY:F-42H-20 Corsair NF_1:0/0:0/0
[BDArmory.BDACompetitionMode:196831132]: ACCURACY:F-42H-20 Corsair NF_2:0/0:0/0
[BDArmory.BDACompetitionMode:196831132]: ACCURACY:F-42H-20 Corsair NF_3:0/0:0/0
[BDArmory.BDACompetitionMode:196831132]: ACCURACY:F-42H-20 Corsair NF_4:0/0:0/0
