[BDArmory.BDACompetitionMode:199574824]: Dumping Results after -11s (of 0s) at 2026-04-28 21:33:32 -04:00
[BDArmory.BDACompetitionMode:199574824]: RESULT:Mutual Annihilation
[BDArmory.BDACompetitionMode:199574824]: DEADTEAMS:[{"team": "PLAID AIF-42C5D2", "members": ["PLAID AIF-42C5D2", "PLAID AIF-42C5D2_1"]}, {"team": "AIF-38B", "members": ["AIF-38B", "AIF-38B_1"]}]
[BDArmory.BDACompetitionMode:199574824]: DEAD:1:151.0:PLAID AIF-42C5D2
[BDArmory.BDACompetitionMode:199574824]: MIA:PLAID AIF-42C5D2_1
[BDArmory.BDACompetitionMode:199574824]: MIA:AIF-38B
[BDArmory.BDACompetitionMode:199574824]: DEAD:0:92.2:AIF-38B_1
[BDArmory.BDACompetitionMode:199574824]: WHOSHOTWHOWITHGUNS:PLAID AIF-42C5D2:8:AIF-38B_1
[BDArmory.BDACompetitionMode:199574824]: WHOSHOTWHOWITHGUNS:PLAID AIF-42C5D2_1:121:AIF-38B
[BDArmory.BDACompetitionMode:199574824]: WHOSHOTWHOWITHGUNS:AIF-38B:106:PLAID AIF-42C5D2_1
[BDArmory.BDACompetitionMode:199574824]: WHOHITWHOWITHMISSILES:PLAID AIF-42C5D2:3:AIF-38B:2:AIF-38B_1
[BDArmory.BDACompetitionMode:199574824]: WHOHITWHOWITHMISSILES:PLAID AIF-42C5D2_1:2:AIF-38B_1:1:AIF-38B
[BDArmory.BDACompetitionMode:199574824]: WHOHITWHOWITHMISSILES:AIF-38B:2:PLAID AIF-42C5D2_1
[BDArmory.BDACompetitionMode:199574824]: WHOHITWHOWITHMISSILES:AIF-38B_1:1:PLAID AIF-42C5D2
[BDArmory.BDACompetitionMode:199574824]: WHOPARTSHITWHOWITHMISSILES:PLAID AIF-42C5D2:209:AIF-38B:142:AIF-38B_1
[BDArmory.BDACompetitionMode:199574824]: WHOPARTSHITWHOWITHMISSILES:PLAID AIF-42C5D2_1:133:AIF-38B_1:75:AIF-38B
[BDArmory.BDACompetitionMode:199574824]: WHOPARTSHITWHOWITHMISSILES:AIF-38B:190:PLAID AIF-42C5D2_1
[BDArmory.BDACompetitionMode:199574824]: WHOPARTSHITWHOWITHMISSILES:AIF-38B_1:80:PLAID AIF-42C5D2
[BDArmory.BDACompetitionMode:199574824]: WHORAMMEDWHO:PLAID AIF-42C5D2:72:AIF-38B_1
[BDArmory.BDACompetitionMode:199574824]: WHORAMMEDWHO:PLAID AIF-42C5D2_1:7:AIF-38B
[BDArmory.BDACompetitionMode:199574824]: WHORAMMEDWHO:AIF-38B:83:PLAID AIF-42C5D2_1
[BDArmory.BDACompetitionMode:199574824]: WHORAMMEDWHO:AIF-38B_1:102:PLAID AIF-42C5D2
[BDArmory.BDACompetitionMode:199574824]: CLEANKILLRAMMING:AIF-38B_1:PLAID AIF-42C5D2
[BDArmory.BDACompetitionMode:199574824]: HPLEFT:PLAID AIF-42C5D2:0
[BDArmory.BDACompetitionMode:199574824]: HPLEFT:PLAID AIF-42C5D2_1:0
[BDArmory.BDACompetitionMode:199574824]: HPLEFT:AIF-38B:0
[BDArmory.BDACompetitionMode:199574824]: HPLEFT:AIF-38B_1:0
[BDArmory.BDACompetitionMode:199574824]: ACCURACY:PLAID AIF-42C5D2:0/136:0/0
[BDArmory.BDACompetitionMode:199574824]: ACCURACY:PLAID AIF-42C5D2_1:106/1825:0/0
[BDArmory.BDACompetitionMode:199574824]: ACCURACY:AIF-38B:121/1798:0/0
[BDArmory.BDACompetitionMode:199574824]: ACCURACY:AIF-38B_1:8/162:0/0
