[BDArmory.BDACompetitionMode:209270073]: Dumping Results after 134s (of 0s) at 2026-08-19 02:41:06 -04:00
[BDArmory.BDACompetitionMode:209270073]: RESULT:Win:{"team": "basilfriend airstrike", "members": ["AL-27 Kallistemon", "AL-57 Kalina", "AL-27 Kallistemon_1", "AL-57 Kalina_1", "AL-57 Kalina_2"]}
[BDArmory.BDACompetitionMode:209270073]: DEADTEAMS:[{"team": "sea lion one airwing", "members": ["Type-404S Fighter (A2A) mod-1", "Type-404S Fighter (A2A) mod-1_1", "Type-404S Fighter (A2A) mod-1_2", "Type-404S Fighter (A2A) mod-1_3", "Type-404S Fighter (A2A) mod-1_4", "Type-404S Fighter (A2A) mod-1_5"]}]
[BDArmory.BDACompetitionMode:209270073]: ALIVE:AL-27 Kallistemon
[BDArmory.BDACompetitionMode:209270073]: ALIVE:AL-57 Kalina
[BDArmory.BDACompetitionMode:209270073]: ALIVE:AL-57 Kalina_1
[BDArmory.BDACompetitionMode:209270073]: DEAD:7:124.0:Type-404S Fighter (A2A) mod-1
[BDArmory.BDACompetitionMode:209270073]: DEAD:3:85.0:Type-404S Fighter (A2A) mod-1_1
[BDArmory.BDACompetitionMode:209270073]: DEAD:4:94.8:Type-404S Fighter (A2A) mod-1_2
[BDArmory.BDACompetitionMode:209270073]: DEAD:5:95.8:Type-404S Fighter (A2A) mod-1_3
[BDArmory.BDACompetitionMode:209270073]: DEAD:0:80.8:Type-404S Fighter (A2A) mod-1_4
[BDArmory.BDACompetitionMode:209270073]: DEAD:6:96.8:Type-404S Fighter (A2A) mod-1_5
[BDArmory.BDACompetitionMode:209270073]: DEAD:2:83.0:AL-27 Kallistemon_1
[BDArmory.BDACompetitionMode:209270073]: DEAD:1:82.0:AL-57 Kalina_2
[BDArmory.BDACompetitionMode:209270073]: WHOSHOTWHOWITHGUNS:Type-404S Fighter (A2A) mod-1:60:AL-57 Kalina
[BDArmory.BDACompetitionMode:209270073]: WHOSHOTWHOWITHGUNS:Type-404S Fighter (A2A) mod-1_3:9:AL-57 Kalina
[BDArmory.BDACompetitionMode:209270073]: WHOSHOTWHOWITHGUNS:AL-57 Kalina_1:1:Type-404S Fighter (A2A) mod-1_3
[BDArmory.BDACompetitionMode:209270073]: WHODAMAGEDWHOWITHGUNS:Type-404S Fighter (A2A) mod-1:12026.7:AL-57 Kalina:0.1:AL-57 Kalina_1
[BDArmory.BDACompetitionMode:209270073]: WHODAMAGEDWHOWITHGUNS:Type-404S Fighter (A2A) mod-1_3:1775.3:AL-57 Kalina
[BDArmory.BDACompetitionMode:209270073]: WHODAMAGEDWHOWITHGUNS:AL-57 Kalina_1:157.8:Type-404S Fighter (A2A) mod-1_3
[BDArmory.BDACompetitionMode:209270073]: WHOHITWHOWITHMISSILES:Type-404S Fighter (A2A) mod-1:1:AL-27 Kallistemon_1:1:AL-57 Kalina
[BDArmory.BDACompetitionMode:209270073]: WHOHITWHOWITHMISSILES:Type-404S Fighter (A2A) mod-1_1:1:AL-57 Kalina_2:1:AL-57 Kalina_1:1:AL-57 Kalina
[BDArmory.BDACompetitionMode:209270073]: WHOHITWHOWITHMISSILES:Type-404S Fighter (A2A) mod-1_2:1:AL-27 Kallistemon_1:1:AL-57 Kalina
[BDArmory.BDACompetitionMode:209270073]: WHOHITWHOWITHMISSILES:Type-404S Fighter (A2A) mod-1_3:1:AL-27 Kallistemon
[BDArmory.BDACompetitionMode:209270073]: WHOHITWHOWITHMISSILES:Type-404S Fighter (A2A) mod-1_4:1:AL-57 Kalina
[BDArmory.BDACompetitionMode:209270073]: WHOHITWHOWITHMISSILES:Type-404S Fighter (A2A) mod-1_5:1:AL-57 Kalina_2
[BDArmory.BDACompetitionMode:209270073]: WHOHITWHOWITHMISSILES:AL-27 Kallistemon:1:Type-404S Fighter (A2A) mod-1_5:1:Type-404S Fighter (A2A) mod-1_4
[BDArmory.BDACompetitionMode:209270073]: WHOHITWHOWITHMISSILES:AL-27 Kallistemon_1:1:Type-404S Fighter (A2A) mod-1_2:1:Type-404S Fighter (A2A) mod-1_3
[BDArmory.BDACompetitionMode:209270073]: WHOHITWHOWITHMISSILES:AL-57 Kalina_2:1:Type-404S Fighter (A2A) mod-1_3:1:Type-404S Fighter (A2A) mod-1_5
[BDArmory.BDACompetitionMode:209270073]: WHOPARTSHITWHOWITHMISSILES:Type-404S Fighter (A2A) mod-1:99:AL-27 Kallistemon_1:52:AL-57 Kalina
[BDArmory.BDACompetitionMode:209270073]: WHOPARTSHITWHOWITHMISSILES:Type-404S Fighter (A2A) mod-1_1:101:AL-57 Kalina_2:68:AL-57 Kalina_1:74:AL-57 Kalina
[BDArmory.BDACompetitionMode:209270073]: WHOPARTSHITWHOWITHMISSILES:Type-404S Fighter (A2A) mod-1_2:96:AL-27 Kallistemon_1:17:AL-57 Kalina
[BDArmory.BDACompetitionMode:209270073]: WHOPARTSHITWHOWITHMISSILES:Type-404S Fighter (A2A) mod-1_3:99:AL-27 Kallistemon
[BDArmory.BDACompetitionMode:209270073]: WHOPARTSHITWHOWITHMISSILES:Type-404S Fighter (A2A) mod-1_4:100:AL-57 Kalina
[BDArmory.BDACompetitionMode:209270073]: WHOPARTSHITWHOWITHMISSILES:Type-404S Fighter (A2A) mod-1_5:84:AL-57 Kalina_2
[BDArmory.BDACompetitionMode:209270073]: WHOPARTSHITWHOWITHMISSILES:AL-27 Kallistemon:144:Type-404S Fighter (A2A) mod-1_5:142:Type-404S Fighter (A2A) mod-1_4
[BDArmory.BDACompetitionMode:209270073]: WHOPARTSHITWHOWITHMISSILES:AL-27 Kallistemon_1:143:Type-404S Fighter (A2A) mod-1_2:124:Type-404S Fighter (A2A) mod-1_3
[BDArmory.BDACompetitionMode:209270073]: WHOPARTSHITWHOWITHMISSILES:AL-57 Kalina_2:107:Type-404S Fighter (A2A) mod-1_3:58:Type-404S Fighter (A2A) mod-1_5
[BDArmory.BDACompetitionMode:209270073]: WHODAMAGEDWHOWITHMISSILES:Type-404S Fighter (A2A) mod-1:14490.3:AL-27 Kallistemon_1:34117.7:AL-57 Kalina
[BDArmory.BDACompetitionMode:209270073]: WHODAMAGEDWHOWITHMISSILES:Type-404S Fighter (A2A) mod-1_1:27370.2:AL-57 Kalina_2:32746.8:AL-57 Kalina_1
[BDArmory.BDACompetitionMode:209270073]: WHODAMAGEDWHOWITHMISSILES:Type-404S Fighter (A2A) mod-1_2:14872.8:AL-27 Kallistemon_1:18421.5:AL-57 Kalina
[BDArmory.BDACompetitionMode:209270073]: WHODAMAGEDWHOWITHMISSILES:Type-404S Fighter (A2A) mod-1_3:7455.9:AL-27 Kallistemon
[BDArmory.BDACompetitionMode:209270073]: WHODAMAGEDWHOWITHMISSILES:Type-404S Fighter (A2A) mod-1_4:147424.6:AL-57 Kalina
[BDArmory.BDACompetitionMode:209270073]: WHODAMAGEDWHOWITHMISSILES:Type-404S Fighter (A2A) mod-1_5:103548.9:AL-57 Kalina_2
[BDArmory.BDACompetitionMode:209270073]: WHODAMAGEDWHOWITHMISSILES:AL-27 Kallistemon:42256.6:Type-404S Fighter (A2A) mod-1_4
[BDArmory.BDACompetitionMode:209270073]: WHODAMAGEDWHOWITHMISSILES:AL-27 Kallistemon_1:46347.8:Type-404S Fighter (A2A) mod-1_2:64984.8:Type-404S Fighter (A2A) mod-1_3
[BDArmory.BDACompetitionMode:209270073]: WHODAMAGEDWHOWITHMISSILES:AL-57 Kalina_2:58180.3:Type-404S Fighter (A2A) mod-1_3:6945.3:Type-404S Fighter (A2A) mod-1_5
[BDArmory.BDACompetitionMode:209270073]: WHODAMAGEDWHOWITHBATTLEDAMAGE:Type-404S Fighter (A2A) mod-1:150.2:AL-27 Kallistemon_1:384.6:AL-57 Kalina:42.3:AL-57 Kalina_1
[BDArmory.BDACompetitionMode:209270073]: WHODAMAGEDWHOWITHBATTLEDAMAGE:Type-404S Fighter (A2A) mod-1_1:50.1:AL-57 Kalina_2:18194.3:AL-57 Kalina_1
[BDArmory.BDACompetitionMode:209270073]: WHODAMAGEDWHOWITHBATTLEDAMAGE:Type-404S Fighter (A2A) mod-1_2:28.4:AL-27 Kallistemon_1:20971.5:Type-404S Fighter (A2A) mod-1_2
[BDArmory.BDACompetitionMode:209270073]: WHODAMAGEDWHOWITHBATTLEDAMAGE:Type-404S Fighter (A2A) mod-1_3:405.5:AL-57 Kalina:48025.5:Type-404S Fighter (A2A) mod-1_3
[BDArmory.BDACompetitionMode:209270073]: WHODAMAGEDWHOWITHBATTLEDAMAGE:Type-404S Fighter (A2A) mod-1_5:0.2:AL-57 Kalina_2
[BDArmory.BDACompetitionMode:209270073]: WHODAMAGEDWHOWITHBATTLEDAMAGE:AL-27 Kallistemon:50.1:Type-404S Fighter (A2A) mod-1_4
[BDArmory.BDACompetitionMode:209270073]: GMKILL:Type-404S Fighter (A2A) mod-1_2:BigRedButton
[BDArmory.BDACompetitionMode:209270073]: GMKILL:Type-404S Fighter (A2A) mod-1_3:BigRedButton
[BDArmory.BDACompetitionMode:209270073]: GMKILL:Type-404S Fighter (A2A) mod-1_4:BigRedButton
[BDArmory.BDACompetitionMode:209270073]: GMKILL:Type-404S Fighter (A2A) mod-1_5:BigRedButton
[BDArmory.BDACompetitionMode:209270073]: HEADSHOTMISSILES:Type-404S Fighter (A2A) mod-1:AL-57 Kalina
[BDArmory.BDACompetitionMode:209270073]: KILLSTEALMISSILES:Type-404S Fighter (A2A) mod-1_1:AL-57 Kalina
[BDArmory.BDACompetitionMode:209270073]: KILLSTEALMISSILES:AL-27 Kallistemon_1:Type-404S Fighter (A2A) mod-1_3
[BDArmory.BDACompetitionMode:209270073]: KILLSTEALMISSILES:AL-57 Kalina_2:Type-404S Fighter (A2A) mod-1_5
[BDArmory.BDACompetitionMode:209270073]: HPLEFT:Type-404S Fighter (A2A) mod-1:0
[BDArmory.BDACompetitionMode:209270073]: HPLEFT:Type-404S Fighter (A2A) mod-1_1:0
[BDArmory.BDACompetitionMode:209270073]: HPLEFT:Type-404S Fighter (A2A) mod-1_2:0
[BDArmory.BDACompetitionMode:209270073]: HPLEFT:Type-404S Fighter (A2A) mod-1_3:0
[BDArmory.BDACompetitionMode:209270073]: HPLEFT:Type-404S Fighter (A2A) mod-1_4:0
[BDArmory.BDACompetitionMode:209270073]: HPLEFT:Type-404S Fighter (A2A) mod-1_5:0
[BDArmory.BDACompetitionMode:209270073]: HPLEFT:AL-27 Kallistemon:88.5906040268456
[BDArmory.BDACompetitionMode:209270073]: HPLEFT:AL-57 Kalina:100
[BDArmory.BDACompetitionMode:209270073]: HPLEFT:AL-27 Kallistemon_1:0
[BDArmory.BDACompetitionMode:209270073]: HPLEFT:AL-57 Kalina_1:100
[BDArmory.BDACompetitionMode:209270073]: HPLEFT:AL-57 Kalina_2:0
[BDArmory.BDACompetitionMode:209270073]: ACCURACY:Type-404S Fighter (A2A) mod-1:0/14:0/0
[BDArmory.BDACompetitionMode:209270073]: ACCURACY:Type-404S Fighter (A2A) mod-1_1:0/0:0/0
[BDArmory.BDACompetitionMode:209270073]: ACCURACY:Type-404S Fighter (A2A) mod-1_2:0/0:0/0
[BDArmory.BDACompetitionMode:209270073]: ACCURACY:Type-404S Fighter (A2A) mod-1_3:1/10:0/0
[BDArmory.BDACompetitionMode:209270073]: ACCURACY:Type-404S Fighter (A2A) mod-1_4:0/0:0/0
[BDArmory.BDACompetitionMode:209270073]: ACCURACY:Type-404S Fighter (A2A) mod-1_5:0/0:0/0
[BDArmory.BDACompetitionMode:209270073]: ACCURACY:AL-27 Kallistemon:0/17:0/0
[BDArmory.BDACompetitionMode:209270073]: ACCURACY:AL-57 Kalina:69/520:0/0
[BDArmory.BDACompetitionMode:209270073]: ACCURACY:AL-27 Kallistemon_1:0/0:0/0
[BDArmory.BDACompetitionMode:209270073]: ACCURACY:AL-57 Kalina_1:0/49:0/0
[BDArmory.BDACompetitionMode:209270073]: ACCURACY:AL-57 Kalina_2:0/0:0/0
