[BDArmory.BDACompetitionMode:197191837]: Dumping Results after 98s (of 0s) at 2026-04-01 07:32:25 -04:00
[BDArmory.BDACompetitionMode:197191837]: RESULT:Win:{"team": "PLAID AIF-42C5D LRP", "members": ["PLAID AIF-42C5D LRP", "PLAID AIF-42C5D LRP_1", "PLAID AIF-42C5D LRP_2"]}
[BDArmory.BDACompetitionMode:197191837]: DEADTEAMS:[{"team": "PLAID AIF-42C5B LRP", "members": ["PLAID AIF-42C5B LRP", "PLAID AIF-42C5B LRP_1", "PLAID AIF-42C5B LRP_2"]}]
[BDArmory.BDACompetitionMode:197191837]: ALIVE:PLAID AIF-42C5D LRP
[BDArmory.BDACompetitionMode:197191837]: ALIVE:PLAID AIF-42C5D LRP_1
[BDArmory.BDACompetitionMode:197191837]: ALIVE:PLAID AIF-42C5D LRP_2
[BDArmory.BDACompetitionMode:197191837]: DEAD:1:64.0:PLAID AIF-42C5B LRP
[BDArmory.BDACompetitionMode:197191837]: DEAD:0:61.8:PLAID AIF-42C5B LRP_1
[BDArmory.BDACompetitionMode:197191837]: DEAD:2:87.0:PLAID AIF-42C5B LRP_2
[BDArmory.BDACompetitionMode:197191837]: WHOSHOTWHOWITHGUNS:PLAID AIF-42C5B LRP:13:PLAID AIF-42C5D LRP
[BDArmory.BDACompetitionMode:197191837]: WHOSHOTWHOWITHGUNS:PLAID AIF-42C5B LRP_2:29:PLAID AIF-42C5D LRP_2:8:PLAID AIF-42C5D LRP_1
[BDArmory.BDACompetitionMode:197191837]: WHODAMAGEDWHOWITHGUNS:PLAID AIF-42C5B LRP:6642.7:PLAID AIF-42C5D LRP
[BDArmory.BDACompetitionMode:197191837]: WHODAMAGEDWHOWITHGUNS:PLAID AIF-42C5B LRP_2:7198.7:PLAID AIF-42C5D LRP_2:2146.1:PLAID AIF-42C5D LRP_1
[BDArmory.BDACompetitionMode:197191837]: WHOHITWHOWITHMISSILES:PLAID AIF-42C5B LRP:1:PLAID AIF-42C5D LRP
[BDArmory.BDACompetitionMode:197191837]: WHOHITWHOWITHMISSILES:PLAID AIF-42C5B LRP_1:1:PLAID AIF-42C5D LRP_2
[BDArmory.BDACompetitionMode:197191837]: WHOHITWHOWITHMISSILES:PLAID AIF-42C5B LRP_2:1:PLAID AIF-42C5D LRP_1
[BDArmory.BDACompetitionMode:197191837]: WHOHITWHOWITHMISSILES:PLAID AIF-42C5D LRP_2:1:PLAID AIF-42C5B LRP_2:1:PLAID AIF-42C5D LRP
[BDArmory.BDACompetitionMode:197191837]: WHOPARTSHITWHOWITHMISSILES:PLAID AIF-42C5B LRP:73:PLAID AIF-42C5D LRP
[BDArmory.BDACompetitionMode:197191837]: WHOPARTSHITWHOWITHMISSILES:PLAID AIF-42C5B LRP_1:73:PLAID AIF-42C5D LRP_2
[BDArmory.BDACompetitionMode:197191837]: WHOPARTSHITWHOWITHMISSILES:PLAID AIF-42C5B LRP_2:69:PLAID AIF-42C5D LRP_1
[BDArmory.BDACompetitionMode:197191837]: WHOPARTSHITWHOWITHMISSILES:PLAID AIF-42C5D LRP_2:68:PLAID AIF-42C5B LRP_2:68:PLAID AIF-42C5D LRP
[BDArmory.BDACompetitionMode:197191837]: WHODAMAGEDWHOWITHMISSILES:PLAID AIF-42C5B LRP_1:71326.7:PLAID AIF-42C5D LRP_2
[BDArmory.BDACompetitionMode:197191837]: WHODAMAGEDWHOWITHMISSILES:PLAID AIF-42C5B LRP_2:15581.2:PLAID AIF-42C5D LRP_1
[BDArmory.BDACompetitionMode:197191837]: WHODAMAGEDWHOWITHBATTLEDAMAGE:PLAID AIF-42C5B LRP:19.8:PLAID AIF-42C5D LRP
[BDArmory.BDACompetitionMode:197191837]: WHODAMAGEDWHOWITHBATTLEDAMAGE:PLAID AIF-42C5B LRP_2:284.2:PLAID AIF-42C5D LRP_2:10876.6:PLAID AIF-42C5D LRP_1:5885.4:PLAID AIF-42C5B LRP_2
[BDArmory.BDACompetitionMode:197191837]: WHODAMAGEDWHOWITHBATTLEDAMAGE:PLAID AIF-42C5D LRP:1.5:PLAID AIF-42C5D LRP
[BDArmory.BDACompetitionMode:197191837]: GMKILL:PLAID AIF-42C5B LRP_1:GM
[BDArmory.BDACompetitionMode:197191837]: CLEANKILLGUNS:PLAID AIF-42C5B LRP:PLAID AIF-42C5D LRP
[BDArmory.BDACompetitionMode:197191837]: KILLSTEALGUNS:PLAID AIF-42C5B LRP_2:PLAID AIF-42C5D LRP_1
[BDArmory.BDACompetitionMode:197191837]: HPLEFT:PLAID AIF-42C5B LRP:0
[BDArmory.BDACompetitionMode:197191837]: HPLEFT:PLAID AIF-42C5B LRP_1:0
[BDArmory.BDACompetitionMode:197191837]: HPLEFT:PLAID AIF-42C5B LRP_2:0
[BDArmory.BDACompetitionMode:197191837]: HPLEFT:PLAID AIF-42C5D LRP:100
[BDArmory.BDACompetitionMode:197191837]: HPLEFT:PLAID AIF-42C5D LRP_1:100
[BDArmory.BDACompetitionMode:197191837]: HPLEFT:PLAID AIF-42C5D LRP_2:100
[BDArmory.BDACompetitionMode:197191837]: ACCURACY:PLAID AIF-42C5B LRP:0/0:0/0
[BDArmory.BDACompetitionMode:197191837]: ACCURACY:PLAID AIF-42C5B LRP_1:0/0:0/0
[BDArmory.BDACompetitionMode:197191837]: ACCURACY:PLAID AIF-42C5B LRP_2:0/0:0/0
[BDArmory.BDACompetitionMode:197191837]: ACCURACY:PLAID AIF-42C5D LRP:13/22:0/0
[BDArmory.BDACompetitionMode:197191837]: ACCURACY:PLAID AIF-42C5D LRP_1:8/32:0/0
[BDArmory.BDACompetitionMode:197191837]: ACCURACY:PLAID AIF-42C5D LRP_2:29/83:0/0
