[BDArmory.BDACompetitionMode:199425926]: Dumping Results after 102s (of 0s) at 2026-04-27 04:08:15 -04:00
[BDArmory.BDACompetitionMode:199425926]: RESULT:Win:{"team": "AIF-38", "members": ["AIF-38", "AIF-38_1"]}
[BDArmory.BDACompetitionMode:199425926]: DEADTEAMS:[{"team": "AL-34 Cooker V_VVVVdev", "members": ["AL-34 Cooker V/VVVVdev", "AL-34 Cooker V/VVVVdev_1"]}]
[BDArmory.BDACompetitionMode:199425926]: ALIVE:AIF-38_1
[BDArmory.BDACompetitionMode:199425926]: MIA:AIF-38
[BDArmory.BDACompetitionMode:199425926]: DEAD:0:84.0:AL-34 Cooker V/VVVVdev
[BDArmory.BDACompetitionMode:199425926]: DEAD:1:92.0:AL-34 Cooker V/VVVVdev_1
[BDArmory.BDACompetitionMode:199425926]: WHOSHOTWHOWITHGUNS:AIF-38_1:8:AL-34 Cooker V/VVVVdev
[BDArmory.BDACompetitionMode:199425926]: WHOSHOTWHOWITHGUNS:AL-34 Cooker V/VVVVdev:13:AIF-38_1
[BDArmory.BDACompetitionMode:199425926]: WHOSHOTWHOWITHGUNS:AL-34 Cooker V/VVVVdev_1:4:AIF-38_1
[BDArmory.BDACompetitionMode:199425926]: WHODAMAGEDWHOWITHGUNS:AIF-38_1:2535.9:AL-34 Cooker V/VVVVdev
[BDArmory.BDACompetitionMode:199425926]: WHODAMAGEDWHOWITHGUNS:AL-34 Cooker V/VVVVdev:3817.8:AIF-38_1
[BDArmory.BDACompetitionMode:199425926]: WHODAMAGEDWHOWITHGUNS:AL-34 Cooker V/VVVVdev_1:984.8:AIF-38_1
[BDArmory.BDACompetitionMode:199425926]: WHOHITWHOWITHMISSILES:AIF-38:2:AL-34 Cooker V/VVVVdev
[BDArmory.BDACompetitionMode:199425926]: WHOHITWHOWITHMISSILES:AIF-38_1:1:AL-34 Cooker V/VVVVdev_1
[BDArmory.BDACompetitionMode:199425926]: WHOHITWHOWITHMISSILES:AL-34 Cooker V/VVVVdev:1:AIF-38:1:AIF-38_1
[BDArmory.BDACompetitionMode:199425926]: WHOHITWHOWITHMISSILES:AL-34 Cooker V/VVVVdev_1:1:AIF-38:3:AIF-38_1
[BDArmory.BDACompetitionMode:199425926]: WHOPARTSHITWHOWITHMISSILES:AIF-38:186:AL-34 Cooker V/VVVVdev
[BDArmory.BDACompetitionMode:199425926]: WHOPARTSHITWHOWITHMISSILES:AIF-38_1:93:AL-34 Cooker V/VVVVdev_1
[BDArmory.BDACompetitionMode:199425926]: WHOPARTSHITWHOWITHMISSILES:AL-34 Cooker V/VVVVdev:108:AIF-38:93:AIF-38_1
[BDArmory.BDACompetitionMode:199425926]: WHOPARTSHITWHOWITHMISSILES:AL-34 Cooker V/VVVVdev_1:110:AIF-38:266:AIF-38_1
[BDArmory.BDACompetitionMode:199425926]: WHODAMAGEDWHOWITHMISSILES:AIF-38:18040.6:AL-34 Cooker V/VVVVdev
[BDArmory.BDACompetitionMode:199425926]: WHODAMAGEDWHOWITHMISSILES:AL-34 Cooker V/VVVVdev:32541.8:AIF-38
[BDArmory.BDACompetitionMode:199425926]: WHODAMAGEDWHOWITHMISSILES:AL-34 Cooker V/VVVVdev_1:8154.9:AIF-38:20507.6:AIF-38_1
[BDArmory.BDACompetitionMode:199425926]: WHODAMAGEDWHOWITHBATTLEDAMAGE:AIF-38_1:350.6:AL-34 Cooker V/VVVVdev
[BDArmory.BDACompetitionMode:199425926]: WHODAMAGEDWHOWITHBATTLEDAMAGE:AL-34 Cooker V/VVVVdev:38.0:AIF-38_1
[BDArmory.BDACompetitionMode:199425926]: WHODAMAGEDWHOWITHBATTLEDAMAGE:AL-34 Cooker V/VVVVdev_1:0.8:AIF-38_1
[BDArmory.BDACompetitionMode:199425926]: HEADSHOTGUNS:AL-34 Cooker V/VVVVdev:AIF-38_1
[BDArmory.BDACompetitionMode:199425926]: HEADSHOTGUNS:AL-34 Cooker V/VVVVdev_1:AIF-38_1
[BDArmory.BDACompetitionMode:199425926]: HPLEFT:AIF-38:16.8316831683168
[BDArmory.BDACompetitionMode:199425926]: HPLEFT:AIF-38_1:98.019801980198
[BDArmory.BDACompetitionMode:199425926]: HPLEFT:AL-34 Cooker V/VVVVdev:0
[BDArmory.BDACompetitionMode:199425926]: HPLEFT:AL-34 Cooker V/VVVVdev_1:0
[BDArmory.BDACompetitionMode:199425926]: ACCURACY:AIF-38:0/7:0/0
[BDArmory.BDACompetitionMode:199425926]: ACCURACY:AIF-38_1:17/88:0/0
[BDArmory.BDACompetitionMode:199425926]: ACCURACY:AL-34 Cooker V/VVVVdev:8/143:0/0
[BDArmory.BDACompetitionMode:199425926]: ACCURACY:AL-34 Cooker V/VVVVdev_1:0/0:0/0
