[BDArmory.BDACompetitionMode:198290615]: Dumping Results after -123s (of 0s) at 2026-04-14 00:45:17 -04:00
[BDArmory.BDACompetitionMode:198290615]: RESULT:Mutual Annihilation
[BDArmory.BDACompetitionMode:198290615]: DEADTEAMS:[{"team": "AL-27 VVVV(3)", "members": ["AL-27 VVVV", "AL-27 VVVV_1"]}, {"team": "PLAID AIF-42C5D1", "members": ["PLAID AIF-42C5D1", "PLAID AIF-42C5D1_1"]}]
[BDArmory.BDACompetitionMode:198290615]: MIA:AL-27 VVVV
[BDArmory.BDACompetitionMode:198290615]: MIA:AL-27 VVVV_1
[BDArmory.BDACompetitionMode:198290615]: MIA:PLAID AIF-42C5D1
[BDArmory.BDACompetitionMode:198290615]: MIA:PLAID AIF-42C5D1_1
[BDArmory.BDACompetitionMode:198290615]: WHOSHOTWHOWITHGUNS:AL-27 VVVV:6:PLAID AIF-42C5D1
[BDArmory.BDACompetitionMode:198290615]: WHOSHOTWHOWITHGUNS:PLAID AIF-42C5D1:15:AL-27 VVVV_1
[BDArmory.BDACompetitionMode:198290615]: WHODAMAGEDWHOWITHGUNS:AL-27 VVVV:2199.2:PLAID AIF-42C5D1
[BDArmory.BDACompetitionMode:198290615]: WHODAMAGEDWHOWITHGUNS:PLAID AIF-42C5D1:3091.4:AL-27 VVVV_1
[BDArmory.BDACompetitionMode:198290615]: WHOHITWHOWITHMISSILES:PLAID AIF-42C5D1:1:AL-27 VVVV_1
[BDArmory.BDACompetitionMode:198290615]: WHOHITWHOWITHMISSILES:PLAID AIF-42C5D1_1:3:AL-27 VVVV:2:AL-27 VVVV_1
[BDArmory.BDACompetitionMode:198290615]: WHOPARTSHITWHOWITHMISSILES:PLAID AIF-42C5D1:41:AL-27 VVVV_1
[BDArmory.BDACompetitionMode:198290615]: WHOPARTSHITWHOWITHMISSILES:PLAID AIF-42C5D1_1:132:AL-27 VVVV:72:AL-27 VVVV_1
[BDArmory.BDACompetitionMode:198290615]: WHODAMAGEDWHOWITHMISSILES:PLAID AIF-42C5D1:4712.5:AL-27 VVVV_1
[BDArmory.BDACompetitionMode:198290615]: WHODAMAGEDWHOWITHMISSILES:PLAID AIF-42C5D1_1:6329.9:AL-27 VVVV_1:4172.9:AL-27 VVVV
[BDArmory.BDACompetitionMode:198290615]: WHORAMMEDWHO:AL-27 VVVV:96:PLAID AIF-42C5D1
[BDArmory.BDACompetitionMode:198290615]: WHODAMAGEDWHOWITHBATTLEDAMAGE:AL-27 VVVV:213.8:PLAID AIF-42C5D1:13965.9:AL-27 VVVV
[BDArmory.BDACompetitionMode:198290615]: WHODAMAGEDWHOWITHBATTLEDAMAGE:AL-27 VVVV_1:29.5:PLAID AIF-42C5D1
[BDArmory.BDACompetitionMode:198290615]: WHODAMAGEDWHOWITHBATTLEDAMAGE:PLAID AIF-42C5D1:144.0:AL-27 VVVV_1:26548.2:PLAID AIF-42C5D1
[BDArmory.BDACompetitionMode:198290615]: HPLEFT:AL-27 VVVV:0
[BDArmory.BDACompetitionMode:198290615]: HPLEFT:AL-27 VVVV_1:0
[BDArmory.BDACompetitionMode:198290615]: HPLEFT:PLAID AIF-42C5D1:0
[BDArmory.BDACompetitionMode:198290615]: HPLEFT:PLAID AIF-42C5D1_1:0
[BDArmory.BDACompetitionMode:198290615]: ACCURACY:AL-27 VVVV:0/0:0/0
[BDArmory.BDACompetitionMode:198290615]: ACCURACY:AL-27 VVVV_1:15/174:0/0
[BDArmory.BDACompetitionMode:198290615]: ACCURACY:PLAID AIF-42C5D1:6/21:0/0
[BDArmory.BDACompetitionMode:198290615]: ACCURACY:PLAID AIF-42C5D1_1:0/0:0/0
