[BDArmory.BDACompetitionMode:197195732]: Dumping Results after 99s (of 0s) at 2026-04-01 08:39:57 -04:00
[BDArmory.BDACompetitionMode:197195732]: RESULT:Win:{"team": "PLAID AIF-42C5D LRP", "members": ["PLAID AIF-42C5D LRP", "PLAID AIF-42C5D LRP_1", "PLAID AIF-42C5D LRP_2"]}
[BDArmory.BDACompetitionMode:197195732]: DEADTEAMS:[{"team": "PLAID AIF-42C5B LRP", "members": ["PLAID AIF-42C5B LRP", "PLAID AIF-42C5B LRP_1", "PLAID AIF-42C5B LRP_2"]}]
[BDArmory.BDACompetitionMode:197195732]: ALIVE:PLAID AIF-42C5D LRP
[BDArmory.BDACompetitionMode:197195732]: ALIVE:PLAID AIF-42C5D LRP_1
[BDArmory.BDACompetitionMode:197195732]: ALIVE:PLAID AIF-42C5D LRP_2
[BDArmory.BDACompetitionMode:197195732]: DEAD:1:80.0:PLAID AIF-42C5B LRP
[BDArmory.BDACompetitionMode:197195732]: DEAD:0:65.8:PLAID AIF-42C5B LRP_1
[BDArmory.BDACompetitionMode:197195732]: DEAD:2:88.0:PLAID AIF-42C5B LRP_2
[BDArmory.BDACompetitionMode:197195732]: WHOSHOTWHOWITHGUNS:PLAID AIF-42C5B LRP:3:PLAID AIF-42C5D LRP_2:17:PLAID AIF-42C5D LRP_1
[BDArmory.BDACompetitionMode:197195732]: WHOSHOTWHOWITHGUNS:PLAID AIF-42C5B LRP_2:8:PLAID AIF-42C5D LRP
[BDArmory.BDACompetitionMode:197195732]: WHOSHOTWHOWITHGUNS:PLAID AIF-42C5D LRP:19:PLAID AIF-42C5B LRP_2
[BDArmory.BDACompetitionMode:197195732]: WHODAMAGEDWHOWITHGUNS:PLAID AIF-42C5B LRP:1706.0:PLAID AIF-42C5D LRP_2:3987.7:PLAID AIF-42C5D LRP_1
[BDArmory.BDACompetitionMode:197195732]: WHODAMAGEDWHOWITHGUNS:PLAID AIF-42C5B LRP_2:1412.3:PLAID AIF-42C5D LRP
[BDArmory.BDACompetitionMode:197195732]: WHODAMAGEDWHOWITHGUNS:PLAID AIF-42C5D LRP:4019.5:PLAID AIF-42C5B LRP_2
[BDArmory.BDACompetitionMode:197195732]: WHOHITWHOWITHMISSILES:PLAID AIF-42C5B LRP:1:PLAID AIF-42C5D LRP_2
[BDArmory.BDACompetitionMode:197195732]: WHOHITWHOWITHMISSILES:PLAID AIF-42C5B LRP_1:1:PLAID AIF-42C5D LRP_2
[BDArmory.BDACompetitionMode:197195732]: WHOHITWHOWITHMISSILES:PLAID AIF-42C5B LRP_2:1:PLAID AIF-42C5D LRP:1:PLAID AIF-42C5D LRP_2
[BDArmory.BDACompetitionMode:197195732]: WHOPARTSHITWHOWITHMISSILES:PLAID AIF-42C5B LRP:72:PLAID AIF-42C5D LRP_2
[BDArmory.BDACompetitionMode:197195732]: WHOPARTSHITWHOWITHMISSILES:PLAID AIF-42C5B LRP_1:64:PLAID AIF-42C5D LRP_2
[BDArmory.BDACompetitionMode:197195732]: WHOPARTSHITWHOWITHMISSILES:PLAID AIF-42C5B LRP_2:73:PLAID AIF-42C5D LRP:64:PLAID AIF-42C5D LRP_2
[BDArmory.BDACompetitionMode:197195732]: WHODAMAGEDWHOWITHMISSILES:PLAID AIF-42C5B LRP:11363.5:PLAID AIF-42C5D LRP_2
[BDArmory.BDACompetitionMode:197195732]: WHODAMAGEDWHOWITHMISSILES:PLAID AIF-42C5B LRP_1:50076.2:PLAID AIF-42C5D LRP_2
[BDArmory.BDACompetitionMode:197195732]: WHODAMAGEDWHOWITHMISSILES:PLAID AIF-42C5B LRP_2:9658.8:PLAID AIF-42C5D LRP:25850.7:PLAID AIF-42C5D LRP_2
[BDArmory.BDACompetitionMode:197195732]: WHODAMAGEDWHOWITHBATTLEDAMAGE:PLAID AIF-42C5B LRP:116.7:PLAID AIF-42C5D LRP_1:27291.5:PLAID AIF-42C5B LRP
[BDArmory.BDACompetitionMode:197195732]: WHODAMAGEDWHOWITHBATTLEDAMAGE:PLAID AIF-42C5B LRP_2:56.4:PLAID AIF-42C5D LRP:16255.5:PLAID AIF-42C5B LRP_2
[BDArmory.BDACompetitionMode:197195732]: WHODAMAGEDWHOWITHBATTLEDAMAGE:PLAID AIF-42C5D LRP:68.6:PLAID AIF-42C5B LRP_2
[BDArmory.BDACompetitionMode:197195732]: GMKILL:PLAID AIF-42C5B LRP_1:GM
[BDArmory.BDACompetitionMode:197195732]: HEADSHOTGUNS:PLAID AIF-42C5B LRP:PLAID AIF-42C5D LRP_1
[BDArmory.BDACompetitionMode:197195732]: KILLSTEALMISSILES:PLAID AIF-42C5B LRP_2:PLAID AIF-42C5D LRP_2
[BDArmory.BDACompetitionMode:197195732]: HPLEFT:PLAID AIF-42C5B LRP:0
[BDArmory.BDACompetitionMode:197195732]: HPLEFT:PLAID AIF-42C5B LRP_1:0
[BDArmory.BDACompetitionMode:197195732]: HPLEFT:PLAID AIF-42C5B LRP_2:0
[BDArmory.BDACompetitionMode:197195732]: HPLEFT:PLAID AIF-42C5D LRP:93.4210526315789
[BDArmory.BDACompetitionMode:197195732]: HPLEFT:PLAID AIF-42C5D LRP_1:100
[BDArmory.BDACompetitionMode:197195732]: HPLEFT:PLAID AIF-42C5D LRP_2:100
[BDArmory.BDACompetitionMode:197195732]: ACCURACY:PLAID AIF-42C5B LRP:0/0:0/0
[BDArmory.BDACompetitionMode:197195732]: ACCURACY:PLAID AIF-42C5B LRP_1:0/0:0/0
[BDArmory.BDACompetitionMode:197195732]: ACCURACY:PLAID AIF-42C5B LRP_2:19/76:0/0
[BDArmory.BDACompetitionMode:197195732]: ACCURACY:PLAID AIF-42C5D LRP:8/85:0/0
[BDArmory.BDACompetitionMode:197195732]: ACCURACY:PLAID AIF-42C5D LRP_1:17/38:0/0
[BDArmory.BDACompetitionMode:197195732]: ACCURACY:PLAID AIF-42C5D LRP_2:3/6:0/0
