[BDArmory.BDACompetitionMode:197201955]: Dumping Results after 114s (of 0s) at 2026-04-01 10:24:53 -04:00
[BDArmory.BDACompetitionMode:197201955]: RESULT:Win:{"team": "PLAID AIF-42C5B LRP", "members": ["PLAID AIF-42C5B LRP", "PLAID AIF-42C5B LRP_1", "PLAID AIF-42C5B LRP_2"]}
[BDArmory.BDACompetitionMode:197201955]: DEADTEAMS:[{"team": "PLAID AIF-42C5D LRP", "members": ["PLAID AIF-42C5D LRP", "PLAID AIF-42C5D LRP_1", "PLAID AIF-42C5D LRP_2"]}]
[BDArmory.BDACompetitionMode:197201955]: ALIVE:PLAID AIF-42C5B LRP
[BDArmory.BDACompetitionMode:197201955]: ALIVE:PLAID AIF-42C5B LRP_1
[BDArmory.BDACompetitionMode:197201955]: ALIVE:PLAID AIF-42C5B LRP_2
[BDArmory.BDACompetitionMode:197201955]: DEAD:0:97.0:PLAID AIF-42C5D LRP
[BDArmory.BDACompetitionMode:197201955]: DEAD:2:103.0:PLAID AIF-42C5D LRP_1
[BDArmory.BDACompetitionMode:197201955]: DEAD:1:99.4:PLAID AIF-42C5D LRP_2
[BDArmory.BDACompetitionMode:197201955]: WHOSHOTWHOWITHGUNS:PLAID AIF-42C5D LRP:13:PLAID AIF-42C5B LRP:13:PLAID AIF-42C5B LRP_2
[BDArmory.BDACompetitionMode:197201955]: WHOSHOTWHOWITHGUNS:PLAID AIF-42C5D LRP_1:21:PLAID AIF-42C5B LRP_1:11:PLAID AIF-42C5B LRP_2
[BDArmory.BDACompetitionMode:197201955]: WHOSHOTWHOWITHGUNS:PLAID AIF-42C5D LRP_2:5:PLAID AIF-42C5B LRP_2
[BDArmory.BDACompetitionMode:197201955]: WHODAMAGEDWHOWITHGUNS:PLAID AIF-42C5D LRP:3591.9:PLAID AIF-42C5B LRP:3170.3:PLAID AIF-42C5B LRP_2
[BDArmory.BDACompetitionMode:197201955]: WHODAMAGEDWHOWITHGUNS:PLAID AIF-42C5D LRP_1:4329.2:PLAID AIF-42C5B LRP_1:2476.6:PLAID AIF-42C5B LRP_2
[BDArmory.BDACompetitionMode:197201955]: WHODAMAGEDWHOWITHGUNS:PLAID AIF-42C5D LRP_2:1177.8:PLAID AIF-42C5B LRP_2
[BDArmory.BDACompetitionMode:197201955]: WHOHITWHOWITHMISSILES:PLAID AIF-42C5B LRP:2:PLAID AIF-42C5D LRP_1
[BDArmory.BDACompetitionMode:197201955]: WHOHITWHOWITHMISSILES:PLAID AIF-42C5B LRP_1:1:PLAID AIF-42C5B LRP_2
[BDArmory.BDACompetitionMode:197201955]: WHOHITWHOWITHMISSILES:PLAID AIF-42C5D LRP_1:1:PLAID AIF-42C5D LRP_2:2:PLAID AIF-42C5B LRP_2
[BDArmory.BDACompetitionMode:197201955]: WHOPARTSHITWHOWITHMISSILES:PLAID AIF-42C5B LRP:141:PLAID AIF-42C5D LRP_1
[BDArmory.BDACompetitionMode:197201955]: WHOPARTSHITWHOWITHMISSILES:PLAID AIF-42C5B LRP_1:70:PLAID AIF-42C5B LRP_2
[BDArmory.BDACompetitionMode:197201955]: WHOPARTSHITWHOWITHMISSILES:PLAID AIF-42C5D LRP_1:71:PLAID AIF-42C5D LRP_2:76:PLAID AIF-42C5B LRP_2
[BDArmory.BDACompetitionMode:197201955]: WHODAMAGEDWHOWITHMISSILES:PLAID AIF-42C5B LRP:12655.3:PLAID AIF-42C5D LRP_1
[BDArmory.BDACompetitionMode:197201955]: WHODAMAGEDWHOWITHMISSILES:PLAID AIF-42C5D LRP_1:27023.6:PLAID AIF-42C5D LRP_2:28020.7:PLAID AIF-42C5B LRP_2
[BDArmory.BDACompetitionMode:197201955]: WHODAMAGEDWHOWITHBATTLEDAMAGE:PLAID AIF-42C5B LRP_1:4641.5:PLAID AIF-42C5B LRP_2
[BDArmory.BDACompetitionMode:197201955]: WHODAMAGEDWHOWITHBATTLEDAMAGE:PLAID AIF-42C5D LRP:97.4:PLAID AIF-42C5B LRP:30.4:PLAID AIF-42C5B LRP_2
[BDArmory.BDACompetitionMode:197201955]: WHODAMAGEDWHOWITHBATTLEDAMAGE:PLAID AIF-42C5D LRP_1:139.6:PLAID AIF-42C5B LRP_1:49.6:PLAID AIF-42C5B LRP_2
[BDArmory.BDACompetitionMode:197201955]: WHODAMAGEDWHOWITHBATTLEDAMAGE:PLAID AIF-42C5D LRP_2:8477.9:PLAID AIF-42C5D LRP_2:74.9:PLAID AIF-42C5B LRP_2
[BDArmory.BDACompetitionMode:197201955]: GMKILL:PLAID AIF-42C5D LRP_2:GM
[BDArmory.BDACompetitionMode:197201955]: KILLSTEALGUNS:PLAID AIF-42C5D LRP:PLAID AIF-42C5B LRP_2
[BDArmory.BDACompetitionMode:197201955]: KILLSTEALGUNS:PLAID AIF-42C5D LRP_1:PLAID AIF-42C5B LRP_2
[BDArmory.BDACompetitionMode:197201955]: HPLEFT:PLAID AIF-42C5B LRP:76.25
[BDArmory.BDACompetitionMode:197201955]: HPLEFT:PLAID AIF-42C5B LRP_1:85
[BDArmory.BDACompetitionMode:197201955]: HPLEFT:PLAID AIF-42C5B LRP_2:100
[BDArmory.BDACompetitionMode:197201955]: HPLEFT:PLAID AIF-42C5D LRP:0
[BDArmory.BDACompetitionMode:197201955]: HPLEFT:PLAID AIF-42C5D LRP_1:0
[BDArmory.BDACompetitionMode:197201955]: HPLEFT:PLAID AIF-42C5D LRP_2:0
[BDArmory.BDACompetitionMode:197201955]: ACCURACY:PLAID AIF-42C5B LRP:13/87:0/0
[BDArmory.BDACompetitionMode:197201955]: ACCURACY:PLAID AIF-42C5B LRP_1:21/93:0/0
[BDArmory.BDACompetitionMode:197201955]: ACCURACY:PLAID AIF-42C5B LRP_2:29/126:0/0
[BDArmory.BDACompetitionMode:197201955]: ACCURACY:PLAID AIF-42C5D LRP:0/28:0/0
[BDArmory.BDACompetitionMode:197201955]: ACCURACY:PLAID AIF-42C5D LRP_1:0/2:0/0
[BDArmory.BDACompetitionMode:197201955]: ACCURACY:PLAID AIF-42C5D LRP_2:0/0:0/0
