[BDArmory.BDACompetitionMode:197199531]: Dumping Results after 108s (of 0s) at 2026-04-01 09:43:52 -04:00
[BDArmory.BDACompetitionMode:197199531]: RESULT:Win:{"team": "PLAID AIF-42C5D LRP", "members": ["PLAID AIF-42C5D LRP", "PLAID AIF-42C5D LRP_1", "PLAID AIF-42C5D LRP_2"]}
[BDArmory.BDACompetitionMode:197199531]: DEADTEAMS:[{"team": "PLAID AIF-42C5B LRP", "members": ["PLAID AIF-42C5B LRP", "PLAID AIF-42C5B LRP_1", "PLAID AIF-42C5B LRP_2"]}]
[BDArmory.BDACompetitionMode:197199531]: ALIVE:PLAID AIF-42C5D LRP
[BDArmory.BDACompetitionMode:197199531]: ALIVE:PLAID AIF-42C5D LRP_1
[BDArmory.BDACompetitionMode:197199531]: ALIVE:PLAID AIF-42C5D LRP_2
[BDArmory.BDACompetitionMode:197199531]: DEAD:0:80.3:PLAID AIF-42C5B LRP
[BDArmory.BDACompetitionMode:197199531]: DEAD:2:97.0:PLAID AIF-42C5B LRP_1
[BDArmory.BDACompetitionMode:197199531]: DEAD:1:88.4:PLAID AIF-42C5B LRP_2
[BDArmory.BDACompetitionMode:197199531]: WHOSHOTWHOWITHGUNS:PLAID AIF-42C5B LRP_1:21:PLAID AIF-42C5D LRP:7:PLAID AIF-42C5D LRP_1
[BDArmory.BDACompetitionMode:197199531]: WHOSHOTWHOWITHGUNS:PLAID AIF-42C5B LRP_2:1:PLAID AIF-42C5D LRP
[BDArmory.BDACompetitionMode:197199531]: WHOSHOTWHOWITHGUNS:PLAID AIF-42C5D LRP_1:2:PLAID AIF-42C5B LRP_1
[BDArmory.BDACompetitionMode:197199531]: WHODAMAGEDWHOWITHGUNS:PLAID AIF-42C5B LRP_1:5093.9:PLAID AIF-42C5D LRP:1917.0:PLAID AIF-42C5D LRP_1
[BDArmory.BDACompetitionMode:197199531]: WHODAMAGEDWHOWITHGUNS:PLAID AIF-42C5B LRP_2:531.6:PLAID AIF-42C5D LRP
[BDArmory.BDACompetitionMode:197199531]: WHODAMAGEDWHOWITHGUNS:PLAID AIF-42C5D LRP_1:537.4:PLAID AIF-42C5B LRP_1
[BDArmory.BDACompetitionMode:197199531]: WHOHITWHOWITHMISSILES:PLAID AIF-42C5B LRP:1:PLAID AIF-42C5D LRP_1
[BDArmory.BDACompetitionMode:197199531]: WHOHITWHOWITHMISSILES:PLAID AIF-42C5B LRP_2:1:PLAID AIF-42C5D LRP:1:PLAID AIF-42C5D LRP_1
[BDArmory.BDACompetitionMode:197199531]: WHOPARTSHITWHOWITHMISSILES:PLAID AIF-42C5B LRP:70:PLAID AIF-42C5D LRP_1
[BDArmory.BDACompetitionMode:197199531]: WHOPARTSHITWHOWITHMISSILES:PLAID AIF-42C5B LRP_2:74:PLAID AIF-42C5D LRP:42:PLAID AIF-42C5D LRP_1
[BDArmory.BDACompetitionMode:197199531]: WHODAMAGEDWHOWITHMISSILES:PLAID AIF-42C5B LRP:31142.9:PLAID AIF-42C5D LRP_1
[BDArmory.BDACompetitionMode:197199531]: WHODAMAGEDWHOWITHMISSILES:PLAID AIF-42C5B LRP_2:1042.3:PLAID AIF-42C5D LRP:3993.2:PLAID AIF-42C5D LRP_1
[BDArmory.BDACompetitionMode:197199531]: WHODAMAGEDWHOWITHBATTLEDAMAGE:PLAID AIF-42C5B LRP_1:296.4:PLAID AIF-42C5D LRP:169.4:PLAID AIF-42C5D LRP_1
[BDArmory.BDACompetitionMode:197199531]: WHODAMAGEDWHOWITHBATTLEDAMAGE:PLAID AIF-42C5B LRP_2:3.0:PLAID AIF-42C5D LRP:10220.6:PLAID AIF-42C5B LRP_2
[BDArmory.BDACompetitionMode:197199531]: WHODAMAGEDWHOWITHBATTLEDAMAGE:PLAID AIF-42C5D LRP_1:3.1:PLAID AIF-42C5B LRP_1
[BDArmory.BDACompetitionMode:197199531]: GMKILL:PLAID AIF-42C5B LRP:GM
[BDArmory.BDACompetitionMode:197199531]: GMKILL:PLAID AIF-42C5B LRP_2:GM
[BDArmory.BDACompetitionMode:197199531]: KILLSTEALGUNS:PLAID AIF-42C5B LRP_1:PLAID AIF-42C5D LRP
[BDArmory.BDACompetitionMode:197199531]: HPLEFT:PLAID AIF-42C5B LRP:0
[BDArmory.BDACompetitionMode:197199531]: HPLEFT:PLAID AIF-42C5B LRP_1:0
[BDArmory.BDACompetitionMode:197199531]: HPLEFT:PLAID AIF-42C5B LRP_2:0
[BDArmory.BDACompetitionMode:197199531]: HPLEFT:PLAID AIF-42C5D LRP:100
[BDArmory.BDACompetitionMode:197199531]: HPLEFT:PLAID AIF-42C5D LRP_1:96.0526315789474
[BDArmory.BDACompetitionMode:197199531]: HPLEFT:PLAID AIF-42C5D LRP_2:100
[BDArmory.BDACompetitionMode:197199531]: ACCURACY:PLAID AIF-42C5B LRP:0/0:0/0
[BDArmory.BDACompetitionMode:197199531]: ACCURACY:PLAID AIF-42C5B LRP_1:2/38:0/0
[BDArmory.BDACompetitionMode:197199531]: ACCURACY:PLAID AIF-42C5B LRP_2:0/0:0/0
[BDArmory.BDACompetitionMode:197199531]: ACCURACY:PLAID AIF-42C5D LRP:22/93:0/0
[BDArmory.BDACompetitionMode:197199531]: ACCURACY:PLAID AIF-42C5D LRP_1:7/69:0/0
[BDArmory.BDACompetitionMode:197199531]: ACCURACY:PLAID AIF-42C5D LRP_2:0/18:0/0
