[BDArmory.BDACompetitionMode:197200320]: Dumping Results after 126s (of 0s) at 2026-04-01 09:58:00 -04:00
[BDArmory.BDACompetitionMode:197200320]: RESULT:Win:{"team": "PLAID AIF-42C5D LRP", "members": ["PLAID AIF-42C5D LRP", "PLAID AIF-42C5D LRP_1", "PLAID AIF-42C5D LRP_2"]}
[BDArmory.BDACompetitionMode:197200320]: DEADTEAMS:[{"team": "PLAID AIF-42C5B LRP", "members": ["PLAID AIF-42C5B LRP", "PLAID AIF-42C5B LRP_1", "PLAID AIF-42C5B LRP_2"]}]
[BDArmory.BDACompetitionMode:197200320]: ALIVE:PLAID AIF-42C5D LRP
[BDArmory.BDACompetitionMode:197200320]: ALIVE:PLAID AIF-42C5D LRP_1
[BDArmory.BDACompetitionMode:197200320]: DEAD:1:103.0:PLAID AIF-42C5B LRP
[BDArmory.BDACompetitionMode:197200320]: DEAD:3:114.3:PLAID AIF-42C5B LRP_1
[BDArmory.BDACompetitionMode:197200320]: DEAD:0:85.2:PLAID AIF-42C5B LRP_2
[BDArmory.BDACompetitionMode:197200320]: DEAD:2:110.6:PLAID AIF-42C5D LRP_2
[BDArmory.BDACompetitionMode:197200320]: WHOSHOTWHOWITHGUNS:PLAID AIF-42C5B LRP:11:PLAID AIF-42C5D LRP_1
[BDArmory.BDACompetitionMode:197200320]: WHOSHOTWHOWITHGUNS:PLAID AIF-42C5B LRP_1:7:PLAID AIF-42C5D LRP_1:2:PLAID AIF-42C5D LRP
[BDArmory.BDACompetitionMode:197200320]: WHOSHOTWHOWITHGUNS:PLAID AIF-42C5B LRP_2:6:PLAID AIF-42C5D LRP
[BDArmory.BDACompetitionMode:197200320]: WHOSHOTWHOWITHGUNS:PLAID AIF-42C5D LRP_2:22:PLAID AIF-42C5B LRP
[BDArmory.BDACompetitionMode:197200320]: WHODAMAGEDWHOWITHGUNS:PLAID AIF-42C5B LRP:2987.7:PLAID AIF-42C5D LRP_1
[BDArmory.BDACompetitionMode:197200320]: WHODAMAGEDWHOWITHGUNS:PLAID AIF-42C5B LRP_1:1653.8:PLAID AIF-42C5D LRP_1:460.9:PLAID AIF-42C5D LRP
[BDArmory.BDACompetitionMode:197200320]: WHODAMAGEDWHOWITHGUNS:PLAID AIF-42C5B LRP_2:2294.8:PLAID AIF-42C5D LRP
[BDArmory.BDACompetitionMode:197200320]: WHODAMAGEDWHOWITHGUNS:PLAID AIF-42C5D LRP_2:4371.4:PLAID AIF-42C5B LRP
[BDArmory.BDACompetitionMode:197200320]: WHOHITWHOWITHMISSILES:PLAID AIF-42C5B LRP:1:PLAID AIF-42C5D LRP
[BDArmory.BDACompetitionMode:197200320]: WHOHITWHOWITHMISSILES:PLAID AIF-42C5B LRP_1:1:PLAID AIF-42C5D LRP
[BDArmory.BDACompetitionMode:197200320]: WHOHITWHOWITHMISSILES:PLAID AIF-42C5D LRP_1:2:PLAID AIF-42C5B LRP_1
[BDArmory.BDACompetitionMode:197200320]: WHOHITWHOWITHMISSILES:PLAID AIF-42C5D LRP_2:1:PLAID AIF-42C5B LRP
[BDArmory.BDACompetitionMode:197200320]: WHOPARTSHITWHOWITHMISSILES:PLAID AIF-42C5B LRP:4:PLAID AIF-42C5D LRP
[BDArmory.BDACompetitionMode:197200320]: WHOPARTSHITWHOWITHMISSILES:PLAID AIF-42C5B LRP_1:68:PLAID AIF-42C5D LRP
[BDArmory.BDACompetitionMode:197200320]: WHOPARTSHITWHOWITHMISSILES:PLAID AIF-42C5D LRP_1:138:PLAID AIF-42C5B LRP_1
[BDArmory.BDACompetitionMode:197200320]: WHOPARTSHITWHOWITHMISSILES:PLAID AIF-42C5D LRP_2:70:PLAID AIF-42C5B LRP
[BDArmory.BDACompetitionMode:197200320]: WHODAMAGEDWHOWITHMISSILES:PLAID AIF-42C5B LRP:340.9:PLAID AIF-42C5D LRP
[BDArmory.BDACompetitionMode:197200320]: WHODAMAGEDWHOWITHMISSILES:PLAID AIF-42C5B LRP_1:36208.2:PLAID AIF-42C5D LRP
[BDArmory.BDACompetitionMode:197200320]: WHODAMAGEDWHOWITHMISSILES:PLAID AIF-42C5D LRP_1:40759.0:PLAID AIF-42C5B LRP_1
[BDArmory.BDACompetitionMode:197200320]: WHODAMAGEDWHOWITHMISSILES:PLAID AIF-42C5D LRP_2:2425.9:PLAID AIF-42C5B LRP
[BDArmory.BDACompetitionMode:197200320]: WHODAMAGEDWHOWITHBATTLEDAMAGE:PLAID AIF-42C5B LRP:28796.9:PLAID AIF-42C5D LRP_1:11823.1:PLAID AIF-42C5B LRP
[BDArmory.BDACompetitionMode:197200320]: WHODAMAGEDWHOWITHBATTLEDAMAGE:PLAID AIF-42C5B LRP_2:209.8:PLAID AIF-42C5D LRP:9807.0:PLAID AIF-42C5B LRP_2
[BDArmory.BDACompetitionMode:197200320]: WHODAMAGEDWHOWITHBATTLEDAMAGE:PLAID AIF-42C5D LRP_2:472.7:PLAID AIF-42C5B LRP:10834.2:PLAID AIF-42C5D LRP_2:1.5:PLAID AIF-42C5D LRP_1
[BDArmory.BDACompetitionMode:197200320]: GMKILL:PLAID AIF-42C5B LRP_1:GM
[BDArmory.BDACompetitionMode:197200320]: GMKILL:PLAID AIF-42C5B LRP_2:GM
[BDArmory.BDACompetitionMode:197200320]: GMKILL:PLAID AIF-42C5D LRP_2:GM
[BDArmory.BDACompetitionMode:197200320]: HEADSHOTMISSILES:PLAID AIF-42C5B LRP:PLAID AIF-42C5D LRP
[BDArmory.BDACompetitionMode:197200320]: HPLEFT:PLAID AIF-42C5B LRP:0
[BDArmory.BDACompetitionMode:197200320]: HPLEFT:PLAID AIF-42C5B LRP_1:0
[BDArmory.BDACompetitionMode:197200320]: HPLEFT:PLAID AIF-42C5B LRP_2:0
[BDArmory.BDACompetitionMode:197200320]: HPLEFT:PLAID AIF-42C5D LRP:100
[BDArmory.BDACompetitionMode:197200320]: HPLEFT:PLAID AIF-42C5D LRP_1:78.9473684210526
[BDArmory.BDACompetitionMode:197200320]: HPLEFT:PLAID AIF-42C5D LRP_2:0
[BDArmory.BDACompetitionMode:197200320]: ACCURACY:PLAID AIF-42C5B LRP:22/76:0/0
[BDArmory.BDACompetitionMode:197200320]: ACCURACY:PLAID AIF-42C5B LRP_1:0/0:0/0
[BDArmory.BDACompetitionMode:197200320]: ACCURACY:PLAID AIF-42C5B LRP_2:0/0:0/0
[BDArmory.BDACompetitionMode:197200320]: ACCURACY:PLAID AIF-42C5D LRP:8/33:0/0
[BDArmory.BDACompetitionMode:197200320]: ACCURACY:PLAID AIF-42C5D LRP_1:18/93:0/0
[BDArmory.BDACompetitionMode:197200320]: ACCURACY:PLAID AIF-42C5D LRP_2:0/66:0/0
