[BDArmory.BDACompetitionMode:197197592]: Dumping Results after 119s (of 0s) at 2026-04-01 09:12:07 -04:00
[BDArmory.BDACompetitionMode:197197592]: RESULT:Win:{"team": "PLAID AIF-42C5B LRP", "members": ["PLAID AIF-42C5B LRP", "PLAID AIF-42C5B LRP_1", "PLAID AIF-42C5B LRP_2"]}
[BDArmory.BDACompetitionMode:197197592]: DEADTEAMS:[{"team": "PLAID AIF-42C5D LRP", "members": ["PLAID AIF-42C5D LRP", "PLAID AIF-42C5D LRP_1", "PLAID AIF-42C5D LRP_2"]}]
[BDArmory.BDACompetitionMode:197197592]: ALIVE:PLAID AIF-42C5B LRP
[BDArmory.BDACompetitionMode:197197592]: ALIVE:PLAID AIF-42C5B LRP_1
[BDArmory.BDACompetitionMode:197197592]: ALIVE:PLAID AIF-42C5B LRP_2
[BDArmory.BDACompetitionMode:197197592]: DEAD:2:108.0:PLAID AIF-42C5D LRP
[BDArmory.BDACompetitionMode:197197592]: DEAD:1:106.0:PLAID AIF-42C5D LRP_1
[BDArmory.BDACompetitionMode:197197592]: DEAD:0:101.0:PLAID AIF-42C5D LRP_2
[BDArmory.BDACompetitionMode:197197592]: WHOSHOTWHOWITHGUNS:PLAID AIF-42C5B LRP:2:PLAID AIF-42C5D LRP_1
[BDArmory.BDACompetitionMode:197197592]: WHOSHOTWHOWITHGUNS:PLAID AIF-42C5B LRP_2:3:PLAID AIF-42C5D LRP
[BDArmory.BDACompetitionMode:197197592]: WHOSHOTWHOWITHGUNS:PLAID AIF-42C5D LRP:2:PLAID AIF-42C5B LRP:3:PLAID AIF-42C5B LRP_1:7:PLAID AIF-42C5B LRP_2
[BDArmory.BDACompetitionMode:197197592]: WHOSHOTWHOWITHGUNS:PLAID AIF-42C5D LRP_1:12:PLAID AIF-42C5B LRP_1
[BDArmory.BDACompetitionMode:197197592]: WHOSHOTWHOWITHGUNS:PLAID AIF-42C5D LRP_2:8:PLAID AIF-42C5B LRP
[BDArmory.BDACompetitionMode:197197592]: WHODAMAGEDWHOWITHGUNS:PLAID AIF-42C5B LRP:1351.0:PLAID AIF-42C5D LRP_1
[BDArmory.BDACompetitionMode:197197592]: WHODAMAGEDWHOWITHGUNS:PLAID AIF-42C5B LRP_2:780.1:PLAID AIF-42C5D LRP
[BDArmory.BDACompetitionMode:197197592]: WHODAMAGEDWHOWITHGUNS:PLAID AIF-42C5D LRP:565.1:PLAID AIF-42C5B LRP:651.7:PLAID AIF-42C5B LRP_1:1334.1:PLAID AIF-42C5B LRP_2
[BDArmory.BDACompetitionMode:197197592]: WHODAMAGEDWHOWITHGUNS:PLAID AIF-42C5D LRP_1:2357.6:PLAID AIF-42C5B LRP_1
[BDArmory.BDACompetitionMode:197197592]: WHODAMAGEDWHOWITHGUNS:PLAID AIF-42C5D LRP_2:3017.0:PLAID AIF-42C5B LRP
[BDArmory.BDACompetitionMode:197197592]: WHOHITWHOWITHMISSILES:PLAID AIF-42C5B LRP_1:1:PLAID AIF-42C5D LRP_2
[BDArmory.BDACompetitionMode:197197592]: WHOHITWHOWITHMISSILES:PLAID AIF-42C5D LRP:1:PLAID AIF-42C5B LRP:1:PLAID AIF-42C5B LRP_1
[BDArmory.BDACompetitionMode:197197592]: WHOHITWHOWITHMISSILES:PLAID AIF-42C5D LRP_2:1:PLAID AIF-42C5B LRP_2
[BDArmory.BDACompetitionMode:197197592]: WHOPARTSHITWHOWITHMISSILES:PLAID AIF-42C5B LRP_1:72:PLAID AIF-42C5D LRP_2
[BDArmory.BDACompetitionMode:197197592]: WHOPARTSHITWHOWITHMISSILES:PLAID AIF-42C5D LRP:54:PLAID AIF-42C5B LRP:35:PLAID AIF-42C5B LRP_1
[BDArmory.BDACompetitionMode:197197592]: WHOPARTSHITWHOWITHMISSILES:PLAID AIF-42C5D LRP_2:71:PLAID AIF-42C5B LRP_2
[BDArmory.BDACompetitionMode:197197592]: WHODAMAGEDWHOWITHMISSILES:PLAID AIF-42C5D LRP:46397.9:PLAID AIF-42C5B LRP:38044.6:PLAID AIF-42C5B LRP_1
[BDArmory.BDACompetitionMode:197197592]: WHODAMAGEDWHOWITHMISSILES:PLAID AIF-42C5D LRP_2:8993.4:PLAID AIF-42C5B LRP_2
[BDArmory.BDACompetitionMode:197197592]: WHODAMAGEDWHOWITHBATTLEDAMAGE:PLAID AIF-42C5B LRP:50.1:PLAID AIF-42C5D LRP_1
[BDArmory.BDACompetitionMode:197197592]: WHODAMAGEDWHOWITHBATTLEDAMAGE:PLAID AIF-42C5B LRP_2:79.3:PLAID AIF-42C5D LRP
[BDArmory.BDACompetitionMode:197197592]: WHODAMAGEDWHOWITHBATTLEDAMAGE:PLAID AIF-42C5D LRP_1:98.6:PLAID AIF-42C5B LRP_1:8000.4:PLAID AIF-42C5D LRP_1
[BDArmory.BDACompetitionMode:197197592]: WHODAMAGEDWHOWITHBATTLEDAMAGE:PLAID AIF-42C5D LRP_2:50.1:PLAID AIF-42C5B LRP_2
[BDArmory.BDACompetitionMode:197197592]: GMKILL:PLAID AIF-42C5D LRP_1:GM
[BDArmory.BDACompetitionMode:197197592]: KILLSTEALGUNS:PLAID AIF-42C5D LRP:PLAID AIF-42C5B LRP_2
[BDArmory.BDACompetitionMode:197197592]: HEADSHOTGUNS:PLAID AIF-42C5D LRP_2:PLAID AIF-42C5B LRP
[BDArmory.BDACompetitionMode:197197592]: HPLEFT:PLAID AIF-42C5B LRP:98.75
[BDArmory.BDACompetitionMode:197197592]: HPLEFT:PLAID AIF-42C5B LRP_1:100
[BDArmory.BDACompetitionMode:197197592]: HPLEFT:PLAID AIF-42C5B LRP_2:98.75
[BDArmory.BDACompetitionMode:197197592]: HPLEFT:PLAID AIF-42C5D LRP:0
[BDArmory.BDACompetitionMode:197197592]: HPLEFT:PLAID AIF-42C5D LRP_1:0
[BDArmory.BDACompetitionMode:197197592]: HPLEFT:PLAID AIF-42C5D LRP_2:0
[BDArmory.BDACompetitionMode:197197592]: ACCURACY:PLAID AIF-42C5B LRP:10/85:0/0
[BDArmory.BDACompetitionMode:197197592]: ACCURACY:PLAID AIF-42C5B LRP_1:15/158:0/0
[BDArmory.BDACompetitionMode:197197592]: ACCURACY:PLAID AIF-42C5B LRP_2:7/24:0/0
[BDArmory.BDACompetitionMode:197197592]: ACCURACY:PLAID AIF-42C5D LRP:3/31:0/0
[BDArmory.BDACompetitionMode:197197592]: ACCURACY:PLAID AIF-42C5D LRP_1:2/4:0/0
[BDArmory.BDACompetitionMode:197197592]: ACCURACY:PLAID AIF-42C5D LRP_2:0/22:0/0
