[BDArmory.BDACompetitionMode:197178405]: Dumping Results after 146s (of 0s) at 2026-04-01 03:48:20 -04:00
[BDArmory.BDACompetitionMode:197178405]: RESULT:Win:{"team": "PLAID AIF-42C5B LRP", "members": ["PLAID AIF-42C5B LRP", "PLAID AIF-42C5B LRP_1", "PLAID AIF-42C5B LRP_2"]}
[BDArmory.BDACompetitionMode:197178405]: DEADTEAMS:[{"team": "KJ-56M10_16 Tiger Heron", "members": ["KJ-56M10.16 Tiger Heron", "KJ-56M10.16 Tiger Heron_1", "KJ-56M10.16 Tiger Heron_2"]}]
[BDArmory.BDACompetitionMode:197178405]: ALIVE:PLAID AIF-42C5B LRP_1
[BDArmory.BDACompetitionMode:197178405]: DEAD:3:117.0:KJ-56M10.16 Tiger Heron
[BDArmory.BDACompetitionMode:197178405]: DEAD:4:134.0:KJ-56M10.16 Tiger Heron_1
[BDArmory.BDACompetitionMode:197178405]: DEAD:0:94.0:KJ-56M10.16 Tiger Heron_2
[BDArmory.BDACompetitionMode:197178405]: DEAD:2:116.0:PLAID AIF-42C5B LRP
[BDArmory.BDACompetitionMode:197178405]: DEAD:1:97.0:PLAID AIF-42C5B LRP_2
[BDArmory.BDACompetitionMode:197178405]: WHOSHOTWHOWITHGUNS:KJ-56M10.16 Tiger Heron:18:PLAID AIF-42C5B LRP_1
[BDArmory.BDACompetitionMode:197178405]: WHOSHOTWHOWITHGUNS:KJ-56M10.16 Tiger Heron_1:2:PLAID AIF-42C5B LRP:1:PLAID AIF-42C5B LRP_1
[BDArmory.BDACompetitionMode:197178405]: WHOSHOTWHOWITHGUNS:PLAID AIF-42C5B LRP:18:KJ-56M10.16 Tiger Heron
[BDArmory.BDACompetitionMode:197178405]: WHOSHOTWHOWITHGUNS:PLAID AIF-42C5B LRP_2:22:KJ-56M10.16 Tiger Heron
[BDArmory.BDACompetitionMode:197178405]: WHODAMAGEDWHOWITHGUNS:KJ-56M10.16 Tiger Heron:5149.0:PLAID AIF-42C5B LRP_1
[BDArmory.BDACompetitionMode:197178405]: WHODAMAGEDWHOWITHGUNS:KJ-56M10.16 Tiger Heron_1:553.2:PLAID AIF-42C5B LRP:294.2:PLAID AIF-42C5B LRP_1
[BDArmory.BDACompetitionMode:197178405]: WHODAMAGEDWHOWITHGUNS:PLAID AIF-42C5B LRP:4364.4:KJ-56M10.16 Tiger Heron
[BDArmory.BDACompetitionMode:197178405]: WHODAMAGEDWHOWITHGUNS:PLAID AIF-42C5B LRP_2:5863.4:KJ-56M10.16 Tiger Heron
[BDArmory.BDACompetitionMode:197178405]: WHOHITWHOWITHMISSILES:KJ-56M10.16 Tiger Heron_1:1:PLAID AIF-42C5B LRP_2:1:PLAID AIF-42C5B LRP:1:PLAID AIF-42C5B LRP_1
[BDArmory.BDACompetitionMode:197178405]: WHOHITWHOWITHMISSILES:KJ-56M10.16 Tiger Heron_2:1:PLAID AIF-42C5B LRP
[BDArmory.BDACompetitionMode:197178405]: WHOHITWHOWITHMISSILES:PLAID AIF-42C5B LRP_2:1:KJ-56M10.16 Tiger Heron
[BDArmory.BDACompetitionMode:197178405]: WHOPARTSHITWHOWITHMISSILES:KJ-56M10.16 Tiger Heron_1:60:PLAID AIF-42C5B LRP_2:44:PLAID AIF-42C5B LRP:3:PLAID AIF-42C5B LRP_1
[BDArmory.BDACompetitionMode:197178405]: WHOPARTSHITWHOWITHMISSILES:KJ-56M10.16 Tiger Heron_2:55:PLAID AIF-42C5B LRP
[BDArmory.BDACompetitionMode:197178405]: WHOPARTSHITWHOWITHMISSILES:PLAID AIF-42C5B LRP_2:71:KJ-56M10.16 Tiger Heron
[BDArmory.BDACompetitionMode:197178405]: WHODAMAGEDWHOWITHMISSILES:KJ-56M10.16 Tiger Heron_1:9282.8:PLAID AIF-42C5B LRP_2:16251.6:PLAID AIF-42C5B LRP:829.9:PLAID AIF-42C5B LRP_1
[BDArmory.BDACompetitionMode:197178405]: WHODAMAGEDWHOWITHMISSILES:KJ-56M10.16 Tiger Heron_2:22174.8:PLAID AIF-42C5B LRP
[BDArmory.BDACompetitionMode:197178405]: WHODAMAGEDWHOWITHMISSILES:PLAID AIF-42C5B LRP_2:4533.7:KJ-56M10.16 Tiger Heron
[BDArmory.BDACompetitionMode:197178405]: WHODAMAGEDWHOWITHBATTLEDAMAGE:KJ-56M10.16 Tiger Heron:1551.2:PLAID AIF-42C5B LRP_1:17.8:KJ-56M10.16 Tiger Heron:22.6:PLAID AIF-42C5B LRP
[BDArmory.BDACompetitionMode:197178405]: WHODAMAGEDWHOWITHBATTLEDAMAGE:KJ-56M10.16 Tiger Heron_1:50.1:PLAID AIF-42C5B LRP
[BDArmory.BDACompetitionMode:197178405]: WHODAMAGEDWHOWITHBATTLEDAMAGE:PLAID AIF-42C5B LRP:242.5:KJ-56M10.16 Tiger Heron:9370.0:PLAID AIF-42C5B LRP
[BDArmory.BDACompetitionMode:197178405]: WHODAMAGEDWHOWITHBATTLEDAMAGE:PLAID AIF-42C5B LRP_1:6.9:PLAID AIF-42C5B LRP_1
[BDArmory.BDACompetitionMode:197178405]: WHODAMAGEDWHOWITHBATTLEDAMAGE:PLAID AIF-42C5B LRP_2:14.2:KJ-56M10.16 Tiger Heron:29142.4:PLAID AIF-42C5B LRP_2
[BDArmory.BDACompetitionMode:197178405]: GMKILL:KJ-56M10.16 Tiger Heron_1:LandedTooLong
[BDArmory.BDACompetitionMode:197178405]: CLEANKILLMISSILES:KJ-56M10.16 Tiger Heron_2:PLAID AIF-42C5B LRP
[BDArmory.BDACompetitionMode:197178405]: CLEANKILLGUNS:PLAID AIF-42C5B LRP_2:KJ-56M10.16 Tiger Heron
[BDArmory.BDACompetitionMode:197178405]: HPLEFT:KJ-56M10.16 Tiger Heron:0
[BDArmory.BDACompetitionMode:197178405]: HPLEFT:KJ-56M10.16 Tiger Heron_1:0
[BDArmory.BDACompetitionMode:197178405]: HPLEFT:KJ-56M10.16 Tiger Heron_2:0
[BDArmory.BDACompetitionMode:197178405]: HPLEFT:PLAID AIF-42C5B LRP:0
[BDArmory.BDACompetitionMode:197178405]: HPLEFT:PLAID AIF-42C5B LRP_1:100
[BDArmory.BDACompetitionMode:197178405]: HPLEFT:PLAID AIF-42C5B LRP_2:0
[BDArmory.BDACompetitionMode:197178405]: ACCURACY:KJ-56M10.16 Tiger Heron:40/133:0/0
[BDArmory.BDACompetitionMode:197178405]: ACCURACY:KJ-56M10.16 Tiger Heron_1:0/0:0/0
[BDArmory.BDACompetitionMode:197178405]: ACCURACY:KJ-56M10.16 Tiger Heron_2:0/0:0/0
[BDArmory.BDACompetitionMode:197178405]: ACCURACY:PLAID AIF-42C5B LRP:2/59:0/0
[BDArmory.BDACompetitionMode:197178405]: ACCURACY:PLAID AIF-42C5B LRP_1:19/126:0/0
[BDArmory.BDACompetitionMode:197178405]: ACCURACY:PLAID AIF-42C5B LRP_2:0/5:0/0
