[BDArmory.BDACompetitionMode:197169185]: Dumping Results after -77s (of 0s) at 2026-04-01 01:15:14 -04:00
[BDArmory.BDACompetitionMode:197169185]: RESULT:Draw:[{"team": "F-42H-20 Corsair NF PLAID", "members": ["F-42H-20 Corsair NF PLAID", "F-42H-20 Corsair NF PLAID_1", "F-42H-20 Corsair NF PLAID_2"]}, {"team": "F-42H-20 Corsair NF", "members": ["F-42H-20 Corsair NF", "F-42H-20 Corsair NF_1", "F-42H-20 Corsair NF_2"]}]
[BDArmory.BDACompetitionMode:197169185]: DEADTEAMS:[]
[BDArmory.BDACompetitionMode:197169185]: ALIVE:F-42H-20 Corsair NF
[BDArmory.BDACompetitionMode:197169185]: DEAD:0:101.1:F-42H-20 Corsair NF PLAID
[BDArmory.BDACompetitionMode:197169185]: MIA:F-42H-20 Corsair NF PLAID_1
[BDArmory.BDACompetitionMode:197169185]: MIA:F-42H-20 Corsair NF PLAID_2
[BDArmory.BDACompetitionMode:197169185]: DEAD:1:101.1:F-42H-20 Corsair NF_1
[BDArmory.BDACompetitionMode:197169185]: MIA:F-42H-20 Corsair NF_2
[BDArmory.BDACompetitionMode:197169185]: WHOSHOTWHOWITHGUNS:F-42H-20 Corsair NF PLAID:14:F-42H-20 Corsair NF_1
[BDArmory.BDACompetitionMode:197169185]: WHOSHOTWHOWITHGUNS:F-42H-20 Corsair NF PLAID_2:8:F-42H-20 Corsair NF
[BDArmory.BDACompetitionMode:197169185]: WHOSHOTWHOWITHGUNS:F-42H-20 Corsair NF_1:7:F-42H-20 Corsair NF PLAID
[BDArmory.BDACompetitionMode:197169185]: WHODAMAGEDWHOWITHGUNS:F-42H-20 Corsair NF PLAID:4418.3:F-42H-20 Corsair NF_1
[BDArmory.BDACompetitionMode:197169185]: WHODAMAGEDWHOWITHGUNS:F-42H-20 Corsair NF PLAID_2:2102.7:F-42H-20 Corsair NF
[BDArmory.BDACompetitionMode:197169185]: WHODAMAGEDWHOWITHGUNS:F-42H-20 Corsair NF_1:2215.6:F-42H-20 Corsair NF PLAID
[BDArmory.BDACompetitionMode:197169185]: WHOHITWHOWITHMISSILES:F-42H-20 Corsair NF PLAID_1:1:F-42H-20 Corsair NF_2
[BDArmory.BDACompetitionMode:197169185]: WHOHITWHOWITHMISSILES:F-42H-20 Corsair NF PLAID_2:1:F-42H-20 Corsair NF_1
[BDArmory.BDACompetitionMode:197169185]: WHOHITWHOWITHMISSILES:F-42H-20 Corsair NF_2:1:F-42H-20 Corsair NF PLAID_2
[BDArmory.BDACompetitionMode:197169185]: WHOPARTSHITWHOWITHMISSILES:F-42H-20 Corsair NF PLAID_1:107:F-42H-20 Corsair NF_2
[BDArmory.BDACompetitionMode:197169185]: WHOPARTSHITWHOWITHMISSILES:F-42H-20 Corsair NF PLAID_2:89:F-42H-20 Corsair NF_1
[BDArmory.BDACompetitionMode:197169185]: WHOPARTSHITWHOWITHMISSILES:F-42H-20 Corsair NF_2:88:F-42H-20 Corsair NF PLAID_2
[BDArmory.BDACompetitionMode:197169185]: WHODAMAGEDWHOWITHMISSILES:F-42H-20 Corsair NF PLAID_1:22760.9:F-42H-20 Corsair NF_2
[BDArmory.BDACompetitionMode:197169185]: WHODAMAGEDWHOWITHMISSILES:F-42H-20 Corsair NF PLAID_2:17138.8:F-42H-20 Corsair NF_1
[BDArmory.BDACompetitionMode:197169185]: WHODAMAGEDWHOWITHMISSILES:F-42H-20 Corsair NF_2:22203.1:F-42H-20 Corsair NF PLAID_2
[BDArmory.BDACompetitionMode:197169185]: WHORAMMEDWHO:F-42H-20 Corsair NF PLAID:114:F-42H-20 Corsair NF_1
[BDArmory.BDACompetitionMode:197169185]: WHORAMMEDWHO:F-42H-20 Corsair NF_1:140:F-42H-20 Corsair NF PLAID
[BDArmory.BDACompetitionMode:197169185]: WHODAMAGEDWHOWITHBATTLEDAMAGE:F-42H-20 Corsair NF PLAID:151.1:F-42H-20 Corsair NF_1
[BDArmory.BDACompetitionMode:197169185]: WHODAMAGEDWHOWITHBATTLEDAMAGE:F-42H-20 Corsair NF PLAID_1:0.1:F-42H-20 Corsair NF_2
[BDArmory.BDACompetitionMode:197169185]: WHODAMAGEDWHOWITHBATTLEDAMAGE:F-42H-20 Corsair NF PLAID_2:195.7:F-42H-20 Corsair NF:328.9:F-42H-20 Corsair NF PLAID_2
[BDArmory.BDACompetitionMode:197169185]: WHODAMAGEDWHOWITHBATTLEDAMAGE:F-42H-20 Corsair NF_1:14.0:F-42H-20 Corsair NF PLAID
[BDArmory.BDACompetitionMode:197169185]: CLEANKILLRAMMING:F-42H-20 Corsair NF PLAID:F-42H-20 Corsair NF_1
[BDArmory.BDACompetitionMode:197169185]: CLEANKILLRAMMING:F-42H-20 Corsair NF_1:F-42H-20 Corsair NF PLAID
[BDArmory.BDACompetitionMode:197169185]: HPLEFT:F-42H-20 Corsair NF PLAID:0
[BDArmory.BDACompetitionMode:197169185]: HPLEFT:F-42H-20 Corsair NF PLAID_1:0
[BDArmory.BDACompetitionMode:197169185]: HPLEFT:F-42H-20 Corsair NF PLAID_2:13.3333333333333
[BDArmory.BDACompetitionMode:197169185]: HPLEFT:F-42H-20 Corsair NF:100
[BDArmory.BDACompetitionMode:197169185]: HPLEFT:F-42H-20 Corsair NF_1:0
[BDArmory.BDACompetitionMode:197169185]: HPLEFT:F-42H-20 Corsair NF_2:0
[BDArmory.BDACompetitionMode:197169185]: ACCURACY:F-42H-20 Corsair NF PLAID:7/106:0/0
[BDArmory.BDACompetitionMode:197169185]: ACCURACY:F-42H-20 Corsair NF PLAID_1:0/0:0/0
[BDArmory.BDACompetitionMode:197169185]: ACCURACY:F-42H-20 Corsair NF PLAID_2:0/0:0/0
[BDArmory.BDACompetitionMode:197169185]: ACCURACY:F-42H-20 Corsair NF:8/50:0/0
[BDArmory.BDACompetitionMode:197169185]: ACCURACY:F-42H-20 Corsair NF_1:14/65:0/0
[BDArmory.BDACompetitionMode:197169185]: ACCURACY:F-42H-20 Corsair NF_2:0/0:0/0
