[BDArmory.BDACompetitionMode:199417727]: Dumping Results after 130s (of 0s) at 2026-04-27 01:52:40 -04:00
[BDArmory.BDACompetitionMode:199417727]: RESULT:Win:{"team": "AIF-38", "members": ["AIF-38", "AIF-38_1", "AIF-38_2"]}
[BDArmory.BDACompetitionMode:199417727]: DEADTEAMS:[{"team": "K-60 _Caraxes_ NWO 6", "members": ["K-60 \"Caraxes\" NWO 6", "K-60 \"Caraxes\" NWO 6_1", "K-60 \"Caraxes\" NWO 6_2"]}]
[BDArmory.BDACompetitionMode:199417727]: ALIVE:AIF-38_2
[BDArmory.BDACompetitionMode:199417727]: DEAD:2:120.0:K-60 "Caraxes" NWO 6
[BDArmory.BDACompetitionMode:199417727]: DEAD:1:99.0:K-60 "Caraxes" NWO 6_1
[BDArmory.BDACompetitionMode:199417727]: DEAD:0:87.0:K-60 "Caraxes" NWO 6_2
[BDArmory.BDACompetitionMode:199417727]: MIA:AIF-38
[BDArmory.BDACompetitionMode:199417727]: MIA:AIF-38_1
[BDArmory.BDACompetitionMode:199417727]: WHOSHOTWHOWITHGUNS:K-60 "Caraxes" NWO 6:30:AIF-38_2
[BDArmory.BDACompetitionMode:199417727]: WHOSHOTWHOWITHGUNS:K-60 "Caraxes" NWO 6_1:14:AIF-38_1
[BDArmory.BDACompetitionMode:199417727]: WHOSHOTWHOWITHGUNS:K-60 "Caraxes" NWO 6_2:7:AIF-38_2
[BDArmory.BDACompetitionMode:199417727]: WHOSHOTWHOWITHGUNS:AIF-38:26:K-60 "Caraxes" NWO 6
[BDArmory.BDACompetitionMode:199417727]: WHOSHOTWHOWITHGUNS:AIF-38_2:2:K-60 "Caraxes" NWO 6
[BDArmory.BDACompetitionMode:199417727]: WHODAMAGEDWHOWITHGUNS:K-60 "Caraxes" NWO 6:10149.8:AIF-38_2
[BDArmory.BDACompetitionMode:199417727]: WHODAMAGEDWHOWITHGUNS:K-60 "Caraxes" NWO 6_1:5621.6:AIF-38_1
[BDArmory.BDACompetitionMode:199417727]: WHODAMAGEDWHOWITHGUNS:K-60 "Caraxes" NWO 6_2:2134.9:AIF-38_2
[BDArmory.BDACompetitionMode:199417727]: WHODAMAGEDWHOWITHGUNS:AIF-38:3811.3:K-60 "Caraxes" NWO 6
[BDArmory.BDACompetitionMode:199417727]: WHODAMAGEDWHOWITHGUNS:AIF-38_2:332.1:K-60 "Caraxes" NWO 6
[BDArmory.BDACompetitionMode:199417727]: WHOHITWHOWITHMISSILES:K-60 "Caraxes" NWO 6:2:AIF-38_2:1:AIF-38
[BDArmory.BDACompetitionMode:199417727]: WHOHITWHOWITHMISSILES:K-60 "Caraxes" NWO 6_2:3:AIF-38:1:AIF-38_2:1:AIF-38_1
[BDArmory.BDACompetitionMode:199417727]: WHOHITWHOWITHMISSILES:AIF-38_1:1:K-60 "Caraxes" NWO 6_1
[BDArmory.BDACompetitionMode:199417727]: WHOPARTSHITWHOWITHMISSILES:K-60 "Caraxes" NWO 6:147:AIF-38_2:81:AIF-38
[BDArmory.BDACompetitionMode:199417727]: WHOPARTSHITWHOWITHMISSILES:K-60 "Caraxes" NWO 6_2:192:AIF-38:71:AIF-38_2:67:AIF-38_1
[BDArmory.BDACompetitionMode:199417727]: WHOPARTSHITWHOWITHMISSILES:AIF-38_1:98:K-60 "Caraxes" NWO 6_1
[BDArmory.BDACompetitionMode:199417727]: WHODAMAGEDWHOWITHMISSILES:K-60 "Caraxes" NWO 6:6177.1:AIF-38_2
[BDArmory.BDACompetitionMode:199417727]: WHODAMAGEDWHOWITHMISSILES:K-60 "Caraxes" NWO 6_2:36262.6:AIF-38:42381.4:AIF-38_2:7979.5:AIF-38_1
[BDArmory.BDACompetitionMode:199417727]: WHODAMAGEDWHOWITHMISSILES:AIF-38_1:3739.5:K-60 "Caraxes" NWO 6_1
[BDArmory.BDACompetitionMode:199417727]: WHODAMAGEDWHOWITHBATTLEDAMAGE:K-60 "Caraxes" NWO 6:135.2:AIF-38_2:19781.7:K-60 "Caraxes" NWO 6
[BDArmory.BDACompetitionMode:199417727]: WHODAMAGEDWHOWITHBATTLEDAMAGE:K-60 "Caraxes" NWO 6_1:400.7:AIF-38_1
[BDArmory.BDACompetitionMode:199417727]: WHODAMAGEDWHOWITHBATTLEDAMAGE:K-60 "Caraxes" NWO 6_2:50.1:AIF-38_2
[BDArmory.BDACompetitionMode:199417727]: WHODAMAGEDWHOWITHBATTLEDAMAGE:AIF-38:57.8:K-60 "Caraxes" NWO 6
[BDArmory.BDACompetitionMode:199417727]: HEADSHOTGUNS:K-60 "Caraxes" NWO 6:AIF-38_2
[BDArmory.BDACompetitionMode:199417727]: HPLEFT:K-60 "Caraxes" NWO 6:0
[BDArmory.BDACompetitionMode:199417727]: HPLEFT:K-60 "Caraxes" NWO 6_1:0
[BDArmory.BDACompetitionMode:199417727]: HPLEFT:K-60 "Caraxes" NWO 6_2:0
[BDArmory.BDACompetitionMode:199417727]: HPLEFT:AIF-38:22.7722772277228
[BDArmory.BDACompetitionMode:199417727]: HPLEFT:AIF-38_1:24.7524752475248
[BDArmory.BDACompetitionMode:199417727]: HPLEFT:AIF-38_2:100
[BDArmory.BDACompetitionMode:199417727]: ACCURACY:K-60 "Caraxes" NWO 6:28/319:0/0
[BDArmory.BDACompetitionMode:199417727]: ACCURACY:K-60 "Caraxes" NWO 6_1:0/0:0/0
[BDArmory.BDACompetitionMode:199417727]: ACCURACY:K-60 "Caraxes" NWO 6_2:0/12:0/0
[BDArmory.BDACompetitionMode:199417727]: ACCURACY:AIF-38:0/0:0/0
[BDArmory.BDACompetitionMode:199417727]: ACCURACY:AIF-38_1:14/173:0/0
[BDArmory.BDACompetitionMode:199417727]: ACCURACY:AIF-38_2:37/304:0/0
