[BDArmory.BDACompetitionMode:196982718]: Dumping Results after 171s (of 0s) at 2026-03-29 21:28:38 -04:00
[BDArmory.BDACompetitionMode:196982718]: RESULT:Win:{"team": "PLAID AIF-42C5B1 LRP", "members": ["PLAID AIF-42C5B1 LRP", "PLAID AIF-42C5B1 LRP_1", "PLAID AIF-42C5B1 LRP_2"]}
[BDArmory.BDACompetitionMode:196982718]: DEADTEAMS:[{"team": "PLAID AIF-42C5B LRP", "members": ["PLAID AIF-42C5B LRP", "PLAID AIF-42C5B LRP_1", "PLAID AIF-42C5B LRP_2"]}]
[BDArmory.BDACompetitionMode:196982718]: ALIVE:PLAID AIF-42C5B1 LRP
[BDArmory.BDACompetitionMode:196982718]: ALIVE:PLAID AIF-42C5B1 LRP_2
[BDArmory.BDACompetitionMode:196982718]: DEAD:0:101.0:PLAID AIF-42C5B1 LRP_1
[BDArmory.BDACompetitionMode:196982718]: DEAD:3:160.0:PLAID AIF-42C5B LRP
[BDArmory.BDACompetitionMode:196982718]: DEAD:1:129.0:PLAID AIF-42C5B LRP_1
[BDArmory.BDACompetitionMode:196982718]: DEAD:2:157.0:PLAID AIF-42C5B LRP_2
[BDArmory.BDACompetitionMode:196982718]: WHOSHOTWHOWITHGUNS:PLAID AIF-42C5B1 LRP:5:PLAID AIF-42C5B LRP_1:3:PLAID AIF-42C5B LRP_2
[BDArmory.BDACompetitionMode:196982718]: WHOSHOTWHOWITHGUNS:PLAID AIF-42C5B1 LRP_1:1:PLAID AIF-42C5B LRP_2
[BDArmory.BDACompetitionMode:196982718]: WHOSHOTWHOWITHGUNS:PLAID AIF-42C5B1 LRP_2:2:PLAID AIF-42C5B LRP:4:PLAID AIF-42C5B LRP_2
[BDArmory.BDACompetitionMode:196982718]: WHOSHOTWHOWITHGUNS:PLAID AIF-42C5B LRP:13:PLAID AIF-42C5B1 LRP_2:6:PLAID AIF-42C5B1 LRP
[BDArmory.BDACompetitionMode:196982718]: WHOSHOTWHOWITHGUNS:PLAID AIF-42C5B LRP_1:15:PLAID AIF-42C5B1 LRP
[BDArmory.BDACompetitionMode:196982718]: WHOSHOTWHOWITHGUNS:PLAID AIF-42C5B LRP_2:8:PLAID AIF-42C5B1 LRP:15:PLAID AIF-42C5B1 LRP_2
[BDArmory.BDACompetitionMode:196982718]: WHODAMAGEDWHOWITHGUNS:PLAID AIF-42C5B1 LRP:1964.0:PLAID AIF-42C5B LRP_1:697.1:PLAID AIF-42C5B LRP_2
[BDArmory.BDACompetitionMode:196982718]: WHODAMAGEDWHOWITHGUNS:PLAID AIF-42C5B1 LRP_1:996.1:PLAID AIF-42C5B LRP_2
[BDArmory.BDACompetitionMode:196982718]: WHODAMAGEDWHOWITHGUNS:PLAID AIF-42C5B1 LRP_2:586.1:PLAID AIF-42C5B LRP:1064.6:PLAID AIF-42C5B LRP_2
[BDArmory.BDACompetitionMode:196982718]: WHODAMAGEDWHOWITHGUNS:PLAID AIF-42C5B LRP:2714.2:PLAID AIF-42C5B1 LRP_2:1948.5:PLAID AIF-42C5B1 LRP
[BDArmory.BDACompetitionMode:196982718]: WHODAMAGEDWHOWITHGUNS:PLAID AIF-42C5B LRP_1:2503.2:PLAID AIF-42C5B1 LRP
[BDArmory.BDACompetitionMode:196982718]: WHODAMAGEDWHOWITHGUNS:PLAID AIF-42C5B LRP_2:2006.1:PLAID AIF-42C5B1 LRP:3713.3:PLAID AIF-42C5B1 LRP_2
[BDArmory.BDACompetitionMode:196982718]: WHOHITWHOWITHMISSILES:PLAID AIF-42C5B1 LRP_1:2:PLAID AIF-42C5B LRP_2:1:PLAID AIF-42C5B LRP
[BDArmory.BDACompetitionMode:196982718]: WHOHITWHOWITHMISSILES:PLAID AIF-42C5B LRP:1:PLAID AIF-42C5B1 LRP_2
[BDArmory.BDACompetitionMode:196982718]: WHOHITWHOWITHMISSILES:PLAID AIF-42C5B LRP_1:2:PLAID AIF-42C5B1 LRP
[BDArmory.BDACompetitionMode:196982718]: WHOPARTSHITWHOWITHMISSILES:PLAID AIF-42C5B1 LRP_1:124:PLAID AIF-42C5B LRP_2:60:PLAID AIF-42C5B LRP
[BDArmory.BDACompetitionMode:196982718]: WHOPARTSHITWHOWITHMISSILES:PLAID AIF-42C5B LRP:72:PLAID AIF-42C5B1 LRP_2
[BDArmory.BDACompetitionMode:196982718]: WHOPARTSHITWHOWITHMISSILES:PLAID AIF-42C5B LRP_1:142:PLAID AIF-42C5B1 LRP
[BDArmory.BDACompetitionMode:196982718]: WHODAMAGEDWHOWITHMISSILES:PLAID AIF-42C5B1 LRP_1:41840.3:PLAID AIF-42C5B LRP_2:344.5:PLAID AIF-42C5B LRP
[BDArmory.BDACompetitionMode:196982718]: WHODAMAGEDWHOWITHMISSILES:PLAID AIF-42C5B LRP:35722.5:PLAID AIF-42C5B1 LRP_2
[BDArmory.BDACompetitionMode:196982718]: WHODAMAGEDWHOWITHMISSILES:PLAID AIF-42C5B LRP_1:18979.6:PLAID AIF-42C5B1 LRP
[BDArmory.BDACompetitionMode:196982718]: WHODAMAGEDWHOWITHBATTLEDAMAGE:PLAID AIF-42C5B1 LRP:150.2:PLAID AIF-42C5B LRP_1
[BDArmory.BDACompetitionMode:196982718]: WHODAMAGEDWHOWITHBATTLEDAMAGE:PLAID AIF-42C5B1 LRP_1:40.0:PLAID AIF-42C5B LRP_2
[BDArmory.BDACompetitionMode:196982718]: WHODAMAGEDWHOWITHBATTLEDAMAGE:PLAID AIF-42C5B1 LRP_2:200.3:PLAID AIF-42C5B LRP:70.7:PLAID AIF-42C5B LRP_2
[BDArmory.BDACompetitionMode:196982718]: WHODAMAGEDWHOWITHBATTLEDAMAGE:PLAID AIF-42C5B LRP:148.8:PLAID AIF-42C5B1 LRP_2:7.9:PLAID AIF-42C5B1 LRP:32903.7:PLAID AIF-42C5B LRP
[BDArmory.BDACompetitionMode:196982718]: WHODAMAGEDWHOWITHBATTLEDAMAGE:PLAID AIF-42C5B LRP_1:105.7:PLAID AIF-42C5B1 LRP:18003.3:PLAID AIF-42C5B LRP_1
[BDArmory.BDACompetitionMode:196982718]: WHODAMAGEDWHOWITHBATTLEDAMAGE:PLAID AIF-42C5B LRP_2:213.8:PLAID AIF-42C5B1 LRP:43.6:PLAID AIF-42C5B1 LRP_2:18209.8:PLAID AIF-42C5B LRP_2
[BDArmory.BDACompetitionMode:196982718]: HEADSHOTMISSILES:PLAID AIF-42C5B1 LRP_1:PLAID AIF-42C5B LRP_2
[BDArmory.BDACompetitionMode:196982718]: HEADSHOTGUNS:PLAID AIF-42C5B LRP:PLAID AIF-42C5B1 LRP
[BDArmory.BDACompetitionMode:196982718]: HEADSHOTGUNS:PLAID AIF-42C5B LRP_2:PLAID AIF-42C5B1 LRP_2
[BDArmory.BDACompetitionMode:196982718]: HPLEFT:PLAID AIF-42C5B1 LRP:96.25
[BDArmory.BDACompetitionMode:196982718]: HPLEFT:PLAID AIF-42C5B1 LRP_1:0
[BDArmory.BDACompetitionMode:196982718]: HPLEFT:PLAID AIF-42C5B1 LRP_2:98.75
[BDArmory.BDACompetitionMode:196982718]: HPLEFT:PLAID AIF-42C5B LRP:0
[BDArmory.BDACompetitionMode:196982718]: HPLEFT:PLAID AIF-42C5B LRP_1:0
[BDArmory.BDACompetitionMode:196982718]: HPLEFT:PLAID AIF-42C5B LRP_2:0
[BDArmory.BDACompetitionMode:196982718]: ACCURACY:PLAID AIF-42C5B1 LRP:29/422:0/0
[BDArmory.BDACompetitionMode:196982718]: ACCURACY:PLAID AIF-42C5B1 LRP_1:0/0:0/0
[BDArmory.BDACompetitionMode:196982718]: ACCURACY:PLAID AIF-42C5B1 LRP_2:28/277:0/0
[BDArmory.BDACompetitionMode:196982718]: ACCURACY:PLAID AIF-42C5B LRP:2/22:0/0
[BDArmory.BDACompetitionMode:196982718]: ACCURACY:PLAID AIF-42C5B LRP_1:5/26:0/0
[BDArmory.BDACompetitionMode:196982718]: ACCURACY:PLAID AIF-42C5B LRP_2:8/236:0/0
