[BDArmory.BDACompetitionMode:196999476]: Dumping Results after 163s (of 0s) at 2026-03-30 02:08:07 -04:00
[BDArmory.BDACompetitionMode:196999476]: RESULT:Win:{"team": "PLAID AIF-42C5B LRP", "members": ["PLAID AIF-42C5B LRP", "PLAID AIF-42C5B LRP_1", "PLAID AIF-42C5B LRP_2"]}
[BDArmory.BDACompetitionMode:196999476]: DEADTEAMS:[{"team": "F-42H-20 Corsair NF PLAID", "members": ["F-42H-20 Corsair NF PLAID", "F-42H-20 Corsair NF PLAID_1", "F-42H-20 Corsair NF PLAID_2"]}]
[BDArmory.BDACompetitionMode:196999476]: ALIVE:PLAID AIF-42C5B LRP
[BDArmory.BDACompetitionMode:196999476]: ALIVE:PLAID AIF-42C5B LRP_1
[BDArmory.BDACompetitionMode:196999476]: DEAD:0:121.0:PLAID AIF-42C5B LRP_2
[BDArmory.BDACompetitionMode:196999476]: DEAD:1:125.0:F-42H-20 Corsair NF PLAID
[BDArmory.BDACompetitionMode:196999476]: DEAD:3:152.0:F-42H-20 Corsair NF PLAID_1
[BDArmory.BDACompetitionMode:196999476]: DEAD:2:131.0:F-42H-20 Corsair NF PLAID_2
[BDArmory.BDACompetitionMode:196999476]: WHOSHOTWHOWITHGUNS:PLAID AIF-42C5B LRP_1:1:F-42H-20 Corsair NF PLAID_2
[BDArmory.BDACompetitionMode:196999476]: WHOSHOTWHOWITHGUNS:PLAID AIF-42C5B LRP_2:49:F-42H-20 Corsair NF PLAID
[BDArmory.BDACompetitionMode:196999476]: WHOSHOTWHOWITHGUNS:F-42H-20 Corsair NF PLAID:10:PLAID AIF-42C5B LRP_1
[BDArmory.BDACompetitionMode:196999476]: WHOSHOTWHOWITHGUNS:F-42H-20 Corsair NF PLAID_1:5:PLAID AIF-42C5B LRP_1:2:PLAID AIF-42C5B LRP
[BDArmory.BDACompetitionMode:196999476]: WHOSHOTWHOWITHGUNS:F-42H-20 Corsair NF PLAID_2:7:PLAID AIF-42C5B LRP:1:PLAID AIF-42C5B LRP_1
[BDArmory.BDACompetitionMode:196999476]: WHODAMAGEDWHOWITHGUNS:PLAID AIF-42C5B LRP_1:380.2:F-42H-20 Corsair NF PLAID_2
[BDArmory.BDACompetitionMode:196999476]: WHODAMAGEDWHOWITHGUNS:PLAID AIF-42C5B LRP_2:13144.1:F-42H-20 Corsair NF PLAID
[BDArmory.BDACompetitionMode:196999476]: WHODAMAGEDWHOWITHGUNS:F-42H-20 Corsair NF PLAID:3637.4:PLAID AIF-42C5B LRP_1
[BDArmory.BDACompetitionMode:196999476]: WHODAMAGEDWHOWITHGUNS:F-42H-20 Corsair NF PLAID_1:1940.0:PLAID AIF-42C5B LRP_1:1501.1:PLAID AIF-42C5B LRP
[BDArmory.BDACompetitionMode:196999476]: WHODAMAGEDWHOWITHGUNS:F-42H-20 Corsair NF PLAID_2:1452.0:PLAID AIF-42C5B LRP:520.8:PLAID AIF-42C5B LRP_1
[BDArmory.BDACompetitionMode:196999476]: WHOHITWHOWITHMISSILES:PLAID AIF-42C5B LRP_1:1:F-42H-20 Corsair NF PLAID_2
[BDArmory.BDACompetitionMode:196999476]: WHOHITWHOWITHMISSILES:PLAID AIF-42C5B LRP_2:1:F-42H-20 Corsair NF PLAID
[BDArmory.BDACompetitionMode:196999476]: WHOHITWHOWITHMISSILES:F-42H-20 Corsair NF PLAID_1:1:PLAID AIF-42C5B LRP_1:2:PLAID AIF-42C5B LRP
[BDArmory.BDACompetitionMode:196999476]: WHOHITWHOWITHMISSILES:F-42H-20 Corsair NF PLAID_2:1:PLAID AIF-42C5B LRP_2:1:PLAID AIF-42C5B LRP
[BDArmory.BDACompetitionMode:196999476]: WHOPARTSHITWHOWITHMISSILES:PLAID AIF-42C5B LRP_1:70:F-42H-20 Corsair NF PLAID_2
[BDArmory.BDACompetitionMode:196999476]: WHOPARTSHITWHOWITHMISSILES:PLAID AIF-42C5B LRP_2:11:F-42H-20 Corsair NF PLAID
[BDArmory.BDACompetitionMode:196999476]: WHOPARTSHITWHOWITHMISSILES:F-42H-20 Corsair NF PLAID_1:90:PLAID AIF-42C5B LRP_1:189:PLAID AIF-42C5B LRP
[BDArmory.BDACompetitionMode:196999476]: WHOPARTSHITWHOWITHMISSILES:F-42H-20 Corsair NF PLAID_2:94:PLAID AIF-42C5B LRP_2:87:PLAID AIF-42C5B LRP
[BDArmory.BDACompetitionMode:196999476]: WHODAMAGEDWHOWITHMISSILES:PLAID AIF-42C5B LRP_1:36254.1:F-42H-20 Corsair NF PLAID_2
[BDArmory.BDACompetitionMode:196999476]: WHODAMAGEDWHOWITHMISSILES:PLAID AIF-42C5B LRP_2:21195.8:F-42H-20 Corsair NF PLAID
[BDArmory.BDACompetitionMode:196999476]: WHODAMAGEDWHOWITHMISSILES:F-42H-20 Corsair NF PLAID_1:1007.9:PLAID AIF-42C5B LRP_1:20438.3:PLAID AIF-42C5B LRP
[BDArmory.BDACompetitionMode:196999476]: WHODAMAGEDWHOWITHMISSILES:F-42H-20 Corsair NF PLAID_2:8244.8:PLAID AIF-42C5B LRP_2:15359.4:PLAID AIF-42C5B LRP
[BDArmory.BDACompetitionMode:196999476]: WHODAMAGEDWHOWITHBATTLEDAMAGE:PLAID AIF-42C5B LRP_2:950.5:F-42H-20 Corsair NF PLAID:5428.9:PLAID AIF-42C5B LRP_2
[BDArmory.BDACompetitionMode:196999476]: WHODAMAGEDWHOWITHBATTLEDAMAGE:F-42H-20 Corsair NF PLAID:672.9:PLAID AIF-42C5B LRP_1:21413.8:F-42H-20 Corsair NF PLAID
[BDArmory.BDACompetitionMode:196999476]: WHODAMAGEDWHOWITHBATTLEDAMAGE:F-42H-20 Corsair NF PLAID_1:140.6:PLAID AIF-42C5B LRP_1:343.3:F-42H-20 Corsair NF PLAID_1
[BDArmory.BDACompetitionMode:196999476]: WHODAMAGEDWHOWITHBATTLEDAMAGE:F-42H-20 Corsair NF PLAID_2:67.4:PLAID AIF-42C5B LRP:94.0:PLAID AIF-42C5B LRP_1:248.4:F-42H-20 Corsair NF PLAID_2
[BDArmory.BDACompetitionMode:196999476]: CLEANKILLMISSILES:PLAID AIF-42C5B LRP_2:F-42H-20 Corsair NF PLAID
[BDArmory.BDACompetitionMode:196999476]: HEADSHOTGUNS:F-42H-20 Corsair NF PLAID_1:PLAID AIF-42C5B LRP
[BDArmory.BDACompetitionMode:196999476]: HEADSHOTGUNS:F-42H-20 Corsair NF PLAID_2:PLAID AIF-42C5B LRP
[BDArmory.BDACompetitionMode:196999476]: HPLEFT:PLAID AIF-42C5B LRP:100
[BDArmory.BDACompetitionMode:196999476]: HPLEFT:PLAID AIF-42C5B LRP_1:76.25
[BDArmory.BDACompetitionMode:196999476]: HPLEFT:PLAID AIF-42C5B LRP_2:0
[BDArmory.BDACompetitionMode:196999476]: HPLEFT:F-42H-20 Corsair NF PLAID:0
[BDArmory.BDACompetitionMode:196999476]: HPLEFT:F-42H-20 Corsair NF PLAID_1:0
[BDArmory.BDACompetitionMode:196999476]: HPLEFT:F-42H-20 Corsair NF PLAID_2:0
[BDArmory.BDACompetitionMode:196999476]: ACCURACY:PLAID AIF-42C5B LRP:9/195:0/0
[BDArmory.BDACompetitionMode:196999476]: ACCURACY:PLAID AIF-42C5B LRP_1:16/205:0/0
[BDArmory.BDACompetitionMode:196999476]: ACCURACY:PLAID AIF-42C5B LRP_2:0/0:0/0
[BDArmory.BDACompetitionMode:196999476]: ACCURACY:F-42H-20 Corsair NF PLAID:49/251:0/0
[BDArmory.BDACompetitionMode:196999476]: ACCURACY:F-42H-20 Corsair NF PLAID_1:0/0:0/0
[BDArmory.BDACompetitionMode:196999476]: ACCURACY:F-42H-20 Corsair NF PLAID_2:1/42:0/0
