[BDArmory.BDACompetitionMode:196981603]: Dumping Results after 119s (of 0s) at 2026-03-29 21:09:01 -04:00
[BDArmory.BDACompetitionMode:196981603]: RESULT:Win:{"team": "PLAID AIF-42C5B1 LRP", "members": ["PLAID AIF-42C5B1 LRP", "PLAID AIF-42C5B1 LRP_1", "PLAID AIF-42C5B1 LRP_2"]}
[BDArmory.BDACompetitionMode:196981603]: DEADTEAMS:[{"team": "Dark Bramble K", "members": ["Dark Bramble K", "Dark Bramble K_1", "Dark Bramble K_2"]}]
[BDArmory.BDACompetitionMode:196981603]: ALIVE:PLAID AIF-42C5B1 LRP
[BDArmory.BDACompetitionMode:196981603]: ALIVE:PLAID AIF-42C5B1 LRP_1
[BDArmory.BDACompetitionMode:196981603]: ALIVE:PLAID AIF-42C5B1 LRP_2
[BDArmory.BDACompetitionMode:196981603]: DEAD:0:92.0:Dark Bramble K
[BDArmory.BDACompetitionMode:196981603]: DEAD:2:108.0:Dark Bramble K_1
[BDArmory.BDACompetitionMode:196981603]: DEAD:1:102.0:Dark Bramble K_2
[BDArmory.BDACompetitionMode:196981603]: WHOSHOTWHOWITHGUNS:Dark Bramble K_1:14:PLAID AIF-42C5B1 LRP:44:PLAID AIF-42C5B1 LRP_2
[BDArmory.BDACompetitionMode:196981603]: WHOSHOTWHOWITHGUNS:Dark Bramble K_2:22:PLAID AIF-42C5B1 LRP
[BDArmory.BDACompetitionMode:196981603]: WHOSHOTWHOWITHGUNS:PLAID AIF-42C5B1 LRP:6:Dark Bramble K_2
[BDArmory.BDACompetitionMode:196981603]: WHOSHOTWHOWITHGUNS:PLAID AIF-42C5B1 LRP_1:8:Dark Bramble K_2
[BDArmory.BDACompetitionMode:196981603]: WHODAMAGEDWHOWITHGUNS:Dark Bramble K_1:4352.0:PLAID AIF-42C5B1 LRP:10886.1:PLAID AIF-42C5B1 LRP_2
[BDArmory.BDACompetitionMode:196981603]: WHODAMAGEDWHOWITHGUNS:Dark Bramble K_2:4989.2:PLAID AIF-42C5B1 LRP
[BDArmory.BDACompetitionMode:196981603]: WHODAMAGEDWHOWITHGUNS:PLAID AIF-42C5B1 LRP:1034.5:Dark Bramble K_2
[BDArmory.BDACompetitionMode:196981603]: WHODAMAGEDWHOWITHGUNS:PLAID AIF-42C5B1 LRP_1:1740.2:Dark Bramble K_2
[BDArmory.BDACompetitionMode:196981603]: WHOHITWHOWITHMISSILES:Dark Bramble K:1:PLAID AIF-42C5B1 LRP_2
[BDArmory.BDACompetitionMode:196981603]: WHOHITWHOWITHMISSILES:Dark Bramble K_1:1:PLAID AIF-42C5B1 LRP_2:1:PLAID AIF-42C5B1 LRP
[BDArmory.BDACompetitionMode:196981603]: WHOHITWHOWITHMISSILES:Dark Bramble K_2:1:PLAID AIF-42C5B1 LRP
[BDArmory.BDACompetitionMode:196981603]: WHOHITWHOWITHMISSILES:PLAID AIF-42C5B1 LRP_2:1:PLAID AIF-42C5B1 LRP
[BDArmory.BDACompetitionMode:196981603]: WHOPARTSHITWHOWITHMISSILES:Dark Bramble K:58:PLAID AIF-42C5B1 LRP_2
[BDArmory.BDACompetitionMode:196981603]: WHOPARTSHITWHOWITHMISSILES:Dark Bramble K_1:26:PLAID AIF-42C5B1 LRP_2:3:PLAID AIF-42C5B1 LRP
[BDArmory.BDACompetitionMode:196981603]: WHOPARTSHITWHOWITHMISSILES:Dark Bramble K_2:52:PLAID AIF-42C5B1 LRP
[BDArmory.BDACompetitionMode:196981603]: WHOPARTSHITWHOWITHMISSILES:PLAID AIF-42C5B1 LRP_2:73:PLAID AIF-42C5B1 LRP
[BDArmory.BDACompetitionMode:196981603]: WHODAMAGEDWHOWITHMISSILES:Dark Bramble K:32311.5:PLAID AIF-42C5B1 LRP_2
[BDArmory.BDACompetitionMode:196981603]: WHODAMAGEDWHOWITHMISSILES:Dark Bramble K_1:15201.7:PLAID AIF-42C5B1 LRP_2:1248.2:PLAID AIF-42C5B1 LRP
[BDArmory.BDACompetitionMode:196981603]: WHODAMAGEDWHOWITHMISSILES:Dark Bramble K_2:10969.1:PLAID AIF-42C5B1 LRP
[BDArmory.BDACompetitionMode:196981603]: WHODAMAGEDWHOWITHBATTLEDAMAGE:Dark Bramble K_1:50.1:PLAID AIF-42C5B1 LRP:170.8:PLAID AIF-42C5B1 LRP_2
[BDArmory.BDACompetitionMode:196981603]: WHODAMAGEDWHOWITHBATTLEDAMAGE:Dark Bramble K_2:105.7:PLAID AIF-42C5B1 LRP
[BDArmory.BDACompetitionMode:196981603]: WHODAMAGEDWHOWITHBATTLEDAMAGE:PLAID AIF-42C5B1 LRP:40.0:Dark Bramble K_2
[BDArmory.BDACompetitionMode:196981603]: WHODAMAGEDWHOWITHBATTLEDAMAGE:PLAID AIF-42C5B1 LRP_1:43.1:Dark Bramble K_2
[BDArmory.BDACompetitionMode:196981603]: KILLSTEALMISSILES:Dark Bramble K_1:PLAID AIF-42C5B1 LRP
[BDArmory.BDACompetitionMode:196981603]: CLEANKILLGUNS:Dark Bramble K_2:PLAID AIF-42C5B1 LRP
[BDArmory.BDACompetitionMode:196981603]: HPLEFT:Dark Bramble K:0
[BDArmory.BDACompetitionMode:196981603]: HPLEFT:Dark Bramble K_1:0
[BDArmory.BDACompetitionMode:196981603]: HPLEFT:Dark Bramble K_2:0
[BDArmory.BDACompetitionMode:196981603]: HPLEFT:PLAID AIF-42C5B1 LRP:98.75
[BDArmory.BDACompetitionMode:196981603]: HPLEFT:PLAID AIF-42C5B1 LRP_1:98.75
[BDArmory.BDACompetitionMode:196981603]: HPLEFT:PLAID AIF-42C5B1 LRP_2:100
[BDArmory.BDACompetitionMode:196981603]: ACCURACY:Dark Bramble K:0/0:0/0
[BDArmory.BDACompetitionMode:196981603]: ACCURACY:Dark Bramble K_1:0/19:0/0
[BDArmory.BDACompetitionMode:196981603]: ACCURACY:Dark Bramble K_2:14/141:0/0
[BDArmory.BDACompetitionMode:196981603]: ACCURACY:PLAID AIF-42C5B1 LRP:36/267:0/0
[BDArmory.BDACompetitionMode:196981603]: ACCURACY:PLAID AIF-42C5B1 LRP_1:0/15:0/0
[BDArmory.BDACompetitionMode:196981603]: ACCURACY:PLAID AIF-42C5B1 LRP_2:44/179:0/0
