[BDArmory.BDACompetitionMode:199422445]: Dumping Results after -11s (of 0s) at 2026-04-27 03:09:06 -04:00
[BDArmory.BDACompetitionMode:199422445]: RESULT:Draw:[{"team": "AIF-38", "members": ["AIF-38", "AIF-38_1"]}, {"team": "AL-34 Cooker V_VVVVdev", "members": ["AL-34 Cooker V/VVVVdev", "AL-34 Cooker V/VVVVdev_1"]}]
[BDArmory.BDACompetitionMode:199422445]: DEADTEAMS:[]
[BDArmory.BDACompetitionMode:199422445]: ALIVE:AIF-38_1
[BDArmory.BDACompetitionMode:199422445]: ALIVE:AL-34 Cooker V/VVVVdev_1
[BDArmory.BDACompetitionMode:199422445]: MIA:AIF-38
[BDArmory.BDACompetitionMode:199422445]: MIA:AL-34 Cooker V/VVVVdev
[BDArmory.BDACompetitionMode:199422445]: WHOHITWHOWITHMISSILES:AIF-38:1:AL-34 Cooker V/VVVVdev
[BDArmory.BDACompetitionMode:199422445]: WHOHITWHOWITHMISSILES:AIF-38_1:1:AL-34 Cooker V/VVVVdev_1
[BDArmory.BDACompetitionMode:199422445]: WHOPARTSHITWHOWITHMISSILES:AIF-38:98:AL-34 Cooker V/VVVVdev
[BDArmory.BDACompetitionMode:199422445]: WHOPARTSHITWHOWITHMISSILES:AIF-38_1:98:AL-34 Cooker V/VVVVdev_1
[BDArmory.BDACompetitionMode:199422445]: WHODAMAGEDWHOWITHMISSILES:AIF-38:47484.0:AL-34 Cooker V/VVVVdev
[BDArmory.BDACompetitionMode:199422445]: WHODAMAGEDWHOWITHMISSILES:AIF-38_1:13322.5:AL-34 Cooker V/VVVVdev_1
[BDArmory.BDACompetitionMode:199422445]: WHODAMAGEDWHOWITHBATTLEDAMAGE:AIF-38_1:0.1:AL-34 Cooker V/VVVVdev_1
[BDArmory.BDACompetitionMode:199422445]: HPLEFT:AIF-38:24.0384615384615
[BDArmory.BDACompetitionMode:199422445]: HPLEFT:AIF-38_1:85.5769230769231
[BDArmory.BDACompetitionMode:199422445]: HPLEFT:AL-34 Cooker V/VVVVdev:0
[BDArmory.BDACompetitionMode:199422445]: HPLEFT:AL-34 Cooker V/VVVVdev_1:100
[BDArmory.BDACompetitionMode:199422445]: ACCURACY:AIF-38:0/0:0/0
[BDArmory.BDACompetitionMode:199422445]: ACCURACY:AIF-38_1:0/0:0/0
[BDArmory.BDACompetitionMode:199422445]: ACCURACY:AL-34 Cooker V/VVVVdev:0/0:0/0
[BDArmory.BDACompetitionMode:199422445]: ACCURACY:AL-34 Cooker V/VVVVdev_1:0/0:0/0
