[BDArmory.BDACompetitionMode:209713353]: Dumping Results after -13s (of 0s) at 2026-08-24 05:43:48 -04:00
[BDArmory.BDACompetitionMode:209713353]: RESULT:Win:{"team": "OZ-1 Skydancer Suidkaf", "members": ["OZ-1 Skydancer Suidkaf", "OZ-1 Skydancer Suidkaf_1"]}
[BDArmory.BDACompetitionMode:209713353]: DEADTEAMS:[{"team": "PLAID ASF-07 CERULEAN OPTIC (DF)", "members": ["PLAID ASF-07 CERULEAN OPTIC (DF)", "PLAID ASF-07 CERULEAN OPTIC (DF)_1"]}]
[BDArmory.BDACompetitionMode:209713353]: ALIVE:OZ-1 Skydancer Suidkaf
[BDArmory.BDACompetitionMode:209713353]: DEAD:1:38.0:PLAID ASF-07 CERULEAN OPTIC (DF)
[BDArmory.BDACompetitionMode:209713353]: DEAD:0:30.0:PLAID ASF-07 CERULEAN OPTIC (DF)_1
[BDArmory.BDACompetitionMode:209713353]: DEAD:2:39.0:OZ-1 Skydancer Suidkaf_1
[BDArmory.BDACompetitionMode:209713353]: WHOSHOTWHOWITHGUNS:PLAID ASF-07 CERULEAN OPTIC (DF):9:OZ-1 Skydancer Suidkaf
[BDArmory.BDACompetitionMode:209713353]: WHOSHOTWHOWITHGUNS:PLAID ASF-07 CERULEAN OPTIC (DF)_1:15:OZ-1 Skydancer Suidkaf_1:1:OZ-1 Skydancer Suidkaf
[BDArmory.BDACompetitionMode:209713353]: WHOSHOTWHOWITHGUNS:OZ-1 Skydancer Suidkaf_1:1:PLAID ASF-07 CERULEAN OPTIC (DF)_1:7:PLAID ASF-07 CERULEAN OPTIC (DF)
[BDArmory.BDACompetitionMode:209713353]: WHODAMAGEDWHOWITHGUNS:PLAID ASF-07 CERULEAN OPTIC (DF):711.5:OZ-1 Skydancer Suidkaf
[BDArmory.BDACompetitionMode:209713353]: WHODAMAGEDWHOWITHGUNS:PLAID ASF-07 CERULEAN OPTIC (DF)_1:1394.9:OZ-1 Skydancer Suidkaf_1:87.4:OZ-1 Skydancer Suidkaf
[BDArmory.BDACompetitionMode:209713353]: WHODAMAGEDWHOWITHGUNS:OZ-1 Skydancer Suidkaf_1:73.4:PLAID ASF-07 CERULEAN OPTIC (DF)_1:526.7:PLAID ASF-07 CERULEAN OPTIC (DF)
[BDArmory.BDACompetitionMode:209713353]: WHODAMAGEDWHOWITHBATTLEDAMAGE:PLAID ASF-07 CERULEAN OPTIC (DF):2.0:OZ-1 Skydancer Suidkaf
[BDArmory.BDACompetitionMode:209713353]: WHODAMAGEDWHOWITHBATTLEDAMAGE:OZ-1 Skydancer Suidkaf_1:49.7:PLAID ASF-07 CERULEAN OPTIC (DF)
[BDArmory.BDACompetitionMode:209713353]: CLEANKILLGUNS:PLAID ASF-07 CERULEAN OPTIC (DF):OZ-1 Skydancer Suidkaf
[BDArmory.BDACompetitionMode:209713353]: HEADSHOTGUNS:PLAID ASF-07 CERULEAN OPTIC (DF)_1:OZ-1 Skydancer Suidkaf_1
[BDArmory.BDACompetitionMode:209713353]: HPLEFT:PLAID ASF-07 CERULEAN OPTIC (DF):0
[BDArmory.BDACompetitionMode:209713353]: HPLEFT:PLAID ASF-07 CERULEAN OPTIC (DF)_1:0
[BDArmory.BDACompetitionMode:209713353]: HPLEFT:OZ-1 Skydancer Suidkaf:102.380952380952
[BDArmory.BDACompetitionMode:209713353]: HPLEFT:OZ-1 Skydancer Suidkaf_1:0
[BDArmory.BDACompetitionMode:209713353]: ACCURACY:PLAID ASF-07 CERULEAN OPTIC (DF):7/60:0/0
[BDArmory.BDACompetitionMode:209713353]: ACCURACY:PLAID ASF-07 CERULEAN OPTIC (DF)_1:1/48:0/0
[BDArmory.BDACompetitionMode:209713353]: ACCURACY:OZ-1 Skydancer Suidkaf:10/52:0/0
[BDArmory.BDACompetitionMode:209713353]: ACCURACY:OZ-1 Skydancer Suidkaf_1:15/53:0/0
