[BDArmory.BDACompetitionMode:198013309]: Dumping Results after -45s (of 0s) at 2026-04-10 19:43:28 -04:00
[BDArmory.BDACompetitionMode:198013309]: RESULT:Win:{"team": "PLAID AIF-42C5B LRP", "members": ["PLAID AIF-42C5B LRP", "PLAID AIF-42C5B LRP_1"]}
[BDArmory.BDACompetitionMode:198013309]: DEADTEAMS:[{"team": "AIF-37A", "members": ["AIF-37A", "AIF-37A_1"]}]
[BDArmory.BDACompetitionMode:198013309]: ALIVE:PLAID AIF-42C5B LRP_1
[BDArmory.BDACompetitionMode:198013309]: DEAD:0:89.0:PLAID AIF-42C5B LRP
[BDArmory.BDACompetitionMode:198013309]: MIA:AIF-37A
[BDArmory.BDACompetitionMode:198013309]: MIA:AIF-37A_1
[BDArmory.BDACompetitionMode:198013309]: WHOSHOTWHOWITHGUNS:AIF-37A_1:8:PLAID AIF-42C5B LRP
[BDArmory.BDACompetitionMode:198013309]: WHODAMAGEDWHOWITHGUNS:AIF-37A_1:3194.3:PLAID AIF-42C5B LRP
[BDArmory.BDACompetitionMode:198013309]: WHOHITWHOWITHMISSILES:PLAID AIF-42C5B LRP:1:AIF-37A
[BDArmory.BDACompetitionMode:198013309]: WHOHITWHOWITHMISSILES:AIF-37A:2:PLAID AIF-42C5B LRP_1
[BDArmory.BDACompetitionMode:198013309]: WHOHITWHOWITHMISSILES:AIF-37A_1:1:PLAID AIF-42C5B LRP
[BDArmory.BDACompetitionMode:198013309]: WHOPARTSHITWHOWITHMISSILES:PLAID AIF-42C5B LRP:74:AIF-37A
[BDArmory.BDACompetitionMode:198013309]: WHOPARTSHITWHOWITHMISSILES:AIF-37A:152:PLAID AIF-42C5B LRP_1
[BDArmory.BDACompetitionMode:198013309]: WHOPARTSHITWHOWITHMISSILES:AIF-37A_1:76:PLAID AIF-42C5B LRP
[BDArmory.BDACompetitionMode:198013309]: WHODAMAGEDWHOWITHMISSILES:AIF-37A:7913.4:PLAID AIF-42C5B LRP_1
[BDArmory.BDACompetitionMode:198013309]: WHODAMAGEDWHOWITHMISSILES:AIF-37A_1:11248.4:PLAID AIF-42C5B LRP
[BDArmory.BDACompetitionMode:198013309]: WHODAMAGEDWHOWITHBATTLEDAMAGE:AIF-37A_1:116.2:PLAID AIF-42C5B LRP:45251.5:AIF-37A_1
[BDArmory.BDACompetitionMode:198013309]: HPLEFT:PLAID AIF-42C5B LRP:0
[BDArmory.BDACompetitionMode:198013309]: HPLEFT:PLAID AIF-42C5B LRP_1:100
[BDArmory.BDACompetitionMode:198013309]: HPLEFT:AIF-37A:0
[BDArmory.BDACompetitionMode:198013309]: HPLEFT:AIF-37A_1:0
[BDArmory.BDACompetitionMode:198013309]: ACCURACY:PLAID AIF-42C5B LRP:8/98:0/0
[BDArmory.BDACompetitionMode:198013309]: ACCURACY:PLAID AIF-42C5B LRP_1:0/0:0/0
[BDArmory.BDACompetitionMode:198013309]: ACCURACY:AIF-37A:0/0:0/0
[BDArmory.BDACompetitionMode:198013309]: ACCURACY:AIF-37A_1:0/0:0/0
