[BDArmory.BDACompetitionMode:200626325]: Dumping Results after 76s (of 0s) at 2026-05-11 01:39:36 -04:00
[BDArmory.BDACompetitionMode:200626325]: RESULT:Win:{"team": "Package H Strike", "members": ["Feldspar C Mattock", "Solanum", "Z-55G", "Dark Bramble K", "Z-55G_1", "Solanum Mk2", "Solanum Mk2_1", "Dark Bramble K_1", "Buff"]}
[BDArmory.BDACompetitionMode:200626325]: DEADTEAMS:[{"team": "Basil Juche Intercept Chads", "members": ["AL-68 Proleska", "AL-34 Arnika", "AL-34 Arnika_1", "AL-27 Kallistemon", "AL-34 Arnika_2", "AL-34 Arnika_3", "AL-34 Arnika_4", "AL-27 Kallistemon_1"]}]
[BDArmory.BDACompetitionMode:200626325]: ALIVE:Dark Bramble K_1
[BDArmory.BDACompetitionMode:200626325]: DEAD:1:36.0:AL-68 Proleska
[BDArmory.BDACompetitionMode:200626325]: DEAD:4:65.7:AL-34 Arnika
[BDArmory.BDACompetitionMode:200626325]: DEAD:5:65.7:AL-34 Arnika_1
[BDArmory.BDACompetitionMode:200626325]: DEAD:6:65.8:AL-27 Kallistemon
[BDArmory.BDACompetitionMode:200626325]: DEAD:7:65.8:AL-34 Arnika_2
[BDArmory.BDACompetitionMode:200626325]: DEAD:8:65.9:AL-34 Arnika_3
[BDArmory.BDACompetitionMode:200626325]: DEAD:9:65.9:AL-34 Arnika_4
[BDArmory.BDACompetitionMode:200626325]: DEAD:10:66.0:AL-27 Kallistemon_1
[BDArmory.BDACompetitionMode:200626325]: DEAD:11:66.0:Feldspar C Mattock
[BDArmory.BDACompetitionMode:200626325]: DEAD:3:49.0:Solanum
[BDArmory.BDACompetitionMode:200626325]: DEAD:12:66.2:Z-55G
[BDArmory.BDACompetitionMode:200626325]: DEAD:15:75.0:Dark Bramble K
[BDArmory.BDACompetitionMode:200626325]: DEAD:13:66.2:Z-55G_1
[BDArmory.BDACompetitionMode:200626325]: DEAD:14:66.2:Solanum Mk2
[BDArmory.BDACompetitionMode:200626325]: DEAD:2:38.0:Solanum Mk2_1
[BDArmory.BDACompetitionMode:200626325]: DEAD:0:8.0:Buff
[BDArmory.BDACompetitionMode:200626325]: WHOHITWHOWITHMISSILES:AL-68 Proleska:4:Z-55G:4:Z-55G_1
[BDArmory.BDACompetitionMode:200626325]: WHOHITWHOWITHMISSILES:Solanum:1:AL-27 Kallistemon_1
[BDArmory.BDACompetitionMode:200626325]: WHOHITWHOWITHMISSILES:Dark Bramble K:1:AL-34 Arnika_1
[BDArmory.BDACompetitionMode:200626325]: WHOHITWHOWITHMISSILES:Solanum Mk2_1:2:AL-68 Proleska
[BDArmory.BDACompetitionMode:200626325]: WHOHITWHOWITHMISSILES:Dark Bramble K_1:1:AL-27 Kallistemon
[BDArmory.BDACompetitionMode:200626325]: WHOPARTSHITWHOWITHMISSILES:AL-68 Proleska:354:Z-55G:237:Z-55G_1
[BDArmory.BDACompetitionMode:200626325]: WHOPARTSHITWHOWITHMISSILES:Solanum:119:AL-27 Kallistemon_1
[BDArmory.BDACompetitionMode:200626325]: WHOPARTSHITWHOWITHMISSILES:Dark Bramble K:53:AL-34 Arnika_1
[BDArmory.BDACompetitionMode:200626325]: WHOPARTSHITWHOWITHMISSILES:Solanum Mk2_1:134:AL-68 Proleska
[BDArmory.BDACompetitionMode:200626325]: WHOPARTSHITWHOWITHMISSILES:Dark Bramble K_1:50:AL-27 Kallistemon
[BDArmory.BDACompetitionMode:200626325]: WHODAMAGEDWHOWITHMISSILES:AL-68 Proleska:13749.3:Z-55G_1
[BDArmory.BDACompetitionMode:200626325]: WHODAMAGEDWHOWITHMISSILES:Solanum:96008.3:AL-27 Kallistemon_1
[BDArmory.BDACompetitionMode:200626325]: WHODAMAGEDWHOWITHMISSILES:Dark Bramble K:19426.4:AL-34 Arnika_1
[BDArmory.BDACompetitionMode:200626325]: WHODAMAGEDWHOWITHMISSILES:Solanum Mk2_1:102234.5:AL-68 Proleska
[BDArmory.BDACompetitionMode:200626325]: WHODAMAGEDWHOWITHMISSILES:Dark Bramble K_1:7876.8:AL-27 Kallistemon
[BDArmory.BDACompetitionMode:200626325]: WHODAMAGEDWHOWITHBATTLEDAMAGE:Solanum:9733.9:AL-27 Kallistemon_1
[BDArmory.BDACompetitionMode:200626325]: WHODAMAGEDWHOWITHBATTLEDAMAGE:Solanum Mk2_1:40839.9:AL-68 Proleska
[BDArmory.BDACompetitionMode:200626325]: WHODAMAGEDWHOWITHBATTLEDAMAGE:Dark Bramble K_1:0.1:AL-27 Kallistemon
[BDArmory.BDACompetitionMode:200626325]: GMKILL:AL-34 Arnika:BigRedButton
[BDArmory.BDACompetitionMode:200626325]: GMKILL:AL-34 Arnika_1:BigRedButton
[BDArmory.BDACompetitionMode:200626325]: GMKILL:AL-27 Kallistemon:BigRedButton
[BDArmory.BDACompetitionMode:200626325]: GMKILL:AL-34 Arnika_2:BigRedButton
[BDArmory.BDACompetitionMode:200626325]: GMKILL:AL-34 Arnika_3:BigRedButton
[BDArmory.BDACompetitionMode:200626325]: GMKILL:AL-34 Arnika_4:BigRedButton
[BDArmory.BDACompetitionMode:200626325]: GMKILL:AL-27 Kallistemon_1:BigRedButton
[BDArmory.BDACompetitionMode:200626325]: GMKILL:Feldspar C Mattock:BigRedButton
[BDArmory.BDACompetitionMode:200626325]: GMKILL:Z-55G:BigRedButton
[BDArmory.BDACompetitionMode:200626325]: GMKILL:Z-55G_1:BigRedButton
[BDArmory.BDACompetitionMode:200626325]: GMKILL:Solanum Mk2:BigRedButton
[BDArmory.BDACompetitionMode:200626325]: KILLSTEALMISSILES:AL-68 Proleska:Z-55G_1
[BDArmory.BDACompetitionMode:200626325]: CLEANKILLMISSILES:Solanum:AL-27 Kallistemon_1
[BDArmory.BDACompetitionMode:200626325]: CLEANKILLMISSILES:Solanum Mk2_1:AL-68 Proleska
[BDArmory.BDACompetitionMode:200626325]: HPLEFT:AL-68 Proleska:0
[BDArmory.BDACompetitionMode:200626325]: HPLEFT:AL-34 Arnika:0
[BDArmory.BDACompetitionMode:200626325]: HPLEFT:AL-34 Arnika_1:0
[BDArmory.BDACompetitionMode:200626325]: HPLEFT:AL-27 Kallistemon:0
[BDArmory.BDACompetitionMode:200626325]: HPLEFT:AL-34 Arnika_2:0
[BDArmory.BDACompetitionMode:200626325]: HPLEFT:AL-34 Arnika_3:0
[BDArmory.BDACompetitionMode:200626325]: HPLEFT:AL-34 Arnika_4:0
[BDArmory.BDACompetitionMode:200626325]: HPLEFT:AL-27 Kallistemon_1:0
[BDArmory.BDACompetitionMode:200626325]: HPLEFT:Feldspar C Mattock:0
[BDArmory.BDACompetitionMode:200626325]: HPLEFT:Solanum:0
[BDArmory.BDACompetitionMode:200626325]: HPLEFT:Z-55G:0
[BDArmory.BDACompetitionMode:200626325]: HPLEFT:Dark Bramble K:0
[BDArmory.BDACompetitionMode:200626325]: HPLEFT:Z-55G_1:0
[BDArmory.BDACompetitionMode:200626325]: HPLEFT:Solanum Mk2:0
[BDArmory.BDACompetitionMode:200626325]: HPLEFT:Solanum Mk2_1:0
[BDArmory.BDACompetitionMode:200626325]: HPLEFT:Dark Bramble K_1:75.4098360655738
[BDArmory.BDACompetitionMode:200626325]: HPLEFT:Buff:0
[BDArmory.BDACompetitionMode:200626325]: ACCURACY:AL-68 Proleska:0/0:0/0
[BDArmory.BDACompetitionMode:200626325]: ACCURACY:AL-34 Arnika:0/0:0/0
[BDArmory.BDACompetitionMode:200626325]: ACCURACY:AL-34 Arnika_1:0/0:0/0
[BDArmory.BDACompetitionMode:200626325]: ACCURACY:AL-27 Kallistemon:0/0:0/0
[BDArmory.BDACompetitionMode:200626325]: ACCURACY:AL-34 Arnika_2:0/0:0/0
[BDArmory.BDACompetitionMode:200626325]: ACCURACY:AL-34 Arnika_3:0/0:0/0
[BDArmory.BDACompetitionMode:200626325]: ACCURACY:AL-34 Arnika_4:0/0:0/0
[BDArmory.BDACompetitionMode:200626325]: ACCURACY:AL-27 Kallistemon_1:0/0:0/0
[BDArmory.BDACompetitionMode:200626325]: ACCURACY:Feldspar C Mattock:0/0:0/0
[BDArmory.BDACompetitionMode:200626325]: ACCURACY:Solanum:0/0:0/0
[BDArmory.BDACompetitionMode:200626325]: ACCURACY:Z-55G:0/0:0/0
[BDArmory.BDACompetitionMode:200626325]: ACCURACY:Dark Bramble K:0/0:0/0
[BDArmory.BDACompetitionMode:200626325]: ACCURACY:Z-55G_1:0/0:0/0
[BDArmory.BDACompetitionMode:200626325]: ACCURACY:Solanum Mk2:0/0:0/0
[BDArmory.BDACompetitionMode:200626325]: ACCURACY:Solanum Mk2_1:0/0:0/0
[BDArmory.BDACompetitionMode:200626325]: ACCURACY:Dark Bramble K_1:0/0:0/0
[BDArmory.BDACompetitionMode:200626325]: ACCURACY:Buff:0/0:0/0
