[BDArmory.BDACompetitionMode:196581909]: Dumping Results after 149s (of 0s) at 2026-03-25 06:08:20 -04:00
[BDArmory.BDACompetitionMode:196581909]: RESULT:Win:{"team": "AS-124 (tony flares)", "members": ["AS-124 (tony flares)", "AS-124 (tony flares)_1"]}
[BDArmory.BDACompetitionMode:196581909]: DEADTEAMS:[{"team": "PLAID AIF-27 VVVV", "members": ["PLAID AIF-27 VVVV", "PLAID AIF-27 VVVV_1"]}]
[BDArmory.BDACompetitionMode:196581909]: ALIVE:AS-124 (tony flares)
[BDArmory.BDACompetitionMode:196581909]: DEAD:1:104.0:PLAID AIF-27 VVVV
[BDArmory.BDACompetitionMode:196581909]: DEAD:2:138.0:PLAID AIF-27 VVVV_1
[BDArmory.BDACompetitionMode:196581909]: DEAD:0:99.0:AS-124 (tony flares)_1
[BDArmory.BDACompetitionMode:196581909]: WHOSHOTWHOWITHGUNS:PLAID AIF-27 VVVV:15:AS-124 (tony flares)
[BDArmory.BDACompetitionMode:196581909]: WHOSHOTWHOWITHGUNS:PLAID AIF-27 VVVV_1:29:AS-124 (tony flares)
[BDArmory.BDACompetitionMode:196581909]: WHOSHOTWHOWITHGUNS:AS-124 (tony flares):2:PLAID AIF-27 VVVV:1:PLAID AIF-27 VVVV_1
[BDArmory.BDACompetitionMode:196581909]: WHODAMAGEDWHOWITHGUNS:PLAID AIF-27 VVVV:4551.8:AS-124 (tony flares)
[BDArmory.BDACompetitionMode:196581909]: WHODAMAGEDWHOWITHGUNS:PLAID AIF-27 VVVV_1:11243.5:AS-124 (tony flares)
[BDArmory.BDACompetitionMode:196581909]: WHODAMAGEDWHOWITHGUNS:AS-124 (tony flares):384.6:PLAID AIF-27 VVVV:256.9:PLAID AIF-27 VVVV_1
[BDArmory.BDACompetitionMode:196581909]: WHOHITWHOWITHMISSILES:AS-124 (tony flares):1:PLAID AIF-27 VVVV
[BDArmory.BDACompetitionMode:196581909]: WHOHITWHOWITHMISSILES:AS-124 (tony flares)_1:3:PLAID AIF-27 VVVV_1
[BDArmory.BDACompetitionMode:196581909]: WHOPARTSHITWHOWITHMISSILES:AS-124 (tony flares):62:PLAID AIF-27 VVVV
[BDArmory.BDACompetitionMode:196581909]: WHOPARTSHITWHOWITHMISSILES:AS-124 (tony flares)_1:156:PLAID AIF-27 VVVV_1
[BDArmory.BDACompetitionMode:196581909]: WHODAMAGEDWHOWITHMISSILES:AS-124 (tony flares)_1:35647.2:PLAID AIF-27 VVVV_1
[BDArmory.BDACompetitionMode:196581909]: WHODAMAGEDWHOWITHBATTLEDAMAGE:PLAID AIF-27 VVVV:48.2:AS-124 (tony flares):25321.4:PLAID AIF-27 VVVV
[BDArmory.BDACompetitionMode:196581909]: WHODAMAGEDWHOWITHBATTLEDAMAGE:PLAID AIF-27 VVVV_1:29.9:AS-124 (tony flares):18429.7:PLAID AIF-27 VVVV_1
[BDArmory.BDACompetitionMode:196581909]: WHODAMAGEDWHOWITHBATTLEDAMAGE:AS-124 (tony flares):50.1:PLAID AIF-27 VVVV
[BDArmory.BDACompetitionMode:196581909]: CLEANKILLGUNS:PLAID AIF-27 VVVV:AS-124 (tony flares)
[BDArmory.BDACompetitionMode:196581909]: CLEANKILLGUNS:PLAID AIF-27 VVVV_1:AS-124 (tony flares)
[BDArmory.BDACompetitionMode:196581909]: CLEANKILLMISSILES:AS-124 (tony flares)_1:PLAID AIF-27 VVVV_1
[BDArmory.BDACompetitionMode:196581909]: HPLEFT:PLAID AIF-27 VVVV:0
[BDArmory.BDACompetitionMode:196581909]: HPLEFT:PLAID AIF-27 VVVV_1:0
[BDArmory.BDACompetitionMode:196581909]: HPLEFT:AS-124 (tony flares):98.6111111111111
[BDArmory.BDACompetitionMode:196581909]: HPLEFT:AS-124 (tony flares)_1:0
[BDArmory.BDACompetitionMode:196581909]: ACCURACY:PLAID AIF-27 VVVV:2/133:0/0
[BDArmory.BDACompetitionMode:196581909]: ACCURACY:PLAID AIF-27 VVVV_1:1/119:0/0
[BDArmory.BDACompetitionMode:196581909]: ACCURACY:AS-124 (tony flares):44/478:0/0
[BDArmory.BDACompetitionMode:196581909]: ACCURACY:AS-124 (tony flares)_1:0/0:0/0
