[BDArmory.BDACompetitionMode:196582138]: Dumping Results after 88s (of 0s) at 2026-03-25 06:10:40 -04:00
[BDArmory.BDACompetitionMode:196582138]: RESULT:Win:{"team": "PLAID AIF-42C5B LRP", "members": ["PLAID AIF-42C5B LRP", "PLAID AIF-42C5B LRP_1"]}
[BDArmory.BDACompetitionMode:196582138]: DEADTEAMS:[{"team": "PLAID AIF-91I5", "members": ["PLAID AIF-91I5", "PLAID AIF-91I5_1"]}]
[BDArmory.BDACompetitionMode:196582138]: ALIVE:PLAID AIF-42C5B LRP
[BDArmory.BDACompetitionMode:196582138]: ALIVE:PLAID AIF-42C5B LRP_1
[BDArmory.BDACompetitionMode:196582138]: DEAD:1:77.0:PLAID AIF-91I5
[BDArmory.BDACompetitionMode:196582138]: DEAD:0:69.0:PLAID AIF-91I5_1
[BDArmory.BDACompetitionMode:196582138]: WHOHITWHOWITHMISSILES:PLAID AIF-91I5:1:PLAID AIF-42C5B LRP_1:2:PLAID AIF-42C5B LRP
[BDArmory.BDACompetitionMode:196582138]: WHOHITWHOWITHMISSILES:PLAID AIF-91I5_1:2:PLAID AIF-42C5B LRP:2:PLAID AIF-42C5B LRP_1
[BDArmory.BDACompetitionMode:196582138]: WHOPARTSHITWHOWITHMISSILES:PLAID AIF-91I5:122:PLAID AIF-42C5B LRP_1:25:PLAID AIF-42C5B LRP
[BDArmory.BDACompetitionMode:196582138]: WHOPARTSHITWHOWITHMISSILES:PLAID AIF-91I5_1:136:PLAID AIF-42C5B LRP:210:PLAID AIF-42C5B LRP_1
[BDArmory.BDACompetitionMode:196582138]: WHODAMAGEDWHOWITHMISSILES:PLAID AIF-91I5:64054.3:PLAID AIF-42C5B LRP_1:10470.9:PLAID AIF-42C5B LRP
[BDArmory.BDACompetitionMode:196582138]: WHODAMAGEDWHOWITHMISSILES:PLAID AIF-91I5_1:21138.5:PLAID AIF-42C5B LRP:69869.5:PLAID AIF-42C5B LRP_1
[BDArmory.BDACompetitionMode:196582138]: WHODAMAGEDWHOWITHBATTLEDAMAGE:PLAID AIF-91I5_1:16396.1:PLAID AIF-42C5B LRP_1
[BDArmory.BDACompetitionMode:196582138]: HEADSHOTMISSILES:PLAID AIF-91I5:PLAID AIF-42C5B LRP
[BDArmory.BDACompetitionMode:196582138]: KILLSTEALMISSILES:PLAID AIF-91I5_1:PLAID AIF-42C5B LRP
[BDArmory.BDACompetitionMode:196582138]: HPLEFT:PLAID AIF-91I5:0
[BDArmory.BDACompetitionMode:196582138]: HPLEFT:PLAID AIF-91I5_1:0
[BDArmory.BDACompetitionMode:196582138]: HPLEFT:PLAID AIF-42C5B LRP:100
[BDArmory.BDACompetitionMode:196582138]: HPLEFT:PLAID AIF-42C5B LRP_1:100
[BDArmory.BDACompetitionMode:196582138]: ACCURACY:PLAID AIF-91I5:0/0:0/0
[BDArmory.BDACompetitionMode:196582138]: ACCURACY:PLAID AIF-91I5_1:0/0:0/0
[BDArmory.BDACompetitionMode:196582138]: ACCURACY:PLAID AIF-42C5B LRP:0/0:0/0
[BDArmory.BDACompetitionMode:196582138]: ACCURACY:PLAID AIF-42C5B LRP_1:0/0:0/0
