[BDArmory.BDACompetitionMode:209716748]: Dumping Results after 53s (of 0s) at 2026-08-24 06:41:46 -04:00
[BDArmory.BDACompetitionMode:209716748]: RESULT:Win:{"team": "PLAID ASF-07 CERULEAN OPTIC (DF)", "members": ["PLAID ASF-07 CERULEAN OPTIC (DF)", "PLAID ASF-07 CERULEAN OPTIC (DF)_1", "PLAID ASF-07 CERULEAN OPTIC (DF)_2", "PLAID ASF-07 CERULEAN OPTIC (DF)_3", "PLAID ASF-07 CERULEAN OPTIC (DF)_4", "PLAID ASF-07 CERULEAN OPTIC (DF)_5", "PLAID ASF-07 CERULEAN OPTIC (DF)_6", "PLAID ASF-07 CERULEAN OPTIC (DF)_7"]}
[BDArmory.BDACompetitionMode:209716748]: DEADTEAMS:[{"team": "OZ-3a", "members": ["OZ-3a", "OZ-3a_1", "OZ-3a_2", "OZ-3a_3", "OZ-3a_4", "OZ-3a_5", "OZ-3a_6", "OZ-3a_7", "OZ-3a_4_F1", "OZ-3a_6_F1"]}, {"team": "A", "members": ["OZ-3a_7_F1"]}]
[BDArmory.BDACompetitionMode:209716748]: ALIVE:PLAID ASF-07 CERULEAN OPTIC (DF)
[BDArmory.BDACompetitionMode:209716748]: ALIVE:PLAID ASF-07 CERULEAN OPTIC (DF)_1
[BDArmory.BDACompetitionMode:209716748]: ALIVE:PLAID ASF-07 CERULEAN OPTIC (DF)_2
[BDArmory.BDACompetitionMode:209716748]: ALIVE:PLAID ASF-07 CERULEAN OPTIC (DF)_4
[BDArmory.BDACompetitionMode:209716748]: ALIVE:PLAID ASF-07 CERULEAN OPTIC (DF)_5
[BDArmory.BDACompetitionMode:209716748]: DEAD:10:36.0:OZ-3a
[BDArmory.BDACompetitionMode:209716748]: DEAD:8:24.0:OZ-3a_1
[BDArmory.BDACompetitionMode:209716748]: DEAD:11:38.0:OZ-3a_2
[BDArmory.BDACompetitionMode:209716748]: DEAD:12:38.0:OZ-3a_3
[BDArmory.BDACompetitionMode:209716748]: DEAD:4:18.0:OZ-3a_4
[BDArmory.BDACompetitionMode:209716748]: DEAD:0:11.0:OZ-3a_5
[BDArmory.BDACompetitionMode:209716748]: DEAD:6:21.0:OZ-3a_6
[BDArmory.BDACompetitionMode:209716748]: DEAD:1:11.0:OZ-3a_7
[BDArmory.BDACompetitionMode:209716748]: DEAD:9:31.0:PLAID ASF-07 CERULEAN OPTIC (DF)_3
[BDArmory.BDACompetitionMode:209716748]: MIA:PLAID ASF-07 CERULEAN OPTIC (DF)_6
[BDArmory.BDACompetitionMode:209716748]: DEAD:3:15.0:PLAID ASF-07 CERULEAN OPTIC (DF)_7
[BDArmory.BDACompetitionMode:209716748]: DEAD:2:11.0:OZ-3a_7_F1
[BDArmory.BDACompetitionMode:209716748]: DEAD:5:18.0:OZ-3a_4_F1
[BDArmory.BDACompetitionMode:209716748]: DEAD:7:21.0:OZ-3a_6_F1
[BDArmory.BDACompetitionMode:209716748]: WHOSHOTWHOWITHGUNS:OZ-3a:4:PLAID ASF-07 CERULEAN OPTIC (DF)_5
[BDArmory.BDACompetitionMode:209716748]: WHOSHOTWHOWITHGUNS:OZ-3a_1:12:PLAID ASF-07 CERULEAN OPTIC (DF)_4
[BDArmory.BDACompetitionMode:209716748]: WHOSHOTWHOWITHGUNS:OZ-3a_2:5:PLAID ASF-07 CERULEAN OPTIC (DF)_1:33:PLAID ASF-07 CERULEAN OPTIC (DF)_5
[BDArmory.BDACompetitionMode:209716748]: WHOSHOTWHOWITHGUNS:OZ-3a_3:8:PLAID ASF-07 CERULEAN OPTIC (DF):13:PLAID ASF-07 CERULEAN OPTIC (DF)_2
[BDArmory.BDACompetitionMode:209716748]: WHOSHOTWHOWITHGUNS:OZ-3a_4:24:PLAID ASF-07 CERULEAN OPTIC (DF)_5
[BDArmory.BDACompetitionMode:209716748]: WHOSHOTWHOWITHGUNS:OZ-3a_5:15:PLAID ASF-07 CERULEAN OPTIC (DF)_6:7:PLAID ASF-07 CERULEAN OPTIC (DF)_4
[BDArmory.BDACompetitionMode:209716748]: WHOSHOTWHOWITHGUNS:OZ-3a_6:14:PLAID ASF-07 CERULEAN OPTIC (DF)_1:16:PLAID ASF-07 CERULEAN OPTIC (DF)_3
[BDArmory.BDACompetitionMode:209716748]: WHOSHOTWHOWITHGUNS:OZ-3a_7:14:PLAID ASF-07 CERULEAN OPTIC (DF)_2:3:PLAID ASF-07 CERULEAN OPTIC (DF)
[BDArmory.BDACompetitionMode:209716748]: WHOSHOTWHOWITHGUNS:PLAID ASF-07 CERULEAN OPTIC (DF)_3:28:OZ-3a_2
[BDArmory.BDACompetitionMode:209716748]: WHOSHOTWHOWITHGUNS:PLAID ASF-07 CERULEAN OPTIC (DF)_6:43:OZ-3a_1:41:OZ-3a_3
[BDArmory.BDACompetitionMode:209716748]: WHOSHOTWHOWITHGUNS:PLAID ASF-07 CERULEAN OPTIC (DF)_7:8:OZ-3a:9:OZ-3a_2
[BDArmory.BDACompetitionMode:209716748]: WHODAMAGEDWHOWITHGUNS:OZ-3a:315.0:PLAID ASF-07 CERULEAN OPTIC (DF)_5
[BDArmory.BDACompetitionMode:209716748]: WHODAMAGEDWHOWITHGUNS:OZ-3a_1:1134.9:PLAID ASF-07 CERULEAN OPTIC (DF)_4
[BDArmory.BDACompetitionMode:209716748]: WHODAMAGEDWHOWITHGUNS:OZ-3a_2:335.0:PLAID ASF-07 CERULEAN OPTIC (DF)_1:2345.4:PLAID ASF-07 CERULEAN OPTIC (DF)_5
[BDArmory.BDACompetitionMode:209716748]: WHODAMAGEDWHOWITHGUNS:OZ-3a_3:723.4:PLAID ASF-07 CERULEAN OPTIC (DF):1046.3:PLAID ASF-07 CERULEAN OPTIC (DF)_2
[BDArmory.BDACompetitionMode:209716748]: WHODAMAGEDWHOWITHGUNS:OZ-3a_4:2143.0:PLAID ASF-07 CERULEAN OPTIC (DF)_5
[BDArmory.BDACompetitionMode:209716748]: WHODAMAGEDWHOWITHGUNS:OZ-3a_5:1028.4:PLAID ASF-07 CERULEAN OPTIC (DF)_6:691.0:PLAID ASF-07 CERULEAN OPTIC (DF)_4
[BDArmory.BDACompetitionMode:209716748]: WHODAMAGEDWHOWITHGUNS:OZ-3a_6:1210.3:PLAID ASF-07 CERULEAN OPTIC (DF)_1:1100.7:PLAID ASF-07 CERULEAN OPTIC (DF)_3
[BDArmory.BDACompetitionMode:209716748]: WHODAMAGEDWHOWITHGUNS:OZ-3a_7:1038.1:PLAID ASF-07 CERULEAN OPTIC (DF)_2:215.5:PLAID ASF-07 CERULEAN OPTIC (DF)
[BDArmory.BDACompetitionMode:209716748]: WHODAMAGEDWHOWITHGUNS:PLAID ASF-07 CERULEAN OPTIC (DF)_3:2189.9:OZ-3a_2
[BDArmory.BDACompetitionMode:209716748]: WHODAMAGEDWHOWITHGUNS:PLAID ASF-07 CERULEAN OPTIC (DF)_6:2832.8:OZ-3a_1:2696.4:OZ-3a_3
[BDArmory.BDACompetitionMode:209716748]: WHODAMAGEDWHOWITHGUNS:PLAID ASF-07 CERULEAN OPTIC (DF)_7:673.4:OZ-3a:654.1:OZ-3a_2
[BDArmory.BDACompetitionMode:209716748]: WHODAMAGEDWHOWITHGUNS:OZ-3a_7_F1:0.2:PLAID ASF-07 CERULEAN OPTIC (DF)_2:0.1:PLAID ASF-07 CERULEAN OPTIC (DF)
[BDArmory.BDACompetitionMode:209716748]: WHODAMAGEDWHOWITHGUNS:OZ-3a_4_F1:0.1:PLAID ASF-07 CERULEAN OPTIC (DF)_5
[BDArmory.BDACompetitionMode:209716748]: WHODAMAGEDWHOWITHGUNS:OZ-3a_6_F1:0.0:PLAID ASF-07 CERULEAN OPTIC (DF)_1
[BDArmory.BDACompetitionMode:209716748]: WHODAMAGEDWHOWITHBATTLEDAMAGE:OZ-3a:50.1:PLAID ASF-07 CERULEAN OPTIC (DF)_5
[BDArmory.BDACompetitionMode:209716748]: WHODAMAGEDWHOWITHBATTLEDAMAGE:OZ-3a_1:59.6:PLAID ASF-07 CERULEAN OPTIC (DF)_4
[BDArmory.BDACompetitionMode:209716748]: WHODAMAGEDWHOWITHBATTLEDAMAGE:OZ-3a_2:234.0:PLAID ASF-07 CERULEAN OPTIC (DF)_5
[BDArmory.BDACompetitionMode:209716748]: WHODAMAGEDWHOWITHBATTLEDAMAGE:OZ-3a_3:257.0:PLAID ASF-07 CERULEAN OPTIC (DF):130.6:PLAID ASF-07 CERULEAN OPTIC (DF)_2
[BDArmory.BDACompetitionMode:209716748]: WHODAMAGEDWHOWITHBATTLEDAMAGE:OZ-3a_4:48.5:PLAID ASF-07 CERULEAN OPTIC (DF)_5
[BDArmory.BDACompetitionMode:209716748]: WHODAMAGEDWHOWITHBATTLEDAMAGE:OZ-3a_5:75.2:PLAID ASF-07 CERULEAN OPTIC (DF)_6:1.7:PLAID ASF-07 CERULEAN OPTIC (DF)_4
[BDArmory.BDACompetitionMode:209716748]: WHODAMAGEDWHOWITHBATTLEDAMAGE:OZ-3a_6:248.6:PLAID ASF-07 CERULEAN OPTIC (DF)_1:63.9:PLAID ASF-07 CERULEAN OPTIC (DF)_3
[BDArmory.BDACompetitionMode:209716748]: WHODAMAGEDWHOWITHBATTLEDAMAGE:OZ-3a_7:25.4:PLAID ASF-07 CERULEAN OPTIC (DF)_2
[BDArmory.BDACompetitionMode:209716748]: WHODAMAGEDWHOWITHBATTLEDAMAGE:PLAID ASF-07 CERULEAN OPTIC (DF)_3:208.6:OZ-3a_2:1350.1:PLAID ASF-07 CERULEAN OPTIC (DF)_3
[BDArmory.BDACompetitionMode:209716748]: WHODAMAGEDWHOWITHBATTLEDAMAGE:PLAID ASF-07 CERULEAN OPTIC (DF)_6:113.7:OZ-3a_3:1814.1:OZ-3a_1
[BDArmory.BDACompetitionMode:209716748]: CLEANKILLGUNS:OZ-3a_4:PLAID ASF-07 CERULEAN OPTIC (DF)_5
[BDArmory.BDACompetitionMode:209716748]: KILLSTEALGUNS:OZ-3a_5:PLAID ASF-07 CERULEAN OPTIC (DF)_4
[BDArmory.BDACompetitionMode:209716748]: KILLSTEALGUNS:OZ-3a_6:PLAID ASF-07 CERULEAN OPTIC (DF)_1
[BDArmory.BDACompetitionMode:209716748]: KILLSTEALGUNS:OZ-3a_7:PLAID ASF-07 CERULEAN OPTIC (DF)_2
[BDArmory.BDACompetitionMode:209716748]: KILLSTEALGUNS:OZ-3a_7_F1:PLAID ASF-07 CERULEAN OPTIC (DF)
[BDArmory.BDACompetitionMode:209716748]: CLEANKILLGUNS:OZ-3a_4_F1:PLAID ASF-07 CERULEAN OPTIC (DF)_5
[BDArmory.BDACompetitionMode:209716748]: CLEANKILLGUNS:OZ-3a_6_F1:PLAID ASF-07 CERULEAN OPTIC (DF)_1
[BDArmory.BDACompetitionMode:209716748]: HPLEFT:OZ-3a:0
[BDArmory.BDACompetitionMode:209716748]: HPLEFT:OZ-3a_1:0
[BDArmory.BDACompetitionMode:209716748]: HPLEFT:OZ-3a_2:0
[BDArmory.BDACompetitionMode:209716748]: HPLEFT:OZ-3a_3:0
[BDArmory.BDACompetitionMode:209716748]: HPLEFT:OZ-3a_4:0
[BDArmory.BDACompetitionMode:209716748]: HPLEFT:OZ-3a_5:0
[BDArmory.BDACompetitionMode:209716748]: HPLEFT:OZ-3a_6:0
[BDArmory.BDACompetitionMode:209716748]: HPLEFT:OZ-3a_7:0
[BDArmory.BDACompetitionMode:209716748]: HPLEFT:PLAID ASF-07 CERULEAN OPTIC (DF):101.190476190476
[BDArmory.BDACompetitionMode:209716748]: HPLEFT:PLAID ASF-07 CERULEAN OPTIC (DF)_1:101.190476190476
[BDArmory.BDACompetitionMode:209716748]: HPLEFT:PLAID ASF-07 CERULEAN OPTIC (DF)_2:101.190476190476
[BDArmory.BDACompetitionMode:209716748]: HPLEFT:PLAID ASF-07 CERULEAN OPTIC (DF)_3:0
[BDArmory.BDACompetitionMode:209716748]: HPLEFT:PLAID ASF-07 CERULEAN OPTIC (DF)_4:101.190476190476
[BDArmory.BDACompetitionMode:209716748]: HPLEFT:PLAID ASF-07 CERULEAN OPTIC (DF)_5:101.190476190476
[BDArmory.BDACompetitionMode:209716748]: HPLEFT:PLAID ASF-07 CERULEAN OPTIC (DF)_6:4.76190476190476
[BDArmory.BDACompetitionMode:209716748]: HPLEFT:PLAID ASF-07 CERULEAN OPTIC (DF)_7:0
[BDArmory.BDACompetitionMode:209716748]: HPLEFT:OZ-3a_7_F1:0
[BDArmory.BDACompetitionMode:209716748]: HPLEFT:OZ-3a_4_F1:0
[BDArmory.BDACompetitionMode:209716748]: HPLEFT:OZ-3a_6_F1:0
[BDArmory.BDACompetitionMode:209716748]: ACCURACY:OZ-3a:8/62:0/0
[BDArmory.BDACompetitionMode:209716748]: ACCURACY:OZ-3a_1:43/153:0/0
[BDArmory.BDACompetitionMode:209716748]: ACCURACY:OZ-3a_2:37/180:0/0
[BDArmory.BDACompetitionMode:209716748]: ACCURACY:OZ-3a_3:41/101:0/0
[BDArmory.BDACompetitionMode:209716748]: ACCURACY:OZ-3a_4:0/0:0/0
[BDArmory.BDACompetitionMode:209716748]: ACCURACY:OZ-3a_5:0/0:0/0
[BDArmory.BDACompetitionMode:209716748]: ACCURACY:OZ-3a_6:0/0:0/0
[BDArmory.BDACompetitionMode:209716748]: ACCURACY:OZ-3a_7:0/0:0/0
[BDArmory.BDACompetitionMode:209716748]: ACCURACY:PLAID ASF-07 CERULEAN OPTIC (DF):11/383:0/0
[BDArmory.BDACompetitionMode:209716748]: ACCURACY:PLAID ASF-07 CERULEAN OPTIC (DF)_1:19/547:0/0
[BDArmory.BDACompetitionMode:209716748]: ACCURACY:PLAID ASF-07 CERULEAN OPTIC (DF)_2:27/510:0/0
[BDArmory.BDACompetitionMode:209716748]: ACCURACY:PLAID ASF-07 CERULEAN OPTIC (DF)_3:16/441:0/0
[BDArmory.BDACompetitionMode:209716748]: ACCURACY:PLAID ASF-07 CERULEAN OPTIC (DF)_4:19/443:0/0
[BDArmory.BDACompetitionMode:209716748]: ACCURACY:PLAID ASF-07 CERULEAN OPTIC (DF)_5:61/647:0/0
[BDArmory.BDACompetitionMode:209716748]: ACCURACY:PLAID ASF-07 CERULEAN OPTIC (DF)_6:15/230:0/0
[BDArmory.BDACompetitionMode:209716748]: ACCURACY:PLAID ASF-07 CERULEAN OPTIC (DF)_7:0/34:0/0
[BDArmory.BDACompetitionMode:209716748]: ACCURACY:OZ-3a_7_F1:0/0:0/0
[BDArmory.BDACompetitionMode:209716748]: ACCURACY:OZ-3a_4_F1:0/0:0/0
[BDArmory.BDACompetitionMode:209716748]: ACCURACY:OZ-3a_6_F1:0/0:0/0
