[BDArmory.BDACompetitionMode:203481292]: Dumping Results after 60s (of 0s) at 2026-06-13 02:35:58 -04:00
[BDArmory.BDACompetitionMode:203481292]: RESULT:Win:{"team": "AIF-38D", "members": ["AIF-38D"]}
[BDArmory.BDACompetitionMode:203481292]: DEADTEAMS:[{"team": "AIF-38D - Copy", "members": ["AIF-38D_1"]}]
[BDArmory.BDACompetitionMode:203481292]: ALIVE:AIF-38D
[BDArmory.BDACompetitionMode:203481292]: DEAD:0:49.0:AIF-38D_1
[BDArmory.BDACompetitionMode:203481292]: WHOSHOTWHOWITHGUNS:AIF-38D_1:2:AIF-38D
[BDArmory.BDACompetitionMode:203481292]: WHODAMAGEDWHOWITHGUNS:AIF-38D_1:615.7:AIF-38D
[BDArmory.BDACompetitionMode:203481292]: WHOHITWHOWITHMISSILES:AIF-38D:1:AIF-38D_1
[BDArmory.BDACompetitionMode:203481292]: WHOHITWHOWITHMISSILES:AIF-38D_1:2:AIF-38D
[BDArmory.BDACompetitionMode:203481292]: WHOPARTSHITWHOWITHMISSILES:AIF-38D:99:AIF-38D_1
[BDArmory.BDACompetitionMode:203481292]: WHOPARTSHITWHOWITHMISSILES:AIF-38D_1:178:AIF-38D
[BDArmory.BDACompetitionMode:203481292]: WHODAMAGEDWHOWITHMISSILES:AIF-38D:6571.0:AIF-38D_1
[BDArmory.BDACompetitionMode:203481292]: WHODAMAGEDWHOWITHMISSILES:AIF-38D_1:22699.2:AIF-38D
[BDArmory.BDACompetitionMode:203481292]: WHODAMAGEDWHOWITHBATTLEDAMAGE:AIF-38D:0.3:AIF-38D_1
[BDArmory.BDACompetitionMode:203481292]: WHODAMAGEDWHOWITHBATTLEDAMAGE:AIF-38D_1:6.0:AIF-38D
[BDArmory.BDACompetitionMode:203481292]: CLEANKILLGUNS:AIF-38D_1:AIF-38D
[BDArmory.BDACompetitionMode:203481292]: HPLEFT:AIF-38D:95.2380952380952
[BDArmory.BDACompetitionMode:203481292]: HPLEFT:AIF-38D_1:0
[BDArmory.BDACompetitionMode:203481292]: ACCURACY:AIF-38D:2/7:0/0
[BDArmory.BDACompetitionMode:203481292]: ACCURACY:AIF-38D_1:0/0:0/0
