[BDArmory.BDACompetitionMode:197178182]: Dumping Results after 113s (of 0s) at 2026-04-01 03:44:09 -04:00
[BDArmory.BDACompetitionMode:197178182]: RESULT:Win:{"team": "KJ-56M10_16 Tiger Heron", "members": ["KJ-56M10.16 Tiger Heron", "KJ-56M10.16 Tiger Heron_1"]}
[BDArmory.BDACompetitionMode:197178182]: DEADTEAMS:[{"team": "PLAID AIF-42C5B LRP", "members": ["PLAID AIF-42C5B LRP", "PLAID AIF-42C5B LRP_1"]}]
[BDArmory.BDACompetitionMode:197178182]: ALIVE:KJ-56M10.16 Tiger Heron_1
[BDArmory.BDACompetitionMode:197178182]: MIA:KJ-56M10.16 Tiger Heron
[BDArmory.BDACompetitionMode:197178182]: DEAD:1:102.0:PLAID AIF-42C5B LRP
[BDArmory.BDACompetitionMode:197178182]: DEAD:0:96.0:PLAID AIF-42C5B LRP_1
[BDArmory.BDACompetitionMode:197178182]: WHOSHOTWHOWITHGUNS:KJ-56M10.16 Tiger Heron_1:5:PLAID AIF-42C5B LRP_1
[BDArmory.BDACompetitionMode:197178182]: WHOSHOTWHOWITHGUNS:PLAID AIF-42C5B LRP:2:KJ-56M10.16 Tiger Heron_1:10:KJ-56M10.16 Tiger Heron
[BDArmory.BDACompetitionMode:197178182]: WHOSHOTWHOWITHGUNS:PLAID AIF-42C5B LRP_1:30:KJ-56M10.16 Tiger Heron_1
[BDArmory.BDACompetitionMode:197178182]: WHODAMAGEDWHOWITHGUNS:KJ-56M10.16 Tiger Heron_1:891.5:PLAID AIF-42C5B LRP_1
[BDArmory.BDACompetitionMode:197178182]: WHODAMAGEDWHOWITHGUNS:PLAID AIF-42C5B LRP:1045.6:KJ-56M10.16 Tiger Heron_1:2104.5:KJ-56M10.16 Tiger Heron
[BDArmory.BDACompetitionMode:197178182]: WHODAMAGEDWHOWITHGUNS:PLAID AIF-42C5B LRP_1:4746.5:KJ-56M10.16 Tiger Heron_1
[BDArmory.BDACompetitionMode:197178182]: WHOHITWHOWITHMISSILES:KJ-56M10.16 Tiger Heron:1:PLAID AIF-42C5B LRP:1:KJ-56M10.16 Tiger Heron_1
[BDArmory.BDACompetitionMode:197178182]: WHOHITWHOWITHMISSILES:PLAID AIF-42C5B LRP:2:KJ-56M10.16 Tiger Heron
[BDArmory.BDACompetitionMode:197178182]: WHOPARTSHITWHOWITHMISSILES:KJ-56M10.16 Tiger Heron:56:PLAID AIF-42C5B LRP:62:KJ-56M10.16 Tiger Heron_1
[BDArmory.BDACompetitionMode:197178182]: WHOPARTSHITWHOWITHMISSILES:PLAID AIF-42C5B LRP:112:KJ-56M10.16 Tiger Heron
[BDArmory.BDACompetitionMode:197178182]: WHODAMAGEDWHOWITHMISSILES:KJ-56M10.16 Tiger Heron:1078.7:PLAID AIF-42C5B LRP:352.3:KJ-56M10.16 Tiger Heron_1
[BDArmory.BDACompetitionMode:197178182]: WHODAMAGEDWHOWITHMISSILES:PLAID AIF-42C5B LRP:15393.0:KJ-56M10.16 Tiger Heron
[BDArmory.BDACompetitionMode:197178182]: WHODAMAGEDWHOWITHBATTLEDAMAGE:KJ-56M10.16 Tiger Heron:5064.3:KJ-56M10.16 Tiger Heron_1:6105.4:KJ-56M10.16 Tiger Heron
[BDArmory.BDACompetitionMode:197178182]: WHODAMAGEDWHOWITHBATTLEDAMAGE:KJ-56M10.16 Tiger Heron_1:100.2:PLAID AIF-42C5B LRP_1
[BDArmory.BDACompetitionMode:197178182]: WHODAMAGEDWHOWITHBATTLEDAMAGE:PLAID AIF-42C5B LRP:0.6:KJ-56M10.16 Tiger Heron_1:10259.1:PLAID AIF-42C5B LRP:1.3:KJ-56M10.16 Tiger Heron
[BDArmory.BDACompetitionMode:197178182]: WHODAMAGEDWHOWITHBATTLEDAMAGE:PLAID AIF-42C5B LRP_1:95.0:KJ-56M10.16 Tiger Heron_1
[BDArmory.BDACompetitionMode:197178182]: HEADSHOTGUNS:PLAID AIF-42C5B LRP:KJ-56M10.16 Tiger Heron
[BDArmory.BDACompetitionMode:197178182]: CLEANKILLGUNS:PLAID AIF-42C5B LRP_1:KJ-56M10.16 Tiger Heron_1
[BDArmory.BDACompetitionMode:197178182]: HPLEFT:KJ-56M10.16 Tiger Heron:10.958904109589
[BDArmory.BDACompetitionMode:197178182]: HPLEFT:KJ-56M10.16 Tiger Heron_1:100
[BDArmory.BDACompetitionMode:197178182]: HPLEFT:PLAID AIF-42C5B LRP:0
[BDArmory.BDACompetitionMode:197178182]: HPLEFT:PLAID AIF-42C5B LRP_1:0
[BDArmory.BDACompetitionMode:197178182]: ACCURACY:KJ-56M10.16 Tiger Heron:10/74:0/0
[BDArmory.BDACompetitionMode:197178182]: ACCURACY:KJ-56M10.16 Tiger Heron_1:32/154:0/0
[BDArmory.BDACompetitionMode:197178182]: ACCURACY:PLAID AIF-42C5B LRP:0/0:0/0
[BDArmory.BDACompetitionMode:197178182]: ACCURACY:PLAID AIF-42C5B LRP_1:5/34:0/0
