[BDArmory.BDACompetitionMode:197609051]: Dumping Results after 124s (of 0s) at 2026-04-06 03:26:58 -04:00
[BDArmory.BDACompetitionMode:197609051]: RESULT:Win:{"team": "New folder", "members": ["PLAID CFV-11F \"HAKORI\"", "PLAID ZRQ-11104 AMBER OPTIC"]}
[BDArmory.BDACompetitionMode:197609051]: DEADTEAMS:[{"team": "New folder (2)", "members": ["PLAID MBT-42F3 \"NAVAJO\"", "PLAID MBT-42F3 \"NAVAJO\"_1", "PLAID MBT-42F3 \"NAVAJO\"_2"]}]
[BDArmory.BDACompetitionMode:197609051]: ALIVE:PLAID CFV-11F "HAKORI"
[BDArmory.BDACompetitionMode:197609051]: ALIVE:PLAID ZRQ-11104 AMBER OPTIC
[BDArmory.BDACompetitionMode:197609051]: DEAD:1:104.7:PLAID MBT-42F3 "NAVAJO"
[BDArmory.BDACompetitionMode:197609051]: DEAD:0:91.0:PLAID MBT-42F3 "NAVAJO"_1
[BDArmory.BDACompetitionMode:197609051]: DEAD:2:113.6:PLAID MBT-42F3 "NAVAJO"_2
[BDArmory.BDACompetitionMode:197609051]: WHOHITWHOWITHMISSILES:PLAID MBT-42F3 "NAVAJO":3:PLAID CFV-11F "HAKORI"
[BDArmory.BDACompetitionMode:197609051]: WHOHITWHOWITHMISSILES:PLAID MBT-42F3 "NAVAJO"_1:5:PLAID CFV-11F "HAKORI"
[BDArmory.BDACompetitionMode:197609051]: WHOHITWHOWITHMISSILES:PLAID MBT-42F3 "NAVAJO"_2:6:PLAID CFV-11F "HAKORI"
[BDArmory.BDACompetitionMode:197609051]: WHOPARTSHITWHOWITHMISSILES:PLAID MBT-42F3 "NAVAJO":570:PLAID CFV-11F "HAKORI"
[BDArmory.BDACompetitionMode:197609051]: WHOPARTSHITWHOWITHMISSILES:PLAID MBT-42F3 "NAVAJO"_1:939:PLAID CFV-11F "HAKORI"
[BDArmory.BDACompetitionMode:197609051]: WHOPARTSHITWHOWITHMISSILES:PLAID MBT-42F3 "NAVAJO"_2:986:PLAID CFV-11F "HAKORI"
[BDArmory.BDACompetitionMode:197609051]: WHODAMAGEDWHOWITHMISSILES:PLAID MBT-42F3 "NAVAJO":411469.9:PLAID CFV-11F "HAKORI"
[BDArmory.BDACompetitionMode:197609051]: WHODAMAGEDWHOWITHMISSILES:PLAID MBT-42F3 "NAVAJO"_1:517670.8:PLAID CFV-11F "HAKORI"
[BDArmory.BDACompetitionMode:197609051]: WHODAMAGEDWHOWITHMISSILES:PLAID MBT-42F3 "NAVAJO"_2:334300.8:PLAID CFV-11F "HAKORI"
[BDArmory.BDACompetitionMode:197609051]: WHODAMAGEDWHOWITHBATTLEDAMAGE:PLAID MBT-42F3 "NAVAJO":372.0:PLAID CFV-11F "HAKORI"
[BDArmory.BDACompetitionMode:197609051]: WHODAMAGEDWHOWITHBATTLEDAMAGE:PLAID MBT-42F3 "NAVAJO"_1:186.0:PLAID CFV-11F "HAKORI"
[BDArmory.BDACompetitionMode:197609051]: WHODAMAGEDWHOWITHBATTLEDAMAGE:PLAID MBT-42F3 "NAVAJO"_2:372.0:PLAID CFV-11F "HAKORI"
[BDArmory.BDACompetitionMode:197609051]: GMKILL:PLAID MBT-42F3 "NAVAJO":GM
[BDArmory.BDACompetitionMode:197609051]: GMKILL:PLAID MBT-42F3 "NAVAJO"_1:GM
[BDArmory.BDACompetitionMode:197609051]: GMKILL:PLAID MBT-42F3 "NAVAJO"_2:GM
[BDArmory.BDACompetitionMode:197609051]: HPLEFT:PLAID CFV-11F "HAKORI":101.807228915663
[BDArmory.BDACompetitionMode:197609051]: HPLEFT:PLAID ZRQ-11104 AMBER OPTIC:100
[BDArmory.BDACompetitionMode:197609051]: HPLEFT:PLAID MBT-42F3 "NAVAJO":0
[BDArmory.BDACompetitionMode:197609051]: HPLEFT:PLAID MBT-42F3 "NAVAJO"_1:0
[BDArmory.BDACompetitionMode:197609051]: HPLEFT:PLAID MBT-42F3 "NAVAJO"_2:0
[BDArmory.BDACompetitionMode:197609051]: ACCURACY:PLAID CFV-11F "HAKORI":0/0:0/0
[BDArmory.BDACompetitionMode:197609051]: ACCURACY:PLAID ZRQ-11104 AMBER OPTIC:0/0:0/0
[BDArmory.BDACompetitionMode:197609051]: ACCURACY:PLAID MBT-42F3 "NAVAJO":0/290:0/0
[BDArmory.BDACompetitionMode:197609051]: ACCURACY:PLAID MBT-42F3 "NAVAJO"_1:0/218:0/0
[BDArmory.BDACompetitionMode:197609051]: ACCURACY:PLAID MBT-42F3 "NAVAJO"_2:0/314:0/0
