[BDArmory.BDACompetitionMode:208994354]: Dumping Results after 89s (of 0s) at 2026-08-15 22:02:27 -04:00
[BDArmory.BDACompetitionMode:208994354]: RESULT:Win:{"team": "AIF-38D5", "members": ["AIF-38D5", "AIF-38D5_1", "AIF-38D5_2", "AIF-38D5_3", "AIF-38D5_4", "AIF-38D5_5"]}
[BDArmory.BDACompetitionMode:208994354]: DEADTEAMS:[{"team": "AIF-38D2", "members": ["AIF-38D2", "AIF-38D2_1", "AIF-38D2_2", "AIF-38D2_3", "AIF-38D2_4", "AIF-38D2_5"]}]
[BDArmory.BDACompetitionMode:208994354]: ALIVE:AIF-38D5
[BDArmory.BDACompetitionMode:208994354]: ALIVE:AIF-38D5_3
[BDArmory.BDACompetitionMode:208994354]: ALIVE:AIF-38D5_4
[BDArmory.BDACompetitionMode:208994354]: ALIVE:AIF-38D5_5
[BDArmory.BDACompetitionMode:208994354]: DEAD:5:73.0:AIF-38D5_1
[BDArmory.BDACompetitionMode:208994354]: DEAD:7:82.0:AIF-38D5_2
[BDArmory.BDACompetitionMode:208994354]: DEAD:1:56.0:AIF-38D2
[BDArmory.BDACompetitionMode:208994354]: DEAD:2:61.0:AIF-38D2_1
[BDArmory.BDACompetitionMode:208994354]: DEAD:0:48.0:AIF-38D2_2
[BDArmory.BDACompetitionMode:208994354]: DEAD:6:79.0:AIF-38D2_3
[BDArmory.BDACompetitionMode:208994354]: DEAD:3:64.0:AIF-38D2_4
[BDArmory.BDACompetitionMode:208994354]: DEAD:4:69.0:AIF-38D2_5
[BDArmory.BDACompetitionMode:208994354]: WHOSHOTWHOWITHGUNS:AIF-38D2_1:7:AIF-38D5_3
[BDArmory.BDACompetitionMode:208994354]: WHOSHOTWHOWITHGUNS:AIF-38D2_3:29:AIF-38D5_5:3:AIF-38D5
[BDArmory.BDACompetitionMode:208994354]: WHOSHOTWHOWITHGUNS:AIF-38D2_4:14:AIF-38D5_3
[BDArmory.BDACompetitionMode:208994354]: WHODAMAGEDWHOWITHGUNS:AIF-38D2_1:997.1:AIF-38D5_3
[BDArmory.BDACompetitionMode:208994354]: WHODAMAGEDWHOWITHGUNS:AIF-38D2_3:2402.6:AIF-38D5_5:286.6:AIF-38D5
[BDArmory.BDACompetitionMode:208994354]: WHODAMAGEDWHOWITHGUNS:AIF-38D2_4:1810.3:AIF-38D5_3
[BDArmory.BDACompetitionMode:208994354]: WHOHITWHOWITHMISSILES:AIF-38D5_1:1:AIF-38D2:1:AIF-38D2_1
[BDArmory.BDACompetitionMode:208994354]: WHOHITWHOWITHMISSILES:AIF-38D5_2:1:AIF-38D2_3:1:AIF-38D2_4
[BDArmory.BDACompetitionMode:208994354]: WHOHITWHOWITHMISSILES:AIF-38D2:1:AIF-38D5_5
[BDArmory.BDACompetitionMode:208994354]: WHOHITWHOWITHMISSILES:AIF-38D2_1:2:AIF-38D5_4:1:AIF-38D5_3:1:AIF-38D5_5
[BDArmory.BDACompetitionMode:208994354]: WHOHITWHOWITHMISSILES:AIF-38D2_2:1:AIF-38D5:1:AIF-38D5_5
[BDArmory.BDACompetitionMode:208994354]: WHOHITWHOWITHMISSILES:AIF-38D2_3:2:AIF-38D5_5:2:AIF-38D5_4
[BDArmory.BDACompetitionMode:208994354]: WHOHITWHOWITHMISSILES:AIF-38D2_4:1:AIF-38D5_2:2:AIF-38D5_4:1:AIF-38D5_3
[BDArmory.BDACompetitionMode:208994354]: WHOHITWHOWITHMISSILES:AIF-38D2_5:1:AIF-38D5_3:1:AIF-38D5_1
[BDArmory.BDACompetitionMode:208994354]: WHOPARTSHITWHOWITHMISSILES:AIF-38D5_1:84:AIF-38D2:17:AIF-38D2_1
[BDArmory.BDACompetitionMode:208994354]: WHOPARTSHITWHOWITHMISSILES:AIF-38D5_2:84:AIF-38D2_3:50:AIF-38D2_4
[BDArmory.BDACompetitionMode:208994354]: WHOPARTSHITWHOWITHMISSILES:AIF-38D2:81:AIF-38D5_5
[BDArmory.BDACompetitionMode:208994354]: WHOPARTSHITWHOWITHMISSILES:AIF-38D2_1:109:AIF-38D5_4:72:AIF-38D5_3:13:AIF-38D5_5
[BDArmory.BDACompetitionMode:208994354]: WHOPARTSHITWHOWITHMISSILES:AIF-38D2_2:93:AIF-38D5:46:AIF-38D5_5
[BDArmory.BDACompetitionMode:208994354]: WHOPARTSHITWHOWITHMISSILES:AIF-38D2_3:152:AIF-38D5_5:72:AIF-38D5_4
[BDArmory.BDACompetitionMode:208994354]: WHOPARTSHITWHOWITHMISSILES:AIF-38D2_4:90:AIF-38D5_2:167:AIF-38D5_4:57:AIF-38D5_3
[BDArmory.BDACompetitionMode:208994354]: WHOPARTSHITWHOWITHMISSILES:AIF-38D2_5:96:AIF-38D5_3:49:AIF-38D5_1
[BDArmory.BDACompetitionMode:208994354]: WHODAMAGEDWHOWITHMISSILES:AIF-38D5_1:9016.2:AIF-38D2:13002.6:AIF-38D2_1
[BDArmory.BDACompetitionMode:208994354]: WHODAMAGEDWHOWITHMISSILES:AIF-38D5_2:19394.2:AIF-38D2_3:143571.3:AIF-38D2_4
[BDArmory.BDACompetitionMode:208994354]: WHODAMAGEDWHOWITHMISSILES:AIF-38D2:23718.8:AIF-38D5_5
[BDArmory.BDACompetitionMode:208994354]: WHODAMAGEDWHOWITHMISSILES:AIF-38D2_1:45595.5:AIF-38D5_4:56231.0:AIF-38D5_3:5199.0:AIF-38D5_5
[BDArmory.BDACompetitionMode:208994354]: WHODAMAGEDWHOWITHMISSILES:AIF-38D2_2:18709.8:AIF-38D5:3853.7:AIF-38D5_5
[BDArmory.BDACompetitionMode:208994354]: WHODAMAGEDWHOWITHMISSILES:AIF-38D2_3:90630.1:AIF-38D5_5:1460.1:AIF-38D5_4
[BDArmory.BDACompetitionMode:208994354]: WHODAMAGEDWHOWITHMISSILES:AIF-38D2_4:27657.6:AIF-38D5_2:16853.9:AIF-38D5_4:3843.1:AIF-38D5_3
[BDArmory.BDACompetitionMode:208994354]: WHODAMAGEDWHOWITHMISSILES:AIF-38D2_5:38993.1:AIF-38D5_3:27052.1:AIF-38D5_1
[BDArmory.BDACompetitionMode:208994354]: WHODAMAGEDWHOWITHBATTLEDAMAGE:AIF-38D2_2:0.4:AIF-38D5
[BDArmory.BDACompetitionMode:208994354]: WHODAMAGEDWHOWITHBATTLEDAMAGE:AIF-38D2_3:45.9:AIF-38D5_5
[BDArmory.BDACompetitionMode:208994354]: WHODAMAGEDWHOWITHBATTLEDAMAGE:AIF-38D2_4:14446.0:AIF-38D5_3
[BDArmory.BDACompetitionMode:208994354]: WHODAMAGEDWHOWITHBATTLEDAMAGE:AIF-38D2_5:0.2:AIF-38D5_3
[BDArmory.BDACompetitionMode:208994354]: GMKILL:AIF-38D5_1:LandedTooLong
[BDArmory.BDACompetitionMode:208994354]: CLEANKILLMISSILES:AIF-38D2:AIF-38D5_5
[BDArmory.BDACompetitionMode:208994354]: KILLSTEALMISSILES:AIF-38D2_1:AIF-38D5_5
[BDArmory.BDACompetitionMode:208994354]: KILLSTEALMISSILES:AIF-38D2_2:AIF-38D5_5
[BDArmory.BDACompetitionMode:208994354]: HEADSHOTGUNS:AIF-38D2_4:AIF-38D5_3
[BDArmory.BDACompetitionMode:208994354]: HPLEFT:AIF-38D5:100
[BDArmory.BDACompetitionMode:208994354]: HPLEFT:AIF-38D5_1:0
[BDArmory.BDACompetitionMode:208994354]: HPLEFT:AIF-38D5_2:0
[BDArmory.BDACompetitionMode:208994354]: HPLEFT:AIF-38D5_3:100
[BDArmory.BDACompetitionMode:208994354]: HPLEFT:AIF-38D5_4:100
[BDArmory.BDACompetitionMode:208994354]: HPLEFT:AIF-38D5_5:100
[BDArmory.BDACompetitionMode:208994354]: HPLEFT:AIF-38D2:0
[BDArmory.BDACompetitionMode:208994354]: HPLEFT:AIF-38D2_1:0
[BDArmory.BDACompetitionMode:208994354]: HPLEFT:AIF-38D2_2:0
[BDArmory.BDACompetitionMode:208994354]: HPLEFT:AIF-38D2_3:0
[BDArmory.BDACompetitionMode:208994354]: HPLEFT:AIF-38D2_4:0
[BDArmory.BDACompetitionMode:208994354]: HPLEFT:AIF-38D2_5:0
[BDArmory.BDACompetitionMode:208994354]: ACCURACY:AIF-38D5:3/18:0/0
[BDArmory.BDACompetitionMode:208994354]: ACCURACY:AIF-38D5_1:0/0:0/0
[BDArmory.BDACompetitionMode:208994354]: ACCURACY:AIF-38D5_2:0/0:0/0
[BDArmory.BDACompetitionMode:208994354]: ACCURACY:AIF-38D5_3:21/63:0/0
[BDArmory.BDACompetitionMode:208994354]: ACCURACY:AIF-38D5_4:0/5:0/0
[BDArmory.BDACompetitionMode:208994354]: ACCURACY:AIF-38D5_5:29/58:0/0
[BDArmory.BDACompetitionMode:208994354]: ACCURACY:AIF-38D2:0/0:0/0
[BDArmory.BDACompetitionMode:208994354]: ACCURACY:AIF-38D2_1:0/0:0/0
[BDArmory.BDACompetitionMode:208994354]: ACCURACY:AIF-38D2_2:0/0:0/0
[BDArmory.BDACompetitionMode:208994354]: ACCURACY:AIF-38D2_3:0/24:0/0
[BDArmory.BDACompetitionMode:208994354]: ACCURACY:AIF-38D2_4:0/0:0/0
[BDArmory.BDACompetitionMode:208994354]: ACCURACY:AIF-38D2_5:0/0:0/0
