[BDArmory.BDACompetitionMode:201233508]: Dumping Results after 144s (of 0s) at 2026-05-18 02:20:13 -04:00
[BDArmory.BDACompetitionMode:201233508]: RESULT:Win:{"team": "IRSUM CAP", "members": ["AL-34 Arnika", "AL-34 Arnika_1", "AL-27 Kallistemon", "AL-34 Arnika_2", "AL-27 Kallistemon_1", "AL-34 Arnika_3", "AL-27 Kallistemon_2", "AL-27 Kallistemon_3"]}
[BDArmory.BDACompetitionMode:201233508]: DEADTEAMS:[{"team": "IU", "members": ["K-60 \"Caraxes\" NWO 13", "K-73 NMX 17", "K-60 \"Caraxes\" NWO 13_1", "K-60 \"Caraxes\" NWO 13_2", "K-73 NMX 17_1", "K-73 NMX 17_2"]}]
[BDArmory.BDACompetitionMode:201233508]: ALIVE:AL-34 Arnika_2
[BDArmory.BDACompetitionMode:201233508]: DEAD:10:105.4:AL-34 Arnika
[BDArmory.BDACompetitionMode:201233508]: DEAD:6:69.8:AL-34 Arnika_1
[BDArmory.BDACompetitionMode:201233508]: DEAD:2:55.0:AL-27 Kallistemon
[BDArmory.BDACompetitionMode:201233508]: DEAD:5:66.0:AL-27 Kallistemon_1
[BDArmory.BDACompetitionMode:201233508]: DEAD:9:100.2:AL-34 Arnika_3
[BDArmory.BDACompetitionMode:201233508]: DEAD:7:76.0:AL-27 Kallistemon_2
[BDArmory.BDACompetitionMode:201233508]: DEAD:3:55.0:AL-27 Kallistemon_3
[BDArmory.BDACompetitionMode:201233508]: DEAD:4:58.0:K-60 "Caraxes" NWO 13
[BDArmory.BDACompetitionMode:201233508]: DEAD:11:107.1:K-73 NMX 17
[BDArmory.BDACompetitionMode:201233508]: DEAD:8:98.0:K-60 "Caraxes" NWO 13_1
[BDArmory.BDACompetitionMode:201233508]: DEAD:12:134.0:K-60 "Caraxes" NWO 13_2
[BDArmory.BDACompetitionMode:201233508]: DEAD:0:47.0:K-73 NMX 17_1
[BDArmory.BDACompetitionMode:201233508]: DEAD:1:51.0:K-73 NMX 17_2
[BDArmory.BDACompetitionMode:201233508]: WHOSHOTWHOWITHGUNS:AL-34 Arnika:40:K-60 "Caraxes" NWO 13_2
[BDArmory.BDACompetitionMode:201233508]: WHOSHOTWHOWITHGUNS:AL-34 Arnika_2:11:K-60 "Caraxes" NWO 13_2
[BDArmory.BDACompetitionMode:201233508]: WHOSHOTWHOWITHGUNS:AL-34 Arnika_3:76:K-73 NMX 17
[BDArmory.BDACompetitionMode:201233508]: WHOSHOTWHOWITHGUNS:K-73 NMX 17:41:AL-34 Arnika_2
[BDArmory.BDACompetitionMode:201233508]: WHOSHOTWHOWITHGUNS:K-60 "Caraxes" NWO 13_1:42:AL-34 Arnika:32:AL-34 Arnika_2
[BDArmory.BDACompetitionMode:201233508]: WHOSHOTWHOWITHGUNS:K-60 "Caraxes" NWO 13_2:54:AL-34 Arnika_2
[BDArmory.BDACompetitionMode:201233508]: WHODAMAGEDWHOWITHGUNS:AL-34 Arnika:8374.7:K-60 "Caraxes" NWO 13_2
[BDArmory.BDACompetitionMode:201233508]: WHODAMAGEDWHOWITHGUNS:AL-34 Arnika_2:1031.5:K-60 "Caraxes" NWO 13_2
[BDArmory.BDACompetitionMode:201233508]: WHODAMAGEDWHOWITHGUNS:AL-34 Arnika_3:16553.3:K-73 NMX 17
[BDArmory.BDACompetitionMode:201233508]: WHODAMAGEDWHOWITHGUNS:K-73 NMX 17:7777.1:AL-34 Arnika_2
[BDArmory.BDACompetitionMode:201233508]: WHODAMAGEDWHOWITHGUNS:K-60 "Caraxes" NWO 13_1:9255.9:AL-34 Arnika:7700.1:AL-34 Arnika_2
[BDArmory.BDACompetitionMode:201233508]: WHODAMAGEDWHOWITHGUNS:K-60 "Caraxes" NWO 13_2:14147.6:AL-34 Arnika_2
[BDArmory.BDACompetitionMode:201233508]: WHOHITWHOWITHMISSILES:AL-34 Arnika:1:K-73 NMX 17:1:K-60 "Caraxes" NWO 13_2
[BDArmory.BDACompetitionMode:201233508]: WHOHITWHOWITHMISSILES:AL-34 Arnika_1:1:K-73 NMX 17
[BDArmory.BDACompetitionMode:201233508]: WHOHITWHOWITHMISSILES:AL-27 Kallistemon:1:K-73 NMX 17_1:1:K-60 "Caraxes" NWO 13
[BDArmory.BDACompetitionMode:201233508]: WHOHITWHOWITHMISSILES:AL-27 Kallistemon_1:1:K-73 NMX 17_2:1:K-73 NMX 17:1:K-60 "Caraxes" NWO 13_2
[BDArmory.BDACompetitionMode:201233508]: WHOHITWHOWITHMISSILES:AL-34 Arnika_3:1:K-60 "Caraxes" NWO 13_1
[BDArmory.BDACompetitionMode:201233508]: WHOHITWHOWITHMISSILES:AL-27 Kallistemon_2:1:K-73 NMX 17:1:K-60 "Caraxes" NWO 13_1:1:K-60 "Caraxes" NWO 13_2
[BDArmory.BDACompetitionMode:201233508]: WHOHITWHOWITHMISSILES:AL-27 Kallistemon_3:1:K-73 NMX 17_1:1:K-73 NMX 17_2
[BDArmory.BDACompetitionMode:201233508]: WHOHITWHOWITHMISSILES:K-60 "Caraxes" NWO 13:1:AL-27 Kallistemon_1:1:AL-27 Kallistemon_2:1:AL-27 Kallistemon_3:1:AL-34 Arnika_3:1:AL-34 Arnika_2
[BDArmory.BDACompetitionMode:201233508]: WHOHITWHOWITHMISSILES:K-73 NMX 17:1:AL-34 Arnika
[BDArmory.BDACompetitionMode:201233508]: WHOHITWHOWITHMISSILES:K-60 "Caraxes" NWO 13_2:2:AL-34 Arnika_2
[BDArmory.BDACompetitionMode:201233508]: WHOHITWHOWITHMISSILES:K-73 NMX 17_1:1:AL-27 Kallistemon_1:1:AL-27 Kallistemon_2:1:AL-27 Kallistemon_3
[BDArmory.BDACompetitionMode:201233508]: WHOHITWHOWITHMISSILES:K-73 NMX 17_2:1:AL-27 Kallistemon_3:1:AL-27 Kallistemon_1:1:AL-27 Kallistemon:1:AL-34 Arnika
[BDArmory.BDACompetitionMode:201233508]: WHOPARTSHITWHOWITHMISSILES:AL-34 Arnika:103:K-73 NMX 17:99:K-60 "Caraxes" NWO 13_2
[BDArmory.BDACompetitionMode:201233508]: WHOPARTSHITWHOWITHMISSILES:AL-34 Arnika_1:104:K-73 NMX 17
[BDArmory.BDACompetitionMode:201233508]: WHOPARTSHITWHOWITHMISSILES:AL-27 Kallistemon:142:K-73 NMX 17_1:139:K-60 "Caraxes" NWO 13
[BDArmory.BDACompetitionMode:201233508]: WHOPARTSHITWHOWITHMISSILES:AL-27 Kallistemon_1:140:K-73 NMX 17_2:109:K-73 NMX 17:138:K-60 "Caraxes" NWO 13_2
[BDArmory.BDACompetitionMode:201233508]: WHOPARTSHITWHOWITHMISSILES:AL-34 Arnika_3:101:K-60 "Caraxes" NWO 13_1
[BDArmory.BDACompetitionMode:201233508]: WHOPARTSHITWHOWITHMISSILES:AL-27 Kallistemon_2:139:K-73 NMX 17:141:K-60 "Caraxes" NWO 13_1:122:K-60 "Caraxes" NWO 13_2
[BDArmory.BDACompetitionMode:201233508]: WHOPARTSHITWHOWITHMISSILES:AL-27 Kallistemon_3:137:K-73 NMX 17_1:141:K-73 NMX 17_2
[BDArmory.BDACompetitionMode:201233508]: WHOPARTSHITWHOWITHMISSILES:K-60 "Caraxes" NWO 13:80:AL-27 Kallistemon_1:77:AL-27 Kallistemon_2:77:AL-27 Kallistemon_3:80:AL-34 Arnika_3:68:AL-34 Arnika_2
[BDArmory.BDACompetitionMode:201233508]: WHOPARTSHITWHOWITHMISSILES:K-73 NMX 17:80:AL-34 Arnika
[BDArmory.BDACompetitionMode:201233508]: WHOPARTSHITWHOWITHMISSILES:K-60 "Caraxes" NWO 13_2:136:AL-34 Arnika_2
[BDArmory.BDACompetitionMode:201233508]: WHOPARTSHITWHOWITHMISSILES:K-73 NMX 17_1:88:AL-27 Kallistemon_1:67:AL-27 Kallistemon_2:1:AL-27 Kallistemon_3
[BDArmory.BDACompetitionMode:201233508]: WHOPARTSHITWHOWITHMISSILES:K-73 NMX 17_2:88:AL-27 Kallistemon_3:72:AL-27 Kallistemon_1:62:AL-27 Kallistemon:20:AL-34 Arnika
[BDArmory.BDACompetitionMode:201233508]: WHODAMAGEDWHOWITHMISSILES:AL-34 Arnika:4808.9:K-60 "Caraxes" NWO 13_2
[BDArmory.BDACompetitionMode:201233508]: WHODAMAGEDWHOWITHMISSILES:AL-34 Arnika_1:31175.6:K-73 NMX 17
[BDArmory.BDACompetitionMode:201233508]: WHODAMAGEDWHOWITHMISSILES:AL-27 Kallistemon:156963.1:K-60 "Caraxes" NWO 13
[BDArmory.BDACompetitionMode:201233508]: WHODAMAGEDWHOWITHMISSILES:AL-27 Kallistemon_1:154909.6:K-60 "Caraxes" NWO 13_2
[BDArmory.BDACompetitionMode:201233508]: WHODAMAGEDWHOWITHMISSILES:AL-27 Kallistemon_2:12609.3:K-60 "Caraxes" NWO 13_1:7829.5:K-60 "Caraxes" NWO 13_2
[BDArmory.BDACompetitionMode:201233508]: WHODAMAGEDWHOWITHMISSILES:AL-27 Kallistemon_3:90737.3:K-73 NMX 17_2
[BDArmory.BDACompetitionMode:201233508]: WHODAMAGEDWHOWITHMISSILES:K-60 "Caraxes" NWO 13:8661.4:AL-34 Arnika_3:30400.3:AL-34 Arnika_2
[BDArmory.BDACompetitionMode:201233508]: WHODAMAGEDWHOWITHMISSILES:K-60 "Caraxes" NWO 13_2:19850.9:AL-34 Arnika_2
[BDArmory.BDACompetitionMode:201233508]: WHODAMAGEDWHOWITHMISSILES:K-73 NMX 17_1:23795.0:AL-27 Kallistemon_1:29291.4:AL-27 Kallistemon_2
[BDArmory.BDACompetitionMode:201233508]: WHODAMAGEDWHOWITHMISSILES:K-73 NMX 17_2:16293.3:AL-27 Kallistemon_3:22801.4:AL-27 Kallistemon_1:13537.9:AL-27 Kallistemon:27815.3:AL-34 Arnika
[BDArmory.BDACompetitionMode:201233508]: WHODAMAGEDWHOWITHBATTLEDAMAGE:AL-34 Arnika:5733.1:K-60 "Caraxes" NWO 13_2:3.4:K-60 "Caraxes" NWO 13_1
[BDArmory.BDACompetitionMode:201233508]: WHODAMAGEDWHOWITHBATTLEDAMAGE:AL-34 Arnika_2:89.1:K-60 "Caraxes" NWO 13_2
[BDArmory.BDACompetitionMode:201233508]: WHODAMAGEDWHOWITHBATTLEDAMAGE:AL-34 Arnika_3:387.1:K-73 NMX 17:2168.1:AL-34 Arnika_3
[BDArmory.BDACompetitionMode:201233508]: WHODAMAGEDWHOWITHBATTLEDAMAGE:K-73 NMX 17:126.5:AL-34 Arnika_2:658.4:K-73 NMX 17
[BDArmory.BDACompetitionMode:201233508]: WHODAMAGEDWHOWITHBATTLEDAMAGE:K-60 "Caraxes" NWO 13_1:300.7:AL-34 Arnika_2:75.6:AL-34 Arnika
[BDArmory.BDACompetitionMode:201233508]: WHODAMAGEDWHOWITHBATTLEDAMAGE:K-60 "Caraxes" NWO 13_2:438.4:K-60 "Caraxes" NWO 13_1:2.7:K-60 "Caraxes" NWO 13_2:289.8:AL-34 Arnika_2
[BDArmory.BDACompetitionMode:201233508]: WHODAMAGEDWHOWITHBATTLEDAMAGE:K-73 NMX 17_2:0.1:AL-27 Kallistemon_3:15147.1:AL-34 Arnika
[BDArmory.BDACompetitionMode:201233508]: GMKILL:AL-34 Arnika:BigRedButton
[BDArmory.BDACompetitionMode:201233508]: GMKILL:AL-34 Arnika_1:BigRedButton
[BDArmory.BDACompetitionMode:201233508]: GMKILL:AL-34 Arnika_3:BigRedButton
[BDArmory.BDACompetitionMode:201233508]: GMKILL:K-73 NMX 17:BigRedButton
[BDArmory.BDACompetitionMode:201233508]: KILLSTEALMISSILES:AL-27 Kallistemon:K-60 "Caraxes" NWO 13
[BDArmory.BDACompetitionMode:201233508]: HEADSHOTMISSILES:AL-27 Kallistemon_1:K-60 "Caraxes" NWO 13_2
[BDArmory.BDACompetitionMode:201233508]: HEADSHOTMISSILES:AL-27 Kallistemon_2:K-60 "Caraxes" NWO 13_2
[BDArmory.BDACompetitionMode:201233508]: KILLSTEALMISSILES:AL-27 Kallistemon_3:K-73 NMX 17_2
[BDArmory.BDACompetitionMode:201233508]: KILLSTEALMISSILES:K-60 "Caraxes" NWO 13:AL-34 Arnika_2
[BDArmory.BDACompetitionMode:201233508]: KILLSTEALGUNS:K-60 "Caraxes" NWO 13_1:AL-34 Arnika_2
[BDArmory.BDACompetitionMode:201233508]: CLEANKILLGUNS:K-60 "Caraxes" NWO 13_2:AL-34 Arnika_2
[BDArmory.BDACompetitionMode:201233508]: KILLSTEALMISSILES:K-73 NMX 17_1:AL-27 Kallistemon_3
[BDArmory.BDACompetitionMode:201233508]: KILLSTEALMISSILES:K-73 NMX 17_2:AL-34 Arnika
[BDArmory.BDACompetitionMode:201233508]: HPLEFT:AL-34 Arnika:0
[BDArmory.BDACompetitionMode:201233508]: HPLEFT:AL-34 Arnika_1:0
[BDArmory.BDACompetitionMode:201233508]: HPLEFT:AL-27 Kallistemon:0
[BDArmory.BDACompetitionMode:201233508]: HPLEFT:AL-34 Arnika_2:98.2300884955752
[BDArmory.BDACompetitionMode:201233508]: HPLEFT:AL-27 Kallistemon_1:0
[BDArmory.BDACompetitionMode:201233508]: HPLEFT:AL-34 Arnika_3:0
[BDArmory.BDACompetitionMode:201233508]: HPLEFT:AL-27 Kallistemon_2:0
[BDArmory.BDACompetitionMode:201233508]: HPLEFT:AL-27 Kallistemon_3:0
[BDArmory.BDACompetitionMode:201233508]: HPLEFT:K-60 "Caraxes" NWO 13:0
[BDArmory.BDACompetitionMode:201233508]: HPLEFT:K-73 NMX 17:0
[BDArmory.BDACompetitionMode:201233508]: HPLEFT:K-60 "Caraxes" NWO 13_1:0
[BDArmory.BDACompetitionMode:201233508]: HPLEFT:K-60 "Caraxes" NWO 13_2:0
[BDArmory.BDACompetitionMode:201233508]: HPLEFT:K-73 NMX 17_1:0
[BDArmory.BDACompetitionMode:201233508]: HPLEFT:K-73 NMX 17_2:0
[BDArmory.BDACompetitionMode:201233508]: ACCURACY:AL-34 Arnika:42/305:0/0
[BDArmory.BDACompetitionMode:201233508]: ACCURACY:AL-34 Arnika_1:0/0:0/0
[BDArmory.BDACompetitionMode:201233508]: ACCURACY:AL-27 Kallistemon:0/0:0/0
[BDArmory.BDACompetitionMode:201233508]: ACCURACY:AL-34 Arnika_2:127/718:0/0
[BDArmory.BDACompetitionMode:201233508]: ACCURACY:AL-27 Kallistemon_1:0/0:0/0
[BDArmory.BDACompetitionMode:201233508]: ACCURACY:AL-34 Arnika_3:0/0:0/0
[BDArmory.BDACompetitionMode:201233508]: ACCURACY:AL-27 Kallistemon_2:0/0:0/0
[BDArmory.BDACompetitionMode:201233508]: ACCURACY:AL-27 Kallistemon_3:0/0:0/0
[BDArmory.BDACompetitionMode:201233508]: ACCURACY:K-60 "Caraxes" NWO 13:0/0:0/0
[BDArmory.BDACompetitionMode:201233508]: ACCURACY:K-73 NMX 17:76/355:0/0
[BDArmory.BDACompetitionMode:201233508]: ACCURACY:K-60 "Caraxes" NWO 13_1:0/39:0/0
[BDArmory.BDACompetitionMode:201233508]: ACCURACY:K-60 "Caraxes" NWO 13_2:51/405:0/0
[BDArmory.BDACompetitionMode:201233508]: ACCURACY:K-73 NMX 17_1:0/0:0/0
[BDArmory.BDACompetitionMode:201233508]: ACCURACY:K-73 NMX 17_2:0/0:0/0
