[BDArmory.BDACompetitionMode:196828101]: Dumping Results after 92s (of 0s) at 2026-03-28 02:30:17 -04:00
[BDArmory.BDACompetitionMode:196828101]: RESULT:Win:{"team": "PLAID AIF-42C5B LRP", "members": ["PLAID AIF-42C5B LRP", "PLAID AIF-42C5B LRP_1", "PLAID AIF-42C5B LRP_2"]}
[BDArmory.BDACompetitionMode:196828101]: DEADTEAMS:[{"team": "LF-03 Avaria Mk11", "members": ["LF-03 Avaria Mk11", "LF-03 Avaria Mk11_1", "LF-03 Avaria Mk11_2"]}]
[BDArmory.BDACompetitionMode:196828101]: ALIVE:PLAID AIF-42C5B LRP
[BDArmory.BDACompetitionMode:196828101]: ALIVE:PLAID AIF-42C5B LRP_1
[BDArmory.BDACompetitionMode:196828101]: ALIVE:PLAID AIF-42C5B LRP_2
[BDArmory.BDACompetitionMode:196828101]: DEAD:1:73.0:LF-03 Avaria Mk11
[BDArmory.BDACompetitionMode:196828101]: DEAD:0:57.0:LF-03 Avaria Mk11_1
[BDArmory.BDACompetitionMode:196828101]: DEAD:2:81.0:LF-03 Avaria Mk11_2
[BDArmory.BDACompetitionMode:196828101]: WHOSHOTWHOWITHGUNS:LF-03 Avaria Mk11_2:5:PLAID AIF-42C5B LRP
[BDArmory.BDACompetitionMode:196828101]: WHODAMAGEDWHOWITHGUNS:LF-03 Avaria Mk11_2:1048.3:PLAID AIF-42C5B LRP
[BDArmory.BDACompetitionMode:196828101]: WHOHITWHOWITHMISSILES:LF-03 Avaria Mk11:3:PLAID AIF-42C5B LRP_2
[BDArmory.BDACompetitionMode:196828101]: WHOHITWHOWITHMISSILES:LF-03 Avaria Mk11_1:1:PLAID AIF-42C5B LRP:1:PLAID AIF-42C5B LRP_1
[BDArmory.BDACompetitionMode:196828101]: WHOHITWHOWITHMISSILES:LF-03 Avaria Mk11_2:1:PLAID AIF-42C5B LRP:1:PLAID AIF-42C5B LRP_2
[BDArmory.BDACompetitionMode:196828101]: WHOPARTSHITWHOWITHMISSILES:LF-03 Avaria Mk11:118:PLAID AIF-42C5B LRP_2
[BDArmory.BDACompetitionMode:196828101]: WHOPARTSHITWHOWITHMISSILES:LF-03 Avaria Mk11_1:47:PLAID AIF-42C5B LRP:44:PLAID AIF-42C5B LRP_1
[BDArmory.BDACompetitionMode:196828101]: WHOPARTSHITWHOWITHMISSILES:LF-03 Avaria Mk11_2:45:PLAID AIF-42C5B LRP:24:PLAID AIF-42C5B LRP_2
[BDArmory.BDACompetitionMode:196828101]: WHODAMAGEDWHOWITHMISSILES:LF-03 Avaria Mk11:45194.1:PLAID AIF-42C5B LRP_2
[BDArmory.BDACompetitionMode:196828101]: WHODAMAGEDWHOWITHMISSILES:LF-03 Avaria Mk11_1:50678.7:PLAID AIF-42C5B LRP_1
[BDArmory.BDACompetitionMode:196828101]: WHODAMAGEDWHOWITHMISSILES:LF-03 Avaria Mk11_2:12657.6:PLAID AIF-42C5B LRP:15896.3:PLAID AIF-42C5B LRP_2
[BDArmory.BDACompetitionMode:196828101]: WHODAMAGEDWHOWITHBATTLEDAMAGE:LF-03 Avaria Mk11:9887.1:PLAID AIF-42C5B LRP_2
[BDArmory.BDACompetitionMode:196828101]: WHODAMAGEDWHOWITHBATTLEDAMAGE:LF-03 Avaria Mk11_2:0.8:PLAID AIF-42C5B LRP:26591.6:LF-03 Avaria Mk11_2
[BDArmory.BDACompetitionMode:196828101]: CLEANKILLMISSILES:LF-03 Avaria Mk11:PLAID AIF-42C5B LRP_2
[BDArmory.BDACompetitionMode:196828101]: KILLSTEALMISSILES:LF-03 Avaria Mk11_1:PLAID AIF-42C5B LRP_1
[BDArmory.BDACompetitionMode:196828101]: KILLSTEALGUNS:LF-03 Avaria Mk11_2:PLAID AIF-42C5B LRP
[BDArmory.BDACompetitionMode:196828101]: HPLEFT:LF-03 Avaria Mk11:0
[BDArmory.BDACompetitionMode:196828101]: HPLEFT:LF-03 Avaria Mk11_1:0
[BDArmory.BDACompetitionMode:196828101]: HPLEFT:LF-03 Avaria Mk11_2:0
[BDArmory.BDACompetitionMode:196828101]: HPLEFT:PLAID AIF-42C5B LRP:100
[BDArmory.BDACompetitionMode:196828101]: HPLEFT:PLAID AIF-42C5B LRP_1:100
[BDArmory.BDACompetitionMode:196828101]: HPLEFT:PLAID AIF-42C5B LRP_2:100
[BDArmory.BDACompetitionMode:196828101]: ACCURACY:LF-03 Avaria Mk11:0/0:0/0
[BDArmory.BDACompetitionMode:196828101]: ACCURACY:LF-03 Avaria Mk11_1:0/0:0/0
[BDArmory.BDACompetitionMode:196828101]: ACCURACY:LF-03 Avaria Mk11_2:0/0:0/0
[BDArmory.BDACompetitionMode:196828101]: ACCURACY:PLAID AIF-42C5B LRP:5/101:0/0
[BDArmory.BDACompetitionMode:196828101]: ACCURACY:PLAID AIF-42C5B LRP_1:0/0:0/0
[BDArmory.BDACompetitionMode:196828101]: ACCURACY:PLAID AIF-42C5B LRP_2:0/38:0/0
