[BDArmory.BDACompetitionMode:201226871]: Dumping Results after 103s (of 0s) at 2026-05-18 00:30:00 -04:00
[BDArmory.BDACompetitionMode:201226871]: RESULT:Win:{"team": "IRSUM CAP", "members": ["AL-34 Arnika", "AL-34 Arnika_1", "AL-34 Arnika_2", "AL-27 Kallistemon", "AL-27 Kallistemon_1", "AL-27 Kallistemon_2", "AL-27 Kallistemon_3", "AL-34 Arnika_3", "AL-27 Kallistemon_4", "AL-34 Arnika_4"]}
[BDArmory.BDACompetitionMode:201226871]: DEADTEAMS:[{"team": "IU fr fr", "members": ["K-60 \"Caraxes\" NWO 7", "K-73 NMX 6", "K-73 NMX 6_1", "K-60 \"Caraxes\" NWO 7_1", "K-73 NMX 6_2", "K-60 \"Caraxes\" NWO 7_2"]}]
[BDArmory.BDACompetitionMode:201226871]: ALIVE:AL-34 Arnika
[BDArmory.BDACompetitionMode:201226871]: ALIVE:AL-34 Arnika_1
[BDArmory.BDACompetitionMode:201226871]: ALIVE:AL-34 Arnika_2
[BDArmory.BDACompetitionMode:201226871]: ALIVE:AL-27 Kallistemon
[BDArmory.BDACompetitionMode:201226871]: ALIVE:AL-27 Kallistemon_1
[BDArmory.BDACompetitionMode:201226871]: ALIVE:AL-27 Kallistemon_3
[BDArmory.BDACompetitionMode:201226871]: ALIVE:AL-34 Arnika_3
[BDArmory.BDACompetitionMode:201226871]: ALIVE:AL-34 Arnika_4
[BDArmory.BDACompetitionMode:201226871]: DEAD:6:87.0:K-60 "Caraxes" NWO 7
[BDArmory.BDACompetitionMode:201226871]: DEAD:2:74.0:K-73 NMX 6
[BDArmory.BDACompetitionMode:201226871]: DEAD:3:76.0:K-73 NMX 6_1
[BDArmory.BDACompetitionMode:201226871]: DEAD:5:85.0:K-60 "Caraxes" NWO 7_1
[BDArmory.BDACompetitionMode:201226871]: DEAD:0:48.0:K-73 NMX 6_2
[BDArmory.BDACompetitionMode:201226871]: DEAD:7:92.2:K-60 "Caraxes" NWO 7_2
[BDArmory.BDACompetitionMode:201226871]: DEAD:1:53.0:AL-27 Kallistemon_2
[BDArmory.BDACompetitionMode:201226871]: DEAD:4:80.0:AL-27 Kallistemon_4
[BDArmory.BDACompetitionMode:201226871]: WHOSHOTWHOWITHGUNS:K-60 "Caraxes" NWO 7:28:AL-34 Arnika_4:4:AL-34 Arnika_1:5:AL-27 Kallistemon_1
[BDArmory.BDACompetitionMode:201226871]: WHOSHOTWHOWITHGUNS:K-60 "Caraxes" NWO 7_1:6:AL-27 Kallistemon_3
[BDArmory.BDACompetitionMode:201226871]: WHODAMAGEDWHOWITHGUNS:K-60 "Caraxes" NWO 7:7430.0:AL-34 Arnika_4:717.1:AL-34 Arnika_1:473.2:AL-27 Kallistemon_1
[BDArmory.BDACompetitionMode:201226871]: WHODAMAGEDWHOWITHGUNS:K-60 "Caraxes" NWO 7_1:455.0:AL-27 Kallistemon_3
[BDArmory.BDACompetitionMode:201226871]: WHOHITWHOWITHMISSILES:K-60 "Caraxes" NWO 7:1:AL-34 Arnika_3
[BDArmory.BDACompetitionMode:201226871]: WHOHITWHOWITHMISSILES:K-73 NMX 6:1:AL-34 Arnika_4:1:AL-27 Kallistemon_1:1:AL-27 Kallistemon
[BDArmory.BDACompetitionMode:201226871]: WHOHITWHOWITHMISSILES:K-73 NMX 6_1:2:AL-34 Arnika_4:1:AL-27 Kallistemon_3:1:AL-27 Kallistemon_1:1:AL-27 Kallistemon
[BDArmory.BDACompetitionMode:201226871]: WHOHITWHOWITHMISSILES:K-73 NMX 6_2:1:AL-27 Kallistemon:1:AL-27 Kallistemon_4:1:AL-27 Kallistemon_2
[BDArmory.BDACompetitionMode:201226871]: WHOHITWHOWITHMISSILES:K-60 "Caraxes" NWO 7_2:2:AL-27 Kallistemon_1:1:AL-34 Arnika_4:1:AL-34 Arnika_3:1:AL-34 Arnika:1:AL-34 Arnika_2:1:AL-34 Arnika_1
[BDArmory.BDACompetitionMode:201226871]: WHOHITWHOWITHMISSILES:AL-34 Arnika_1:1:K-60 "Caraxes" NWO 7_1
[BDArmory.BDACompetitionMode:201226871]: WHOHITWHOWITHMISSILES:AL-27 Kallistemon:1:K-60 "Caraxes" NWO 7
[BDArmory.BDACompetitionMode:201226871]: WHOHITWHOWITHMISSILES:AL-27 Kallistemon_2:1:K-60 "Caraxes" NWO 7_1
[BDArmory.BDACompetitionMode:201226871]: WHOHITWHOWITHMISSILES:AL-27 Kallistemon_3:1:K-73 NMX 6
[BDArmory.BDACompetitionMode:201226871]: WHOHITWHOWITHMISSILES:AL-27 Kallistemon_4:1:K-73 NMX 6_2:1:K-73 NMX 6_1
[BDArmory.BDACompetitionMode:201226871]: WHOPARTSHITWHOWITHMISSILES:K-60 "Caraxes" NWO 7:61:AL-34 Arnika_3
[BDArmory.BDACompetitionMode:201226871]: WHOPARTSHITWHOWITHMISSILES:K-73 NMX 6:83:AL-34 Arnika_4:34:AL-27 Kallistemon_1:28:AL-27 Kallistemon
[BDArmory.BDACompetitionMode:201226871]: WHOPARTSHITWHOWITHMISSILES:K-73 NMX 6_1:158:AL-34 Arnika_4:83:AL-27 Kallistemon_3:81:AL-27 Kallistemon_1:71:AL-27 Kallistemon
[BDArmory.BDACompetitionMode:201226871]: WHOPARTSHITWHOWITHMISSILES:K-73 NMX 6_2:89:AL-27 Kallistemon:90:AL-27 Kallistemon_4:2:AL-27 Kallistemon_2
[BDArmory.BDACompetitionMode:201226871]: WHOPARTSHITWHOWITHMISSILES:K-60 "Caraxes" NWO 7_2:131:AL-27 Kallistemon_1:59:AL-34 Arnika_4:59:AL-34 Arnika_3:60:AL-34 Arnika:60:AL-34 Arnika_2:48:AL-34 Arnika_1
[BDArmory.BDACompetitionMode:201226871]: WHOPARTSHITWHOWITHMISSILES:AL-34 Arnika_1:108:K-60 "Caraxes" NWO 7_1
[BDArmory.BDACompetitionMode:201226871]: WHOPARTSHITWHOWITHMISSILES:AL-27 Kallistemon:140:K-60 "Caraxes" NWO 7
[BDArmory.BDACompetitionMode:201226871]: WHOPARTSHITWHOWITHMISSILES:AL-27 Kallistemon_2:139:K-60 "Caraxes" NWO 7_1
[BDArmory.BDACompetitionMode:201226871]: WHOPARTSHITWHOWITHMISSILES:AL-27 Kallistemon_3:142:K-73 NMX 6
[BDArmory.BDACompetitionMode:201226871]: WHOPARTSHITWHOWITHMISSILES:AL-27 Kallistemon_4:142:K-73 NMX 6_2:24:K-73 NMX 6_1
[BDArmory.BDACompetitionMode:201226871]: WHODAMAGEDWHOWITHMISSILES:K-60 "Caraxes" NWO 7:19023.3:AL-34 Arnika_3
[BDArmory.BDACompetitionMode:201226871]: WHODAMAGEDWHOWITHMISSILES:K-73 NMX 6:17035.9:AL-34 Arnika_4:3109.7:AL-27 Kallistemon
[BDArmory.BDACompetitionMode:201226871]: WHODAMAGEDWHOWITHMISSILES:K-73 NMX 6_1:408.3:AL-34 Arnika_4:335.3:AL-27 Kallistemon_1:19390.2:AL-27 Kallistemon
[BDArmory.BDACompetitionMode:201226871]: WHODAMAGEDWHOWITHMISSILES:K-73 NMX 6_2:65564.4:AL-27 Kallistemon:2102.7:AL-27 Kallistemon_2
[BDArmory.BDACompetitionMode:201226871]: WHODAMAGEDWHOWITHMISSILES:K-60 "Caraxes" NWO 7_2:23178.2:AL-27 Kallistemon_1:9909.2:AL-34 Arnika_4:2106.1:AL-34 Arnika_2:7036.9:AL-34 Arnika_1
[BDArmory.BDACompetitionMode:201226871]: WHODAMAGEDWHOWITHMISSILES:AL-34 Arnika_1:3191.4:K-60 "Caraxes" NWO 7_1
[BDArmory.BDACompetitionMode:201226871]: WHODAMAGEDWHOWITHMISSILES:AL-27 Kallistemon:2409.5:K-60 "Caraxes" NWO 7
[BDArmory.BDACompetitionMode:201226871]: WHODAMAGEDWHOWITHMISSILES:AL-27 Kallistemon_2:76646.7:K-60 "Caraxes" NWO 7_1
[BDArmory.BDACompetitionMode:201226871]: WHODAMAGEDWHOWITHMISSILES:AL-27 Kallistemon_3:30052.2:K-73 NMX 6
[BDArmory.BDACompetitionMode:201226871]: WHODAMAGEDWHOWITHMISSILES:AL-27 Kallistemon_4:66503.6:K-73 NMX 6_2:12327.1:K-73 NMX 6_1
[BDArmory.BDACompetitionMode:201226871]: WHODAMAGEDWHOWITHBATTLEDAMAGE:K-60 "Caraxes" NWO 7:220.8:AL-34 Arnika_4:29.9:AL-34 Arnika_1:1.5:AL-27 Kallistemon_1
[BDArmory.BDACompetitionMode:201226871]: WHODAMAGEDWHOWITHBATTLEDAMAGE:K-60 "Caraxes" NWO 7_1:34588.4:AL-27 Kallistemon_3
[BDArmory.BDACompetitionMode:201226871]: WHODAMAGEDWHOWITHBATTLEDAMAGE:K-60 "Caraxes" NWO 7_2:0.1:AL-34 Arnika_1
[BDArmory.BDACompetitionMode:201226871]: WHODAMAGEDWHOWITHBATTLEDAMAGE:AL-27 Kallistemon_2:39948.2:K-60 "Caraxes" NWO 7_1
[BDArmory.BDACompetitionMode:201226871]: WHODAMAGEDWHOWITHBATTLEDAMAGE:AL-27 Kallistemon_3:0.2:AL-27 Kallistemon_3
[BDArmory.BDACompetitionMode:201226871]: GMKILL:K-60 "Caraxes" NWO 7_2:BigRedButton
[BDArmory.BDACompetitionMode:201226871]: KILLSTEALGUNS:K-60 "Caraxes" NWO 7:AL-27 Kallistemon_1
[BDArmory.BDACompetitionMode:201226871]: KILLSTEALMISSILES:K-73 NMX 6:AL-27 Kallistemon
[BDArmory.BDACompetitionMode:201226871]: CLEANKILLGUNS:K-60 "Caraxes" NWO 7_1:AL-27 Kallistemon_3
[BDArmory.BDACompetitionMode:201226871]: KILLSTEALMISSILES:K-73 NMX 6_2:AL-27 Kallistemon_2
[BDArmory.BDACompetitionMode:201226871]: CLEANKILLMISSILES:AL-27 Kallistemon_2:K-60 "Caraxes" NWO 7_1
[BDArmory.BDACompetitionMode:201226871]: HPLEFT:K-60 "Caraxes" NWO 7:0
[BDArmory.BDACompetitionMode:201226871]: HPLEFT:K-73 NMX 6:0
[BDArmory.BDACompetitionMode:201226871]: HPLEFT:K-73 NMX 6_1:0
[BDArmory.BDACompetitionMode:201226871]: HPLEFT:K-60 "Caraxes" NWO 7_1:0
[BDArmory.BDACompetitionMode:201226871]: HPLEFT:K-73 NMX 6_2:0
[BDArmory.BDACompetitionMode:201226871]: HPLEFT:K-60 "Caraxes" NWO 7_2:0
[BDArmory.BDACompetitionMode:201226871]: HPLEFT:AL-34 Arnika:100
[BDArmory.BDACompetitionMode:201226871]: HPLEFT:AL-34 Arnika_1:98.2300884955752
[BDArmory.BDACompetitionMode:201226871]: HPLEFT:AL-34 Arnika_2:100
[BDArmory.BDACompetitionMode:201226871]: HPLEFT:AL-27 Kallistemon:97.9865771812081
[BDArmory.BDACompetitionMode:201226871]: HPLEFT:AL-27 Kallistemon_1:100
[BDArmory.BDACompetitionMode:201226871]: HPLEFT:AL-27 Kallistemon_2:0
[BDArmory.BDACompetitionMode:201226871]: HPLEFT:AL-27 Kallistemon_3:88.5906040268456
[BDArmory.BDACompetitionMode:201226871]: HPLEFT:AL-34 Arnika_3:100
[BDArmory.BDACompetitionMode:201226871]: HPLEFT:AL-27 Kallistemon_4:0
[BDArmory.BDACompetitionMode:201226871]: HPLEFT:AL-34 Arnika_4:100
[BDArmory.BDACompetitionMode:201226871]: ACCURACY:K-60 "Caraxes" NWO 7:0/0:0/0
[BDArmory.BDACompetitionMode:201226871]: ACCURACY:K-73 NMX 6:0/0:0/0
[BDArmory.BDACompetitionMode:201226871]: ACCURACY:K-73 NMX 6_1:0/0:0/0
[BDArmory.BDACompetitionMode:201226871]: ACCURACY:K-60 "Caraxes" NWO 7_1:0/0:0/0
[BDArmory.BDACompetitionMode:201226871]: ACCURACY:K-73 NMX 6_2:0/0:0/0
[BDArmory.BDACompetitionMode:201226871]: ACCURACY:K-60 "Caraxes" NWO 7_2:0/0:0/0
[BDArmory.BDACompetitionMode:201226871]: ACCURACY:AL-34 Arnika:0/1:0/0
[BDArmory.BDACompetitionMode:201226871]: ACCURACY:AL-34 Arnika_1:4/120:0/0
[BDArmory.BDACompetitionMode:201226871]: ACCURACY:AL-34 Arnika_2:0/81:0/0
[BDArmory.BDACompetitionMode:201226871]: ACCURACY:AL-27 Kallistemon:0/0:0/0
[BDArmory.BDACompetitionMode:201226871]: ACCURACY:AL-27 Kallistemon_1:5/178:0/0
[BDArmory.BDACompetitionMode:201226871]: ACCURACY:AL-27 Kallistemon_2:0/0:0/0
[BDArmory.BDACompetitionMode:201226871]: ACCURACY:AL-27 Kallistemon_3:6/218:0/0
[BDArmory.BDACompetitionMode:201226871]: ACCURACY:AL-34 Arnika_3:0/0:0/0
[BDArmory.BDACompetitionMode:201226871]: ACCURACY:AL-27 Kallistemon_4:0/0:0/0
[BDArmory.BDACompetitionMode:201226871]: ACCURACY:AL-34 Arnika_4:28/205:0/0
