[BDArmory.BDACompetitionMode:197178886]: Dumping Results after 119s (of 0s) at 2026-04-01 03:57:12 -04:00
[BDArmory.BDACompetitionMode:197178886]: RESULT:Win:{"team": "PLAID AIF-42C5B LRP", "members": ["PLAID AIF-42C5B LRP", "PLAID AIF-42C5B LRP_1", "PLAID AIF-42C5B LRP_2"]}
[BDArmory.BDACompetitionMode:197178886]: DEADTEAMS:[{"team": "Z-41D MkII", "members": ["Z-41D Mk II", "Z-41D Mk II_1", "Z-41D Mk II_2"]}]
[BDArmory.BDACompetitionMode:197178886]: ALIVE:PLAID AIF-42C5B LRP
[BDArmory.BDACompetitionMode:197178886]: ALIVE:PLAID AIF-42C5B LRP_1
[BDArmory.BDACompetitionMode:197178886]: ALIVE:PLAID AIF-42C5B LRP_2
[BDArmory.BDACompetitionMode:197178886]: DEAD:2:108.0:Z-41D Mk II
[BDArmory.BDACompetitionMode:197178886]: DEAD:0:102.0:Z-41D Mk II_1
[BDArmory.BDACompetitionMode:197178886]: DEAD:1:104.0:Z-41D Mk II_2
[BDArmory.BDACompetitionMode:197178886]: WHOSHOTWHOWITHGUNS:Z-41D Mk II:3:PLAID AIF-42C5B LRP:23:PLAID AIF-42C5B LRP_1
[BDArmory.BDACompetitionMode:197178886]: WHODAMAGEDWHOWITHGUNS:Z-41D Mk II:828.1:PLAID AIF-42C5B LRP:5716.2:PLAID AIF-42C5B LRP_1
[BDArmory.BDACompetitionMode:197178886]: WHOHITWHOWITHMISSILES:Z-41D Mk II:1:PLAID AIF-42C5B LRP_1:2:PLAID AIF-42C5B LRP_2
[BDArmory.BDACompetitionMode:197178886]: WHOHITWHOWITHMISSILES:Z-41D Mk II_1:1:PLAID AIF-42C5B LRP_1:1:PLAID AIF-42C5B LRP:1:PLAID AIF-42C5B LRP_2
[BDArmory.BDACompetitionMode:197178886]: WHOHITWHOWITHMISSILES:Z-41D Mk II_2:4:PLAID AIF-42C5B LRP_1:1:PLAID AIF-42C5B LRP
[BDArmory.BDACompetitionMode:197178886]: WHOHITWHOWITHMISSILES:PLAID AIF-42C5B LRP:1:Z-41D Mk II
[BDArmory.BDACompetitionMode:197178886]: WHOPARTSHITWHOWITHMISSILES:Z-41D Mk II:130:PLAID AIF-42C5B LRP_1:6:PLAID AIF-42C5B LRP_2
[BDArmory.BDACompetitionMode:197178886]: WHOPARTSHITWHOWITHMISSILES:Z-41D Mk II_1:127:PLAID AIF-42C5B LRP_1:132:PLAID AIF-42C5B LRP:130:PLAID AIF-42C5B LRP_2
[BDArmory.BDACompetitionMode:197178886]: WHOPARTSHITWHOWITHMISSILES:Z-41D Mk II_2:253:PLAID AIF-42C5B LRP_1:3:PLAID AIF-42C5B LRP
[BDArmory.BDACompetitionMode:197178886]: WHOPARTSHITWHOWITHMISSILES:PLAID AIF-42C5B LRP:75:Z-41D Mk II
[BDArmory.BDACompetitionMode:197178886]: WHODAMAGEDWHOWITHMISSILES:Z-41D Mk II:4404.3:PLAID AIF-42C5B LRP_1:1554.6:PLAID AIF-42C5B LRP_2
[BDArmory.BDACompetitionMode:197178886]: WHODAMAGEDWHOWITHMISSILES:Z-41D Mk II_1:98029.5:PLAID AIF-42C5B LRP_2
[BDArmory.BDACompetitionMode:197178886]: WHODAMAGEDWHOWITHMISSILES:Z-41D Mk II_2:47758.4:PLAID AIF-42C5B LRP_1
[BDArmory.BDACompetitionMode:197178886]: WHODAMAGEDWHOWITHMISSILES:PLAID AIF-42C5B LRP:6207.0:Z-41D Mk II
[BDArmory.BDACompetitionMode:197178886]: WHODAMAGEDWHOWITHBATTLEDAMAGE:Z-41D Mk II:8.4:PLAID AIF-42C5B LRP:20.3:PLAID AIF-42C5B LRP_1:4444.9:Z-41D Mk II
[BDArmory.BDACompetitionMode:197178886]: WHODAMAGEDWHOWITHBATTLEDAMAGE:Z-41D Mk II_2:0.1:PLAID AIF-42C5B LRP_1
[BDArmory.BDACompetitionMode:197178886]: GMKILL:Z-41D Mk II_1:LandedTooLong
[BDArmory.BDACompetitionMode:197178886]: KILLSTEALGUNS:Z-41D Mk II:PLAID AIF-42C5B LRP_1
[BDArmory.BDACompetitionMode:197178886]: HEADSHOTMISSILES:Z-41D Mk II_2:PLAID AIF-42C5B LRP_1
[BDArmory.BDACompetitionMode:197178886]: HPLEFT:Z-41D Mk II:0
[BDArmory.BDACompetitionMode:197178886]: HPLEFT:Z-41D Mk II_1:0
[BDArmory.BDACompetitionMode:197178886]: HPLEFT:Z-41D Mk II_2:0
[BDArmory.BDACompetitionMode:197178886]: HPLEFT:PLAID AIF-42C5B LRP:91.25
[BDArmory.BDACompetitionMode:197178886]: HPLEFT:PLAID AIF-42C5B LRP_1:100
[BDArmory.BDACompetitionMode:197178886]: HPLEFT:PLAID AIF-42C5B LRP_2:100
[BDArmory.BDACompetitionMode:197178886]: ACCURACY:Z-41D Mk II:0/0:0/0
[BDArmory.BDACompetitionMode:197178886]: ACCURACY:Z-41D Mk II_1:0/0:0/0
[BDArmory.BDACompetitionMode:197178886]: ACCURACY:Z-41D Mk II_2:0/0:0/0
[BDArmory.BDACompetitionMode:197178886]: ACCURACY:PLAID AIF-42C5B LRP:3/115:0/0
[BDArmory.BDACompetitionMode:197178886]: ACCURACY:PLAID AIF-42C5B LRP_1:23/84:0/0
[BDArmory.BDACompetitionMode:197178886]: ACCURACY:PLAID AIF-42C5B LRP_2:0/16:0/0
