[BDArmory.BDACompetitionMode:197191334]: Dumping Results after 167s (of 0s) at 2026-04-01 07:25:12 -04:00
[BDArmory.BDACompetitionMode:197191334]: RESULT:Win:{"team": "PLAID AIF-42C5D LRP", "members": ["PLAID AIF-42C5D LRP", "PLAID AIF-42C5D LRP_1", "PLAID AIF-42C5D LRP_2"]}
[BDArmory.BDACompetitionMode:197191334]: DEADTEAMS:[{"team": "PLAID AIF-42C5B LRP", "members": ["PLAID AIF-42C5B LRP", "PLAID AIF-42C5B LRP_1", "PLAID AIF-42C5B LRP_2"]}]
[BDArmory.BDACompetitionMode:197191334]: ALIVE:PLAID AIF-42C5D LRP_1
[BDArmory.BDACompetitionMode:197191334]: DEAD:0:45.0:PLAID AIF-42C5D LRP
[BDArmory.BDACompetitionMode:197191334]: DEAD:3:154.0:PLAID AIF-42C5D LRP_2
[BDArmory.BDACompetitionMode:197191334]: DEAD:4:156.0:PLAID AIF-42C5B LRP
[BDArmory.BDACompetitionMode:197191334]: DEAD:2:150.0:PLAID AIF-42C5B LRP_1
[BDArmory.BDACompetitionMode:197191334]: DEAD:1:143.0:PLAID AIF-42C5B LRP_2
[BDArmory.BDACompetitionMode:197191334]: WHOSHOTWHOWITHGUNS:PLAID AIF-42C5D LRP_1:4:PLAID AIF-42C5B LRP_2:1:PLAID AIF-42C5B LRP
[BDArmory.BDACompetitionMode:197191334]: WHOSHOTWHOWITHGUNS:PLAID AIF-42C5B LRP:21:PLAID AIF-42C5D LRP_1
[BDArmory.BDACompetitionMode:197191334]: WHOSHOTWHOWITHGUNS:PLAID AIF-42C5B LRP_2:9:PLAID AIF-42C5D LRP_1
[BDArmory.BDACompetitionMode:197191334]: WHODAMAGEDWHOWITHGUNS:PLAID AIF-42C5D LRP_1:933.8:PLAID AIF-42C5B LRP_2:377.1:PLAID AIF-42C5B LRP
[BDArmory.BDACompetitionMode:197191334]: WHODAMAGEDWHOWITHGUNS:PLAID AIF-42C5B LRP:6997.7:PLAID AIF-42C5D LRP_1
[BDArmory.BDACompetitionMode:197191334]: WHODAMAGEDWHOWITHGUNS:PLAID AIF-42C5B LRP_2:1524.9:PLAID AIF-42C5D LRP_1
[BDArmory.BDACompetitionMode:197191334]: WHOHITWHOWITHMISSILES:PLAID AIF-42C5D LRP:1:PLAID AIF-42C5B LRP
[BDArmory.BDACompetitionMode:197191334]: WHOHITWHOWITHMISSILES:PLAID AIF-42C5D LRP_2:2:PLAID AIF-42C5B LRP:1:PLAID AIF-42C5B LRP_1
[BDArmory.BDACompetitionMode:197191334]: WHOHITWHOWITHMISSILES:PLAID AIF-42C5B LRP_1:1:PLAID AIF-42C5D LRP_1
[BDArmory.BDACompetitionMode:197191334]: WHOHITWHOWITHMISSILES:PLAID AIF-42C5B LRP_2:3:PLAID AIF-42C5D LRP_2
[BDArmory.BDACompetitionMode:197191334]: WHOPARTSHITWHOWITHMISSILES:PLAID AIF-42C5D LRP:67:PLAID AIF-42C5B LRP
[BDArmory.BDACompetitionMode:197191334]: WHOPARTSHITWHOWITHMISSILES:PLAID AIF-42C5D LRP_2:128:PLAID AIF-42C5B LRP:70:PLAID AIF-42C5B LRP_1
[BDArmory.BDACompetitionMode:197191334]: WHOPARTSHITWHOWITHMISSILES:PLAID AIF-42C5B LRP_1:71:PLAID AIF-42C5D LRP_1
[BDArmory.BDACompetitionMode:197191334]: WHOPARTSHITWHOWITHMISSILES:PLAID AIF-42C5B LRP_2:210:PLAID AIF-42C5D LRP_2
[BDArmory.BDACompetitionMode:197191334]: WHODAMAGEDWHOWITHMISSILES:PLAID AIF-42C5D LRP:48708.4:PLAID AIF-42C5B LRP
[BDArmory.BDACompetitionMode:197191334]: WHODAMAGEDWHOWITHMISSILES:PLAID AIF-42C5D LRP_2:56563.9:PLAID AIF-42C5B LRP
[BDArmory.BDACompetitionMode:197191334]: WHODAMAGEDWHOWITHMISSILES:PLAID AIF-42C5B LRP_1:93453.9:PLAID AIF-42C5D LRP_1
[BDArmory.BDACompetitionMode:197191334]: WHODAMAGEDWHOWITHMISSILES:PLAID AIF-42C5B LRP_2:50966.2:PLAID AIF-42C5D LRP_2
[BDArmory.BDACompetitionMode:197191334]: WHODAMAGEDWHOWITHBATTLEDAMAGE:PLAID AIF-42C5D LRP_1:200.2:PLAID AIF-42C5B LRP_2:50.1:PLAID AIF-42C5B LRP
[BDArmory.BDACompetitionMode:197191334]: WHODAMAGEDWHOWITHBATTLEDAMAGE:PLAID AIF-42C5B LRP:182.4:PLAID AIF-42C5D LRP_1:7072.5:PLAID AIF-42C5B LRP
[BDArmory.BDACompetitionMode:197191334]: WHODAMAGEDWHOWITHBATTLEDAMAGE:PLAID AIF-42C5B LRP_2:23.5:PLAID AIF-42C5D LRP_1:5167.0:PLAID AIF-42C5B LRP_2
[BDArmory.BDACompetitionMode:197191334]: GMKILL:PLAID AIF-42C5D LRP_2:LandedTooLong
[BDArmory.BDACompetitionMode:197191334]: GMKILL:PLAID AIF-42C5B LRP_1:LandedTooLong
[BDArmory.BDACompetitionMode:197191334]: CLEANKILLMISSILES:PLAID AIF-42C5D LRP:PLAID AIF-42C5B LRP
[BDArmory.BDACompetitionMode:197191334]: CLEANKILLGUNS:PLAID AIF-42C5B LRP:PLAID AIF-42C5D LRP_1
[BDArmory.BDACompetitionMode:197191334]: HEADSHOTGUNS:PLAID AIF-42C5B LRP_2:PLAID AIF-42C5D LRP_1
[BDArmory.BDACompetitionMode:197191334]: HPLEFT:PLAID AIF-42C5D LRP:0
[BDArmory.BDACompetitionMode:197191334]: HPLEFT:PLAID AIF-42C5D LRP_1:96.0526315789474
[BDArmory.BDACompetitionMode:197191334]: HPLEFT:PLAID AIF-42C5D LRP_2:0
[BDArmory.BDACompetitionMode:197191334]: HPLEFT:PLAID AIF-42C5B LRP:0
[BDArmory.BDACompetitionMode:197191334]: HPLEFT:PLAID AIF-42C5B LRP_1:0
[BDArmory.BDACompetitionMode:197191334]: HPLEFT:PLAID AIF-42C5B LRP_2:0
[BDArmory.BDACompetitionMode:197191334]: ACCURACY:PLAID AIF-42C5D LRP:0/0:0/0
[BDArmory.BDACompetitionMode:197191334]: ACCURACY:PLAID AIF-42C5D LRP_1:30/328:0/0
[BDArmory.BDACompetitionMode:197191334]: ACCURACY:PLAID AIF-42C5D LRP_2:0/0:0/0
[BDArmory.BDACompetitionMode:197191334]: ACCURACY:PLAID AIF-42C5B LRP:1/270:0/0
[BDArmory.BDACompetitionMode:197191334]: ACCURACY:PLAID AIF-42C5B LRP_1:0/0:0/0
[BDArmory.BDACompetitionMode:197191334]: ACCURACY:PLAID AIF-42C5B LRP_2:4/243:0/0
