[BDArmory.BDACompetitionMode:198291396]: Dumping Results after -8s (of 0s) at 2026-04-14 00:57:58 -04:00
[BDArmory.BDACompetitionMode:198291396]: RESULT:Mutual Annihilation
[BDArmory.BDACompetitionMode:198291396]: DEADTEAMS:[{"team": "AL-27 VVVV(3)", "members": ["AL-27 VVVV", "AL-27 VVVV_1"]}, {"team": "PLAID AIF-42C5D1", "members": ["PLAID AIF-42C5D1", "PLAID AIF-42C5D1_1"]}]
[BDArmory.BDACompetitionMode:198291396]: MIA:AL-27 VVVV
[BDArmory.BDACompetitionMode:198291396]: MIA:AL-27 VVVV_1
[BDArmory.BDACompetitionMode:198291396]: DEAD:0:65.0:PLAID AIF-42C5D1
[BDArmory.BDACompetitionMode:198291396]: MIA:PLAID AIF-42C5D1_1
[BDArmory.BDACompetitionMode:198291396]: WHOHITWHOWITHMISSILES:PLAID AIF-42C5D1:1:AL-27 VVVV_1
[BDArmory.BDACompetitionMode:198291396]: WHOHITWHOWITHMISSILES:PLAID AIF-42C5D1_1:2:AL-27 VVVV_1:3:AL-27 VVVV
[BDArmory.BDACompetitionMode:198291396]: WHOPARTSHITWHOWITHMISSILES:PLAID AIF-42C5D1:73:AL-27 VVVV_1
[BDArmory.BDACompetitionMode:198291396]: WHOPARTSHITWHOWITHMISSILES:PLAID AIF-42C5D1_1:86:AL-27 VVVV_1:75:AL-27 VVVV
[BDArmory.BDACompetitionMode:198291396]: WHODAMAGEDWHOWITHMISSILES:PLAID AIF-42C5D1:75139.7:AL-27 VVVV_1
[BDArmory.BDACompetitionMode:198291396]: WHODAMAGEDWHOWITHMISSILES:PLAID AIF-42C5D1_1:30148.3:AL-27 VVVV_1:15394.9:AL-27 VVVV
[BDArmory.BDACompetitionMode:198291396]: CLEANKILLMISSILES:PLAID AIF-42C5D1:AL-27 VVVV_1
[BDArmory.BDACompetitionMode:198291396]: HPLEFT:AL-27 VVVV:0
[BDArmory.BDACompetitionMode:198291396]: HPLEFT:AL-27 VVVV_1:0
[BDArmory.BDACompetitionMode:198291396]: HPLEFT:PLAID AIF-42C5D1:0
[BDArmory.BDACompetitionMode:198291396]: HPLEFT:PLAID AIF-42C5D1_1:0
[BDArmory.BDACompetitionMode:198291396]: ACCURACY:AL-27 VVVV:0/0:0/0
[BDArmory.BDACompetitionMode:198291396]: ACCURACY:AL-27 VVVV_1:0/0:0/0
[BDArmory.BDACompetitionMode:198291396]: ACCURACY:PLAID AIF-42C5D1:0/0:0/0
[BDArmory.BDACompetitionMode:198291396]: ACCURACY:PLAID AIF-42C5D1_1:0/0:0/0
