[BDArmory.BDACompetitionMode:197191540]: Dumping Results after 111s (of 0s) at 2026-04-01 07:27:48 -04:00
[BDArmory.BDACompetitionMode:197191540]: RESULT:Win:{"team": "PLAID AIF-42C5B LRP", "members": ["PLAID AIF-42C5B LRP", "PLAID AIF-42C5B LRP_1", "PLAID AIF-42C5B LRP_2"]}
[BDArmory.BDACompetitionMode:197191540]: DEADTEAMS:[{"team": "PLAID AIF-42C5D LRP", "members": ["PLAID AIF-42C5D LRP", "PLAID AIF-42C5D LRP_1", "PLAID AIF-42C5D LRP_2"]}]
[BDArmory.BDACompetitionMode:197191540]: ALIVE:PLAID AIF-42C5B LRP_1
[BDArmory.BDACompetitionMode:197191540]: ALIVE:PLAID AIF-42C5B LRP_2
[BDArmory.BDACompetitionMode:197191540]: DEAD:3:105.5:PLAID AIF-42C5B LRP
[BDArmory.BDACompetitionMode:197191540]: DEAD:2:100.0:PLAID AIF-42C5D LRP
[BDArmory.BDACompetitionMode:197191540]: DEAD:1:96.0:PLAID AIF-42C5D LRP_1
[BDArmory.BDACompetitionMode:197191540]: DEAD:0:65.0:PLAID AIF-42C5D LRP_2
[BDArmory.BDACompetitionMode:197191540]: WHOSHOTWHOWITHGUNS:PLAID AIF-42C5D LRP:12:PLAID AIF-42C5B LRP_2:1:PLAID AIF-42C5B LRP_1
[BDArmory.BDACompetitionMode:197191540]: WHOSHOTWHOWITHGUNS:PLAID AIF-42C5D LRP_1:24:PLAID AIF-42C5B LRP_1
[BDArmory.BDACompetitionMode:197191540]: WHOSHOTWHOWITHGUNS:PLAID AIF-42C5D LRP_2:1:PLAID AIF-42C5B LRP_2
[BDArmory.BDACompetitionMode:197191540]: WHODAMAGEDWHOWITHGUNS:PLAID AIF-42C5D LRP:3997.4:PLAID AIF-42C5B LRP_2:840.9:PLAID AIF-42C5B LRP_1
[BDArmory.BDACompetitionMode:197191540]: WHODAMAGEDWHOWITHGUNS:PLAID AIF-42C5D LRP_1:6237.4:PLAID AIF-42C5B LRP_1
[BDArmory.BDACompetitionMode:197191540]: WHODAMAGEDWHOWITHGUNS:PLAID AIF-42C5D LRP_2:553.8:PLAID AIF-42C5B LRP_2
[BDArmory.BDACompetitionMode:197191540]: WHOHITWHOWITHMISSILES:PLAID AIF-42C5B LRP:1:PLAID AIF-42C5D LRP_1
[BDArmory.BDACompetitionMode:197191540]: WHOHITWHOWITHMISSILES:PLAID AIF-42C5D LRP:1:PLAID AIF-42C5B LRP_2:1:PLAID AIF-42C5B LRP_1
[BDArmory.BDACompetitionMode:197191540]: WHOHITWHOWITHMISSILES:PLAID AIF-42C5D LRP_1:1:PLAID AIF-42C5B LRP_1
[BDArmory.BDACompetitionMode:197191540]: WHOHITWHOWITHMISSILES:PLAID AIF-42C5D LRP_2:1:PLAID AIF-42C5B LRP_2:1:PLAID AIF-42C5B LRP
[BDArmory.BDACompetitionMode:197191540]: WHOPARTSHITWHOWITHMISSILES:PLAID AIF-42C5B LRP:70:PLAID AIF-42C5D LRP_1
[BDArmory.BDACompetitionMode:197191540]: WHOPARTSHITWHOWITHMISSILES:PLAID AIF-42C5D LRP:63:PLAID AIF-42C5B LRP_2:58:PLAID AIF-42C5B LRP_1
[BDArmory.BDACompetitionMode:197191540]: WHOPARTSHITWHOWITHMISSILES:PLAID AIF-42C5D LRP_1:74:PLAID AIF-42C5B LRP_1
[BDArmory.BDACompetitionMode:197191540]: WHOPARTSHITWHOWITHMISSILES:PLAID AIF-42C5D LRP_2:67:PLAID AIF-42C5B LRP_2:60:PLAID AIF-42C5B LRP
[BDArmory.BDACompetitionMode:197191540]: WHODAMAGEDWHOWITHMISSILES:PLAID AIF-42C5B LRP:52036.3:PLAID AIF-42C5D LRP_1
[BDArmory.BDACompetitionMode:197191540]: WHODAMAGEDWHOWITHMISSILES:PLAID AIF-42C5D LRP:1736.5:PLAID AIF-42C5B LRP_2:18688.2:PLAID AIF-42C5B LRP_1
[BDArmory.BDACompetitionMode:197191540]: WHODAMAGEDWHOWITHMISSILES:PLAID AIF-42C5D LRP_1:419.0:PLAID AIF-42C5B LRP_1
[BDArmory.BDACompetitionMode:197191540]: WHODAMAGEDWHOWITHMISSILES:PLAID AIF-42C5D LRP_2:57787.3:PLAID AIF-42C5B LRP
[BDArmory.BDACompetitionMode:197191540]: WHODAMAGEDWHOWITHBATTLEDAMAGE:PLAID AIF-42C5D LRP:368.9:PLAID AIF-42C5B LRP_2:22812.8:PLAID AIF-42C5B LRP_1
[BDArmory.BDACompetitionMode:197191540]: WHODAMAGEDWHOWITHBATTLEDAMAGE:PLAID AIF-42C5D LRP_1:239.9:PLAID AIF-42C5B LRP_1:17834.0:PLAID AIF-42C5D LRP_1
[BDArmory.BDACompetitionMode:197191540]: WHODAMAGEDWHOWITHBATTLEDAMAGE:PLAID AIF-42C5D LRP_2:21050.1:PLAID AIF-42C5D LRP_2
[BDArmory.BDACompetitionMode:197191540]: GMKILL:PLAID AIF-42C5B LRP:BigRedButton
[BDArmory.BDACompetitionMode:197191540]: KILLSTEALGUNS:PLAID AIF-42C5D LRP:PLAID AIF-42C5B LRP_1
[BDArmory.BDACompetitionMode:197191540]: CLEANKILLGUNS:PLAID AIF-42C5D LRP_1:PLAID AIF-42C5B LRP_1
[BDArmory.BDACompetitionMode:197191540]: KILLSTEALGUNS:PLAID AIF-42C5D LRP_2:PLAID AIF-42C5B LRP_2
[BDArmory.BDACompetitionMode:197191540]: HPLEFT:PLAID AIF-42C5B LRP:0
[BDArmory.BDACompetitionMode:197191540]: HPLEFT:PLAID AIF-42C5B LRP_1:100
[BDArmory.BDACompetitionMode:197191540]: HPLEFT:PLAID AIF-42C5B LRP_2:100
[BDArmory.BDACompetitionMode:197191540]: HPLEFT:PLAID AIF-42C5D LRP:0
[BDArmory.BDACompetitionMode:197191540]: HPLEFT:PLAID AIF-42C5D LRP_1:0
[BDArmory.BDACompetitionMode:197191540]: HPLEFT:PLAID AIF-42C5D LRP_2:0
[BDArmory.BDACompetitionMode:197191540]: ACCURACY:PLAID AIF-42C5B LRP:0/0:0/0
[BDArmory.BDACompetitionMode:197191540]: ACCURACY:PLAID AIF-42C5B LRP_1:25/162:0/0
[BDArmory.BDACompetitionMode:197191540]: ACCURACY:PLAID AIF-42C5B LRP_2:13/108:0/0
[BDArmory.BDACompetitionMode:197191540]: ACCURACY:PLAID AIF-42C5D LRP:0/49:0/0
[BDArmory.BDACompetitionMode:197191540]: ACCURACY:PLAID AIF-42C5D LRP_1:0/42:0/0
[BDArmory.BDACompetitionMode:197191540]: ACCURACY:PLAID AIF-42C5D LRP_2:0/0:0/0
