[BDArmory.BDACompetitionMode:196834529]: Dumping Results after 142s (of 0s) at 2026-03-28 04:18:35 -04:00
[BDArmory.BDACompetitionMode:196834529]: RESULT:Win:{"team": "PLAID AIF-42C5C LRP", "members": ["PLAID AIF-42C5C LRP", "PLAID AIF-42C5C LRP_1", "PLAID AIF-42C5C LRP_2", "PLAID AIF-42C5C LRP_3"]}
[BDArmory.BDACompetitionMode:196834529]: DEADTEAMS:[{"team": "PLAID AIF-42C5B LRP", "members": ["PLAID AIF-42C5B LRP", "PLAID AIF-42C5B LRP_1", "PLAID AIF-42C5B LRP_2", "PLAID AIF-42C5B LRP_3"]}]
[BDArmory.BDACompetitionMode:196834529]: ALIVE:PLAID AIF-42C5C LRP
[BDArmory.BDACompetitionMode:196834529]: ALIVE:PLAID AIF-42C5C LRP_1
[BDArmory.BDACompetitionMode:196834529]: ALIVE:PLAID AIF-42C5C LRP_2
[BDArmory.BDACompetitionMode:196834529]: ALIVE:PLAID AIF-42C5C LRP_3
[BDArmory.BDACompetitionMode:196834529]: DEAD:0:108.0:PLAID AIF-42C5B LRP
[BDArmory.BDACompetitionMode:196834529]: DEAD:2:122.0:PLAID AIF-42C5B LRP_1
[BDArmory.BDACompetitionMode:196834529]: DEAD:1:108.0:PLAID AIF-42C5B LRP_2
[BDArmory.BDACompetitionMode:196834529]: DEAD:3:131.0:PLAID AIF-42C5B LRP_3
[BDArmory.BDACompetitionMode:196834529]: WHOSHOTWHOWITHGUNS:PLAID AIF-42C5B LRP:8:PLAID AIF-42C5C LRP_3
[BDArmory.BDACompetitionMode:196834529]: WHOSHOTWHOWITHGUNS:PLAID AIF-42C5B LRP_1:14:PLAID AIF-42C5C LRP_2:10:PLAID AIF-42C5C LRP_1
[BDArmory.BDACompetitionMode:196834529]: WHOSHOTWHOWITHGUNS:PLAID AIF-42C5B LRP_2:22:PLAID AIF-42C5C LRP
[BDArmory.BDACompetitionMode:196834529]: WHOSHOTWHOWITHGUNS:PLAID AIF-42C5B LRP_3:5:PLAID AIF-42C5C LRP_2
[BDArmory.BDACompetitionMode:196834529]: WHODAMAGEDWHOWITHGUNS:PLAID AIF-42C5B LRP:1659.3:PLAID AIF-42C5C LRP_3
[BDArmory.BDACompetitionMode:196834529]: WHODAMAGEDWHOWITHGUNS:PLAID AIF-42C5B LRP_1:3582.9:PLAID AIF-42C5C LRP_2:2320.8:PLAID AIF-42C5C LRP_1
[BDArmory.BDACompetitionMode:196834529]: WHODAMAGEDWHOWITHGUNS:PLAID AIF-42C5B LRP_2:5365.3:PLAID AIF-42C5C LRP
[BDArmory.BDACompetitionMode:196834529]: WHODAMAGEDWHOWITHGUNS:PLAID AIF-42C5B LRP_3:3066.7:PLAID AIF-42C5C LRP_2
[BDArmory.BDACompetitionMode:196834529]: WHOHITWHOWITHMISSILES:PLAID AIF-42C5B LRP_1:1:PLAID AIF-42C5C LRP:1:PLAID AIF-42C5C LRP_1
[BDArmory.BDACompetitionMode:196834529]: WHOHITWHOWITHMISSILES:PLAID AIF-42C5B LRP_3:1:PLAID AIF-42C5C LRP_3:1:PLAID AIF-42C5C LRP_2:1:PLAID AIF-42C5C LRP
[BDArmory.BDACompetitionMode:196834529]: WHOHITWHOWITHMISSILES:PLAID AIF-42C5C LRP_3:1:PLAID AIF-42C5B LRP
[BDArmory.BDACompetitionMode:196834529]: WHOPARTSHITWHOWITHMISSILES:PLAID AIF-42C5B LRP_1:45:PLAID AIF-42C5C LRP:8:PLAID AIF-42C5C LRP_1
[BDArmory.BDACompetitionMode:196834529]: WHOPARTSHITWHOWITHMISSILES:PLAID AIF-42C5B LRP_3:70:PLAID AIF-42C5C LRP_3:52:PLAID AIF-42C5C LRP_2:21:PLAID AIF-42C5C LRP
[BDArmory.BDACompetitionMode:196834529]: WHOPARTSHITWHOWITHMISSILES:PLAID AIF-42C5C LRP_3:72:PLAID AIF-42C5B LRP
[BDArmory.BDACompetitionMode:196834529]: WHODAMAGEDWHOWITHMISSILES:PLAID AIF-42C5B LRP_1:10115.8:PLAID AIF-42C5C LRP:11643.6:PLAID AIF-42C5C LRP_1
[BDArmory.BDACompetitionMode:196834529]: WHODAMAGEDWHOWITHMISSILES:PLAID AIF-42C5B LRP_3:46817.6:PLAID AIF-42C5C LRP_3:11922.5:PLAID AIF-42C5C LRP_2:4997.3:PLAID AIF-42C5C LRP
[BDArmory.BDACompetitionMode:196834529]: WHODAMAGEDWHOWITHMISSILES:PLAID AIF-42C5C LRP_3:4283.9:PLAID AIF-42C5B LRP
[BDArmory.BDACompetitionMode:196834529]: WHODAMAGEDWHOWITHBATTLEDAMAGE:PLAID AIF-42C5B LRP:79.3:PLAID AIF-42C5C LRP_3:32956.1:PLAID AIF-42C5B LRP
[BDArmory.BDACompetitionMode:196834529]: WHODAMAGEDWHOWITHBATTLEDAMAGE:PLAID AIF-42C5B LRP_1:66.3:PLAID AIF-42C5C LRP_1:10790.7:PLAID AIF-42C5B LRP_1:129.4:PLAID AIF-42C5C LRP_2
[BDArmory.BDACompetitionMode:196834529]: WHODAMAGEDWHOWITHBATTLEDAMAGE:PLAID AIF-42C5B LRP_2:403.7:PLAID AIF-42C5C LRP:33191.5:PLAID AIF-42C5B LRP_2
[BDArmory.BDACompetitionMode:196834529]: WHODAMAGEDWHOWITHBATTLEDAMAGE:PLAID AIF-42C5B LRP_3:1.1:PLAID AIF-42C5C LRP_3:410.3:PLAID AIF-42C5B LRP_3:239.2:PLAID AIF-42C5C LRP_2
[BDArmory.BDACompetitionMode:196834529]: WHODAMAGEDWHOWITHBATTLEDAMAGE:PLAID AIF-42C5C LRP:1072.5:PLAID AIF-42C5B LRP_2
[BDArmory.BDACompetitionMode:196834529]: WHODAMAGEDWHOWITHBATTLEDAMAGE:PLAID AIF-42C5C LRP_2:5.0:PLAID AIF-42C5C LRP_1
[BDArmory.BDACompetitionMode:196834529]: CLEANKILLGUNS:PLAID AIF-42C5B LRP:PLAID AIF-42C5C LRP_3
[BDArmory.BDACompetitionMode:196834529]: HEADSHOTMISSILES:PLAID AIF-42C5B LRP_1:PLAID AIF-42C5C LRP_1
[BDArmory.BDACompetitionMode:196834529]: CLEANKILLGUNS:PLAID AIF-42C5B LRP_2:PLAID AIF-42C5C LRP
[BDArmory.BDACompetitionMode:196834529]: HEADSHOTMISSILES:PLAID AIF-42C5B LRP_3:PLAID AIF-42C5C LRP
[BDArmory.BDACompetitionMode:196834529]: HPLEFT:PLAID AIF-42C5B LRP:0
[BDArmory.BDACompetitionMode:196834529]: HPLEFT:PLAID AIF-42C5B LRP_1:0
[BDArmory.BDACompetitionMode:196834529]: HPLEFT:PLAID AIF-42C5B LRP_2:0
[BDArmory.BDACompetitionMode:196834529]: HPLEFT:PLAID AIF-42C5B LRP_3:0
[BDArmory.BDACompetitionMode:196834529]: HPLEFT:PLAID AIF-42C5C LRP:100
[BDArmory.BDACompetitionMode:196834529]: HPLEFT:PLAID AIF-42C5C LRP_1:100
[BDArmory.BDACompetitionMode:196834529]: HPLEFT:PLAID AIF-42C5C LRP_2:100
[BDArmory.BDACompetitionMode:196834529]: HPLEFT:PLAID AIF-42C5C LRP_3:95
[BDArmory.BDACompetitionMode:196834529]: ACCURACY:PLAID AIF-42C5B LRP:0/4:0/0
[BDArmory.BDACompetitionMode:196834529]: ACCURACY:PLAID AIF-42C5B LRP_1:0/0:0/0
[BDArmory.BDACompetitionMode:196834529]: ACCURACY:PLAID AIF-42C5B LRP_2:0/2:0/0
[BDArmory.BDACompetitionMode:196834529]: ACCURACY:PLAID AIF-42C5B LRP_3:0/0:0/0
[BDArmory.BDACompetitionMode:196834529]: ACCURACY:PLAID AIF-42C5C LRP:22/178:0/0
[BDArmory.BDACompetitionMode:196834529]: ACCURACY:PLAID AIF-42C5C LRP_1:10/60:0/0
[BDArmory.BDACompetitionMode:196834529]: ACCURACY:PLAID AIF-42C5C LRP_2:19/129:0/0
[BDArmory.BDACompetitionMode:196834529]: ACCURACY:PLAID AIF-42C5C LRP_3:8/86:0/0
