[BDArmory.BDACompetitionMode:199421188]: Dumping Results after 84s (of 0s) at 2026-04-27 02:49:59 -04:00
[BDArmory.BDACompetitionMode:199421188]: RESULT:Win:{"team": "AIF-38", "members": ["AIF-38", "AIF-38_1", "AIF-38_2"]}
[BDArmory.BDACompetitionMode:199421188]: DEADTEAMS:[{"team": "AL-34 Cooker V_VVVVdev", "members": ["AL-34 Cooker V/VVVVdev", "AL-34 Cooker V/VVVVdev_1", "AL-34 Cooker V/VVVVdev_2"]}]
[BDArmory.BDACompetitionMode:199421188]: ALIVE:AIF-38
[BDArmory.BDACompetitionMode:199421188]: ALIVE:AIF-38_1
[BDArmory.BDACompetitionMode:199421188]: DEAD:1:58.0:AL-34 Cooker V/VVVVdev
[BDArmory.BDACompetitionMode:199421188]: DEAD:2:74.0:AL-34 Cooker V/VVVVdev_1
[BDArmory.BDACompetitionMode:199421188]: DEAD:0:47.0:AL-34 Cooker V/VVVVdev_2
[BDArmory.BDACompetitionMode:199421188]: MIA:AIF-38_2
[BDArmory.BDACompetitionMode:199421188]: WHOSHOTWHOWITHGUNS:AL-34 Cooker V/VVVVdev_1:4:AIF-38_1
[BDArmory.BDACompetitionMode:199421188]: WHOSHOTWHOWITHGUNS:AIF-38_1:4:AL-34 Cooker V/VVVVdev_1
[BDArmory.BDACompetitionMode:199421188]: WHODAMAGEDWHOWITHGUNS:AL-34 Cooker V/VVVVdev_1:1514.5:AIF-38_1
[BDArmory.BDACompetitionMode:199421188]: WHODAMAGEDWHOWITHGUNS:AIF-38_1:1610.7:AL-34 Cooker V/VVVVdev_1
[BDArmory.BDACompetitionMode:199421188]: WHOHITWHOWITHMISSILES:AL-34 Cooker V/VVVVdev:2:AIF-38_2:2:AIF-38
[BDArmory.BDACompetitionMode:199421188]: WHOHITWHOWITHMISSILES:AL-34 Cooker V/VVVVdev_1:2:AIF-38_1:1:AIF-38
[BDArmory.BDACompetitionMode:199421188]: WHOHITWHOWITHMISSILES:AL-34 Cooker V/VVVVdev_2:1:AIF-38
[BDArmory.BDACompetitionMode:199421188]: WHOHITWHOWITHMISSILES:AIF-38_2:1:AL-34 Cooker V/VVVVdev
[BDArmory.BDACompetitionMode:199421188]: WHOPARTSHITWHOWITHMISSILES:AL-34 Cooker V/VVVVdev:143:AIF-38_2:199:AIF-38
[BDArmory.BDACompetitionMode:199421188]: WHOPARTSHITWHOWITHMISSILES:AL-34 Cooker V/VVVVdev_1:207:AIF-38_1:109:AIF-38
[BDArmory.BDACompetitionMode:199421188]: WHOPARTSHITWHOWITHMISSILES:AL-34 Cooker V/VVVVdev_2:109:AIF-38
[BDArmory.BDACompetitionMode:199421188]: WHOPARTSHITWHOWITHMISSILES:AIF-38_2:84:AL-34 Cooker V/VVVVdev
[BDArmory.BDACompetitionMode:199421188]: WHODAMAGEDWHOWITHMISSILES:AL-34 Cooker V/VVVVdev:14271.8:AIF-38
[BDArmory.BDACompetitionMode:199421188]: WHODAMAGEDWHOWITHMISSILES:AL-34 Cooker V/VVVVdev_1:419.1:AIF-38:879.3:AIF-38_1
[BDArmory.BDACompetitionMode:199421188]: WHODAMAGEDWHOWITHMISSILES:AL-34 Cooker V/VVVVdev_2:6535.1:AIF-38
[BDArmory.BDACompetitionMode:199421188]: WHODAMAGEDWHOWITHMISSILES:AIF-38_2:55623.7:AL-34 Cooker V/VVVVdev
[BDArmory.BDACompetitionMode:199421188]: WHODAMAGEDWHOWITHBATTLEDAMAGE:AL-34 Cooker V/VVVVdev_1:1.1:AIF-38_1
[BDArmory.BDACompetitionMode:199421188]: WHODAMAGEDWHOWITHBATTLEDAMAGE:AIF-38_1:300.6:AL-34 Cooker V/VVVVdev_1
[BDArmory.BDACompetitionMode:199421188]: KILLSTEALMISSILES:AL-34 Cooker V/VVVVdev:AIF-38
[BDArmory.BDACompetitionMode:199421188]: HEADSHOTGUNS:AL-34 Cooker V/VVVVdev_1:AIF-38_1
[BDArmory.BDACompetitionMode:199421188]: CLEANKILLMISSILES:AL-34 Cooker V/VVVVdev_2:AIF-38
[BDArmory.BDACompetitionMode:199421188]: HPLEFT:AL-34 Cooker V/VVVVdev:0
[BDArmory.BDACompetitionMode:199421188]: HPLEFT:AL-34 Cooker V/VVVVdev_1:0
[BDArmory.BDACompetitionMode:199421188]: HPLEFT:AL-34 Cooker V/VVVVdev_2:0
[BDArmory.BDACompetitionMode:199421188]: HPLEFT:AIF-38:100
[BDArmory.BDACompetitionMode:199421188]: HPLEFT:AIF-38_1:99.009900990099
[BDArmory.BDACompetitionMode:199421188]: HPLEFT:AIF-38_2:29.7029702970297
[BDArmory.BDACompetitionMode:199421188]: ACCURACY:AL-34 Cooker V/VVVVdev:0/0:0/0
[BDArmory.BDACompetitionMode:199421188]: ACCURACY:AL-34 Cooker V/VVVVdev_1:4/131:0/0
[BDArmory.BDACompetitionMode:199421188]: ACCURACY:AL-34 Cooker V/VVVVdev_2:0/0:0/0
[BDArmory.BDACompetitionMode:199421188]: ACCURACY:AIF-38:0/41:0/0
[BDArmory.BDACompetitionMode:199421188]: ACCURACY:AIF-38_1:4/64:0/0
[BDArmory.BDACompetitionMode:199421188]: ACCURACY:AIF-38_2:0/0:0/0
