[BDArmory.BDACompetitionMode:199411560]: Dumping Results after -89s (of 0s) at 2026-04-27 00:08:38 -04:00
[BDArmory.BDACompetitionMode:199411560]: RESULT:Draw:[{"team": "AIF-38", "members": ["AIF-38", "AIF-38_1"]}, {"team": "PLAID AIF-42C5D2", "members": ["PLAID AIF-42C5D2", "PLAID AIF-42C5D2_1"]}]
[BDArmory.BDACompetitionMode:199411560]: DEADTEAMS:[]
[BDArmory.BDACompetitionMode:199411560]: ALIVE:PLAID AIF-42C5D2_1
[BDArmory.BDACompetitionMode:199411560]: MIA:AIF-38
[BDArmory.BDACompetitionMode:199411560]: DEAD:0:71.0:AIF-38_1
[BDArmory.BDACompetitionMode:199411560]: DEAD:1:100.0:PLAID AIF-42C5D2
[BDArmory.BDACompetitionMode:199411560]: WHOSHOTWHOWITHGUNS:AIF-38:19:PLAID AIF-42C5D2_1:1:PLAID AIF-42C5D2
[BDArmory.BDACompetitionMode:199411560]: WHOSHOTWHOWITHGUNS:PLAID AIF-42C5D2:9:AIF-38
[BDArmory.BDACompetitionMode:199411560]: WHODAMAGEDWHOWITHGUNS:AIF-38:6232.3:PLAID AIF-42C5D2_1:270.6:PLAID AIF-42C5D2
[BDArmory.BDACompetitionMode:199411560]: WHODAMAGEDWHOWITHGUNS:PLAID AIF-42C5D2:2572.0:AIF-38
[BDArmory.BDACompetitionMode:199411560]: WHOHITWHOWITHMISSILES:AIF-38:1:PLAID AIF-42C5D2
[BDArmory.BDACompetitionMode:199411560]: WHOHITWHOWITHMISSILES:AIF-38_1:2:PLAID AIF-42C5D2_1
[BDArmory.BDACompetitionMode:199411560]: WHOHITWHOWITHMISSILES:PLAID AIF-42C5D2_1:6:AIF-38
[BDArmory.BDACompetitionMode:199411560]: WHOPARTSHITWHOWITHMISSILES:AIF-38:86:PLAID AIF-42C5D2
[BDArmory.BDACompetitionMode:199411560]: WHOPARTSHITWHOWITHMISSILES:AIF-38_1:181:PLAID AIF-42C5D2_1
[BDArmory.BDACompetitionMode:199411560]: WHOPARTSHITWHOWITHMISSILES:PLAID AIF-42C5D2_1:370:AIF-38
[BDArmory.BDACompetitionMode:199411560]: WHODAMAGEDWHOWITHMISSILES:AIF-38:15898.8:PLAID AIF-42C5D2
[BDArmory.BDACompetitionMode:199411560]: WHODAMAGEDWHOWITHMISSILES:AIF-38_1:46116.7:PLAID AIF-42C5D2_1
[BDArmory.BDACompetitionMode:199411560]: WHODAMAGEDWHOWITHMISSILES:PLAID AIF-42C5D2_1:17961.6:AIF-38
[BDArmory.BDACompetitionMode:199411560]: WHODAMAGEDWHOWITHBATTLEDAMAGE:AIF-38:933.6:PLAID AIF-42C5D2_1:129.7:PLAID AIF-42C5D2:13337.8:AIF-38
[BDArmory.BDACompetitionMode:199411560]: WHODAMAGEDWHOWITHBATTLEDAMAGE:AIF-38_1:9495.2:PLAID AIF-42C5D2_1
[BDArmory.BDACompetitionMode:199411560]: WHODAMAGEDWHOWITHBATTLEDAMAGE:PLAID AIF-42C5D2:13.9:AIF-38
[BDArmory.BDACompetitionMode:199411560]: WHODAMAGEDWHOWITHBATTLEDAMAGE:PLAID AIF-42C5D2_1:0.1:AIF-38
[BDArmory.BDACompetitionMode:199411560]: CLEANKILLMISSILES:AIF-38_1:PLAID AIF-42C5D2_1
[BDArmory.BDACompetitionMode:199411560]: CLEANKILLGUNS:PLAID AIF-42C5D2:AIF-38
[BDArmory.BDACompetitionMode:199411560]: HPLEFT:AIF-38:17.8947368421053
[BDArmory.BDACompetitionMode:199411560]: HPLEFT:AIF-38_1:0
[BDArmory.BDACompetitionMode:199411560]: HPLEFT:PLAID AIF-42C5D2:0
[BDArmory.BDACompetitionMode:199411560]: HPLEFT:PLAID AIF-42C5D2_1:80
[BDArmory.BDACompetitionMode:199411560]: ACCURACY:AIF-38:9/138:0/0
[BDArmory.BDACompetitionMode:199411560]: ACCURACY:AIF-38_1:0/0:0/0
[BDArmory.BDACompetitionMode:199411560]: ACCURACY:PLAID AIF-42C5D2:1/169:0/0
[BDArmory.BDACompetitionMode:199411560]: ACCURACY:PLAID AIF-42C5D2_1:19/185:0/0
