[BDArmory.BDACompetitionMode:197192352]: Dumping Results after 95s (of 0s) at 2026-04-01 07:41:15 -04:00
[BDArmory.BDACompetitionMode:197192352]: RESULT:Win:{"team": "PLAID AIF-42C5D LRP", "members": ["PLAID AIF-42C5D LRP", "PLAID AIF-42C5D LRP_1", "PLAID AIF-42C5D LRP_2"]}
[BDArmory.BDACompetitionMode:197192352]: DEADTEAMS:[{"team": "PLAID AIF-42C5B LRP", "members": ["PLAID AIF-42C5B LRP", "PLAID AIF-42C5B LRP_1", "PLAID AIF-42C5B LRP_2"]}]
[BDArmory.BDACompetitionMode:197192352]: ALIVE:PLAID AIF-42C5D LRP_2
[BDArmory.BDACompetitionMode:197192352]: DEAD:0:47.0:PLAID AIF-42C5D LRP
[BDArmory.BDACompetitionMode:197192352]: DEAD:1:51.0:PLAID AIF-42C5D LRP_1
[BDArmory.BDACompetitionMode:197192352]: DEAD:4:84.0:PLAID AIF-42C5B LRP
[BDArmory.BDACompetitionMode:197192352]: DEAD:3:78.7:PLAID AIF-42C5B LRP_1
[BDArmory.BDACompetitionMode:197192352]: DEAD:2:72.9:PLAID AIF-42C5B LRP_2
[BDArmory.BDACompetitionMode:197192352]: WHOSHOTWHOWITHGUNS:PLAID AIF-42C5D LRP_2:1:PLAID AIF-42C5B LRP
[BDArmory.BDACompetitionMode:197192352]: WHODAMAGEDWHOWITHGUNS:PLAID AIF-42C5D LRP_2:603.0:PLAID AIF-42C5B LRP
[BDArmory.BDACompetitionMode:197192352]: WHOHITWHOWITHMISSILES:PLAID AIF-42C5D LRP:1:PLAID AIF-42C5B LRP
[BDArmory.BDACompetitionMode:197192352]: WHOHITWHOWITHMISSILES:PLAID AIF-42C5D LRP_1:1:PLAID AIF-42C5B LRP_2
[BDArmory.BDACompetitionMode:197192352]: WHOHITWHOWITHMISSILES:PLAID AIF-42C5B LRP:1:PLAID AIF-42C5D LRP_2
[BDArmory.BDACompetitionMode:197192352]: WHOHITWHOWITHMISSILES:PLAID AIF-42C5B LRP_1:1:PLAID AIF-42C5D LRP_2
[BDArmory.BDACompetitionMode:197192352]: WHOHITWHOWITHMISSILES:PLAID AIF-42C5B LRP_2:1:PLAID AIF-42C5D LRP_2
[BDArmory.BDACompetitionMode:197192352]: WHOPARTSHITWHOWITHMISSILES:PLAID AIF-42C5D LRP:72:PLAID AIF-42C5B LRP
[BDArmory.BDACompetitionMode:197192352]: WHOPARTSHITWHOWITHMISSILES:PLAID AIF-42C5D LRP_1:72:PLAID AIF-42C5B LRP_2
[BDArmory.BDACompetitionMode:197192352]: WHOPARTSHITWHOWITHMISSILES:PLAID AIF-42C5B LRP:74:PLAID AIF-42C5D LRP_2
[BDArmory.BDACompetitionMode:197192352]: WHOPARTSHITWHOWITHMISSILES:PLAID AIF-42C5B LRP_1:70:PLAID AIF-42C5D LRP_2
[BDArmory.BDACompetitionMode:197192352]: WHOPARTSHITWHOWITHMISSILES:PLAID AIF-42C5B LRP_2:74:PLAID AIF-42C5D LRP_2
[BDArmory.BDACompetitionMode:197192352]: WHODAMAGEDWHOWITHMISSILES:PLAID AIF-42C5D LRP:42188.5:PLAID AIF-42C5B LRP
[BDArmory.BDACompetitionMode:197192352]: WHODAMAGEDWHOWITHMISSILES:PLAID AIF-42C5D LRP_1:29532.0:PLAID AIF-42C5B LRP_2
[BDArmory.BDACompetitionMode:197192352]: WHODAMAGEDWHOWITHMISSILES:PLAID AIF-42C5B LRP:80952.2:PLAID AIF-42C5D LRP_2
[BDArmory.BDACompetitionMode:197192352]: WHODAMAGEDWHOWITHMISSILES:PLAID AIF-42C5B LRP_1:56313.4:PLAID AIF-42C5D LRP_2
[BDArmory.BDACompetitionMode:197192352]: WHODAMAGEDWHOWITHMISSILES:PLAID AIF-42C5B LRP_2:53836.2:PLAID AIF-42C5D LRP_2
[BDArmory.BDACompetitionMode:197192352]: WHODAMAGEDWHOWITHBATTLEDAMAGE:PLAID AIF-42C5B LRP:28372.1:PLAID AIF-42C5D LRP_2
[BDArmory.BDACompetitionMode:197192352]: GMKILL:PLAID AIF-42C5B LRP_1:GM
[BDArmory.BDACompetitionMode:197192352]: GMKILL:PLAID AIF-42C5B LRP_2:GM
[BDArmory.BDACompetitionMode:197192352]: CLEANKILLMISSILES:PLAID AIF-42C5D LRP:PLAID AIF-42C5B LRP
[BDArmory.BDACompetitionMode:197192352]: CLEANKILLMISSILES:PLAID AIF-42C5D LRP_1:PLAID AIF-42C5B LRP_2
[BDArmory.BDACompetitionMode:197192352]: CLEANKILLMISSILES:PLAID AIF-42C5B LRP:PLAID AIF-42C5D LRP_2
[BDArmory.BDACompetitionMode:197192352]: HPLEFT:PLAID AIF-42C5D LRP:0
[BDArmory.BDACompetitionMode:197192352]: HPLEFT:PLAID AIF-42C5D LRP_1:0
[BDArmory.BDACompetitionMode:197192352]: HPLEFT:PLAID AIF-42C5D LRP_2:100
[BDArmory.BDACompetitionMode:197192352]: HPLEFT:PLAID AIF-42C5B LRP:0
[BDArmory.BDACompetitionMode:197192352]: HPLEFT:PLAID AIF-42C5B LRP_1:0
[BDArmory.BDACompetitionMode:197192352]: HPLEFT:PLAID AIF-42C5B LRP_2:0
[BDArmory.BDACompetitionMode:197192352]: ACCURACY:PLAID AIF-42C5D LRP:0/0:0/0
[BDArmory.BDACompetitionMode:197192352]: ACCURACY:PLAID AIF-42C5D LRP_1:0/0:0/0
[BDArmory.BDACompetitionMode:197192352]: ACCURACY:PLAID AIF-42C5D LRP_2:0/0:0/0
[BDArmory.BDACompetitionMode:197192352]: ACCURACY:PLAID AIF-42C5B LRP:1/66:0/0
[BDArmory.BDACompetitionMode:197192352]: ACCURACY:PLAID AIF-42C5B LRP_1:0/0:0/0
[BDArmory.BDACompetitionMode:197192352]: ACCURACY:PLAID AIF-42C5B LRP_2:0/0:0/0
