[BDArmory.BDACompetitionMode:200979792]: Dumping Results after 122s (of 0s) at 2026-05-15 03:47:17 -04:00
[BDArmory.BDACompetitionMode:200979792]: RESULT:Win:{"team": "AIF-38C", "members": ["AIF-38C", "AIF-38C_1"]}
[BDArmory.BDACompetitionMode:200979792]: DEADTEAMS:[{"team": "AL-27 Kallistemon dev", "members": ["AL-27 Kallistemon dev", "AL-27 Kallistemon dev_1"]}]
[BDArmory.BDACompetitionMode:200979792]: ALIVE:AIF-38C_1
[BDArmory.BDACompetitionMode:200979792]: DEAD:1:106.0:AL-27 Kallistemon dev
[BDArmory.BDACompetitionMode:200979792]: DEAD:2:112.0:AL-27 Kallistemon dev_1
[BDArmory.BDACompetitionMode:200979792]: DEAD:0:76.0:AIF-38C
[BDArmory.BDACompetitionMode:200979792]: WHOSHOTWHOWITHGUNS:AL-27 Kallistemon dev:24:AIF-38C_1
[BDArmory.BDACompetitionMode:200979792]: WHOSHOTWHOWITHGUNS:AL-27 Kallistemon dev_1:65:AIF-38C_1
[BDArmory.BDACompetitionMode:200979792]: WHODAMAGEDWHOWITHGUNS:AL-27 Kallistemon dev:8893.1:AIF-38C_1
[BDArmory.BDACompetitionMode:200979792]: WHODAMAGEDWHOWITHGUNS:AL-27 Kallistemon dev_1:20104.9:AIF-38C_1
[BDArmory.BDACompetitionMode:200979792]: WHOHITWHOWITHMISSILES:AL-27 Kallistemon dev:1:AIF-38C_1
[BDArmory.BDACompetitionMode:200979792]: WHOHITWHOWITHMISSILES:AIF-38C:1:AL-27 Kallistemon dev:1:AL-27 Kallistemon dev_1
[BDArmory.BDACompetitionMode:200979792]: WHOHITWHOWITHMISSILES:AIF-38C_1:1:AL-27 Kallistemon dev
[BDArmory.BDACompetitionMode:200979792]: WHOPARTSHITWHOWITHMISSILES:AL-27 Kallistemon dev:139:AIF-38C_1
[BDArmory.BDACompetitionMode:200979792]: WHOPARTSHITWHOWITHMISSILES:AIF-38C:102:AL-27 Kallistemon dev:8:AL-27 Kallistemon dev_1
[BDArmory.BDACompetitionMode:200979792]: WHOPARTSHITWHOWITHMISSILES:AIF-38C_1:92:AL-27 Kallistemon dev
[BDArmory.BDACompetitionMode:200979792]: WHODAMAGEDWHOWITHMISSILES:AL-27 Kallistemon dev:64267.7:AIF-38C_1
[BDArmory.BDACompetitionMode:200979792]: WHODAMAGEDWHOWITHMISSILES:AIF-38C:43726.3:AL-27 Kallistemon dev:11641.2:AL-27 Kallistemon dev_1
[BDArmory.BDACompetitionMode:200979792]: WHODAMAGEDWHOWITHMISSILES:AIF-38C_1:3863.6:AL-27 Kallistemon dev
[BDArmory.BDACompetitionMode:200979792]: WHODAMAGEDWHOWITHBATTLEDAMAGE:AL-27 Kallistemon dev:48.1:AIF-38C_1:1509.9:AL-27 Kallistemon dev
[BDArmory.BDACompetitionMode:200979792]: WHODAMAGEDWHOWITHBATTLEDAMAGE:AL-27 Kallistemon dev_1:30096.3:AIF-38C_1:23441.6:AL-27 Kallistemon dev_1
[BDArmory.BDACompetitionMode:200979792]: WHODAMAGEDWHOWITHBATTLEDAMAGE:AIF-38C:12350.3:AL-27 Kallistemon dev_1
[BDArmory.BDACompetitionMode:200979792]: WHODAMAGEDWHOWITHBATTLEDAMAGE:AIF-38C_1:0.5:AIF-38C_1
[BDArmory.BDACompetitionMode:200979792]: CLEANKILLGUNS:AL-27 Kallistemon dev:AIF-38C_1
[BDArmory.BDACompetitionMode:200979792]: CLEANKILLGUNS:AL-27 Kallistemon dev_1:AIF-38C_1
[BDArmory.BDACompetitionMode:200979792]: HEADSHOTMISSILES:AIF-38C:AL-27 Kallistemon dev_1
[BDArmory.BDACompetitionMode:200979792]: HPLEFT:AL-27 Kallistemon dev:0
[BDArmory.BDACompetitionMode:200979792]: HPLEFT:AL-27 Kallistemon dev_1:0
[BDArmory.BDACompetitionMode:200979792]: HPLEFT:AIF-38C:0
[BDArmory.BDACompetitionMode:200979792]: HPLEFT:AIF-38C_1:98.0769230769231
[BDArmory.BDACompetitionMode:200979792]: ACCURACY:AL-27 Kallistemon dev:0/140:0/0
[BDArmory.BDACompetitionMode:200979792]: ACCURACY:AL-27 Kallistemon dev_1:0/0:0/0
[BDArmory.BDACompetitionMode:200979792]: ACCURACY:AIF-38C:0/0:0/0
[BDArmory.BDACompetitionMode:200979792]: ACCURACY:AIF-38C_1:89/267:0/0
