[BDArmory.BDACompetitionMode:209715229]: Dumping Results after 28s (of 0s) at 2026-08-24 06:15:14 -04:00
[BDArmory.BDACompetitionMode:209715229]: RESULT:Win:{"team": "OZ-3a", "members": ["OZ-3a", "OZ-3a_1", "OZ-3a_2", "OZ-3a_3"]}
[BDArmory.BDACompetitionMode:209715229]: DEADTEAMS:[{"team": "PLAID ASF-07 CERULEAN OPTIC (DF)", "members": ["PLAID ASF-07 CERULEAN OPTIC (DF)", "PLAID ASF-07 CERULEAN OPTIC (DF)_1", "PLAID ASF-07 CERULEAN OPTIC (DF)_2", "PLAID ASF-07 CERULEAN OPTIC (DF)_3"]}, {"team": "A", "members": ["OZ-3a_3_F1"]}]
[BDArmory.BDACompetitionMode:209715229]: ALIVE:OZ-3a_2
[BDArmory.BDACompetitionMode:209715229]: DEAD:2:28.0:PLAID ASF-07 CERULEAN OPTIC (DF)
[BDArmory.BDACompetitionMode:209715229]: DEAD:1:24.0:PLAID ASF-07 CERULEAN OPTIC (DF)_1
[BDArmory.BDACompetitionMode:209715229]: DEAD:6:39.0:PLAID ASF-07 CERULEAN OPTIC (DF)_2
[BDArmory.BDACompetitionMode:209715229]: DEAD:0:10.0:PLAID ASF-07 CERULEAN OPTIC (DF)_3
[BDArmory.BDACompetitionMode:209715229]: DEAD:5:34.0:OZ-3a
[BDArmory.BDACompetitionMode:209715229]: MIA:OZ-3a_1
[BDArmory.BDACompetitionMode:209715229]: DEAD:3:28.0:OZ-3a_3
[BDArmory.BDACompetitionMode:209715229]: DEAD:4:28.0:OZ-3a_3_F1
[BDArmory.BDACompetitionMode:209715229]: WHOSHOTWHOWITHGUNS:PLAID ASF-07 CERULEAN OPTIC (DF):11:OZ-3a_2
[BDArmory.BDACompetitionMode:209715229]: WHOSHOTWHOWITHGUNS:PLAID ASF-07 CERULEAN OPTIC (DF)_1:21:OZ-3a_2
[BDArmory.BDACompetitionMode:209715229]: WHOSHOTWHOWITHGUNS:PLAID ASF-07 CERULEAN OPTIC (DF)_2:1:OZ-3a:27:OZ-3a_2:25:OZ-3a_1
[BDArmory.BDACompetitionMode:209715229]: WHOSHOTWHOWITHGUNS:PLAID ASF-07 CERULEAN OPTIC (DF)_3:1:OZ-3a_1:2:OZ-3a
[BDArmory.BDACompetitionMode:209715229]: WHOSHOTWHOWITHGUNS:OZ-3a:15:PLAID ASF-07 CERULEAN OPTIC (DF)_2
[BDArmory.BDACompetitionMode:209715229]: WHOSHOTWHOWITHGUNS:OZ-3a_1:9:PLAID ASF-07 CERULEAN OPTIC (DF)_1
[BDArmory.BDACompetitionMode:209715229]: WHOSHOTWHOWITHGUNS:OZ-3a_3:7:PLAID ASF-07 CERULEAN OPTIC (DF)
[BDArmory.BDACompetitionMode:209715229]: WHODAMAGEDWHOWITHGUNS:PLAID ASF-07 CERULEAN OPTIC (DF):790.0:OZ-3a_2
[BDArmory.BDACompetitionMode:209715229]: WHODAMAGEDWHOWITHGUNS:PLAID ASF-07 CERULEAN OPTIC (DF)_1:1395.3:OZ-3a_2
[BDArmory.BDACompetitionMode:209715229]: WHODAMAGEDWHOWITHGUNS:PLAID ASF-07 CERULEAN OPTIC (DF)_2:90.4:OZ-3a:1875.0:OZ-3a_2:1592.9:OZ-3a_1
[BDArmory.BDACompetitionMode:209715229]: WHODAMAGEDWHOWITHGUNS:PLAID ASF-07 CERULEAN OPTIC (DF)_3:219.4:OZ-3a_1:85.4:OZ-3a
[BDArmory.BDACompetitionMode:209715229]: WHODAMAGEDWHOWITHGUNS:OZ-3a:1418.3:PLAID ASF-07 CERULEAN OPTIC (DF)_2
[BDArmory.BDACompetitionMode:209715229]: WHODAMAGEDWHOWITHGUNS:OZ-3a_1:743.7:PLAID ASF-07 CERULEAN OPTIC (DF)_1
[BDArmory.BDACompetitionMode:209715229]: WHODAMAGEDWHOWITHGUNS:OZ-3a_3:623.4:PLAID ASF-07 CERULEAN OPTIC (DF)
[BDArmory.BDACompetitionMode:209715229]: WHODAMAGEDWHOWITHBATTLEDAMAGE:PLAID ASF-07 CERULEAN OPTIC (DF):3.9:OZ-3a_2
[BDArmory.BDACompetitionMode:209715229]: WHODAMAGEDWHOWITHBATTLEDAMAGE:PLAID ASF-07 CERULEAN OPTIC (DF)_1:12.6:OZ-3a_2
[BDArmory.BDACompetitionMode:209715229]: WHODAMAGEDWHOWITHBATTLEDAMAGE:PLAID ASF-07 CERULEAN OPTIC (DF)_2:44.5:OZ-3a_1:34.0:OZ-3a_2:5005.1:PLAID ASF-07 CERULEAN OPTIC (DF)_2
[BDArmory.BDACompetitionMode:209715229]: WHODAMAGEDWHOWITHBATTLEDAMAGE:OZ-3a:151.9:PLAID ASF-07 CERULEAN OPTIC (DF)_2
[BDArmory.BDACompetitionMode:209715229]: WHODAMAGEDWHOWITHBATTLEDAMAGE:OZ-3a_3:300.6:PLAID ASF-07 CERULEAN OPTIC (DF)
[BDArmory.BDACompetitionMode:209715229]: CLEANKILLGUNS:PLAID ASF-07 CERULEAN OPTIC (DF):OZ-3a_2
[BDArmory.BDACompetitionMode:209715229]: CLEANKILLGUNS:PLAID ASF-07 CERULEAN OPTIC (DF)_1:OZ-3a_2
[BDArmory.BDACompetitionMode:209715229]: KILLSTEALGUNS:PLAID ASF-07 CERULEAN OPTIC (DF)_2:OZ-3a_2
[BDArmory.BDACompetitionMode:209715229]: KILLSTEALGUNS:PLAID ASF-07 CERULEAN OPTIC (DF)_3:OZ-3a
[BDArmory.BDACompetitionMode:209715229]: CLEANKILLGUNS:OZ-3a:PLAID ASF-07 CERULEAN OPTIC (DF)_2
[BDArmory.BDACompetitionMode:209715229]: HPLEFT:PLAID ASF-07 CERULEAN OPTIC (DF):0
[BDArmory.BDACompetitionMode:209715229]: HPLEFT:PLAID ASF-07 CERULEAN OPTIC (DF)_1:0
[BDArmory.BDACompetitionMode:209715229]: HPLEFT:PLAID ASF-07 CERULEAN OPTIC (DF)_2:0
[BDArmory.BDACompetitionMode:209715229]: HPLEFT:PLAID ASF-07 CERULEAN OPTIC (DF)_3:0
[BDArmory.BDACompetitionMode:209715229]: HPLEFT:OZ-3a:0
[BDArmory.BDACompetitionMode:209715229]: HPLEFT:OZ-3a_1:0
[BDArmory.BDACompetitionMode:209715229]: HPLEFT:OZ-3a_2:102.439024390244
[BDArmory.BDACompetitionMode:209715229]: HPLEFT:OZ-3a_3:0
[BDArmory.BDACompetitionMode:209715229]: HPLEFT:OZ-3a_3_F1:0
[BDArmory.BDACompetitionMode:209715229]: ACCURACY:PLAID ASF-07 CERULEAN OPTIC (DF):7/406:0/0
[BDArmory.BDACompetitionMode:209715229]: ACCURACY:PLAID ASF-07 CERULEAN OPTIC (DF)_1:9/409:0/0
[BDArmory.BDACompetitionMode:209715229]: ACCURACY:PLAID ASF-07 CERULEAN OPTIC (DF)_2:15/381:0/0
[BDArmory.BDACompetitionMode:209715229]: ACCURACY:PLAID ASF-07 CERULEAN OPTIC (DF)_3:0/48:0/0
[BDArmory.BDACompetitionMode:209715229]: ACCURACY:OZ-3a:3/48:0/0
[BDArmory.BDACompetitionMode:209715229]: ACCURACY:OZ-3a_1:26/93:0/0
[BDArmory.BDACompetitionMode:209715229]: ACCURACY:OZ-3a_2:59/183:0/0
[BDArmory.BDACompetitionMode:209715229]: ACCURACY:OZ-3a_3:0/6:0/0
[BDArmory.BDACompetitionMode:209715229]: ACCURACY:OZ-3a_3_F1:0/0:0/0
