[BDArmory.BDACompetitionMode:199422139]: Dumping Results after -79s (of 0s) at 2026-04-27 03:04:38 -04:00
[BDArmory.BDACompetitionMode:199422139]: RESULT:Mutual Annihilation
[BDArmory.BDACompetitionMode:199422139]: DEADTEAMS:[{"team": "AIF-38", "members": ["AIF-38", "AIF-38_1"]}, {"team": "AL-34 Cooker V_VVVVdev", "members": ["AL-34 Cooker V/VVVVdev", "AL-34 Cooker V/VVVVdev_1"]}]
[BDArmory.BDACompetitionMode:199422139]: DEAD:1:73.0:AIF-38
[BDArmory.BDACompetitionMode:199422139]: MIA:AIF-38_1
[BDArmory.BDACompetitionMode:199422139]: MIA:AL-34 Cooker V/VVVVdev
[BDArmory.BDACompetitionMode:199422139]: DEAD:0:59.0:AL-34 Cooker V/VVVVdev_1
[BDArmory.BDACompetitionMode:199422139]: WHOHITWHOWITHMISSILES:AIF-38:2:AL-34 Cooker V/VVVVdev
[BDArmory.BDACompetitionMode:199422139]: WHOHITWHOWITHMISSILES:AIF-38_1:1:AL-34 Cooker V/VVVVdev_1
[BDArmory.BDACompetitionMode:199422139]: WHOHITWHOWITHMISSILES:AL-34 Cooker V/VVVVdev:3:AIF-38:1:AIF-38_1
[BDArmory.BDACompetitionMode:199422139]: WHOHITWHOWITHMISSILES:AL-34 Cooker V/VVVVdev_1:1:AIF-38_1:1:AIF-38
[BDArmory.BDACompetitionMode:199422139]: WHOPARTSHITWHOWITHMISSILES:AIF-38:196:AL-34 Cooker V/VVVVdev
[BDArmory.BDACompetitionMode:199422139]: WHOPARTSHITWHOWITHMISSILES:AIF-38_1:99:AL-34 Cooker V/VVVVdev_1
[BDArmory.BDACompetitionMode:199422139]: WHOPARTSHITWHOWITHMISSILES:AL-34 Cooker V/VVVVdev:329:AIF-38:77:AIF-38_1
[BDArmory.BDACompetitionMode:199422139]: WHOPARTSHITWHOWITHMISSILES:AL-34 Cooker V/VVVVdev_1:113:AIF-38_1:114:AIF-38
[BDArmory.BDACompetitionMode:199422139]: WHODAMAGEDWHOWITHMISSILES:AIF-38:101542.4:AL-34 Cooker V/VVVVdev
[BDArmory.BDACompetitionMode:199422139]: WHODAMAGEDWHOWITHMISSILES:AL-34 Cooker V/VVVVdev:67406.5:AIF-38:7146.4:AIF-38_1
[BDArmory.BDACompetitionMode:199422139]: WHODAMAGEDWHOWITHMISSILES:AL-34 Cooker V/VVVVdev_1:880.7:AIF-38_1:17157.9:AIF-38
[BDArmory.BDACompetitionMode:199422139]: CLEANKILLMISSILES:AIF-38:AL-34 Cooker V/VVVVdev
[BDArmory.BDACompetitionMode:199422139]: KILLSTEALMISSILES:AL-34 Cooker V/VVVVdev_1:AIF-38
[BDArmory.BDACompetitionMode:199422139]: HPLEFT:AIF-38:0
[BDArmory.BDACompetitionMode:199422139]: HPLEFT:AIF-38_1:0
[BDArmory.BDACompetitionMode:199422139]: HPLEFT:AL-34 Cooker V/VVVVdev:0
[BDArmory.BDACompetitionMode:199422139]: HPLEFT:AL-34 Cooker V/VVVVdev_1:0
[BDArmory.BDACompetitionMode:199422139]: ACCURACY:AIF-38:0/0:0/0
[BDArmory.BDACompetitionMode:199422139]: ACCURACY:AIF-38_1:0/0:0/0
[BDArmory.BDACompetitionMode:199422139]: ACCURACY:AL-34 Cooker V/VVVVdev:0/0:0/0
[BDArmory.BDACompetitionMode:199422139]: ACCURACY:AL-34 Cooker V/VVVVdev_1:0/0:0/0
