[BDArmory.BDACompetitionMode:197178637]: Dumping Results after 200s (of 0s) at 2026-04-01 03:53:45 -04:00
[BDArmory.BDACompetitionMode:197178637]: RESULT:Win:{"team": "PLAID AIF-42C5B LRP", "members": ["PLAID AIF-42C5B LRP", "PLAID AIF-42C5B LRP_1", "PLAID AIF-42C5B LRP_2"]}
[BDArmory.BDACompetitionMode:197178637]: DEADTEAMS:[{"team": "Z-41D MkII", "members": ["Z-41D Mk II", "Z-41D Mk II_1", "Z-41D Mk II_2"]}]
[BDArmory.BDACompetitionMode:197178637]: MIA:PLAID AIF-42C5B LRP
[BDArmory.BDACompetitionMode:197178637]: DEAD:1:108.0:PLAID AIF-42C5B LRP_1
[BDArmory.BDACompetitionMode:197178637]: DEAD:0:61.0:PLAID AIF-42C5B LRP_2
[BDArmory.BDACompetitionMode:197178637]: DEAD:4:189.0:Z-41D Mk II
[BDArmory.BDACompetitionMode:197178637]: DEAD:3:147.0:Z-41D Mk II_1
[BDArmory.BDACompetitionMode:197178637]: DEAD:2:114.0:Z-41D Mk II_2
[BDArmory.BDACompetitionMode:197178637]: WHOSHOTWHOWITHGUNS:PLAID AIF-42C5B LRP:6:Z-41D Mk II
[BDArmory.BDACompetitionMode:197178637]: WHOSHOTWHOWITHGUNS:Z-41D Mk II_1:10:PLAID AIF-42C5B LRP
[BDArmory.BDACompetitionMode:197178637]: WHODAMAGEDWHOWITHGUNS:PLAID AIF-42C5B LRP:1560.7:Z-41D Mk II
[BDArmory.BDACompetitionMode:197178637]: WHODAMAGEDWHOWITHGUNS:Z-41D Mk II_1:3824.2:PLAID AIF-42C5B LRP
[BDArmory.BDACompetitionMode:197178637]: WHOHITWHOWITHMISSILES:PLAID AIF-42C5B LRP:1:Z-41D Mk II
[BDArmory.BDACompetitionMode:197178637]: WHOHITWHOWITHMISSILES:PLAID AIF-42C5B LRP_1:2:Z-41D Mk II_1:2:Z-41D Mk II_2:2:Z-41D Mk II
[BDArmory.BDACompetitionMode:197178637]: WHOHITWHOWITHMISSILES:PLAID AIF-42C5B LRP_2:1:Z-41D Mk II
[BDArmory.BDACompetitionMode:197178637]: WHOHITWHOWITHMISSILES:Z-41D Mk II:1:PLAID AIF-42C5B LRP
[BDArmory.BDACompetitionMode:197178637]: WHOHITWHOWITHMISSILES:Z-41D Mk II_1:1:PLAID AIF-42C5B LRP
[BDArmory.BDACompetitionMode:197178637]: WHOHITWHOWITHMISSILES:Z-41D Mk II_2:1:PLAID AIF-42C5B LRP:2:PLAID AIF-42C5B LRP_1
[BDArmory.BDACompetitionMode:197178637]: WHOPARTSHITWHOWITHMISSILES:PLAID AIF-42C5B LRP:62:Z-41D Mk II
[BDArmory.BDACompetitionMode:197178637]: WHOPARTSHITWHOWITHMISSILES:PLAID AIF-42C5B LRP_1:82:Z-41D Mk II_1:100:Z-41D Mk II_2:16:Z-41D Mk II
[BDArmory.BDACompetitionMode:197178637]: WHOPARTSHITWHOWITHMISSILES:PLAID AIF-42C5B LRP_2:73:Z-41D Mk II
[BDArmory.BDACompetitionMode:197178637]: WHOPARTSHITWHOWITHMISSILES:Z-41D Mk II:121:PLAID AIF-42C5B LRP
[BDArmory.BDACompetitionMode:197178637]: WHOPARTSHITWHOWITHMISSILES:Z-41D Mk II_1:128:PLAID AIF-42C5B LRP
[BDArmory.BDACompetitionMode:197178637]: WHOPARTSHITWHOWITHMISSILES:Z-41D Mk II_2:131:PLAID AIF-42C5B LRP:219:PLAID AIF-42C5B LRP_1
[BDArmory.BDACompetitionMode:197178637]: WHODAMAGEDWHOWITHMISSILES:PLAID AIF-42C5B LRP:64903.1:Z-41D Mk II
[BDArmory.BDACompetitionMode:197178637]: WHODAMAGEDWHOWITHMISSILES:PLAID AIF-42C5B LRP_1:39132.3:Z-41D Mk II_1:7508.3:Z-41D Mk II_2
[BDArmory.BDACompetitionMode:197178637]: WHODAMAGEDWHOWITHMISSILES:PLAID AIF-42C5B LRP_2:78419.1:Z-41D Mk II
[BDArmory.BDACompetitionMode:197178637]: WHODAMAGEDWHOWITHMISSILES:Z-41D Mk II:30633.0:PLAID AIF-42C5B LRP
[BDArmory.BDACompetitionMode:197178637]: WHODAMAGEDWHOWITHMISSILES:Z-41D Mk II_2:50497.3:PLAID AIF-42C5B LRP_1
[BDArmory.BDACompetitionMode:197178637]: WHODAMAGEDWHOWITHBATTLEDAMAGE:PLAID AIF-42C5B LRP:280.2:Z-41D Mk II
[BDArmory.BDACompetitionMode:197178637]: WHODAMAGEDWHOWITHBATTLEDAMAGE:PLAID AIF-42C5B LRP_1:18312.6:Z-41D Mk II_1
[BDArmory.BDACompetitionMode:197178637]: WHODAMAGEDWHOWITHBATTLEDAMAGE:Z-41D Mk II_1:28.6:PLAID AIF-42C5B LRP:453.4:Z-41D Mk II_1
[BDArmory.BDACompetitionMode:197178637]: WHODAMAGEDWHOWITHBATTLEDAMAGE:Z-41D Mk II_2:0.2:PLAID AIF-42C5B LRP_1
[BDArmory.BDACompetitionMode:197178637]: GMKILL:Z-41D Mk II_2:LandedTooLong
[BDArmory.BDACompetitionMode:197178637]: HEADSHOTMISSILES:PLAID AIF-42C5B LRP_1:Z-41D Mk II_1
[BDArmory.BDACompetitionMode:197178637]: CLEANKILLMISSILES:PLAID AIF-42C5B LRP_2:Z-41D Mk II
[BDArmory.BDACompetitionMode:197178637]: CLEANKILLMISSILES:Z-41D Mk II:PLAID AIF-42C5B LRP
[BDArmory.BDACompetitionMode:197178637]: HPLEFT:PLAID AIF-42C5B LRP:16.25
[BDArmory.BDACompetitionMode:197178637]: HPLEFT:PLAID AIF-42C5B LRP_1:0
[BDArmory.BDACompetitionMode:197178637]: HPLEFT:PLAID AIF-42C5B LRP_2:0
[BDArmory.BDACompetitionMode:197178637]: HPLEFT:Z-41D Mk II:0
[BDArmory.BDACompetitionMode:197178637]: HPLEFT:Z-41D Mk II_1:0
[BDArmory.BDACompetitionMode:197178637]: HPLEFT:Z-41D Mk II_2:0
[BDArmory.BDACompetitionMode:197178637]: ACCURACY:PLAID AIF-42C5B LRP:10/199:0/0
[BDArmory.BDACompetitionMode:197178637]: ACCURACY:PLAID AIF-42C5B LRP_1:0/0:0/0
[BDArmory.BDACompetitionMode:197178637]: ACCURACY:PLAID AIF-42C5B LRP_2:0/0:0/0
[BDArmory.BDACompetitionMode:197178637]: ACCURACY:Z-41D Mk II:6/416:0/0
[BDArmory.BDACompetitionMode:197178637]: ACCURACY:Z-41D Mk II_1:0/0:0/0
[BDArmory.BDACompetitionMode:197178637]: ACCURACY:Z-41D Mk II_2:0/0:0/0
