[BDArmory.BDACompetitionMode:196832454]: Dumping Results after 256s (of 0s) at 2026-03-28 03:46:40 -04:00
[BDArmory.BDACompetitionMode:196832454]: RESULT:Win:{"team": "PLAID AIF-42C5C LRP", "members": ["PLAID AIF-42C5C LRP", "PLAID AIF-42C5C LRP_1", "PLAID AIF-42C5C LRP_2", "PLAID AIF-42C5C LRP_3", "PLAID AIF-42C5C LRP_4"]}
[BDArmory.BDACompetitionMode:196832454]: DEADTEAMS:[{"team": "PLAID AIF-42C5B LRP", "members": ["PLAID AIF-42C5B LRP", "PLAID AIF-42C5B LRP_1", "PLAID AIF-42C5B LRP_2", "PLAID AIF-42C5B LRP_3", "PLAID AIF-42C5B LRP_4"]}]
[BDArmory.BDACompetitionMode:196832454]: ALIVE:PLAID AIF-42C5C LRP
[BDArmory.BDACompetitionMode:196832454]: DEAD:4:133.0:PLAID AIF-42C5B LRP
[BDArmory.BDACompetitionMode:196832454]: DEAD:8:245.0:PLAID AIF-42C5B LRP_1
[BDArmory.BDACompetitionMode:196832454]: DEAD:2:105.0:PLAID AIF-42C5B LRP_2
[BDArmory.BDACompetitionMode:196832454]: DEAD:1:98.0:PLAID AIF-42C5B LRP_3
[BDArmory.BDACompetitionMode:196832454]: DEAD:0:82.0:PLAID AIF-42C5B LRP_4
[BDArmory.BDACompetitionMode:196832454]: DEAD:3:115.0:PLAID AIF-42C5C LRP_1
[BDArmory.BDACompetitionMode:196832454]: DEAD:7:192.0:PLAID AIF-42C5C LRP_2
[BDArmory.BDACompetitionMode:196832454]: DEAD:6:154.0:PLAID AIF-42C5C LRP_3
[BDArmory.BDACompetitionMode:196832454]: DEAD:5:138.0:PLAID AIF-42C5C LRP_4
[BDArmory.BDACompetitionMode:196832454]: WHOSHOTWHOWITHGUNS:PLAID AIF-42C5B LRP:23:PLAID AIF-42C5C LRP:7:PLAID AIF-42C5C LRP_2
[BDArmory.BDACompetitionMode:196832454]: WHOSHOTWHOWITHGUNS:PLAID AIF-42C5B LRP_1:14:PLAID AIF-42C5C LRP
[BDArmory.BDACompetitionMode:196832454]: WHOSHOTWHOWITHGUNS:PLAID AIF-42C5B LRP_2:3:PLAID AIF-42C5C LRP_2:18:PLAID AIF-42C5C LRP
[BDArmory.BDACompetitionMode:196832454]: WHOSHOTWHOWITHGUNS:PLAID AIF-42C5C LRP:2:PLAID AIF-42C5B LRP_1
[BDArmory.BDACompetitionMode:196832454]: WHOSHOTWHOWITHGUNS:PLAID AIF-42C5C LRP_1:3:PLAID AIF-42C5B LRP:4:PLAID AIF-42C5B LRP_1
[BDArmory.BDACompetitionMode:196832454]: WHOSHOTWHOWITHGUNS:PLAID AIF-42C5C LRP_2:11:PLAID AIF-42C5B LRP
[BDArmory.BDACompetitionMode:196832454]: WHOSHOTWHOWITHGUNS:PLAID AIF-42C5C LRP_3:14:PLAID AIF-42C5B LRP_1:1:PLAID AIF-42C5B LRP
[BDArmory.BDACompetitionMode:196832454]: WHODAMAGEDWHOWITHGUNS:PLAID AIF-42C5B LRP:6632.4:PLAID AIF-42C5C LRP:3190.4:PLAID AIF-42C5C LRP_2
[BDArmory.BDACompetitionMode:196832454]: WHODAMAGEDWHOWITHGUNS:PLAID AIF-42C5B LRP_1:4444.0:PLAID AIF-42C5C LRP
[BDArmory.BDACompetitionMode:196832454]: WHODAMAGEDWHOWITHGUNS:PLAID AIF-42C5B LRP_2:499.0:PLAID AIF-42C5C LRP_2:4820.8:PLAID AIF-42C5C LRP
[BDArmory.BDACompetitionMode:196832454]: WHODAMAGEDWHOWITHGUNS:PLAID AIF-42C5C LRP:654.4:PLAID AIF-42C5B LRP_1
[BDArmory.BDACompetitionMode:196832454]: WHODAMAGEDWHOWITHGUNS:PLAID AIF-42C5C LRP_1:1219.6:PLAID AIF-42C5B LRP:1314.2:PLAID AIF-42C5B LRP_1
[BDArmory.BDACompetitionMode:196832454]: WHODAMAGEDWHOWITHGUNS:PLAID AIF-42C5C LRP_2:3233.9:PLAID AIF-42C5B LRP
[BDArmory.BDACompetitionMode:196832454]: WHODAMAGEDWHOWITHGUNS:PLAID AIF-42C5C LRP_3:4676.1:PLAID AIF-42C5B LRP_1:147.7:PLAID AIF-42C5B LRP
[BDArmory.BDACompetitionMode:196832454]: WHOHITWHOWITHMISSILES:PLAID AIF-42C5B LRP_2:1:PLAID AIF-42C5C LRP_2
[BDArmory.BDACompetitionMode:196832454]: WHOHITWHOWITHMISSILES:PLAID AIF-42C5B LRP_3:1:PLAID AIF-42C5C LRP_3
[BDArmory.BDACompetitionMode:196832454]: WHOHITWHOWITHMISSILES:PLAID AIF-42C5B LRP_4:1:PLAID AIF-42C5C LRP_2:1:PLAID AIF-42C5C LRP
[BDArmory.BDACompetitionMode:196832454]: WHOHITWHOWITHMISSILES:PLAID AIF-42C5C LRP_1:1:PLAID AIF-42C5B LRP_1:1:PLAID AIF-42C5B LRP
[BDArmory.BDACompetitionMode:196832454]: WHOHITWHOWITHMISSILES:PLAID AIF-42C5C LRP_4:1:PLAID AIF-42C5B LRP_3:1:PLAID AIF-42C5B LRP_2
[BDArmory.BDACompetitionMode:196832454]: WHOPARTSHITWHOWITHMISSILES:PLAID AIF-42C5B LRP_2:71:PLAID AIF-42C5C LRP_2
[BDArmory.BDACompetitionMode:196832454]: WHOPARTSHITWHOWITHMISSILES:PLAID AIF-42C5B LRP_3:70:PLAID AIF-42C5C LRP_3
[BDArmory.BDACompetitionMode:196832454]: WHOPARTSHITWHOWITHMISSILES:PLAID AIF-42C5B LRP_4:74:PLAID AIF-42C5C LRP_2:13:PLAID AIF-42C5C LRP
[BDArmory.BDACompetitionMode:196832454]: WHOPARTSHITWHOWITHMISSILES:PLAID AIF-42C5C LRP_1:60:PLAID AIF-42C5B LRP_1:37:PLAID AIF-42C5B LRP
[BDArmory.BDACompetitionMode:196832454]: WHOPARTSHITWHOWITHMISSILES:PLAID AIF-42C5C LRP_4:63:PLAID AIF-42C5B LRP_3:54:PLAID AIF-42C5B LRP_2
[BDArmory.BDACompetitionMode:196832454]: WHODAMAGEDWHOWITHMISSILES:PLAID AIF-42C5B LRP_2:33601.5:PLAID AIF-42C5C LRP_2
[BDArmory.BDACompetitionMode:196832454]: WHODAMAGEDWHOWITHMISSILES:PLAID AIF-42C5B LRP_3:76480.0:PLAID AIF-42C5C LRP_3
[BDArmory.BDACompetitionMode:196832454]: WHODAMAGEDWHOWITHMISSILES:PLAID AIF-42C5B LRP_4:113416.4:PLAID AIF-42C5C LRP_2:2228.8:PLAID AIF-42C5C LRP
[BDArmory.BDACompetitionMode:196832454]: WHODAMAGEDWHOWITHMISSILES:PLAID AIF-42C5C LRP_1:35726.5:PLAID AIF-42C5B LRP_1:6973.3:PLAID AIF-42C5B LRP
[BDArmory.BDACompetitionMode:196832454]: WHODAMAGEDWHOWITHMISSILES:PLAID AIF-42C5C LRP_4:22481.2:PLAID AIF-42C5B LRP_3:9407.5:PLAID AIF-42C5B LRP_2
[BDArmory.BDACompetitionMode:196832454]: WHODAMAGEDWHOWITHBATTLEDAMAGE:PLAID AIF-42C5B LRP:90.5:PLAID AIF-42C5C LRP:107.7:PLAID AIF-42C5C LRP_2:10361.9:PLAID AIF-42C5B LRP
[BDArmory.BDACompetitionMode:196832454]: WHODAMAGEDWHOWITHBATTLEDAMAGE:PLAID AIF-42C5B LRP_1:138.7:PLAID AIF-42C5C LRP
[BDArmory.BDACompetitionMode:196832454]: WHODAMAGEDWHOWITHBATTLEDAMAGE:PLAID AIF-42C5B LRP_2:64.5:PLAID AIF-42C5C LRP_2:22633.5:PLAID AIF-42C5C LRP:8248.4:PLAID AIF-42C5B LRP_2
[BDArmory.BDACompetitionMode:196832454]: WHODAMAGEDWHOWITHBATTLEDAMAGE:PLAID AIF-42C5B LRP_4:25229.9:PLAID AIF-42C5C LRP
[BDArmory.BDACompetitionMode:196832454]: WHODAMAGEDWHOWITHBATTLEDAMAGE:PLAID AIF-42C5C LRP:46.2:PLAID AIF-42C5C LRP:70.2:PLAID AIF-42C5B LRP_1
[BDArmory.BDACompetitionMode:196832454]: WHODAMAGEDWHOWITHBATTLEDAMAGE:PLAID AIF-42C5C LRP_1:73.7:PLAID AIF-42C5B LRP:26.2:PLAID AIF-42C5B LRP_1
[BDArmory.BDACompetitionMode:196832454]: WHODAMAGEDWHOWITHBATTLEDAMAGE:PLAID AIF-42C5C LRP_2:2873.2:PLAID AIF-42C5C LRP:50.1:PLAID AIF-42C5B LRP
[BDArmory.BDACompetitionMode:196832454]: WHODAMAGEDWHOWITHBATTLEDAMAGE:PLAID AIF-42C5C LRP_3:345.1:PLAID AIF-42C5B LRP_1:13.6:PLAID AIF-42C5B LRP:7158.5:PLAID AIF-42C5C LRP_3
[BDArmory.BDACompetitionMode:196832454]: GMKILL:PLAID AIF-42C5C LRP_2:LandedTooLong
[BDArmory.BDACompetitionMode:196832454]: HEADSHOTGUNS:PLAID AIF-42C5B LRP:PLAID AIF-42C5C LRP
[BDArmory.BDACompetitionMode:196832454]: CLEANKILLGUNS:PLAID AIF-42C5B LRP_1:PLAID AIF-42C5C LRP
[BDArmory.BDACompetitionMode:196832454]: KILLSTEALGUNS:PLAID AIF-42C5B LRP_2:PLAID AIF-42C5C LRP
[BDArmory.BDACompetitionMode:196832454]: CLEANKILLMISSILES:PLAID AIF-42C5B LRP_3:PLAID AIF-42C5C LRP_3
[BDArmory.BDACompetitionMode:196832454]: HEADSHOTMISSILES:PLAID AIF-42C5B LRP_4:PLAID AIF-42C5C LRP
[BDArmory.BDACompetitionMode:196832454]: KILLSTEALMISSILES:PLAID AIF-42C5C LRP_1:PLAID AIF-42C5B LRP
[BDArmory.BDACompetitionMode:196832454]: HPLEFT:PLAID AIF-42C5B LRP:0
[BDArmory.BDACompetitionMode:196832454]: HPLEFT:PLAID AIF-42C5B LRP_1:0
[BDArmory.BDACompetitionMode:196832454]: HPLEFT:PLAID AIF-42C5B LRP_2:0
[BDArmory.BDACompetitionMode:196832454]: HPLEFT:PLAID AIF-42C5B LRP_3:0
[BDArmory.BDACompetitionMode:196832454]: HPLEFT:PLAID AIF-42C5B LRP_4:0
[BDArmory.BDACompetitionMode:196832454]: HPLEFT:PLAID AIF-42C5C LRP:100
[BDArmory.BDACompetitionMode:196832454]: HPLEFT:PLAID AIF-42C5C LRP_1:0
[BDArmory.BDACompetitionMode:196832454]: HPLEFT:PLAID AIF-42C5C LRP_2:0
[BDArmory.BDACompetitionMode:196832454]: HPLEFT:PLAID AIF-42C5C LRP_3:0
[BDArmory.BDACompetitionMode:196832454]: HPLEFT:PLAID AIF-42C5C LRP_4:0
[BDArmory.BDACompetitionMode:196832454]: ACCURACY:PLAID AIF-42C5B LRP:15/207:0/0
[BDArmory.BDACompetitionMode:196832454]: ACCURACY:PLAID AIF-42C5B LRP_1:20/316:0/0
[BDArmory.BDACompetitionMode:196832454]: ACCURACY:PLAID AIF-42C5B LRP_2:0/4:0/0
[BDArmory.BDACompetitionMode:196832454]: ACCURACY:PLAID AIF-42C5B LRP_3:0/8:0/0
[BDArmory.BDACompetitionMode:196832454]: ACCURACY:PLAID AIF-42C5B LRP_4:0/0:0/0
[BDArmory.BDACompetitionMode:196832454]: ACCURACY:PLAID AIF-42C5C LRP:55/714:0/0
[BDArmory.BDACompetitionMode:196832454]: ACCURACY:PLAID AIF-42C5C LRP_1:0/33:0/0
[BDArmory.BDACompetitionMode:196832454]: ACCURACY:PLAID AIF-42C5C LRP_2:10/168:0/0
[BDArmory.BDACompetitionMode:196832454]: ACCURACY:PLAID AIF-42C5C LRP_3:0/0:0/0
[BDArmory.BDACompetitionMode:196832454]: ACCURACY:PLAID AIF-42C5C LRP_4:0/6:0/0
