[BDArmory.BDACompetitionMode:196835271]: Dumping Results after 173s (of 0s) at 2026-03-28 04:31:36 -04:00
[BDArmory.BDACompetitionMode:196835271]: RESULT:Win:{"team": "PLAID AIF-42C5C LRP", "members": ["PLAID AIF-42C5C LRP", "PLAID AIF-42C5C LRP_1", "PLAID AIF-42C5C LRP_2", "PLAID AIF-42C5C LRP_3"]}
[BDArmory.BDACompetitionMode:196835271]: DEADTEAMS:[{"team": "PLAID AIF-42C5B LRP", "members": ["PLAID AIF-42C5B LRP", "PLAID AIF-42C5B LRP_1", "PLAID AIF-42C5B LRP_2", "PLAID AIF-42C5B LRP_3"]}]
[BDArmory.BDACompetitionMode:196835271]: ALIVE:PLAID AIF-42C5C LRP
[BDArmory.BDACompetitionMode:196835271]: DEAD:5:162.0:PLAID AIF-42C5B LRP
[BDArmory.BDACompetitionMode:196835271]: DEAD:2:106.0:PLAID AIF-42C5B LRP_1
[BDArmory.BDACompetitionMode:196835271]: DEAD:4:153.0:PLAID AIF-42C5B LRP_2
[BDArmory.BDACompetitionMode:196835271]: DEAD:1:84.0:PLAID AIF-42C5B LRP_3
[BDArmory.BDACompetitionMode:196835271]: DEAD:0:71.0:PLAID AIF-42C5C LRP_1
[BDArmory.BDACompetitionMode:196835271]: MIA:PLAID AIF-42C5C LRP_2
[BDArmory.BDACompetitionMode:196835271]: DEAD:3:108.0:PLAID AIF-42C5C LRP_3
[BDArmory.BDACompetitionMode:196835271]: WHOSHOTWHOWITHGUNS:PLAID AIF-42C5B LRP:19:PLAID AIF-42C5C LRP_2:2:PLAID AIF-42C5C LRP
[BDArmory.BDACompetitionMode:196835271]: WHOSHOTWHOWITHGUNS:PLAID AIF-42C5B LRP_1:4:PLAID AIF-42C5C LRP_2
[BDArmory.BDACompetitionMode:196835271]: WHOSHOTWHOWITHGUNS:PLAID AIF-42C5B LRP_2:19:PLAID AIF-42C5C LRP_2
[BDArmory.BDACompetitionMode:196835271]: WHOSHOTWHOWITHGUNS:PLAID AIF-42C5C LRP:4:PLAID AIF-42C5B LRP
[BDArmory.BDACompetitionMode:196835271]: WHOSHOTWHOWITHGUNS:PLAID AIF-42C5C LRP_2:7:PLAID AIF-42C5B LRP_2
[BDArmory.BDACompetitionMode:196835271]: WHOSHOTWHOWITHGUNS:PLAID AIF-42C5C LRP_3:9:PLAID AIF-42C5B LRP
[BDArmory.BDACompetitionMode:196835271]: WHODAMAGEDWHOWITHGUNS:PLAID AIF-42C5B LRP:3775.7:PLAID AIF-42C5C LRP_2:882.5:PLAID AIF-42C5C LRP
[BDArmory.BDACompetitionMode:196835271]: WHODAMAGEDWHOWITHGUNS:PLAID AIF-42C5B LRP_1:1295.8:PLAID AIF-42C5C LRP_2
[BDArmory.BDACompetitionMode:196835271]: WHODAMAGEDWHOWITHGUNS:PLAID AIF-42C5B LRP_2:4152.9:PLAID AIF-42C5C LRP_2
[BDArmory.BDACompetitionMode:196835271]: WHODAMAGEDWHOWITHGUNS:PLAID AIF-42C5C LRP:3030.3:PLAID AIF-42C5B LRP
[BDArmory.BDACompetitionMode:196835271]: WHODAMAGEDWHOWITHGUNS:PLAID AIF-42C5C LRP_2:1061.9:PLAID AIF-42C5B LRP_2
[BDArmory.BDACompetitionMode:196835271]: WHODAMAGEDWHOWITHGUNS:PLAID AIF-42C5C LRP_3:4465.8:PLAID AIF-42C5B LRP
[BDArmory.BDACompetitionMode:196835271]: WHOHITWHOWITHMISSILES:PLAID AIF-42C5B LRP:1:PLAID AIF-42C5C LRP
[BDArmory.BDACompetitionMode:196835271]: WHOHITWHOWITHMISSILES:PLAID AIF-42C5B LRP_1:2:PLAID AIF-42C5C LRP_2
[BDArmory.BDACompetitionMode:196835271]: WHOHITWHOWITHMISSILES:PLAID AIF-42C5B LRP_2:2:PLAID AIF-42C5C LRP
[BDArmory.BDACompetitionMode:196835271]: WHOHITWHOWITHMISSILES:PLAID AIF-42C5B LRP_3:1:PLAID AIF-42C5C LRP_2
[BDArmory.BDACompetitionMode:196835271]: WHOHITWHOWITHMISSILES:PLAID AIF-42C5C LRP_1:1:PLAID AIF-42C5B LRP
[BDArmory.BDACompetitionMode:196835271]: WHOHITWHOWITHMISSILES:PLAID AIF-42C5C LRP_2:1:PLAID AIF-42C5B LRP_2
[BDArmory.BDACompetitionMode:196835271]: WHOHITWHOWITHMISSILES:PLAID AIF-42C5C LRP_3:2:PLAID AIF-42C5B LRP
[BDArmory.BDACompetitionMode:196835271]: WHOPARTSHITWHOWITHMISSILES:PLAID AIF-42C5B LRP:76:PLAID AIF-42C5C LRP
[BDArmory.BDACompetitionMode:196835271]: WHOPARTSHITWHOWITHMISSILES:PLAID AIF-42C5B LRP_1:121:PLAID AIF-42C5C LRP_2
[BDArmory.BDACompetitionMode:196835271]: WHOPARTSHITWHOWITHMISSILES:PLAID AIF-42C5B LRP_2:139:PLAID AIF-42C5C LRP
[BDArmory.BDACompetitionMode:196835271]: WHOPARTSHITWHOWITHMISSILES:PLAID AIF-42C5B LRP_3:69:PLAID AIF-42C5C LRP_2
[BDArmory.BDACompetitionMode:196835271]: WHOPARTSHITWHOWITHMISSILES:PLAID AIF-42C5C LRP_1:75:PLAID AIF-42C5B LRP
[BDArmory.BDACompetitionMode:196835271]: WHOPARTSHITWHOWITHMISSILES:PLAID AIF-42C5C LRP_2:66:PLAID AIF-42C5B LRP_2
[BDArmory.BDACompetitionMode:196835271]: WHOPARTSHITWHOWITHMISSILES:PLAID AIF-42C5C LRP_3:143:PLAID AIF-42C5B LRP
[BDArmory.BDACompetitionMode:196835271]: WHODAMAGEDWHOWITHMISSILES:PLAID AIF-42C5B LRP_1:48686.1:PLAID AIF-42C5C LRP_2
[BDArmory.BDACompetitionMode:196835271]: WHODAMAGEDWHOWITHMISSILES:PLAID AIF-42C5B LRP_2:52652.6:PLAID AIF-42C5C LRP
[BDArmory.BDACompetitionMode:196835271]: WHODAMAGEDWHOWITHMISSILES:PLAID AIF-42C5B LRP_3:55856.4:PLAID AIF-42C5C LRP_2
[BDArmory.BDACompetitionMode:196835271]: WHODAMAGEDWHOWITHMISSILES:PLAID AIF-42C5C LRP_1:40822.8:PLAID AIF-42C5B LRP
[BDArmory.BDACompetitionMode:196835271]: WHODAMAGEDWHOWITHMISSILES:PLAID AIF-42C5C LRP_2:27655.3:PLAID AIF-42C5B LRP_2
[BDArmory.BDACompetitionMode:196835271]: WHODAMAGEDWHOWITHMISSILES:PLAID AIF-42C5C LRP_3:7412.9:PLAID AIF-42C5B LRP
[BDArmory.BDACompetitionMode:196835271]: WHORAMMEDWHO:PLAID AIF-42C5B LRP:31:PLAID AIF-42C5C LRP
[BDArmory.BDACompetitionMode:196835271]: WHORAMMEDWHO:PLAID AIF-42C5C LRP:23:PLAID AIF-42C5B LRP
[BDArmory.BDACompetitionMode:196835271]: WHODAMAGEDWHOWITHBATTLEDAMAGE:PLAID AIF-42C5B LRP:68.0:PLAID AIF-42C5C LRP_2:10.6:PLAID AIF-42C5C LRP:39571.0:PLAID AIF-42C5B LRP
[BDArmory.BDACompetitionMode:196835271]: WHODAMAGEDWHOWITHBATTLEDAMAGE:PLAID AIF-42C5B LRP_1:13447.7:PLAID AIF-42C5C LRP_2:7010.5:PLAID AIF-42C5B LRP_1
[BDArmory.BDACompetitionMode:196835271]: WHODAMAGEDWHOWITHBATTLEDAMAGE:PLAID AIF-42C5B LRP_2:76.2:PLAID AIF-42C5C LRP_2
[BDArmory.BDACompetitionMode:196835271]: WHODAMAGEDWHOWITHBATTLEDAMAGE:PLAID AIF-42C5C LRP:24.8:PLAID AIF-42C5B LRP:809.4:PLAID AIF-42C5C LRP
[BDArmory.BDACompetitionMode:196835271]: WHODAMAGEDWHOWITHBATTLEDAMAGE:PLAID AIF-42C5C LRP_2:90.2:PLAID AIF-42C5B LRP_2:97.7:PLAID AIF-42C5B LRP:7056.8:PLAID AIF-42C5C LRP_2
[BDArmory.BDACompetitionMode:196835271]: WHODAMAGEDWHOWITHBATTLEDAMAGE:PLAID AIF-42C5C LRP_3:176.9:PLAID AIF-42C5B LRP:24167.9:PLAID AIF-42C5C LRP_3
[BDArmory.BDACompetitionMode:196835271]: HEADSHOTGUNS:PLAID AIF-42C5B LRP:PLAID AIF-42C5C LRP_2
[BDArmory.BDACompetitionMode:196835271]: CLEANKILLMISSILES:PLAID AIF-42C5B LRP_1:PLAID AIF-42C5C LRP_2
[BDArmory.BDACompetitionMode:196835271]: HEADSHOTGUNS:PLAID AIF-42C5B LRP_2:PLAID AIF-42C5C LRP_2
[BDArmory.BDACompetitionMode:196835271]: CLEANKILLMISSILES:PLAID AIF-42C5B LRP_3:PLAID AIF-42C5C LRP_2
[BDArmory.BDACompetitionMode:196835271]: CLEANKILLMISSILES:PLAID AIF-42C5C LRP_1:PLAID AIF-42C5B LRP
[BDArmory.BDACompetitionMode:196835271]: CLEANKILLGUNS:PLAID AIF-42C5C LRP_3:PLAID AIF-42C5B LRP
[BDArmory.BDACompetitionMode:196835271]: HPLEFT:PLAID AIF-42C5B LRP:0
[BDArmory.BDACompetitionMode:196835271]: HPLEFT:PLAID AIF-42C5B LRP_1:0
[BDArmory.BDACompetitionMode:196835271]: HPLEFT:PLAID AIF-42C5B LRP_2:0
[BDArmory.BDACompetitionMode:196835271]: HPLEFT:PLAID AIF-42C5B LRP_3:0
[BDArmory.BDACompetitionMode:196835271]: HPLEFT:PLAID AIF-42C5C LRP:62.5
[BDArmory.BDACompetitionMode:196835271]: HPLEFT:PLAID AIF-42C5C LRP_1:0
[BDArmory.BDACompetitionMode:196835271]: HPLEFT:PLAID AIF-42C5C LRP_2:18.75
[BDArmory.BDACompetitionMode:196835271]: HPLEFT:PLAID AIF-42C5C LRP_3:0
[BDArmory.BDACompetitionMode:196835271]: ACCURACY:PLAID AIF-42C5B LRP:13/117:0/0
[BDArmory.BDACompetitionMode:196835271]: ACCURACY:PLAID AIF-42C5B LRP_1:0/0:0/0
[BDArmory.BDACompetitionMode:196835271]: ACCURACY:PLAID AIF-42C5B LRP_2:7/26:0/0
[BDArmory.BDACompetitionMode:196835271]: ACCURACY:PLAID AIF-42C5B LRP_3:0/0:0/0
[BDArmory.BDACompetitionMode:196835271]: ACCURACY:PLAID AIF-42C5C LRP:2/130:0/0
[BDArmory.BDACompetitionMode:196835271]: ACCURACY:PLAID AIF-42C5C LRP_1:0/0:0/0
[BDArmory.BDACompetitionMode:196835271]: ACCURACY:PLAID AIF-42C5C LRP_2:42/392:0/0
[BDArmory.BDACompetitionMode:196835271]: ACCURACY:PLAID AIF-42C5C LRP_3:0/0:0/0
