[BDArmory.BDACompetitionMode:199936867]: Dumping Results after 82s (of 0s) at 2026-05-03 02:08:12 -04:00
[BDArmory.BDACompetitionMode:199936867]: RESULT:Win:{"team": "coward fucking IU i hope they die", "members": ["K-73 NMX 6", "K-60 \"Caraxes\" NWO 7", "K-60 NWO 7 HARM", "K-73 NMX 6_1", "K-60 NWO 7 HARM_1", "K-60 NWO 7 HARM_2", "K-60 NWO 7 HARM_3", "K-60 \"Caraxes\" NWO 7_1", "K-60 NWO 7 HARM_4", "K-73 NMX 6_2"]}
[BDArmory.BDACompetitionMode:199936867]: DEADTEAMS:[{"team": "juche supersoldiers of the revolution", "members": ["AL-34 Arnika", "AL-27 Kallistemon", "AL-27 Kallistemon_1", "AL-34 Arnika_1", "AL-68 Proleska"]}]
[BDArmory.BDACompetitionMode:199936867]: ALIVE:K-73 NMX 6
[BDArmory.BDACompetitionMode:199936867]: ALIVE:K-60 "Caraxes" NWO 7
[BDArmory.BDACompetitionMode:199936867]: ALIVE:K-60 NWO 7 HARM
[BDArmory.BDACompetitionMode:199936867]: ALIVE:K-73 NMX 6_1
[BDArmory.BDACompetitionMode:199936867]: ALIVE:K-60 NWO 7 HARM_1
[BDArmory.BDACompetitionMode:199936867]: ALIVE:K-60 NWO 7 HARM_2
[BDArmory.BDACompetitionMode:199936867]: ALIVE:K-60 NWO 7 HARM_3
[BDArmory.BDACompetitionMode:199936867]: ALIVE:K-60 "Caraxes" NWO 7_1
[BDArmory.BDACompetitionMode:199936867]: ALIVE:K-60 NWO 7 HARM_4
[BDArmory.BDACompetitionMode:199936867]: DEAD:3:60.0:K-73 NMX 6_2
[BDArmory.BDACompetitionMode:199936867]: DEAD:5:72.0:AL-34 Arnika
[BDArmory.BDACompetitionMode:199936867]: DEAD:1:53.0:AL-27 Kallistemon
[BDArmory.BDACompetitionMode:199936867]: DEAD:2:54.0:AL-27 Kallistemon_1
[BDArmory.BDACompetitionMode:199936867]: DEAD:4:62.0:AL-34 Arnika_1
[BDArmory.BDACompetitionMode:199936867]: DEAD:0:42.0:AL-68 Proleska
[BDArmory.BDACompetitionMode:199936867]: WHOHITWHOWITHMISSILES:K-73 NMX 6_1:2:AL-68 Proleska
[BDArmory.BDACompetitionMode:199936867]: WHOHITWHOWITHMISSILES:K-60 NWO 7 HARM_2:2:AL-68 Proleska
[BDArmory.BDACompetitionMode:199936867]: WHOHITWHOWITHMISSILES:K-60 NWO 7 HARM_4:2:AL-68 Proleska
[BDArmory.BDACompetitionMode:199936867]: WHOHITWHOWITHMISSILES:K-73 NMX 6_2:1:AL-34 Arnika_1
[BDArmory.BDACompetitionMode:199936867]: WHOHITWHOWITHMISSILES:AL-34 Arnika:1:K-73 NMX 6_2:2:K-60 NWO 7 HARM_4:3:K-73 NMX 6
[BDArmory.BDACompetitionMode:199936867]: WHOHITWHOWITHMISSILES:AL-27 Kallistemon:1:K-73 NMX 6:1:K-60 NWO 7 HARM_2
[BDArmory.BDACompetitionMode:199936867]: WHOHITWHOWITHMISSILES:AL-27 Kallistemon_1:1:K-73 NMX 6_1:2:K-60 NWO 7 HARM:2:K-60 NWO 7 HARM_3
[BDArmory.BDACompetitionMode:199936867]: WHOHITWHOWITHMISSILES:AL-34 Arnika_1:2:K-60 "Caraxes" NWO 7_1:1:K-73 NMX 6
[BDArmory.BDACompetitionMode:199936867]: WHOHITWHOWITHMISSILES:AL-68 Proleska:1:K-60 "Caraxes" NWO 7
[BDArmory.BDACompetitionMode:199936867]: WHOPARTSHITWHOWITHMISSILES:K-73 NMX 6_1:175:AL-68 Proleska
[BDArmory.BDACompetitionMode:199936867]: WHOPARTSHITWHOWITHMISSILES:K-60 NWO 7 HARM_2:143:AL-68 Proleska
[BDArmory.BDACompetitionMode:199936867]: WHOPARTSHITWHOWITHMISSILES:K-60 NWO 7 HARM_4:86:AL-68 Proleska
[BDArmory.BDACompetitionMode:199936867]: WHOPARTSHITWHOWITHMISSILES:K-73 NMX 6_2:85:AL-34 Arnika_1
[BDArmory.BDACompetitionMode:199936867]: WHOPARTSHITWHOWITHMISSILES:AL-34 Arnika:109:K-73 NMX 6_2:123:K-60 NWO 7 HARM_4:102:K-73 NMX 6
[BDArmory.BDACompetitionMode:199936867]: WHOPARTSHITWHOWITHMISSILES:AL-27 Kallistemon:138:K-73 NMX 6:13:K-60 NWO 7 HARM_2
[BDArmory.BDACompetitionMode:199936867]: WHOPARTSHITWHOWITHMISSILES:AL-27 Kallistemon_1:149:K-73 NMX 6_1:205:K-60 NWO 7 HARM:206:K-60 NWO 7 HARM_3
[BDArmory.BDACompetitionMode:199936867]: WHOPARTSHITWHOWITHMISSILES:AL-34 Arnika_1:114:K-60 "Caraxes" NWO 7_1:115:K-73 NMX 6
[BDArmory.BDACompetitionMode:199936867]: WHOPARTSHITWHOWITHMISSILES:AL-68 Proleska:82:K-60 "Caraxes" NWO 7
[BDArmory.BDACompetitionMode:199936867]: WHODAMAGEDWHOWITHMISSILES:K-73 NMX 6_1:19570.8:AL-68 Proleska
[BDArmory.BDACompetitionMode:199936867]: WHODAMAGEDWHOWITHMISSILES:K-60 NWO 7 HARM_2:6627.0:AL-68 Proleska
[BDArmory.BDACompetitionMode:199936867]: WHODAMAGEDWHOWITHMISSILES:K-60 NWO 7 HARM_4:6835.3:AL-68 Proleska
[BDArmory.BDACompetitionMode:199936867]: WHODAMAGEDWHOWITHMISSILES:K-73 NMX 6_2:26213.1:AL-34 Arnika_1
[BDArmory.BDACompetitionMode:199936867]: WHODAMAGEDWHOWITHMISSILES:AL-34 Arnika:54225.9:K-73 NMX 6_2:25380.0:K-60 NWO 7 HARM_4:11401.8:K-73 NMX 6
[BDArmory.BDACompetitionMode:199936867]: WHODAMAGEDWHOWITHMISSILES:AL-27 Kallistemon:79431.8:K-73 NMX 6:19331.1:K-60 NWO 7 HARM_2
[BDArmory.BDACompetitionMode:199936867]: WHODAMAGEDWHOWITHMISSILES:AL-27 Kallistemon_1:136348.4:K-60 NWO 7 HARM:13100.6:K-60 NWO 7 HARM_3
[BDArmory.BDACompetitionMode:199936867]: WHODAMAGEDWHOWITHMISSILES:AL-34 Arnika_1:61871.6:K-73 NMX 6
[BDArmory.BDACompetitionMode:199936867]: WHODAMAGEDWHOWITHMISSILES:AL-68 Proleska:64943.7:K-60 "Caraxes" NWO 7
[BDArmory.BDACompetitionMode:199936867]: WHODAMAGEDWHOWITHBATTLEDAMAGE:AL-34 Arnika:9365.8:K-60 NWO 7 HARM_4
[BDArmory.BDACompetitionMode:199936867]: WHODAMAGEDWHOWITHBATTLEDAMAGE:AL-27 Kallistemon:18069.5:K-73 NMX 6
[BDArmory.BDACompetitionMode:199936867]: WHODAMAGEDWHOWITHBATTLEDAMAGE:AL-34 Arnika_1:34547.3:K-73 NMX 6
[BDArmory.BDACompetitionMode:199936867]: CLEANKILLMISSILES:K-73 NMX 6_2:AL-34 Arnika_1
[BDArmory.BDACompetitionMode:199936867]: HEADSHOTMISSILES:AL-34 Arnika:K-73 NMX 6
[BDArmory.BDACompetitionMode:199936867]: KILLSTEALMISSILES:AL-27 Kallistemon:K-60 NWO 7 HARM_2
[BDArmory.BDACompetitionMode:199936867]: KILLSTEALMISSILES:AL-27 Kallistemon_1:K-60 NWO 7 HARM_3
[BDArmory.BDACompetitionMode:199936867]: KILLSTEALMISSILES:AL-34 Arnika_1:K-73 NMX 6
[BDArmory.BDACompetitionMode:199936867]: CLEANKILLMISSILES:AL-68 Proleska:K-60 "Caraxes" NWO 7
[BDArmory.BDACompetitionMode:199936867]: HPLEFT:K-73 NMX 6:100
[BDArmory.BDACompetitionMode:199936867]: HPLEFT:K-60 "Caraxes" NWO 7:100
[BDArmory.BDACompetitionMode:199936867]: HPLEFT:K-60 NWO 7 HARM:100
[BDArmory.BDACompetitionMode:199936867]: HPLEFT:K-73 NMX 6_1:94.7916666666667
[BDArmory.BDACompetitionMode:199936867]: HPLEFT:K-60 NWO 7 HARM_1:100
[BDArmory.BDACompetitionMode:199936867]: HPLEFT:K-60 NWO 7 HARM_2:95.5555555555556
[BDArmory.BDACompetitionMode:199936867]: HPLEFT:K-60 NWO 7 HARM_3:100
[BDArmory.BDACompetitionMode:199936867]: HPLEFT:K-60 "Caraxes" NWO 7_1:100
[BDArmory.BDACompetitionMode:199936867]: HPLEFT:K-60 NWO 7 HARM_4:93.3333333333333
[BDArmory.BDACompetitionMode:199936867]: HPLEFT:K-73 NMX 6_2:0
[BDArmory.BDACompetitionMode:199936867]: HPLEFT:AL-34 Arnika:0
[BDArmory.BDACompetitionMode:199936867]: HPLEFT:AL-27 Kallistemon:0
[BDArmory.BDACompetitionMode:199936867]: HPLEFT:AL-27 Kallistemon_1:0
[BDArmory.BDACompetitionMode:199936867]: HPLEFT:AL-34 Arnika_1:0
[BDArmory.BDACompetitionMode:199936867]: HPLEFT:AL-68 Proleska:0
[BDArmory.BDACompetitionMode:199936867]: ACCURACY:K-73 NMX 6:0/0:0/0
[BDArmory.BDACompetitionMode:199936867]: ACCURACY:K-60 "Caraxes" NWO 7:0/0:0/0
[BDArmory.BDACompetitionMode:199936867]: ACCURACY:K-60 NWO 7 HARM:0/0:0/0
[BDArmory.BDACompetitionMode:199936867]: ACCURACY:K-73 NMX 6_1:0/0:0/0
[BDArmory.BDACompetitionMode:199936867]: ACCURACY:K-60 NWO 7 HARM_1:0/0:0/0
[BDArmory.BDACompetitionMode:199936867]: ACCURACY:K-60 NWO 7 HARM_2:0/0:0/0
[BDArmory.BDACompetitionMode:199936867]: ACCURACY:K-60 NWO 7 HARM_3:0/0:0/0
[BDArmory.BDACompetitionMode:199936867]: ACCURACY:K-60 "Caraxes" NWO 7_1:0/0:0/0
[BDArmory.BDACompetitionMode:199936867]: ACCURACY:K-60 NWO 7 HARM_4:0/0:0/0
[BDArmory.BDACompetitionMode:199936867]: ACCURACY:K-73 NMX 6_2:0/0:0/0
[BDArmory.BDACompetitionMode:199936867]: ACCURACY:AL-34 Arnika:0/0:0/0
[BDArmory.BDACompetitionMode:199936867]: ACCURACY:AL-27 Kallistemon:0/0:0/0
[BDArmory.BDACompetitionMode:199936867]: ACCURACY:AL-27 Kallistemon_1:0/0:0/0
[BDArmory.BDACompetitionMode:199936867]: ACCURACY:AL-34 Arnika_1:0/0:0/0
[BDArmory.BDACompetitionMode:199936867]: ACCURACY:AL-68 Proleska:0/0:0/0
