[BDArmory.BDACompetitionMode:201149099]: Dumping Results after 128s (of 0s) at 2026-05-17 02:48:13 -04:00
[BDArmory.BDACompetitionMode:201149099]: RESULT:Win:{"team": "B", "members": ["AIF-38C_1"]}
[BDArmory.BDACompetitionMode:201149099]: DEADTEAMS:[{"team": "F_A-27BN Voron", "members": ["F/A-27BN Voron", "F/A-27BN Voron_1"]}, {"team": "A", "members": ["AIF-38C"]}]
[BDArmory.BDACompetitionMode:201149099]: ALIVE:AIF-38C_1
[BDArmory.BDACompetitionMode:201149099]: DEAD:1:97.0:F/A-27BN Voron
[BDArmory.BDACompetitionMode:201149099]: DEAD:0:92.0:F/A-27BN Voron_1
[BDArmory.BDACompetitionMode:201149099]: DEAD:2:128.0:AIF-38C
[BDArmory.BDACompetitionMode:201149099]: WHOSHOTWHOWITHGUNS:F/A-27BN Voron:1:AIF-38C_1
[BDArmory.BDACompetitionMode:201149099]: WHOSHOTWHOWITHGUNS:F/A-27BN Voron_1:5:AIF-38C_1
[BDArmory.BDACompetitionMode:201149099]: WHOSHOTWHOWITHGUNS:AIF-38C:7:AIF-38C_1
[BDArmory.BDACompetitionMode:201149099]: WHOSHOTWHOWITHGUNS:AIF-38C_1:1:AIF-38C
[BDArmory.BDACompetitionMode:201149099]: WHODAMAGEDWHOWITHGUNS:F/A-27BN Voron:270.8:AIF-38C_1
[BDArmory.BDACompetitionMode:201149099]: WHODAMAGEDWHOWITHGUNS:F/A-27BN Voron_1:1467.3:AIF-38C_1
[BDArmory.BDACompetitionMode:201149099]: WHODAMAGEDWHOWITHGUNS:AIF-38C:1797.3:AIF-38C_1
[BDArmory.BDACompetitionMode:201149099]: WHODAMAGEDWHOWITHGUNS:AIF-38C_1:328.3:AIF-38C
[BDArmory.BDACompetitionMode:201149099]: WHOHITWHOWITHMISSILES:F/A-27BN Voron:2:AIF-38C_1:2:AIF-38C
[BDArmory.BDACompetitionMode:201149099]: WHOHITWHOWITHMISSILES:F/A-27BN Voron_1:1:AIF-38C_1:1:AIF-38C
[BDArmory.BDACompetitionMode:201149099]: WHOHITWHOWITHMISSILES:AIF-38C:1:F/A-27BN Voron
[BDArmory.BDACompetitionMode:201149099]: WHOPARTSHITWHOWITHMISSILES:F/A-27BN Voron:124:AIF-38C_1:126:AIF-38C
[BDArmory.BDACompetitionMode:201149099]: WHOPARTSHITWHOWITHMISSILES:F/A-27BN Voron_1:75:AIF-38C_1:60:AIF-38C
[BDArmory.BDACompetitionMode:201149099]: WHOPARTSHITWHOWITHMISSILES:AIF-38C:95:F/A-27BN Voron
[BDArmory.BDACompetitionMode:201149099]: WHODAMAGEDWHOWITHMISSILES:F/A-27BN Voron:5327.6:AIF-38C_1:15827.6:AIF-38C
[BDArmory.BDACompetitionMode:201149099]: WHODAMAGEDWHOWITHMISSILES:F/A-27BN Voron_1:5577.6:AIF-38C_1:8008.1:AIF-38C
[BDArmory.BDACompetitionMode:201149099]: WHODAMAGEDWHOWITHMISSILES:AIF-38C:337.1:F/A-27BN Voron
[BDArmory.BDACompetitionMode:201149099]: WHODAMAGEDWHOWITHBATTLEDAMAGE:F/A-27BN Voron:0.2:AIF-38C_1:33.2:AIF-38C
[BDArmory.BDACompetitionMode:201149099]: WHODAMAGEDWHOWITHBATTLEDAMAGE:F/A-27BN Voron_1:0.1:AIF-38C:184.0:AIF-38C_1:68.7:F/A-27BN Voron_1
[BDArmory.BDACompetitionMode:201149099]: WHODAMAGEDWHOWITHBATTLEDAMAGE:AIF-38C:2086.2:F/A-27BN Voron:75.4:AIF-38C_1
[BDArmory.BDACompetitionMode:201149099]: WHODAMAGEDWHOWITHBATTLEDAMAGE:AIF-38C_1:5.1:F/A-27BN Voron
[BDArmory.BDACompetitionMode:201149099]: HEADSHOTGUNS:F/A-27BN Voron:AIF-38C_1
[BDArmory.BDACompetitionMode:201149099]: KILLSTEALGUNS:F/A-27BN Voron_1:AIF-38C_1
[BDArmory.BDACompetitionMode:201149099]: HPLEFT:F/A-27BN Voron:0
[BDArmory.BDACompetitionMode:201149099]: HPLEFT:F/A-27BN Voron_1:0
[BDArmory.BDACompetitionMode:201149099]: HPLEFT:AIF-38C:0
[BDArmory.BDACompetitionMode:201149099]: HPLEFT:AIF-38C_1:100
[BDArmory.BDACompetitionMode:201149099]: ACCURACY:F/A-27BN Voron:0/0:0/0
[BDArmory.BDACompetitionMode:201149099]: ACCURACY:F/A-27BN Voron_1:0/0:0/0
[BDArmory.BDACompetitionMode:201149099]: ACCURACY:AIF-38C:1/45:0/0
[BDArmory.BDACompetitionMode:201149099]: ACCURACY:AIF-38C_1:13/121:0/0
