[BDArmory.BDACompetitionMode:197171873]: Dumping Results after 143s (of 0s) at 2026-04-01 02:00:26 -04:00
[BDArmory.BDACompetitionMode:197171873]: RESULT:Win:{"team": "F-42H-20 Corsair NF PLAID", "members": ["F-42H-20 Corsair NF PLAID", "F-42H-20 Corsair NF PLAID_1"]}
[BDArmory.BDACompetitionMode:197171873]: DEADTEAMS:[{"team": "F-42H-20 Corsair NF", "members": ["F-42H-20 Corsair NF", "F-42H-20 Corsair NF_1"]}]
[BDArmory.BDACompetitionMode:197171873]: ALIVE:F-42H-20 Corsair NF PLAID
[BDArmory.BDACompetitionMode:197171873]: DEAD:1:121.0:F-42H-20 Corsair NF PLAID_1
[BDArmory.BDACompetitionMode:197171873]: DEAD:0:113.0:F-42H-20 Corsair NF
[BDArmory.BDACompetitionMode:197171873]: DEAD:2:132.0:F-42H-20 Corsair NF_1
[BDArmory.BDACompetitionMode:197171873]: WHOSHOTWHOWITHGUNS:F-42H-20 Corsair NF PLAID_1:13:F-42H-20 Corsair NF_1
[BDArmory.BDACompetitionMode:197171873]: WHOSHOTWHOWITHGUNS:F-42H-20 Corsair NF:14:F-42H-20 Corsair NF PLAID
[BDArmory.BDACompetitionMode:197171873]: WHOSHOTWHOWITHGUNS:F-42H-20 Corsair NF_1:5:F-42H-20 Corsair NF PLAID_1:11:F-42H-20 Corsair NF PLAID
[BDArmory.BDACompetitionMode:197171873]: WHODAMAGEDWHOWITHGUNS:F-42H-20 Corsair NF PLAID_1:3247.6:F-42H-20 Corsair NF_1
[BDArmory.BDACompetitionMode:197171873]: WHODAMAGEDWHOWITHGUNS:F-42H-20 Corsair NF:4190.9:F-42H-20 Corsair NF PLAID
[BDArmory.BDACompetitionMode:197171873]: WHODAMAGEDWHOWITHGUNS:F-42H-20 Corsair NF_1:1372.5:F-42H-20 Corsair NF PLAID_1:3072.4:F-42H-20 Corsair NF PLAID
[BDArmory.BDACompetitionMode:197171873]: WHOHITWHOWITHMISSILES:F-42H-20 Corsair NF PLAID_1:1:F-42H-20 Corsair NF
[BDArmory.BDACompetitionMode:197171873]: WHOHITWHOWITHMISSILES:F-42H-20 Corsair NF_1:2:F-42H-20 Corsair NF PLAID
[BDArmory.BDACompetitionMode:197171873]: WHOPARTSHITWHOWITHMISSILES:F-42H-20 Corsair NF PLAID_1:93:F-42H-20 Corsair NF
[BDArmory.BDACompetitionMode:197171873]: WHOPARTSHITWHOWITHMISSILES:F-42H-20 Corsair NF_1:108:F-42H-20 Corsair NF PLAID
[BDArmory.BDACompetitionMode:197171873]: WHODAMAGEDWHOWITHMISSILES:F-42H-20 Corsair NF_1:40944.2:F-42H-20 Corsair NF PLAID
[BDArmory.BDACompetitionMode:197171873]: WHORAMMEDWHO:F-42H-20 Corsair NF PLAID_1:2:F-42H-20 Corsair NF_1
[BDArmory.BDACompetitionMode:197171873]: WHODAMAGEDWHOWITHBATTLEDAMAGE:F-42H-20 Corsair NF PLAID_1:22.4:F-42H-20 Corsair NF_1
[BDArmory.BDACompetitionMode:197171873]: WHODAMAGEDWHOWITHBATTLEDAMAGE:F-42H-20 Corsair NF:30.8:F-42H-20 Corsair NF PLAID:17043.9:F-42H-20 Corsair NF
[BDArmory.BDACompetitionMode:197171873]: WHODAMAGEDWHOWITHBATTLEDAMAGE:F-42H-20 Corsair NF_1:27.4:F-42H-20 Corsair NF PLAID_1:104.2:F-42H-20 Corsair NF PLAID:3692.6:F-42H-20 Corsair NF_1
[BDArmory.BDACompetitionMode:197171873]: HEADSHOTGUNS:F-42H-20 Corsair NF PLAID_1:F-42H-20 Corsair NF_1
[BDArmory.BDACompetitionMode:197171873]: CLEANKILLGUNS:F-42H-20 Corsair NF:F-42H-20 Corsair NF PLAID
[BDArmory.BDACompetitionMode:197171873]: HEADSHOTMISSILES:F-42H-20 Corsair NF_1:F-42H-20 Corsair NF PLAID
[BDArmory.BDACompetitionMode:197171873]: HPLEFT:F-42H-20 Corsair NF PLAID:100
[BDArmory.BDACompetitionMode:197171873]: HPLEFT:F-42H-20 Corsair NF PLAID_1:0
[BDArmory.BDACompetitionMode:197171873]: HPLEFT:F-42H-20 Corsair NF:0
[BDArmory.BDACompetitionMode:197171873]: HPLEFT:F-42H-20 Corsair NF_1:0
[BDArmory.BDACompetitionMode:197171873]: ACCURACY:F-42H-20 Corsair NF PLAID:25/360:0/0
[BDArmory.BDACompetitionMode:197171873]: ACCURACY:F-42H-20 Corsair NF PLAID_1:5/136:0/0
[BDArmory.BDACompetitionMode:197171873]: ACCURACY:F-42H-20 Corsair NF:0/29:0/0
[BDArmory.BDACompetitionMode:197171873]: ACCURACY:F-42H-20 Corsair NF_1:13/153:0/0
