[BDArmory.BDACompetitionMode:196832859]: Dumping Results after 200s (of 0s) at 2026-03-28 03:52:07 -04:00
[BDArmory.BDACompetitionMode:196832859]: RESULT:Win:{"team": "PLAID AIF-42C5C LRP", "members": ["PLAID AIF-42C5C LRP", "PLAID AIF-42C5C LRP_1", "PLAID AIF-42C5C LRP_2", "PLAID AIF-42C5C LRP_3"]}
[BDArmory.BDACompetitionMode:196832859]: DEADTEAMS:[{"team": "PLAID AIF-42C5B LRP", "members": ["PLAID AIF-42C5B LRP", "PLAID AIF-42C5B LRP_1", "PLAID AIF-42C5B LRP_2", "PLAID AIF-42C5B LRP_3"]}]
[BDArmory.BDACompetitionMode:196832859]: ALIVE:PLAID AIF-42C5C LRP
[BDArmory.BDACompetitionMode:196832859]: DEAD:5:167.0:PLAID AIF-42C5C LRP_1
[BDArmory.BDACompetitionMode:196832859]: DEAD:0:126.0:PLAID AIF-42C5C LRP_2
[BDArmory.BDACompetitionMode:196832859]: DEAD:3:151.0:PLAID AIF-42C5C LRP_3
[BDArmory.BDACompetitionMode:196832859]: DEAD:2:148.9:PLAID AIF-42C5B LRP
[BDArmory.BDACompetitionMode:196832859]: DEAD:6:189.0:PLAID AIF-42C5B LRP_1
[BDArmory.BDACompetitionMode:196832859]: DEAD:4:159.0:PLAID AIF-42C5B LRP_2
[BDArmory.BDACompetitionMode:196832859]: DEAD:1:132.0:PLAID AIF-42C5B LRP_3
[BDArmory.BDACompetitionMode:196832859]: WHOSHOTWHOWITHGUNS:PLAID AIF-42C5C LRP:3:PLAID AIF-42C5B LRP_2
[BDArmory.BDACompetitionMode:196832859]: WHOSHOTWHOWITHGUNS:PLAID AIF-42C5C LRP_1:1:PLAID AIF-42C5B LRP_1:22:PLAID AIF-42C5B LRP
[BDArmory.BDACompetitionMode:196832859]: WHOSHOTWHOWITHGUNS:PLAID AIF-42C5C LRP_2:19:PLAID AIF-42C5B LRP
[BDArmory.BDACompetitionMode:196832859]: WHOSHOTWHOWITHGUNS:PLAID AIF-42C5C LRP_3:14:PLAID AIF-42C5B LRP_2
[BDArmory.BDACompetitionMode:196832859]: WHOSHOTWHOWITHGUNS:PLAID AIF-42C5B LRP:13:PLAID AIF-42C5C LRP
[BDArmory.BDACompetitionMode:196832859]: WHOSHOTWHOWITHGUNS:PLAID AIF-42C5B LRP_1:13:PLAID AIF-42C5C LRP_2:5:PLAID AIF-42C5C LRP
[BDArmory.BDACompetitionMode:196832859]: WHOSHOTWHOWITHGUNS:PLAID AIF-42C5B LRP_2:15:PLAID AIF-42C5C LRP_1
[BDArmory.BDACompetitionMode:196832859]: WHOSHOTWHOWITHGUNS:PLAID AIF-42C5B LRP_3:3:PLAID AIF-42C5C LRP:6:PLAID AIF-42C5C LRP_1
[BDArmory.BDACompetitionMode:196832859]: WHODAMAGEDWHOWITHGUNS:PLAID AIF-42C5C LRP:1744.5:PLAID AIF-42C5B LRP_2
[BDArmory.BDACompetitionMode:196832859]: WHODAMAGEDWHOWITHGUNS:PLAID AIF-42C5C LRP_1:50.0:PLAID AIF-42C5B LRP_1:6624.5:PLAID AIF-42C5B LRP
[BDArmory.BDACompetitionMode:196832859]: WHODAMAGEDWHOWITHGUNS:PLAID AIF-42C5C LRP_2:3672.8:PLAID AIF-42C5B LRP
[BDArmory.BDACompetitionMode:196832859]: WHODAMAGEDWHOWITHGUNS:PLAID AIF-42C5C LRP_3:4082.7:PLAID AIF-42C5B LRP_2
[BDArmory.BDACompetitionMode:196832859]: WHODAMAGEDWHOWITHGUNS:PLAID AIF-42C5B LRP:2618.6:PLAID AIF-42C5C LRP
[BDArmory.BDACompetitionMode:196832859]: WHODAMAGEDWHOWITHGUNS:PLAID AIF-42C5B LRP_1:3799.8:PLAID AIF-42C5C LRP_2:1759.5:PLAID AIF-42C5C LRP
[BDArmory.BDACompetitionMode:196832859]: WHODAMAGEDWHOWITHGUNS:PLAID AIF-42C5B LRP_2:4060.4:PLAID AIF-42C5C LRP_1
[BDArmory.BDACompetitionMode:196832859]: WHODAMAGEDWHOWITHGUNS:PLAID AIF-42C5B LRP_3:596.2:PLAID AIF-42C5C LRP:1208.8:PLAID AIF-42C5C LRP_1
[BDArmory.BDACompetitionMode:196832859]: WHOHITWHOWITHMISSILES:PLAID AIF-42C5C LRP_2:1:PLAID AIF-42C5B LRP
[BDArmory.BDACompetitionMode:196832859]: WHOHITWHOWITHMISSILES:PLAID AIF-42C5C LRP_3:1:PLAID AIF-42C5B LRP_3
[BDArmory.BDACompetitionMode:196832859]: WHOHITWHOWITHMISSILES:PLAID AIF-42C5B LRP:1:PLAID AIF-42C5C LRP
[BDArmory.BDACompetitionMode:196832859]: WHOHITWHOWITHMISSILES:PLAID AIF-42C5B LRP_1:3:PLAID AIF-42C5C LRP_3
[BDArmory.BDACompetitionMode:196832859]: WHOHITWHOWITHMISSILES:PLAID AIF-42C5B LRP_3:1:PLAID AIF-42C5C LRP_1:1:PLAID AIF-42C5C LRP
[BDArmory.BDACompetitionMode:196832859]: WHOPARTSHITWHOWITHMISSILES:PLAID AIF-42C5C LRP_2:60:PLAID AIF-42C5B LRP
[BDArmory.BDACompetitionMode:196832859]: WHOPARTSHITWHOWITHMISSILES:PLAID AIF-42C5C LRP_3:64:PLAID AIF-42C5B LRP_3
[BDArmory.BDACompetitionMode:196832859]: WHOPARTSHITWHOWITHMISSILES:PLAID AIF-42C5B LRP:68:PLAID AIF-42C5C LRP
[BDArmory.BDACompetitionMode:196832859]: WHOPARTSHITWHOWITHMISSILES:PLAID AIF-42C5B LRP_1:213:PLAID AIF-42C5C LRP_3
[BDArmory.BDACompetitionMode:196832859]: WHOPARTSHITWHOWITHMISSILES:PLAID AIF-42C5B LRP_3:67:PLAID AIF-42C5C LRP_1:60:PLAID AIF-42C5C LRP
[BDArmory.BDACompetitionMode:196832859]: WHODAMAGEDWHOWITHMISSILES:PLAID AIF-42C5C LRP_2:16724.8:PLAID AIF-42C5B LRP
[BDArmory.BDACompetitionMode:196832859]: WHODAMAGEDWHOWITHMISSILES:PLAID AIF-42C5C LRP_3:39685.0:PLAID AIF-42C5B LRP_3
[BDArmory.BDACompetitionMode:196832859]: WHODAMAGEDWHOWITHMISSILES:PLAID AIF-42C5B LRP:11553.4:PLAID AIF-42C5C LRP
[BDArmory.BDACompetitionMode:196832859]: WHODAMAGEDWHOWITHMISSILES:PLAID AIF-42C5B LRP_1:5506.8:PLAID AIF-42C5C LRP_3
[BDArmory.BDACompetitionMode:196832859]: WHODAMAGEDWHOWITHMISSILES:PLAID AIF-42C5B LRP_3:10603.1:PLAID AIF-42C5C LRP_1:15512.1:PLAID AIF-42C5C LRP
[BDArmory.BDACompetitionMode:196832859]: WHORAMMEDWHO:PLAID AIF-42C5C LRP:1:PLAID AIF-42C5B LRP_2
[BDArmory.BDACompetitionMode:196832859]: WHORAMMEDWHO:PLAID AIF-42C5B LRP:63:PLAID AIF-42C5C LRP
[BDArmory.BDACompetitionMode:196832859]: WHODAMAGEDWHOWITHBATTLEDAMAGE:PLAID AIF-42C5C LRP:170.1:PLAID AIF-42C5B LRP_2:384.0:PLAID AIF-42C5B LRP
[BDArmory.BDACompetitionMode:196832859]: WHODAMAGEDWHOWITHBATTLEDAMAGE:PLAID AIF-42C5C LRP_1:373.2:PLAID AIF-42C5B LRP:10166.5:PLAID AIF-42C5C LRP_1
[BDArmory.BDACompetitionMode:196832859]: WHODAMAGEDWHOWITHBATTLEDAMAGE:PLAID AIF-42C5C LRP_2:61.6:PLAID AIF-42C5B LRP:7021.6:PLAID AIF-42C5C LRP_2
[BDArmory.BDACompetitionMode:196832859]: WHODAMAGEDWHOWITHBATTLEDAMAGE:PLAID AIF-42C5C LRP_3:478.7:PLAID AIF-42C5B LRP_2
[BDArmory.BDACompetitionMode:196832859]: WHODAMAGEDWHOWITHBATTLEDAMAGE:PLAID AIF-42C5B LRP:203.1:PLAID AIF-42C5C LRP:19364.0:PLAID AIF-42C5B LRP
[BDArmory.BDACompetitionMode:196832859]: WHODAMAGEDWHOWITHBATTLEDAMAGE:PLAID AIF-42C5B LRP_1:181.9:PLAID AIF-42C5C LRP_2:0.2:PLAID AIF-42C5C LRP:35786.8:PLAID AIF-42C5B LRP_1
[BDArmory.BDACompetitionMode:196832859]: WHODAMAGEDWHOWITHBATTLEDAMAGE:PLAID AIF-42C5B LRP_2:259.7:PLAID AIF-42C5C LRP_1:7163.3:PLAID AIF-42C5B LRP_2
[BDArmory.BDACompetitionMode:196832859]: WHODAMAGEDWHOWITHBATTLEDAMAGE:PLAID AIF-42C5B LRP_3:11.6:PLAID AIF-42C5C LRP_1
[BDArmory.BDACompetitionMode:196832859]: GMKILL:PLAID AIF-42C5C LRP_1:LandedTooLong
[BDArmory.BDACompetitionMode:196832859]: GMKILL:PLAID AIF-42C5B LRP_2:LandedTooLong
[BDArmory.BDACompetitionMode:196832859]: CLEANKILLRAMMING:PLAID AIF-42C5B LRP:PLAID AIF-42C5C LRP
[BDArmory.BDACompetitionMode:196832859]: HEADSHOTGUNS:PLAID AIF-42C5B LRP_1:PLAID AIF-42C5C LRP
[BDArmory.BDACompetitionMode:196832859]: HPLEFT:PLAID AIF-42C5C LRP:97.5
[BDArmory.BDACompetitionMode:196832859]: HPLEFT:PLAID AIF-42C5C LRP_1:0
[BDArmory.BDACompetitionMode:196832859]: HPLEFT:PLAID AIF-42C5C LRP_2:0
[BDArmory.BDACompetitionMode:196832859]: HPLEFT:PLAID AIF-42C5C LRP_3:0
[BDArmory.BDACompetitionMode:196832859]: HPLEFT:PLAID AIF-42C5B LRP:0
[BDArmory.BDACompetitionMode:196832859]: HPLEFT:PLAID AIF-42C5B LRP_1:0
[BDArmory.BDACompetitionMode:196832859]: HPLEFT:PLAID AIF-42C5B LRP_2:0
[BDArmory.BDACompetitionMode:196832859]: HPLEFT:PLAID AIF-42C5B LRP_3:0
[BDArmory.BDACompetitionMode:196832859]: ACCURACY:PLAID AIF-42C5C LRP:21/322:0/0
[BDArmory.BDACompetitionMode:196832859]: ACCURACY:PLAID AIF-42C5C LRP_1:21/207:0/0
[BDArmory.BDACompetitionMode:196832859]: ACCURACY:PLAID AIF-42C5C LRP_2:13/114:0/0
[BDArmory.BDACompetitionMode:196832859]: ACCURACY:PLAID AIF-42C5C LRP_3:0/0:0/0
[BDArmory.BDACompetitionMode:196832859]: ACCURACY:PLAID AIF-42C5B LRP:41/252:0/0
[BDArmory.BDACompetitionMode:196832859]: ACCURACY:PLAID AIF-42C5B LRP_1:1/75:0/0
[BDArmory.BDACompetitionMode:196832859]: ACCURACY:PLAID AIF-42C5B LRP_2:17/236:0/0
[BDArmory.BDACompetitionMode:196832859]: ACCURACY:PLAID AIF-42C5B LRP_3:0/2:0/0
