[BDArmory.BDACompetitionMode:199415848]: Dumping Results after 92s (of 0s) at 2026-04-27 01:21:44 -04:00
[BDArmory.BDACompetitionMode:199415848]: RESULT:Win:{"team": "B", "members": ["AIF-38_1"]}
[BDArmory.BDACompetitionMode:199415848]: DEADTEAMS:[{"team": "A", "members": ["AIF-38"]}, {"team": "Z-41D-2", "members": ["Z-41D-2", "Z-41D-2_1"]}]
[BDArmory.BDACompetitionMode:199415848]: ALIVE:AIF-38_1
[BDArmory.BDACompetitionMode:199415848]: DEAD:2:91.0:AIF-38
[BDArmory.BDACompetitionMode:199415848]: DEAD:0:77.0:Z-41D-2
[BDArmory.BDACompetitionMode:199415848]: DEAD:1:82.0:Z-41D-2_1
[BDArmory.BDACompetitionMode:199415848]: WHOSHOTWHOWITHGUNS:AIF-38:2:Z-41D-2_1:16:AIF-38_1
[BDArmory.BDACompetitionMode:199415848]: WHOSHOTWHOWITHGUNS:Z-41D-2:21:AIF-38:5:AIF-38_1
[BDArmory.BDACompetitionMode:199415848]: WHOSHOTWHOWITHGUNS:Z-41D-2_1:14:AIF-38_1:8:AIF-38
[BDArmory.BDACompetitionMode:199415848]: WHODAMAGEDWHOWITHGUNS:AIF-38:461.7:Z-41D-2_1:6586.2:AIF-38_1
[BDArmory.BDACompetitionMode:199415848]: WHODAMAGEDWHOWITHGUNS:Z-41D-2:7525.7:AIF-38:1239.8:AIF-38_1
[BDArmory.BDACompetitionMode:199415848]: WHODAMAGEDWHOWITHGUNS:Z-41D-2_1:5000.1:AIF-38_1:2374.7:AIF-38
[BDArmory.BDACompetitionMode:199415848]: WHOHITWHOWITHMISSILES:AIF-38_1:1:Z-41D-2_1
[BDArmory.BDACompetitionMode:199415848]: WHOHITWHOWITHMISSILES:Z-41D-2:1:AIF-38
[BDArmory.BDACompetitionMode:199415848]: WHOPARTSHITWHOWITHMISSILES:AIF-38_1:95:Z-41D-2_1
[BDArmory.BDACompetitionMode:199415848]: WHOPARTSHITWHOWITHMISSILES:Z-41D-2:123:AIF-38
[BDArmory.BDACompetitionMode:199415848]: WHODAMAGEDWHOWITHMISSILES:Z-41D-2:10778.7:AIF-38
[BDArmory.BDACompetitionMode:199415848]: WHODAMAGEDWHOWITHBATTLEDAMAGE:AIF-38:7.5:AIF-38_1
[BDArmory.BDACompetitionMode:199415848]: WHODAMAGEDWHOWITHBATTLEDAMAGE:Z-41D-2:93.5:AIF-38:383.1:Z-41D-2
[BDArmory.BDACompetitionMode:199415848]: WHODAMAGEDWHOWITHBATTLEDAMAGE:Z-41D-2_1:538.1:AIF-38_1:65.4:AIF-38:383.2:Z-41D-2_1
[BDArmory.BDACompetitionMode:199415848]: HEADSHOTGUNS:AIF-38:AIF-38_1
[BDArmory.BDACompetitionMode:199415848]: KILLSTEALGUNS:Z-41D-2:AIF-38
[BDArmory.BDACompetitionMode:199415848]: HEADSHOTGUNS:Z-41D-2_1:AIF-38_1
[BDArmory.BDACompetitionMode:199415848]: HPLEFT:AIF-38:0
[BDArmory.BDACompetitionMode:199415848]: HPLEFT:AIF-38_1:100
[BDArmory.BDACompetitionMode:199415848]: HPLEFT:Z-41D-2:0
[BDArmory.BDACompetitionMode:199415848]: HPLEFT:Z-41D-2_1:0
[BDArmory.BDACompetitionMode:199415848]: ACCURACY:AIF-38:29/134:0/0
[BDArmory.BDACompetitionMode:199415848]: ACCURACY:AIF-38_1:35/217:0/0
[BDArmory.BDACompetitionMode:199415848]: ACCURACY:Z-41D-2:0/0:0/0
[BDArmory.BDACompetitionMode:199415848]: ACCURACY:Z-41D-2_1:2/119:0/0
