[BDArmory.BDACompetitionMode:197201469]: Dumping Results after 157s (of 0s) at 2026-04-01 10:17:54 -04:00
[BDArmory.BDACompetitionMode:197201469]: RESULT:Win:{"team": "PLAID AIF-42C5D LRP", "members": ["PLAID AIF-42C5D LRP", "PLAID AIF-42C5D LRP_1", "PLAID AIF-42C5D LRP_2"]}
[BDArmory.BDACompetitionMode:197201469]: DEADTEAMS:[{"team": "PLAID AIF-42C5B LRP", "members": ["PLAID AIF-42C5B LRP", "PLAID AIF-42C5B LRP_1", "PLAID AIF-42C5B LRP_2"]}]
[BDArmory.BDACompetitionMode:197201469]: ALIVE:PLAID AIF-42C5D LRP_1
[BDArmory.BDACompetitionMode:197201469]: DEAD:1:99.0:PLAID AIF-42C5D LRP
[BDArmory.BDACompetitionMode:197201469]: DEAD:0:92.4:PLAID AIF-42C5D LRP_2
[BDArmory.BDACompetitionMode:197201469]: DEAD:4:145.4:PLAID AIF-42C5B LRP
[BDArmory.BDACompetitionMode:197201469]: DEAD:2:110.0:PLAID AIF-42C5B LRP_1
[BDArmory.BDACompetitionMode:197201469]: DEAD:3:142.0:PLAID AIF-42C5B LRP_2
[BDArmory.BDACompetitionMode:197201469]: WHOSHOTWHOWITHGUNS:PLAID AIF-42C5D LRP:27:PLAID AIF-42C5B LRP
[BDArmory.BDACompetitionMode:197201469]: WHOSHOTWHOWITHGUNS:PLAID AIF-42C5D LRP_1:1:PLAID AIF-42C5B LRP
[BDArmory.BDACompetitionMode:197201469]: WHOSHOTWHOWITHGUNS:PLAID AIF-42C5D LRP_2:7:PLAID AIF-42C5B LRP
[BDArmory.BDACompetitionMode:197201469]: WHOSHOTWHOWITHGUNS:PLAID AIF-42C5B LRP:24:PLAID AIF-42C5D LRP_1
[BDArmory.BDACompetitionMode:197201469]: WHOSHOTWHOWITHGUNS:PLAID AIF-42C5B LRP_1:16:PLAID AIF-42C5D LRP_1
[BDArmory.BDACompetitionMode:197201469]: WHOSHOTWHOWITHGUNS:PLAID AIF-42C5B LRP_2:12:PLAID AIF-42C5D LRP_1
[BDArmory.BDACompetitionMode:197201469]: WHODAMAGEDWHOWITHGUNS:PLAID AIF-42C5D LRP:7626.5:PLAID AIF-42C5B LRP
[BDArmory.BDACompetitionMode:197201469]: WHODAMAGEDWHOWITHGUNS:PLAID AIF-42C5D LRP_1:428.8:PLAID AIF-42C5B LRP
[BDArmory.BDACompetitionMode:197201469]: WHODAMAGEDWHOWITHGUNS:PLAID AIF-42C5D LRP_2:1272.0:PLAID AIF-42C5B LRP
[BDArmory.BDACompetitionMode:197201469]: WHODAMAGEDWHOWITHGUNS:PLAID AIF-42C5B LRP:7846.4:PLAID AIF-42C5D LRP_1
[BDArmory.BDACompetitionMode:197201469]: WHODAMAGEDWHOWITHGUNS:PLAID AIF-42C5B LRP_1:3147.8:PLAID AIF-42C5D LRP_1
[BDArmory.BDACompetitionMode:197201469]: WHODAMAGEDWHOWITHGUNS:PLAID AIF-42C5B LRP_2:3035.1:PLAID AIF-42C5D LRP_1
[BDArmory.BDACompetitionMode:197201469]: WHOHITWHOWITHMISSILES:PLAID AIF-42C5D LRP_2:1:PLAID AIF-42C5B LRP
[BDArmory.BDACompetitionMode:197201469]: WHOHITWHOWITHMISSILES:PLAID AIF-42C5B LRP_1:1:PLAID AIF-42C5D LRP_1
[BDArmory.BDACompetitionMode:197201469]: WHOHITWHOWITHMISSILES:PLAID AIF-42C5B LRP_2:1:PLAID AIF-42C5D LRP_2:1:PLAID AIF-42C5D LRP
[BDArmory.BDACompetitionMode:197201469]: WHOPARTSHITWHOWITHMISSILES:PLAID AIF-42C5D LRP_2:70:PLAID AIF-42C5B LRP
[BDArmory.BDACompetitionMode:197201469]: WHOPARTSHITWHOWITHMISSILES:PLAID AIF-42C5B LRP_1:75:PLAID AIF-42C5D LRP_1
[BDArmory.BDACompetitionMode:197201469]: WHOPARTSHITWHOWITHMISSILES:PLAID AIF-42C5B LRP_2:72:PLAID AIF-42C5D LRP_2:66:PLAID AIF-42C5D LRP
[BDArmory.BDACompetitionMode:197201469]: WHODAMAGEDWHOWITHMISSILES:PLAID AIF-42C5D LRP_2:81963.6:PLAID AIF-42C5B LRP
[BDArmory.BDACompetitionMode:197201469]: WHODAMAGEDWHOWITHMISSILES:PLAID AIF-42C5B LRP_1:11993.3:PLAID AIF-42C5D LRP_1
[BDArmory.BDACompetitionMode:197201469]: WHODAMAGEDWHOWITHMISSILES:PLAID AIF-42C5B LRP_2:16593.9:PLAID AIF-42C5D LRP_2:31652.2:PLAID AIF-42C5D LRP
[BDArmory.BDACompetitionMode:197201469]: WHODAMAGEDWHOWITHBATTLEDAMAGE:PLAID AIF-42C5D LRP:183.1:PLAID AIF-42C5B LRP:22819.1:PLAID AIF-42C5D LRP
[BDArmory.BDACompetitionMode:197201469]: WHODAMAGEDWHOWITHBATTLEDAMAGE:PLAID AIF-42C5D LRP_2:392.8:PLAID AIF-42C5B LRP
[BDArmory.BDACompetitionMode:197201469]: WHODAMAGEDWHOWITHBATTLEDAMAGE:PLAID AIF-42C5B LRP:629.9:PLAID AIF-42C5D LRP_1:16696.9:PLAID AIF-42C5B LRP
[BDArmory.BDACompetitionMode:197201469]: WHODAMAGEDWHOWITHBATTLEDAMAGE:PLAID AIF-42C5B LRP_1:15117.8:PLAID AIF-42C5D LRP_1:8751.9:PLAID AIF-42C5B LRP_1
[BDArmory.BDACompetitionMode:197201469]: WHODAMAGEDWHOWITHBATTLEDAMAGE:PLAID AIF-42C5B LRP_2:64.5:PLAID AIF-42C5D LRP_1
[BDArmory.BDACompetitionMode:197201469]: GMKILL:PLAID AIF-42C5D LRP_2:GM
[BDArmory.BDACompetitionMode:197201469]: GMKILL:PLAID AIF-42C5B LRP:GM
[BDArmory.BDACompetitionMode:197201469]: CLEANKILLGUNS:PLAID AIF-42C5D LRP:PLAID AIF-42C5B LRP
[BDArmory.BDACompetitionMode:197201469]: CLEANKILLGUNS:PLAID AIF-42C5B LRP_1:PLAID AIF-42C5D LRP_1
[BDArmory.BDACompetitionMode:197201469]: HEADSHOTGUNS:PLAID AIF-42C5B LRP_2:PLAID AIF-42C5D LRP_1
[BDArmory.BDACompetitionMode:197201469]: HPLEFT:PLAID AIF-42C5D LRP:0
[BDArmory.BDACompetitionMode:197201469]: HPLEFT:PLAID AIF-42C5D LRP_1:98.6842105263158
[BDArmory.BDACompetitionMode:197201469]: HPLEFT:PLAID AIF-42C5D LRP_2:0
[BDArmory.BDACompetitionMode:197201469]: HPLEFT:PLAID AIF-42C5B LRP:0
[BDArmory.BDACompetitionMode:197201469]: HPLEFT:PLAID AIF-42C5B LRP_1:0
[BDArmory.BDACompetitionMode:197201469]: HPLEFT:PLAID AIF-42C5B LRP_2:0
[BDArmory.BDACompetitionMode:197201469]: ACCURACY:PLAID AIF-42C5D LRP:0/0:0/0
[BDArmory.BDACompetitionMode:197201469]: ACCURACY:PLAID AIF-42C5D LRP_1:52/347:0/0
[BDArmory.BDACompetitionMode:197201469]: ACCURACY:PLAID AIF-42C5D LRP_2:0/0:0/0
[BDArmory.BDACompetitionMode:197201469]: ACCURACY:PLAID AIF-42C5B LRP:35/320:0/0
[BDArmory.BDACompetitionMode:197201469]: ACCURACY:PLAID AIF-42C5B LRP_1:0/35:0/0
[BDArmory.BDACompetitionMode:197201469]: ACCURACY:PLAID AIF-42C5B LRP_2:0/0:0/0
