[BDArmory.BDACompetitionMode:196982948]: Dumping Results after 122s (of 0s) at 2026-03-29 21:31:35 -04:00
[BDArmory.BDACompetitionMode:196982948]: RESULT:Win:{"team": "PLAID AIF-42C5B1 LRP", "members": ["PLAID AIF-42C5B1 LRP", "PLAID AIF-42C5B1 LRP_1", "PLAID AIF-42C5B1 LRP_2"]}
[BDArmory.BDACompetitionMode:196982948]: DEADTEAMS:[{"team": "PLAID AIF-42C5B LRP", "members": ["PLAID AIF-42C5B LRP", "PLAID AIF-42C5B LRP_1", "PLAID AIF-42C5B LRP_2"]}]
[BDArmory.BDACompetitionMode:196982948]: ALIVE:PLAID AIF-42C5B1 LRP
[BDArmory.BDACompetitionMode:196982948]: ALIVE:PLAID AIF-42C5B1 LRP_2
[BDArmory.BDACompetitionMode:196982948]: MIA:PLAID AIF-42C5B1 LRP_1
[BDArmory.BDACompetitionMode:196982948]: DEAD:1:97.0:PLAID AIF-42C5B LRP
[BDArmory.BDACompetitionMode:196982948]: DEAD:0:94.0:PLAID AIF-42C5B LRP_1
[BDArmory.BDACompetitionMode:196982948]: DEAD:2:111.0:PLAID AIF-42C5B LRP_2
[BDArmory.BDACompetitionMode:196982948]: WHOSHOTWHOWITHGUNS:PLAID AIF-42C5B1 LRP_1:11:PLAID AIF-42C5B LRP_2
[BDArmory.BDACompetitionMode:196982948]: WHOSHOTWHOWITHGUNS:PLAID AIF-42C5B LRP:21:PLAID AIF-42C5B1 LRP
[BDArmory.BDACompetitionMode:196982948]: WHOSHOTWHOWITHGUNS:PLAID AIF-42C5B LRP_1:22:PLAID AIF-42C5B1 LRP
[BDArmory.BDACompetitionMode:196982948]: WHOSHOTWHOWITHGUNS:PLAID AIF-42C5B LRP_2:14:PLAID AIF-42C5B1 LRP_2
[BDArmory.BDACompetitionMode:196982948]: WHODAMAGEDWHOWITHGUNS:PLAID AIF-42C5B1 LRP_1:3885.7:PLAID AIF-42C5B LRP_2
[BDArmory.BDACompetitionMode:196982948]: WHODAMAGEDWHOWITHGUNS:PLAID AIF-42C5B LRP:4876.2:PLAID AIF-42C5B1 LRP
[BDArmory.BDACompetitionMode:196982948]: WHODAMAGEDWHOWITHGUNS:PLAID AIF-42C5B LRP_1:7724.5:PLAID AIF-42C5B1 LRP
[BDArmory.BDACompetitionMode:196982948]: WHODAMAGEDWHOWITHGUNS:PLAID AIF-42C5B LRP_2:4038.9:PLAID AIF-42C5B1 LRP_2
[BDArmory.BDACompetitionMode:196982948]: WHOHITWHOWITHMISSILES:PLAID AIF-42C5B LRP_2:1:PLAID AIF-42C5B1 LRP_2
[BDArmory.BDACompetitionMode:196982948]: WHOPARTSHITWHOWITHMISSILES:PLAID AIF-42C5B LRP_2:76:PLAID AIF-42C5B1 LRP_2
[BDArmory.BDACompetitionMode:196982948]: WHODAMAGEDWHOWITHMISSILES:PLAID AIF-42C5B LRP_2:22726.2:PLAID AIF-42C5B1 LRP_2
[BDArmory.BDACompetitionMode:196982948]: WHODAMAGEDWHOWITHBATTLEDAMAGE:PLAID AIF-42C5B1 LRP:4.7:PLAID AIF-42C5B LRP
[BDArmory.BDACompetitionMode:196982948]: WHODAMAGEDWHOWITHBATTLEDAMAGE:PLAID AIF-42C5B1 LRP_1:796.0:PLAID AIF-42C5B LRP_2:8999.9:PLAID AIF-42C5B1 LRP_1
[BDArmory.BDACompetitionMode:196982948]: WHODAMAGEDWHOWITHBATTLEDAMAGE:PLAID AIF-42C5B LRP:50.5:PLAID AIF-42C5B1 LRP:19639.4:PLAID AIF-42C5B LRP
[BDArmory.BDACompetitionMode:196982948]: WHODAMAGEDWHOWITHBATTLEDAMAGE:PLAID AIF-42C5B LRP_1:13371.7:PLAID AIF-42C5B1 LRP:9314.1:PLAID AIF-42C5B LRP_1
[BDArmory.BDACompetitionMode:196982948]: WHODAMAGEDWHOWITHBATTLEDAMAGE:PLAID AIF-42C5B LRP_2:16.3:PLAID AIF-42C5B1 LRP_2
[BDArmory.BDACompetitionMode:196982948]: CLEANKILLGUNS:PLAID AIF-42C5B LRP:PLAID AIF-42C5B1 LRP
[BDArmory.BDACompetitionMode:196982948]: CLEANKILLGUNS:PLAID AIF-42C5B LRP_1:PLAID AIF-42C5B1 LRP
[BDArmory.BDACompetitionMode:196982948]: CLEANKILLGUNS:PLAID AIF-42C5B LRP_2:PLAID AIF-42C5B1 LRP_2
[BDArmory.BDACompetitionMode:196982948]: HPLEFT:PLAID AIF-42C5B1 LRP:100
[BDArmory.BDACompetitionMode:196982948]: HPLEFT:PLAID AIF-42C5B1 LRP_1:21.25
[BDArmory.BDACompetitionMode:196982948]: HPLEFT:PLAID AIF-42C5B1 LRP_2:100
[BDArmory.BDACompetitionMode:196982948]: HPLEFT:PLAID AIF-42C5B LRP:0
[BDArmory.BDACompetitionMode:196982948]: HPLEFT:PLAID AIF-42C5B LRP_1:0
[BDArmory.BDACompetitionMode:196982948]: HPLEFT:PLAID AIF-42C5B LRP_2:0
[BDArmory.BDACompetitionMode:196982948]: ACCURACY:PLAID AIF-42C5B1 LRP:43/136:0/0
[BDArmory.BDACompetitionMode:196982948]: ACCURACY:PLAID AIF-42C5B1 LRP_1:0/4:0/0
[BDArmory.BDACompetitionMode:196982948]: ACCURACY:PLAID AIF-42C5B1 LRP_2:14/92:0/0
[BDArmory.BDACompetitionMode:196982948]: ACCURACY:PLAID AIF-42C5B LRP:0/0:0/0
[BDArmory.BDACompetitionMode:196982948]: ACCURACY:PLAID AIF-42C5B LRP_1:0/0:0/0
[BDArmory.BDACompetitionMode:196982948]: ACCURACY:PLAID AIF-42C5B LRP_2:11/92:0/0
