[BDArmory.BDACompetitionMode:199422731]: Dumping Results after -9s (of 0s) at 2026-04-27 03:14:33 -04:00
[BDArmory.BDACompetitionMode:199422731]: RESULT:Draw:[{"team": "AIF-38", "members": ["AIF-38", "AIF-38_1"]}, {"team": "AL-34 Cooker V_VVVVdev", "members": ["AL-34 Cooker V/VVVVdev", "AL-34 Cooker V/VVVVdev_1"]}]
[BDArmory.BDACompetitionMode:199422731]: DEADTEAMS:[]
[BDArmory.BDACompetitionMode:199422731]: ALIVE:AL-34 Cooker V/VVVVdev
[BDArmory.BDACompetitionMode:199422731]: MIA:AIF-38
[BDArmory.BDACompetitionMode:199422731]: MIA:AIF-38_1
[BDArmory.BDACompetitionMode:199422731]: MIA:AL-34 Cooker V/VVVVdev_1
[BDArmory.BDACompetitionMode:199422731]: WHOHITWHOWITHMISSILES:AIF-38:2:AL-34 Cooker V/VVVVdev
[BDArmory.BDACompetitionMode:199422731]: WHOHITWHOWITHMISSILES:AIF-38_1:4:AL-34 Cooker V/VVVVdev_1
[BDArmory.BDACompetitionMode:199422731]: WHOHITWHOWITHMISSILES:AL-34 Cooker V/VVVVdev_1:1:AIF-38:1:AIF-38_1
[BDArmory.BDACompetitionMode:199422731]: WHOPARTSHITWHOWITHMISSILES:AIF-38:181:AL-34 Cooker V/VVVVdev
[BDArmory.BDACompetitionMode:199422731]: WHOPARTSHITWHOWITHMISSILES:AIF-38_1:288:AL-34 Cooker V/VVVVdev_1
[BDArmory.BDACompetitionMode:199422731]: WHOPARTSHITWHOWITHMISSILES:AL-34 Cooker V/VVVVdev_1:113:AIF-38:113:AIF-38_1
[BDArmory.BDACompetitionMode:199422731]: WHODAMAGEDWHOWITHMISSILES:AIF-38:37394.9:AL-34 Cooker V/VVVVdev
[BDArmory.BDACompetitionMode:199422731]: WHODAMAGEDWHOWITHMISSILES:AIF-38_1:34779.6:AL-34 Cooker V/VVVVdev_1
[BDArmory.BDACompetitionMode:199422731]: WHODAMAGEDWHOWITHMISSILES:AL-34 Cooker V/VVVVdev_1:860.1:AIF-38
[BDArmory.BDACompetitionMode:199422731]: WHODAMAGEDWHOWITHBATTLEDAMAGE:AIF-38_1:0.2:AL-34 Cooker V/VVVVdev_1
[BDArmory.BDACompetitionMode:199422731]: HPLEFT:AIF-38:44.5544554455446
[BDArmory.BDACompetitionMode:199422731]: HPLEFT:AIF-38_1:18.8118811881188
[BDArmory.BDACompetitionMode:199422731]: HPLEFT:AL-34 Cooker V/VVVVdev:100
[BDArmory.BDACompetitionMode:199422731]: HPLEFT:AL-34 Cooker V/VVVVdev_1:100
[BDArmory.BDACompetitionMode:199422731]: ACCURACY:AIF-38:0/57:0/0
[BDArmory.BDACompetitionMode:199422731]: ACCURACY:AIF-38_1:0/0:0/0
[BDArmory.BDACompetitionMode:199422731]: ACCURACY:AL-34 Cooker V/VVVVdev:0/74:0/0
[BDArmory.BDACompetitionMode:199422731]: ACCURACY:AL-34 Cooker V/VVVVdev_1:0/23:0/0
