[BDArmory.BDACompetitionMode:200976222]: Dumping Results after 76s (of 0s) at 2026-05-15 02:45:37 -04:00
[BDArmory.BDACompetitionMode:200976222]: RESULT:Win:{"team": "AIF-38C", "members": ["AIF-38C", "AIF-38C_1"]}
[BDArmory.BDACompetitionMode:200976222]: DEADTEAMS:[{"team": "AIF-38B", "members": ["AIF-38B", "AIF-38B_1"]}]
[BDArmory.BDACompetitionMode:200976222]: ALIVE:AIF-38C
[BDArmory.BDACompetitionMode:200976222]: ALIVE:AIF-38C_1
[BDArmory.BDACompetitionMode:200976222]: DEAD:1:66.0:AIF-38B
[BDArmory.BDACompetitionMode:200976222]: DEAD:0:60.0:AIF-38B_1
[BDArmory.BDACompetitionMode:200976222]: WHOHITWHOWITHMISSILES:AIF-38C_1:1:AIF-38B
[BDArmory.BDACompetitionMode:200976222]: WHOHITWHOWITHMISSILES:AIF-38B:1:AIF-38C_1:1:AIF-38C
[BDArmory.BDACompetitionMode:200976222]: WHOHITWHOWITHMISSILES:AIF-38B_1:1:AIF-38C
[BDArmory.BDACompetitionMode:200976222]: WHOPARTSHITWHOWITHMISSILES:AIF-38C_1:88:AIF-38B
[BDArmory.BDACompetitionMode:200976222]: WHOPARTSHITWHOWITHMISSILES:AIF-38B:97:AIF-38C_1:96:AIF-38C
[BDArmory.BDACompetitionMode:200976222]: WHOPARTSHITWHOWITHMISSILES:AIF-38B_1:87:AIF-38C
[BDArmory.BDACompetitionMode:200976222]: WHODAMAGEDWHOWITHMISSILES:AIF-38C_1:44797.6:AIF-38B
[BDArmory.BDACompetitionMode:200976222]: WHODAMAGEDWHOWITHMISSILES:AIF-38B:17587.3:AIF-38C
[BDArmory.BDACompetitionMode:200976222]: WHODAMAGEDWHOWITHMISSILES:AIF-38B_1:118570.2:AIF-38C
[BDArmory.BDACompetitionMode:200976222]: WHODAMAGEDWHOWITHBATTLEDAMAGE:AIF-38B:28557.8:AIF-38C
[BDArmory.BDACompetitionMode:200976222]: WHODAMAGEDWHOWITHBATTLEDAMAGE:AIF-38B_1:31674.3:AIF-38C
[BDArmory.BDACompetitionMode:200976222]: HEADSHOTMISSILES:AIF-38B:AIF-38C
[BDArmory.BDACompetitionMode:200976222]: CLEANKILLMISSILES:AIF-38B_1:AIF-38C
[BDArmory.BDACompetitionMode:200976222]: HPLEFT:AIF-38C:100
[BDArmory.BDACompetitionMode:200976222]: HPLEFT:AIF-38C_1:42.156862745098
[BDArmory.BDACompetitionMode:200976222]: HPLEFT:AIF-38B:0
[BDArmory.BDACompetitionMode:200976222]: HPLEFT:AIF-38B_1:0
[BDArmory.BDACompetitionMode:200976222]: ACCURACY:AIF-38C:0/0:0/0
[BDArmory.BDACompetitionMode:200976222]: ACCURACY:AIF-38C_1:0/0:0/0
[BDArmory.BDACompetitionMode:200976222]: ACCURACY:AIF-38B:0/0:0/0
[BDArmory.BDACompetitionMode:200976222]: ACCURACY:AIF-38B_1:0/0:0/0
