[BDArmory.BDACompetitionMode:198901594]: Dumping Results after 90s (of 0s) at 2026-04-21 02:28:26 -04:00
[BDArmory.BDACompetitionMode:198901594]: RESULT:Win:{"team": "K-73 NMX 5", "members": ["K-73 NMX 5", "K-73 NMX 5_1"]}
[BDArmory.BDACompetitionMode:198901594]: DEADTEAMS:[{"team": "PLAID AIF-42C5D1", "members": ["PLAID AIF-42C5D1", "PLAID AIF-42C5D1_1"]}]
[BDArmory.BDACompetitionMode:198901594]: ALIVE:K-73 NMX 5
[BDArmory.BDACompetitionMode:198901594]: ALIVE:K-73 NMX 5_1
[BDArmory.BDACompetitionMode:198901594]: DEAD:1:80.0:PLAID AIF-42C5D1
[BDArmory.BDACompetitionMode:198901594]: DEAD:0:76.0:PLAID AIF-42C5D1_1
[BDArmory.BDACompetitionMode:198901594]: WHOSHOTWHOWITHGUNS:PLAID AIF-42C5D1:28:K-73 NMX 5_1
[BDArmory.BDACompetitionMode:198901594]: WHOSHOTWHOWITHGUNS:PLAID AIF-42C5D1_1:10:K-73 NMX 5_1
[BDArmory.BDACompetitionMode:198901594]: WHODAMAGEDWHOWITHGUNS:PLAID AIF-42C5D1:4653.4:K-73 NMX 5_1
[BDArmory.BDACompetitionMode:198901594]: WHODAMAGEDWHOWITHGUNS:PLAID AIF-42C5D1_1:2533.8:K-73 NMX 5_1
[BDArmory.BDACompetitionMode:198901594]: WHOHITWHOWITHMISSILES:PLAID AIF-42C5D1:2:K-73 NMX 5
[BDArmory.BDACompetitionMode:198901594]: WHOHITWHOWITHMISSILES:PLAID AIF-42C5D1_1:2:K-73 NMX 5_1
[BDArmory.BDACompetitionMode:198901594]: WHOPARTSHITWHOWITHMISSILES:PLAID AIF-42C5D1:149:K-73 NMX 5
[BDArmory.BDACompetitionMode:198901594]: WHOPARTSHITWHOWITHMISSILES:PLAID AIF-42C5D1_1:138:K-73 NMX 5_1
[BDArmory.BDACompetitionMode:198901594]: WHODAMAGEDWHOWITHMISSILES:PLAID AIF-42C5D1:15990.3:K-73 NMX 5
[BDArmory.BDACompetitionMode:198901594]: WHODAMAGEDWHOWITHMISSILES:PLAID AIF-42C5D1_1:18904.7:K-73 NMX 5_1
[BDArmory.BDACompetitionMode:198901594]: WHODAMAGEDWHOWITHBATTLEDAMAGE:PLAID AIF-42C5D1:42.0:K-73 NMX 5_1
[BDArmory.BDACompetitionMode:198901594]: WHODAMAGEDWHOWITHBATTLEDAMAGE:PLAID AIF-42C5D1_1:23860.9:K-73 NMX 5_1:10287.4:PLAID AIF-42C5D1_1
[BDArmory.BDACompetitionMode:198901594]: KILLSTEALGUNS:PLAID AIF-42C5D1:K-73 NMX 5_1
[BDArmory.BDACompetitionMode:198901594]: CLEANKILLGUNS:PLAID AIF-42C5D1_1:K-73 NMX 5_1
[BDArmory.BDACompetitionMode:198901594]: HPLEFT:K-73 NMX 5:100
[BDArmory.BDACompetitionMode:198901594]: HPLEFT:K-73 NMX 5_1:100
[BDArmory.BDACompetitionMode:198901594]: HPLEFT:PLAID AIF-42C5D1:0
[BDArmory.BDACompetitionMode:198901594]: HPLEFT:PLAID AIF-42C5D1_1:0
[BDArmory.BDACompetitionMode:198901594]: ACCURACY:K-73 NMX 5:0/0:0/0
[BDArmory.BDACompetitionMode:198901594]: ACCURACY:K-73 NMX 5_1:38/137:0/0
[BDArmory.BDACompetitionMode:198901594]: ACCURACY:PLAID AIF-42C5D1:0/0:0/0
[BDArmory.BDACompetitionMode:198901594]: ACCURACY:PLAID AIF-42C5D1_1:0/0:0/0
