[BDArmory.BDACompetitionMode:196979579]: Dumping Results after 119s (of 0s) at 2026-03-29 20:35:47 -04:00
[BDArmory.BDACompetitionMode:196979579]: RESULT:Win:{"team": "Dark Bramble K", "members": ["Dark Bramble K", "Dark Bramble K_1", "Dark Bramble K_2", "Dark Bramble K_3"]}
[BDArmory.BDACompetitionMode:196979579]: DEADTEAMS:[{"team": "PLAID AIF-42C5B LRP", "members": ["PLAID AIF-42C5B LRP", "PLAID AIF-42C5B LRP_1", "PLAID AIF-42C5B LRP_2", "PLAID AIF-42C5B LRP_3"]}]
[BDArmory.BDACompetitionMode:196979579]: ALIVE:Dark Bramble K
[BDArmory.BDACompetitionMode:196979579]: ALIVE:Dark Bramble K_1
[BDArmory.BDACompetitionMode:196979579]: ALIVE:Dark Bramble K_2
[BDArmory.BDACompetitionMode:196979579]: DEAD:1:94.0:PLAID AIF-42C5B LRP
[BDArmory.BDACompetitionMode:196979579]: DEAD:3:108.0:PLAID AIF-42C5B LRP_1
[BDArmory.BDACompetitionMode:196979579]: DEAD:0:76.0:PLAID AIF-42C5B LRP_2
[BDArmory.BDACompetitionMode:196979579]: DEAD:2:101.0:PLAID AIF-42C5B LRP_3
[BDArmory.BDACompetitionMode:196979579]: MIA:Dark Bramble K_3
[BDArmory.BDACompetitionMode:196979579]: WHOSHOTWHOWITHGUNS:PLAID AIF-42C5B LRP:1:Dark Bramble K_3:11:Dark Bramble K
[BDArmory.BDACompetitionMode:196979579]: WHOSHOTWHOWITHGUNS:PLAID AIF-42C5B LRP_1:36:Dark Bramble K_2:1:Dark Bramble K
[BDArmory.BDACompetitionMode:196979579]: WHOSHOTWHOWITHGUNS:PLAID AIF-42C5B LRP_3:10:Dark Bramble K:14:Dark Bramble K_1
[BDArmory.BDACompetitionMode:196979579]: WHOSHOTWHOWITHGUNS:Dark Bramble K_3:17:PLAID AIF-42C5B LRP_1:6:PLAID AIF-42C5B LRP
[BDArmory.BDACompetitionMode:196979579]: WHODAMAGEDWHOWITHGUNS:PLAID AIF-42C5B LRP:433.0:Dark Bramble K_3:2044.2:Dark Bramble K
[BDArmory.BDACompetitionMode:196979579]: WHODAMAGEDWHOWITHGUNS:PLAID AIF-42C5B LRP_1:5357.4:Dark Bramble K_2:46.0:Dark Bramble K
[BDArmory.BDACompetitionMode:196979579]: WHODAMAGEDWHOWITHGUNS:PLAID AIF-42C5B LRP_3:1816.1:Dark Bramble K:2496.7:Dark Bramble K_1
[BDArmory.BDACompetitionMode:196979579]: WHODAMAGEDWHOWITHGUNS:Dark Bramble K_3:5920.3:PLAID AIF-42C5B LRP_1:1427.5:PLAID AIF-42C5B LRP
[BDArmory.BDACompetitionMode:196979579]: WHOHITWHOWITHMISSILES:PLAID AIF-42C5B LRP:1:Dark Bramble K
[BDArmory.BDACompetitionMode:196979579]: WHOHITWHOWITHMISSILES:PLAID AIF-42C5B LRP_1:1:Dark Bramble K_2:1:Dark Bramble K_1
[BDArmory.BDACompetitionMode:196979579]: WHOHITWHOWITHMISSILES:PLAID AIF-42C5B LRP_2:1:Dark Bramble K_1
[BDArmory.BDACompetitionMode:196979579]: WHOHITWHOWITHMISSILES:PLAID AIF-42C5B LRP_3:1:Dark Bramble K:1:Dark Bramble K_2
[BDArmory.BDACompetitionMode:196979579]: WHOHITWHOWITHMISSILES:Dark Bramble K:1:PLAID AIF-42C5B LRP_2
[BDArmory.BDACompetitionMode:196979579]: WHOHITWHOWITHMISSILES:Dark Bramble K_1:1:PLAID AIF-42C5B LRP_3
[BDArmory.BDACompetitionMode:196979579]: WHOHITWHOWITHMISSILES:Dark Bramble K_3:1:PLAID AIF-42C5B LRP_1
[BDArmory.BDACompetitionMode:196979579]: WHOPARTSHITWHOWITHMISSILES:PLAID AIF-42C5B LRP:68:Dark Bramble K
[BDArmory.BDACompetitionMode:196979579]: WHOPARTSHITWHOWITHMISSILES:PLAID AIF-42C5B LRP_1:73:Dark Bramble K_2:11:Dark Bramble K_1
[BDArmory.BDACompetitionMode:196979579]: WHOPARTSHITWHOWITHMISSILES:PLAID AIF-42C5B LRP_2:68:Dark Bramble K_1
[BDArmory.BDACompetitionMode:196979579]: WHOPARTSHITWHOWITHMISSILES:PLAID AIF-42C5B LRP_3:64:Dark Bramble K:34:Dark Bramble K_2
[BDArmory.BDACompetitionMode:196979579]: WHOPARTSHITWHOWITHMISSILES:Dark Bramble K:53:PLAID AIF-42C5B LRP_2
[BDArmory.BDACompetitionMode:196979579]: WHOPARTSHITWHOWITHMISSILES:Dark Bramble K_1:46:PLAID AIF-42C5B LRP_3
[BDArmory.BDACompetitionMode:196979579]: WHOPARTSHITWHOWITHMISSILES:Dark Bramble K_3:45:PLAID AIF-42C5B LRP_1
[BDArmory.BDACompetitionMode:196979579]: WHODAMAGEDWHOWITHMISSILES:PLAID AIF-42C5B LRP:7898.4:Dark Bramble K
[BDArmory.BDACompetitionMode:196979579]: WHODAMAGEDWHOWITHMISSILES:PLAID AIF-42C5B LRP_1:8469.5:Dark Bramble K_2:4006.3:Dark Bramble K_1
[BDArmory.BDACompetitionMode:196979579]: WHODAMAGEDWHOWITHMISSILES:PLAID AIF-42C5B LRP_2:85887.3:Dark Bramble K_1
[BDArmory.BDACompetitionMode:196979579]: WHODAMAGEDWHOWITHMISSILES:PLAID AIF-42C5B LRP_3:3811.1:Dark Bramble K:27908.8:Dark Bramble K_2
[BDArmory.BDACompetitionMode:196979579]: WHODAMAGEDWHOWITHMISSILES:Dark Bramble K_1:4755.7:PLAID AIF-42C5B LRP_3
[BDArmory.BDACompetitionMode:196979579]: WHODAMAGEDWHOWITHMISSILES:Dark Bramble K_3:11273.9:PLAID AIF-42C5B LRP_1
[BDArmory.BDACompetitionMode:196979579]: WHODAMAGEDWHOWITHBATTLEDAMAGE:PLAID AIF-42C5B LRP:54948.4:Dark Bramble K
[BDArmory.BDACompetitionMode:196979579]: WHODAMAGEDWHOWITHBATTLEDAMAGE:PLAID AIF-42C5B LRP_1:361.3:Dark Bramble K_2:7905.6:PLAID AIF-42C5B LRP_1
[BDArmory.BDACompetitionMode:196979579]: WHODAMAGEDWHOWITHBATTLEDAMAGE:PLAID AIF-42C5B LRP_2:26118.3:Dark Bramble K_1
[BDArmory.BDACompetitionMode:196979579]: WHODAMAGEDWHOWITHBATTLEDAMAGE:PLAID AIF-42C5B LRP_3:95.2:Dark Bramble K_1:61.7:Dark Bramble K:11863.9:PLAID AIF-42C5B LRP_3
[BDArmory.BDACompetitionMode:196979579]: WHODAMAGEDWHOWITHBATTLEDAMAGE:Dark Bramble K:4.5:Dark Bramble K:8.3:PLAID AIF-42C5B LRP_3
[BDArmory.BDACompetitionMode:196979579]: WHODAMAGEDWHOWITHBATTLEDAMAGE:Dark Bramble K_1:29.0:PLAID AIF-42C5B LRP_3
[BDArmory.BDACompetitionMode:196979579]: WHODAMAGEDWHOWITHBATTLEDAMAGE:Dark Bramble K_3:114.5:PLAID AIF-42C5B LRP:2.6:PLAID AIF-42C5B LRP_1
[BDArmory.BDACompetitionMode:196979579]: HEADSHOTGUNS:PLAID AIF-42C5B LRP:Dark Bramble K
[BDArmory.BDACompetitionMode:196979579]: KILLSTEALGUNS:PLAID AIF-42C5B LRP_1:Dark Bramble K_2
[BDArmory.BDACompetitionMode:196979579]: CLEANKILLMISSILES:PLAID AIF-42C5B LRP_2:Dark Bramble K_1
[BDArmory.BDACompetitionMode:196979579]: KILLSTEALMISSILES:PLAID AIF-42C5B LRP_3:Dark Bramble K_2
[BDArmory.BDACompetitionMode:196979579]: HPLEFT:PLAID AIF-42C5B LRP:0
[BDArmory.BDACompetitionMode:196979579]: HPLEFT:PLAID AIF-42C5B LRP_1:0
[BDArmory.BDACompetitionMode:196979579]: HPLEFT:PLAID AIF-42C5B LRP_2:0
[BDArmory.BDACompetitionMode:196979579]: HPLEFT:PLAID AIF-42C5B LRP_3:0
[BDArmory.BDACompetitionMode:196979579]: HPLEFT:Dark Bramble K:100
[BDArmory.BDACompetitionMode:196979579]: HPLEFT:Dark Bramble K_1:85.2459016393443
[BDArmory.BDACompetitionMode:196979579]: HPLEFT:Dark Bramble K_2:100
[BDArmory.BDACompetitionMode:196979579]: HPLEFT:Dark Bramble K_3:11.4754098360656
[BDArmory.BDACompetitionMode:196979579]: ACCURACY:PLAID AIF-42C5B LRP:6/76:0/0
[BDArmory.BDACompetitionMode:196979579]: ACCURACY:PLAID AIF-42C5B LRP_1:17/63:0/0
[BDArmory.BDACompetitionMode:196979579]: ACCURACY:PLAID AIF-42C5B LRP_2:0/0:0/0
[BDArmory.BDACompetitionMode:196979579]: ACCURACY:PLAID AIF-42C5B LRP_3:0/1:0/0
[BDArmory.BDACompetitionMode:196979579]: ACCURACY:Dark Bramble K:22/129:0/0
[BDArmory.BDACompetitionMode:196979579]: ACCURACY:Dark Bramble K_1:14/64:0/0
[BDArmory.BDACompetitionMode:196979579]: ACCURACY:Dark Bramble K_2:36/169:0/0
[BDArmory.BDACompetitionMode:196979579]: ACCURACY:Dark Bramble K_3:1/30:0/0
