[BDArmory.BDACompetitionMode:196579549]: Dumping Results after 111s (of 0s) at 2026-03-25 05:28:23 -04:00
[BDArmory.BDACompetitionMode:196579549]: RESULT:Win:{"team": "LF-03 Avaria Mk11", "members": ["LF-03 Avaria Mk11", "LF-03 Avaria Mk11_1", "LF-03 Avaria Mk11_2"]}
[BDArmory.BDACompetitionMode:196579549]: DEADTEAMS:[{"team": "PLAID AIF-42C4 LRP", "members": ["PLAID AIF-42C4 LRP", "PLAID AIF-42C4 LRP_1", "PLAID AIF-42C4 LRP_2"]}]
[BDArmory.BDACompetitionMode:196579549]: ALIVE:LF-03 Avaria Mk11
[BDArmory.BDACompetitionMode:196579549]: ALIVE:LF-03 Avaria Mk11_1
[BDArmory.BDACompetitionMode:196579549]: DEAD:1:95.0:PLAID AIF-42C4 LRP
[BDArmory.BDACompetitionMode:196579549]: DEAD:0:67.0:PLAID AIF-42C4 LRP_1
[BDArmory.BDACompetitionMode:196579549]: DEAD:3:100.0:PLAID AIF-42C4 LRP_2
[BDArmory.BDACompetitionMode:196579549]: DEAD:2:96.0:LF-03 Avaria Mk11_2
[BDArmory.BDACompetitionMode:196579549]: WHOSHOTWHOWITHGUNS:PLAID AIF-42C4 LRP:7:LF-03 Avaria Mk11_1:2:LF-03 Avaria Mk11_2:27:LF-03 Avaria Mk11
[BDArmory.BDACompetitionMode:196579549]: WHOSHOTWHOWITHGUNS:PLAID AIF-42C4 LRP_1:9:LF-03 Avaria Mk11
[BDArmory.BDACompetitionMode:196579549]: WHOSHOTWHOWITHGUNS:PLAID AIF-42C4 LRP_2:4:LF-03 Avaria Mk11_2:1:LF-03 Avaria Mk11
[BDArmory.BDACompetitionMode:196579549]: WHOSHOTWHOWITHGUNS:LF-03 Avaria Mk11_1:6:PLAID AIF-42C4 LRP_2
[BDArmory.BDACompetitionMode:196579549]: WHOSHOTWHOWITHGUNS:LF-03 Avaria Mk11_2:29:PLAID AIF-42C4 LRP
[BDArmory.BDACompetitionMode:196579549]: WHODAMAGEDWHOWITHGUNS:PLAID AIF-42C4 LRP:1167.6:LF-03 Avaria Mk11_1:395.2:LF-03 Avaria Mk11_2:3892.3:LF-03 Avaria Mk11
[BDArmory.BDACompetitionMode:196579549]: WHODAMAGEDWHOWITHGUNS:PLAID AIF-42C4 LRP_1:2816.1:LF-03 Avaria Mk11
[BDArmory.BDACompetitionMode:196579549]: WHODAMAGEDWHOWITHGUNS:PLAID AIF-42C4 LRP_2:479.7:LF-03 Avaria Mk11_2:134.2:LF-03 Avaria Mk11
[BDArmory.BDACompetitionMode:196579549]: WHODAMAGEDWHOWITHGUNS:LF-03 Avaria Mk11_1:1421.4:PLAID AIF-42C4 LRP_2
[BDArmory.BDACompetitionMode:196579549]: WHODAMAGEDWHOWITHGUNS:LF-03 Avaria Mk11_2:7901.4:PLAID AIF-42C4 LRP
[BDArmory.BDACompetitionMode:196579549]: WHOHITWHOWITHMISSILES:PLAID AIF-42C4 LRP_1:2:LF-03 Avaria Mk11_1
[BDArmory.BDACompetitionMode:196579549]: WHOHITWHOWITHMISSILES:PLAID AIF-42C4 LRP_2:1:LF-03 Avaria Mk11
[BDArmory.BDACompetitionMode:196579549]: WHOPARTSHITWHOWITHMISSILES:PLAID AIF-42C4 LRP_1:61:LF-03 Avaria Mk11_1
[BDArmory.BDACompetitionMode:196579549]: WHOPARTSHITWHOWITHMISSILES:PLAID AIF-42C4 LRP_2:79:LF-03 Avaria Mk11
[BDArmory.BDACompetitionMode:196579549]: WHODAMAGEDWHOWITHMISSILES:PLAID AIF-42C4 LRP_1:9086.3:LF-03 Avaria Mk11_1
[BDArmory.BDACompetitionMode:196579549]: WHODAMAGEDWHOWITHMISSILES:PLAID AIF-42C4 LRP_2:7272.2:LF-03 Avaria Mk11
[BDArmory.BDACompetitionMode:196579549]: WHODAMAGEDWHOWITHBATTLEDAMAGE:PLAID AIF-42C4 LRP:139.2:LF-03 Avaria Mk11_1:34.3:LF-03 Avaria Mk11_2:11810.3:LF-03 Avaria Mk11:10500.7:PLAID AIF-42C4 LRP
[BDArmory.BDACompetitionMode:196579549]: WHODAMAGEDWHOWITHBATTLEDAMAGE:PLAID AIF-42C4 LRP_1:223.6:LF-03 Avaria Mk11:15357.9:PLAID AIF-42C4 LRP_1
[BDArmory.BDACompetitionMode:196579549]: WHODAMAGEDWHOWITHBATTLEDAMAGE:PLAID AIF-42C4 LRP_2:35.0:LF-03 Avaria Mk11_2:11641.7:LF-03 Avaria Mk11
[BDArmory.BDACompetitionMode:196579549]: WHODAMAGEDWHOWITHBATTLEDAMAGE:LF-03 Avaria Mk11:2496.5:LF-03 Avaria Mk11
[BDArmory.BDACompetitionMode:196579549]: WHODAMAGEDWHOWITHBATTLEDAMAGE:LF-03 Avaria Mk11_1:50.1:PLAID AIF-42C4 LRP_2:4.4:LF-03 Avaria Mk11
[BDArmory.BDACompetitionMode:196579549]: WHODAMAGEDWHOWITHBATTLEDAMAGE:LF-03 Avaria Mk11_2:244.5:PLAID AIF-42C4 LRP
[BDArmory.BDACompetitionMode:196579549]: HEADSHOTGUNS:PLAID AIF-42C4 LRP:LF-03 Avaria Mk11
[BDArmory.BDACompetitionMode:196579549]: KILLSTEALMISSILES:PLAID AIF-42C4 LRP_1:LF-03 Avaria Mk11_1
[BDArmory.BDACompetitionMode:196579549]: HEADSHOTGUNS:PLAID AIF-42C4 LRP_2:LF-03 Avaria Mk11
[BDArmory.BDACompetitionMode:196579549]: HPLEFT:PLAID AIF-42C4 LRP:0
[BDArmory.BDACompetitionMode:196579549]: HPLEFT:PLAID AIF-42C4 LRP_1:0
[BDArmory.BDACompetitionMode:196579549]: HPLEFT:PLAID AIF-42C4 LRP_2:0
[BDArmory.BDACompetitionMode:196579549]: HPLEFT:LF-03 Avaria Mk11:86
[BDArmory.BDACompetitionMode:196579549]: HPLEFT:LF-03 Avaria Mk11_1:100
[BDArmory.BDACompetitionMode:196579549]: HPLEFT:LF-03 Avaria Mk11_2:0
[BDArmory.BDACompetitionMode:196579549]: ACCURACY:PLAID AIF-42C4 LRP:29/221:0/0
[BDArmory.BDACompetitionMode:196579549]: ACCURACY:PLAID AIF-42C4 LRP_1:0/0:0/0
[BDArmory.BDACompetitionMode:196579549]: ACCURACY:PLAID AIF-42C4 LRP_2:6/81:0/0
[BDArmory.BDACompetitionMode:196579549]: ACCURACY:LF-03 Avaria Mk11:37/189:0/0
[BDArmory.BDACompetitionMode:196579549]: ACCURACY:LF-03 Avaria Mk11_1:7/82:0/0
[BDArmory.BDACompetitionMode:196579549]: ACCURACY:LF-03 Avaria Mk11_2:6/81:0/0
