[BDArmory.BDACompetitionMode:197196801]: Dumping Results after 115s (of 0s) at 2026-04-01 08:58:28 -04:00
[BDArmory.BDACompetitionMode:197196801]: RESULT:Win:{"team": "PLAID AIF-42C5B LRP", "members": ["PLAID AIF-42C5B LRP", "PLAID AIF-42C5B LRP_1", "PLAID AIF-42C5B LRP_2"]}
[BDArmory.BDACompetitionMode:197196801]: DEADTEAMS:[{"team": "PLAID AIF-42C5D LRP", "members": ["PLAID AIF-42C5D LRP", "PLAID AIF-42C5D LRP_1", "PLAID AIF-42C5D LRP_2"]}]
[BDArmory.BDACompetitionMode:197196801]: ALIVE:PLAID AIF-42C5B LRP_1
[BDArmory.BDACompetitionMode:197196801]: MIA:PLAID AIF-42C5B LRP
[BDArmory.BDACompetitionMode:197196801]: DEAD:2:90.9:PLAID AIF-42C5B LRP_2
[BDArmory.BDACompetitionMode:197196801]: DEAD:3:104.0:PLAID AIF-42C5D LRP
[BDArmory.BDACompetitionMode:197196801]: DEAD:0:80.0:PLAID AIF-42C5D LRP_1
[BDArmory.BDACompetitionMode:197196801]: DEAD:1:82.8:PLAID AIF-42C5D LRP_2
[BDArmory.BDACompetitionMode:197196801]: WHOSHOTWHOWITHGUNS:PLAID AIF-42C5B LRP:19:PLAID AIF-42C5D LRP
[BDArmory.BDACompetitionMode:197196801]: WHOSHOTWHOWITHGUNS:PLAID AIF-42C5B LRP_2:2:PLAID AIF-42C5D LRP
[BDArmory.BDACompetitionMode:197196801]: WHOSHOTWHOWITHGUNS:PLAID AIF-42C5D LRP:28:PLAID AIF-42C5B LRP_1
[BDArmory.BDACompetitionMode:197196801]: WHOSHOTWHOWITHGUNS:PLAID AIF-42C5D LRP_1:3:PLAID AIF-42C5B LRP_1
[BDArmory.BDACompetitionMode:197196801]: WHODAMAGEDWHOWITHGUNS:PLAID AIF-42C5B LRP:6221.0:PLAID AIF-42C5D LRP
[BDArmory.BDACompetitionMode:197196801]: WHODAMAGEDWHOWITHGUNS:PLAID AIF-42C5B LRP_2:513.7:PLAID AIF-42C5D LRP
[BDArmory.BDACompetitionMode:197196801]: WHODAMAGEDWHOWITHGUNS:PLAID AIF-42C5D LRP:4969.4:PLAID AIF-42C5B LRP_1
[BDArmory.BDACompetitionMode:197196801]: WHODAMAGEDWHOWITHGUNS:PLAID AIF-42C5D LRP_1:1924.8:PLAID AIF-42C5B LRP_1
[BDArmory.BDACompetitionMode:197196801]: WHOHITWHOWITHMISSILES:PLAID AIF-42C5B LRP:1:PLAID AIF-42C5D LRP_1
[BDArmory.BDACompetitionMode:197196801]: WHOHITWHOWITHMISSILES:PLAID AIF-42C5B LRP_2:1:PLAID AIF-42C5D LRP
[BDArmory.BDACompetitionMode:197196801]: WHOHITWHOWITHMISSILES:PLAID AIF-42C5D LRP:1:PLAID AIF-42C5B LRP_2:1:PLAID AIF-42C5B LRP:1:PLAID AIF-42C5B LRP_1
[BDArmory.BDACompetitionMode:197196801]: WHOHITWHOWITHMISSILES:PLAID AIF-42C5D LRP_2:1:PLAID AIF-42C5B LRP_2:1:PLAID AIF-42C5B LRP
[BDArmory.BDACompetitionMode:197196801]: WHOPARTSHITWHOWITHMISSILES:PLAID AIF-42C5B LRP:71:PLAID AIF-42C5D LRP_1
[BDArmory.BDACompetitionMode:197196801]: WHOPARTSHITWHOWITHMISSILES:PLAID AIF-42C5B LRP_2:77:PLAID AIF-42C5D LRP
[BDArmory.BDACompetitionMode:197196801]: WHOPARTSHITWHOWITHMISSILES:PLAID AIF-42C5D LRP:67:PLAID AIF-42C5B LRP_2:47:PLAID AIF-42C5B LRP:36:PLAID AIF-42C5B LRP_1
[BDArmory.BDACompetitionMode:197196801]: WHOPARTSHITWHOWITHMISSILES:PLAID AIF-42C5D LRP_2:60:PLAID AIF-42C5B LRP_2:71:PLAID AIF-42C5B LRP
[BDArmory.BDACompetitionMode:197196801]: WHODAMAGEDWHOWITHMISSILES:PLAID AIF-42C5B LRP:1722.9:PLAID AIF-42C5D LRP_1
[BDArmory.BDACompetitionMode:197196801]: WHODAMAGEDWHOWITHMISSILES:PLAID AIF-42C5B LRP_2:3145.0:PLAID AIF-42C5D LRP
[BDArmory.BDACompetitionMode:197196801]: WHODAMAGEDWHOWITHMISSILES:PLAID AIF-42C5D LRP:24613.5:PLAID AIF-42C5B LRP_2:4383.1:PLAID AIF-42C5B LRP
[BDArmory.BDACompetitionMode:197196801]: WHODAMAGEDWHOWITHMISSILES:PLAID AIF-42C5D LRP_2:40364.9:PLAID AIF-42C5B LRP
[BDArmory.BDACompetitionMode:197196801]: WHODAMAGEDWHOWITHBATTLEDAMAGE:PLAID AIF-42C5B LRP:320.8:PLAID AIF-42C5D LRP
[BDArmory.BDACompetitionMode:197196801]: WHODAMAGEDWHOWITHBATTLEDAMAGE:PLAID AIF-42C5B LRP_1:0.8:PLAID AIF-42C5B LRP_1
[BDArmory.BDACompetitionMode:197196801]: WHODAMAGEDWHOWITHBATTLEDAMAGE:PLAID AIF-42C5B LRP_2:91.5:PLAID AIF-42C5D LRP:9820.4:PLAID AIF-42C5B LRP_2
[BDArmory.BDACompetitionMode:197196801]: WHODAMAGEDWHOWITHBATTLEDAMAGE:PLAID AIF-42C5D LRP:17650.2:PLAID AIF-42C5B LRP_1:8154.7:PLAID AIF-42C5D LRP
[BDArmory.BDACompetitionMode:197196801]: WHODAMAGEDWHOWITHBATTLEDAMAGE:PLAID AIF-42C5D LRP_1:0.7:PLAID AIF-42C5B LRP_1:8926.9:PLAID AIF-42C5D LRP_1
[BDArmory.BDACompetitionMode:197196801]: GMKILL:PLAID AIF-42C5B LRP_2:GM
[BDArmory.BDACompetitionMode:197196801]: GMKILL:PLAID AIF-42C5D LRP_2:GM
[BDArmory.BDACompetitionMode:197196801]: HEADSHOTGUNS:PLAID AIF-42C5D LRP:PLAID AIF-42C5B LRP_1
[BDArmory.BDACompetitionMode:197196801]: CLEANKILLGUNS:PLAID AIF-42C5D LRP_1:PLAID AIF-42C5B LRP_1
[BDArmory.BDACompetitionMode:197196801]: HPLEFT:PLAID AIF-42C5B LRP:27.5
[BDArmory.BDACompetitionMode:197196801]: HPLEFT:PLAID AIF-42C5B LRP_1:100
[BDArmory.BDACompetitionMode:197196801]: HPLEFT:PLAID AIF-42C5B LRP_2:0
[BDArmory.BDACompetitionMode:197196801]: HPLEFT:PLAID AIF-42C5D LRP:0
[BDArmory.BDACompetitionMode:197196801]: HPLEFT:PLAID AIF-42C5D LRP_1:0
[BDArmory.BDACompetitionMode:197196801]: HPLEFT:PLAID AIF-42C5D LRP_2:0
[BDArmory.BDACompetitionMode:197196801]: ACCURACY:PLAID AIF-42C5B LRP:0/72:0/0
[BDArmory.BDACompetitionMode:197196801]: ACCURACY:PLAID AIF-42C5B LRP_1:31/140:0/0
[BDArmory.BDACompetitionMode:197196801]: ACCURACY:PLAID AIF-42C5B LRP_2:0/0:0/0
[BDArmory.BDACompetitionMode:197196801]: ACCURACY:PLAID AIF-42C5D LRP:21/141:0/0
[BDArmory.BDACompetitionMode:197196801]: ACCURACY:PLAID AIF-42C5D LRP_1:0/0:0/0
[BDArmory.BDACompetitionMode:197196801]: ACCURACY:PLAID AIF-42C5D LRP_2:0/0:0/0
