[BDArmory.BDACompetitionMode:200976002]: Dumping Results after 120s (of 0s) at 2026-05-15 02:43:08 -04:00
[BDArmory.BDACompetitionMode:200976002]: RESULT:Win:{"team": "AIF-38C", "members": ["AIF-38C", "AIF-38C_1"]}
[BDArmory.BDACompetitionMode:200976002]: DEADTEAMS:[{"team": "AIF-38B", "members": ["AIF-38B", "AIF-38B_1"]}]
[BDArmory.BDACompetitionMode:200976002]: ALIVE:AIF-38C_1
[BDArmory.BDACompetitionMode:200976002]: DEAD:1:82.0:AIF-38B
[BDArmory.BDACompetitionMode:200976002]: DEAD:2:110.0:AIF-38B_1
[BDArmory.BDACompetitionMode:200976002]: DEAD:0:81.0:AIF-38C
[BDArmory.BDACompetitionMode:200976002]: WHOSHOTWHOWITHGUNS:AIF-38B_1:8:AIF-38C_1
[BDArmory.BDACompetitionMode:200976002]: WHODAMAGEDWHOWITHGUNS:AIF-38B_1:1641.0:AIF-38C_1
[BDArmory.BDACompetitionMode:200976002]: WHOHITWHOWITHMISSILES:AIF-38B:1:AIF-38C:1:AIF-38C_1
[BDArmory.BDACompetitionMode:200976002]: WHOHITWHOWITHMISSILES:AIF-38B_1:4:AIF-38C_1:2:AIF-38C
[BDArmory.BDACompetitionMode:200976002]: WHOHITWHOWITHMISSILES:AIF-38C:1:AIF-38B:1:AIF-38B_1
[BDArmory.BDACompetitionMode:200976002]: WHOHITWHOWITHMISSILES:AIF-38C_1:1:AIF-38B
[BDArmory.BDACompetitionMode:200976002]: WHOPARTSHITWHOWITHMISSILES:AIF-38B:83:AIF-38C:16:AIF-38C_1
[BDArmory.BDACompetitionMode:200976002]: WHOPARTSHITWHOWITHMISSILES:AIF-38B_1:239:AIF-38C_1:184:AIF-38C
[BDArmory.BDACompetitionMode:200976002]: WHOPARTSHITWHOWITHMISSILES:AIF-38C:98:AIF-38B:92:AIF-38B_1
[BDArmory.BDACompetitionMode:200976002]: WHOPARTSHITWHOWITHMISSILES:AIF-38C_1:98:AIF-38B
[BDArmory.BDACompetitionMode:200976002]: WHODAMAGEDWHOWITHMISSILES:AIF-38B:114498.8:AIF-38C:15195.4:AIF-38C_1
[BDArmory.BDACompetitionMode:200976002]: WHODAMAGEDWHOWITHMISSILES:AIF-38B_1:20657.0:AIF-38C_1
[BDArmory.BDACompetitionMode:200976002]: WHODAMAGEDWHOWITHMISSILES:AIF-38C:3163.6:AIF-38B:20281.7:AIF-38B_1
[BDArmory.BDACompetitionMode:200976002]: WHODAMAGEDWHOWITHBATTLEDAMAGE:AIF-38B_1:12104.8:AIF-38C_1
[BDArmory.BDACompetitionMode:200976002]: WHODAMAGEDWHOWITHBATTLEDAMAGE:AIF-38C:29176.5:AIF-38B_1
[BDArmory.BDACompetitionMode:200976002]: KILLSTEALMISSILES:AIF-38B:AIF-38C_1
[BDArmory.BDACompetitionMode:200976002]: HEADSHOTGUNS:AIF-38B_1:AIF-38C_1
[BDArmory.BDACompetitionMode:200976002]: KILLSTEALMISSILES:AIF-38C:AIF-38B_1
[BDArmory.BDACompetitionMode:200976002]: HPLEFT:AIF-38B:0
[BDArmory.BDACompetitionMode:200976002]: HPLEFT:AIF-38B_1:0
[BDArmory.BDACompetitionMode:200976002]: HPLEFT:AIF-38C:0
[BDArmory.BDACompetitionMode:200976002]: HPLEFT:AIF-38C_1:100
[BDArmory.BDACompetitionMode:200976002]: ACCURACY:AIF-38B:0/0:0/0
[BDArmory.BDACompetitionMode:200976002]: ACCURACY:AIF-38B_1:0/0:0/0
[BDArmory.BDACompetitionMode:200976002]: ACCURACY:AIF-38C:0/0:0/0
[BDArmory.BDACompetitionMode:200976002]: ACCURACY:AIF-38C_1:8/30:0/0
