[BDArmory.BDACompetitionMode:199420449]: Dumping Results after 96s (of 0s) at 2026-04-27 02:37:42 -04:00
[BDArmory.BDACompetitionMode:199420449]: RESULT:Win:{"team": "AIF-38", "members": ["AIF-38", "AIF-38_1", "AIF-38_2"]}
[BDArmory.BDACompetitionMode:199420449]: DEADTEAMS:[{"team": "AL-34 Cooker V_VVVVdev", "members": ["AL-34 Cooker V/VVVVdev", "AL-34 Cooker V/VVVVdev_1", "AL-34 Cooker V/VVVVdev_2"]}]
[BDArmory.BDACompetitionMode:199420449]: ALIVE:AIF-38
[BDArmory.BDACompetitionMode:199420449]: ALIVE:AIF-38_1
[BDArmory.BDACompetitionMode:199420449]: ALIVE:AIF-38_2
[BDArmory.BDACompetitionMode:199420449]: DEAD:2:86.0:AL-34 Cooker V/VVVVdev
[BDArmory.BDACompetitionMode:199420449]: DEAD:1:74.0:AL-34 Cooker V/VVVVdev_1
[BDArmory.BDACompetitionMode:199420449]: DEAD:0:47.0:AL-34 Cooker V/VVVVdev_2
[BDArmory.BDACompetitionMode:199420449]: WHOSHOTWHOWITHGUNS:AL-34 Cooker V/VVVVdev:23:AIF-38_2
[BDArmory.BDACompetitionMode:199420449]: WHOSHOTWHOWITHGUNS:AL-34 Cooker V/VVVVdev_1:14:AIF-38:2:AIF-38_1
[BDArmory.BDACompetitionMode:199420449]: WHODAMAGEDWHOWITHGUNS:AL-34 Cooker V/VVVVdev:6633.0:AIF-38_2
[BDArmory.BDACompetitionMode:199420449]: WHODAMAGEDWHOWITHGUNS:AL-34 Cooker V/VVVVdev_1:5219.5:AIF-38:1093.2:AIF-38_1
[BDArmory.BDACompetitionMode:199420449]: WHOHITWHOWITHMISSILES:AL-34 Cooker V/VVVVdev:3:AIF-38_2:3:AIF-38_1:2:AIF-38
[BDArmory.BDACompetitionMode:199420449]: WHOHITWHOWITHMISSILES:AL-34 Cooker V/VVVVdev_2:1:AIF-38
[BDArmory.BDACompetitionMode:199420449]: WHOHITWHOWITHMISSILES:AIF-38_1:1:AL-34 Cooker V/VVVVdev
[BDArmory.BDACompetitionMode:199420449]: WHOPARTSHITWHOWITHMISSILES:AL-34 Cooker V/VVVVdev:256:AIF-38_2:198:AIF-38_1:89:AIF-38
[BDArmory.BDACompetitionMode:199420449]: WHOPARTSHITWHOWITHMISSILES:AL-34 Cooker V/VVVVdev_2:114:AIF-38
[BDArmory.BDACompetitionMode:199420449]: WHOPARTSHITWHOWITHMISSILES:AIF-38_1:95:AL-34 Cooker V/VVVVdev
[BDArmory.BDACompetitionMode:199420449]: WHODAMAGEDWHOWITHMISSILES:AL-34 Cooker V/VVVVdev:43169.2:AIF-38_2:7680.3:AIF-38_1:4068.9:AIF-38
[BDArmory.BDACompetitionMode:199420449]: WHODAMAGEDWHOWITHMISSILES:AL-34 Cooker V/VVVVdev_2:6804.6:AIF-38
[BDArmory.BDACompetitionMode:199420449]: WHODAMAGEDWHOWITHBATTLEDAMAGE:AL-34 Cooker V/VVVVdev:32535.7:AIF-38_2
[BDArmory.BDACompetitionMode:199420449]: WHODAMAGEDWHOWITHBATTLEDAMAGE:AL-34 Cooker V/VVVVdev_1:390.2:AIF-38:35782.0:AL-34 Cooker V/VVVVdev_1:0.7:AIF-38_1
[BDArmory.BDACompetitionMode:199420449]: KILLSTEALMISSILES:AL-34 Cooker V/VVVVdev:AIF-38_1
[BDArmory.BDACompetitionMode:199420449]: KILLSTEALGUNS:AL-34 Cooker V/VVVVdev_1:AIF-38_1
[BDArmory.BDACompetitionMode:199420449]: CLEANKILLMISSILES:AL-34 Cooker V/VVVVdev_2:AIF-38
[BDArmory.BDACompetitionMode:199420449]: HPLEFT:AL-34 Cooker V/VVVVdev:0
[BDArmory.BDACompetitionMode:199420449]: HPLEFT:AL-34 Cooker V/VVVVdev_1:0
[BDArmory.BDACompetitionMode:199420449]: HPLEFT:AL-34 Cooker V/VVVVdev_2:0
[BDArmory.BDACompetitionMode:199420449]: HPLEFT:AIF-38:100
[BDArmory.BDACompetitionMode:199420449]: HPLEFT:AIF-38_1:100
[BDArmory.BDACompetitionMode:199420449]: HPLEFT:AIF-38_2:100
[BDArmory.BDACompetitionMode:199420449]: ACCURACY:AL-34 Cooker V/VVVVdev:0/0:0/0
[BDArmory.BDACompetitionMode:199420449]: ACCURACY:AL-34 Cooker V/VVVVdev_1:0/11:0/0
[BDArmory.BDACompetitionMode:199420449]: ACCURACY:AL-34 Cooker V/VVVVdev_2:0/0:0/0
[BDArmory.BDACompetitionMode:199420449]: ACCURACY:AIF-38:14/76:0/0
[BDArmory.BDACompetitionMode:199420449]: ACCURACY:AIF-38_1:2/8:0/0
[BDArmory.BDACompetitionMode:199420449]: ACCURACY:AIF-38_2:23/118:0/0
