[BDArmory.BDACompetitionMode:208996872]: Dumping Results after -7s (of 0s) at 2026-08-15 22:42:43 -04:00
[BDArmory.BDACompetitionMode:208996872]: RESULT:Draw:[{"team": "AIF-38D5", "members": ["AIF-38D5", "AIF-38D5_1"]}, {"team": "PLAID AIF-42D", "members": ["PLAID AIF-42D", "PLAID AIF-42D_1"]}]
[BDArmory.BDACompetitionMode:208996872]: DEADTEAMS:[]
[BDArmory.BDACompetitionMode:208996872]: ALIVE:AIF-38D5
[BDArmory.BDACompetitionMode:208996872]: ALIVE:PLAID AIF-42D
[BDArmory.BDACompetitionMode:208996872]: ALIVE:PLAID AIF-42D_1
[BDArmory.BDACompetitionMode:208996872]: MIA:AIF-38D5_1
[BDArmory.BDACompetitionMode:208996872]: WHOHITWHOWITHMISSILES:AIF-38D5:2:PLAID AIF-42D
[BDArmory.BDACompetitionMode:208996872]: WHOHITWHOWITHMISSILES:AIF-38D5_1:1:PLAID AIF-42D_1
[BDArmory.BDACompetitionMode:208996872]: WHOPARTSHITWHOWITHMISSILES:AIF-38D5:144:PLAID AIF-42D
[BDArmory.BDACompetitionMode:208996872]: WHOPARTSHITWHOWITHMISSILES:AIF-38D5_1:83:PLAID AIF-42D_1
[BDArmory.BDACompetitionMode:208996872]: WHODAMAGEDWHOWITHMISSILES:AIF-38D5:53942.7:PLAID AIF-42D
[BDArmory.BDACompetitionMode:208996872]: WHODAMAGEDWHOWITHMISSILES:AIF-38D5_1:36041.1:PLAID AIF-42D_1
[BDArmory.BDACompetitionMode:208996872]: WHODAMAGEDWHOWITHBATTLEDAMAGE:AIF-38D5_1:16033.6:PLAID AIF-42D_1
[BDArmory.BDACompetitionMode:208996872]: HPLEFT:AIF-38D5:77.0114942528736
[BDArmory.BDACompetitionMode:208996872]: HPLEFT:AIF-38D5_1:67.816091954023
[BDArmory.BDACompetitionMode:208996872]: HPLEFT:PLAID AIF-42D:100
[BDArmory.BDACompetitionMode:208996872]: HPLEFT:PLAID AIF-42D_1:100
[BDArmory.BDACompetitionMode:208996872]: ACCURACY:AIF-38D5:0/0:0/0
[BDArmory.BDACompetitionMode:208996872]: ACCURACY:AIF-38D5_1:0/0:0/0
[BDArmory.BDACompetitionMode:208996872]: ACCURACY:PLAID AIF-42D:0/0:0/0
[BDArmory.BDACompetitionMode:208996872]: ACCURACY:PLAID AIF-42D_1:0/0:0/0
