[BDArmory.BDACompetitionMode:198903806]: Dumping Results after -15s (of 0s) at 2026-04-21 03:05:42 -04:00
[BDArmory.BDACompetitionMode:198903806]: RESULT:Mutual Annihilation
[BDArmory.BDACompetitionMode:198903806]: DEADTEAMS:[{"team": "F-52F-20 Kargadan KWS PLAID", "members": ["F-52F-20 Kargadan KWS PLAID", "F-52F-20 Kargadan KWS PLAID_1"]}, {"team": "PLAID AIF-42C5D2", "members": ["PLAID AIF-42C5D2", "PLAID AIF-42C5D2_1"]}]
[BDArmory.BDACompetitionMode:198903806]: DEAD:1:77.0:F-52F-20 Kargadan KWS PLAID
[BDArmory.BDACompetitionMode:198903806]: DEAD:2:101.0:F-52F-20 Kargadan KWS PLAID_1
[BDArmory.BDACompetitionMode:198903806]: DEAD:0:74.0:PLAID AIF-42C5D2
[BDArmory.BDACompetitionMode:198903806]: MIA:PLAID AIF-42C5D2_1
[BDArmory.BDACompetitionMode:198903806]: WHOSHOTWHOWITHGUNS:F-52F-20 Kargadan KWS PLAID_1:15:PLAID AIF-42C5D2_1
[BDArmory.BDACompetitionMode:198903806]: WHOSHOTWHOWITHGUNS:PLAID AIF-42C5D2_1:4:F-52F-20 Kargadan KWS PLAID_1
[BDArmory.BDACompetitionMode:198903806]: WHODAMAGEDWHOWITHGUNS:F-52F-20 Kargadan KWS PLAID_1:4093.6:PLAID AIF-42C5D2_1
[BDArmory.BDACompetitionMode:198903806]: WHODAMAGEDWHOWITHGUNS:PLAID AIF-42C5D2_1:1339.8:F-52F-20 Kargadan KWS PLAID_1
[BDArmory.BDACompetitionMode:198903806]: WHOHITWHOWITHMISSILES:F-52F-20 Kargadan KWS PLAID:1:PLAID AIF-42C5D2
[BDArmory.BDACompetitionMode:198903806]: WHOHITWHOWITHMISSILES:PLAID AIF-42C5D2:1:F-52F-20 Kargadan KWS PLAID:1:F-52F-20 Kargadan KWS PLAID_1
[BDArmory.BDACompetitionMode:198903806]: WHOHITWHOWITHMISSILES:PLAID AIF-42C5D2_1:1:F-52F-20 Kargadan KWS PLAID
[BDArmory.BDACompetitionMode:198903806]: WHOPARTSHITWHOWITHMISSILES:F-52F-20 Kargadan KWS PLAID:79:PLAID AIF-42C5D2
[BDArmory.BDACompetitionMode:198903806]: WHOPARTSHITWHOWITHMISSILES:PLAID AIF-42C5D2:68:F-52F-20 Kargadan KWS PLAID:12:F-52F-20 Kargadan KWS PLAID_1
[BDArmory.BDACompetitionMode:198903806]: WHOPARTSHITWHOWITHMISSILES:PLAID AIF-42C5D2_1:69:F-52F-20 Kargadan KWS PLAID
[BDArmory.BDACompetitionMode:198903806]: WHODAMAGEDWHOWITHMISSILES:F-52F-20 Kargadan KWS PLAID:44689.9:PLAID AIF-42C5D2
[BDArmory.BDACompetitionMode:198903806]: WHODAMAGEDWHOWITHMISSILES:PLAID AIF-42C5D2:70356.9:F-52F-20 Kargadan KWS PLAID:16405.0:F-52F-20 Kargadan KWS PLAID_1
[BDArmory.BDACompetitionMode:198903806]: WHODAMAGEDWHOWITHMISSILES:PLAID AIF-42C5D2_1:12906.2:F-52F-20 Kargadan KWS PLAID
[BDArmory.BDACompetitionMode:198903806]: WHODAMAGEDWHOWITHBATTLEDAMAGE:F-52F-20 Kargadan KWS PLAID_1:719.8:PLAID AIF-42C5D2_1:25653.7:F-52F-20 Kargadan KWS PLAID_1
[BDArmory.BDACompetitionMode:198903806]: WHODAMAGEDWHOWITHBATTLEDAMAGE:PLAID AIF-42C5D2_1:395.7:F-52F-20 Kargadan KWS PLAID_1
[BDArmory.BDACompetitionMode:198903806]: CLEANKILLMISSILES:F-52F-20 Kargadan KWS PLAID:PLAID AIF-42C5D2
[BDArmory.BDACompetitionMode:198903806]: CLEANKILLGUNS:F-52F-20 Kargadan KWS PLAID_1:PLAID AIF-42C5D2_1
[BDArmory.BDACompetitionMode:198903806]: KILLSTEALMISSILES:PLAID AIF-42C5D2:F-52F-20 Kargadan KWS PLAID_1
[BDArmory.BDACompetitionMode:198903806]: HPLEFT:F-52F-20 Kargadan KWS PLAID:0
[BDArmory.BDACompetitionMode:198903806]: HPLEFT:F-52F-20 Kargadan KWS PLAID_1:0
[BDArmory.BDACompetitionMode:198903806]: HPLEFT:PLAID AIF-42C5D2:0
[BDArmory.BDACompetitionMode:198903806]: HPLEFT:PLAID AIF-42C5D2_1:0
[BDArmory.BDACompetitionMode:198903806]: ACCURACY:F-52F-20 Kargadan KWS PLAID:0/0:0/0
[BDArmory.BDACompetitionMode:198903806]: ACCURACY:F-52F-20 Kargadan KWS PLAID_1:4/69:0/0
[BDArmory.BDACompetitionMode:198903806]: ACCURACY:PLAID AIF-42C5D2:0/0:0/0
[BDArmory.BDACompetitionMode:198903806]: ACCURACY:PLAID AIF-42C5D2_1:15/173:0/0
