[BDArmory.BDACompetitionMode:198901151]: Dumping Results after 102s (of 0s) at 2026-04-21 02:21:11 -04:00
[BDArmory.BDACompetitionMode:198901151]: RESULT:Win:{"team": "K-73 NMX 5", "members": ["K-73 NMX 5", "K-73 NMX 5_1"]}
[BDArmory.BDACompetitionMode:198901151]: DEADTEAMS:[{"team": "PLAID AIF-42C5D1", "members": ["PLAID AIF-42C5D1", "PLAID AIF-42C5D1_1"]}]
[BDArmory.BDACompetitionMode:198901151]: ALIVE:K-73 NMX 5_1
[BDArmory.BDACompetitionMode:198901151]: DEAD:1:88.0:K-73 NMX 5
[BDArmory.BDACompetitionMode:198901151]: DEAD:2:92.0:PLAID AIF-42C5D1
[BDArmory.BDACompetitionMode:198901151]: DEAD:0:55.0:PLAID AIF-42C5D1_1
[BDArmory.BDACompetitionMode:198901151]: WHOSHOTWHOWITHGUNS:K-73 NMX 5_1:6:PLAID AIF-42C5D1
[BDArmory.BDACompetitionMode:198901151]: WHOSHOTWHOWITHGUNS:PLAID AIF-42C5D1:19:K-73 NMX 5:23:K-73 NMX 5_1
[BDArmory.BDACompetitionMode:198901151]: WHODAMAGEDWHOWITHGUNS:K-73 NMX 5_1:1146.9:PLAID AIF-42C5D1
[BDArmory.BDACompetitionMode:198901151]: WHODAMAGEDWHOWITHGUNS:PLAID AIF-42C5D1:2477.4:K-73 NMX 5:3363.1:K-73 NMX 5_1
[BDArmory.BDACompetitionMode:198901151]: WHOHITWHOWITHMISSILES:K-73 NMX 5:1:K-73 NMX 5_1
[BDArmory.BDACompetitionMode:198901151]: WHOHITWHOWITHMISSILES:PLAID AIF-42C5D1:2:K-73 NMX 5:2:K-73 NMX 5_1
[BDArmory.BDACompetitionMode:198901151]: WHOHITWHOWITHMISSILES:PLAID AIF-42C5D1_1:1:K-73 NMX 5_1
[BDArmory.BDACompetitionMode:198901151]: WHOPARTSHITWHOWITHMISSILES:K-73 NMX 5:96:K-73 NMX 5_1
[BDArmory.BDACompetitionMode:198901151]: WHOPARTSHITWHOWITHMISSILES:PLAID AIF-42C5D1:72:K-73 NMX 5:72:K-73 NMX 5_1
[BDArmory.BDACompetitionMode:198901151]: WHOPARTSHITWHOWITHMISSILES:PLAID AIF-42C5D1_1:69:K-73 NMX 5_1
[BDArmory.BDACompetitionMode:198901151]: WHODAMAGEDWHOWITHMISSILES:K-73 NMX 5:4907.2:K-73 NMX 5_1
[BDArmory.BDACompetitionMode:198901151]: WHODAMAGEDWHOWITHMISSILES:PLAID AIF-42C5D1:48471.8:K-73 NMX 5:338.3:K-73 NMX 5_1
[BDArmory.BDACompetitionMode:198901151]: WHODAMAGEDWHOWITHMISSILES:PLAID AIF-42C5D1_1:49725.2:K-73 NMX 5_1
[BDArmory.BDACompetitionMode:198901151]: WHODAMAGEDWHOWITHBATTLEDAMAGE:K-73 NMX 5_1:114.6:PLAID AIF-42C5D1:2059.9:K-73 NMX 5_1
[BDArmory.BDACompetitionMode:198901151]: WHODAMAGEDWHOWITHBATTLEDAMAGE:PLAID AIF-42C5D1:191.9:K-73 NMX 5:1534.8:PLAID AIF-42C5D1:3.2:K-73 NMX 5_1
[BDArmory.BDACompetitionMode:198901151]: HEADSHOTGUNS:PLAID AIF-42C5D1:K-73 NMX 5_1
[BDArmory.BDACompetitionMode:198901151]: CLEANKILLMISSILES:PLAID AIF-42C5D1_1:K-73 NMX 5_1
[BDArmory.BDACompetitionMode:198901151]: HPLEFT:K-73 NMX 5:0
[BDArmory.BDACompetitionMode:198901151]: HPLEFT:K-73 NMX 5_1:100
[BDArmory.BDACompetitionMode:198901151]: HPLEFT:PLAID AIF-42C5D1:0
[BDArmory.BDACompetitionMode:198901151]: HPLEFT:PLAID AIF-42C5D1_1:0
[BDArmory.BDACompetitionMode:198901151]: ACCURACY:K-73 NMX 5:19/219:0/0
[BDArmory.BDACompetitionMode:198901151]: ACCURACY:K-73 NMX 5_1:23/140:0/0
[BDArmory.BDACompetitionMode:198901151]: ACCURACY:PLAID AIF-42C5D1:6/34:0/0
[BDArmory.BDACompetitionMode:198901151]: ACCURACY:PLAID AIF-42C5D1_1:0/0:0/0
