[BDArmory.BDACompetitionMode:197169934]: Dumping Results after -133s (of 0s) at 2026-04-01 01:28:07 -04:00
[BDArmory.BDACompetitionMode:197169934]: RESULT:Win:{"team": "F-42H-20 Corsair NF", "members": ["F-42H-20 Corsair NF", "F-42H-20 Corsair NF_1", "F-42H-20 Corsair NF_2"]}
[BDArmory.BDACompetitionMode:197169934]: DEADTEAMS:[{"team": "F-42H-20 Corsair NF PLAID", "members": ["F-42H-20 Corsair NF PLAID", "F-42H-20 Corsair NF PLAID_1", "F-42H-20 Corsair NF PLAID_2"]}]
[BDArmory.BDACompetitionMode:197169934]: ALIVE:F-42H-20 Corsair NF
[BDArmory.BDACompetitionMode:197169934]: MIA:F-42H-20 Corsair NF_1
[BDArmory.BDACompetitionMode:197169934]: DEAD:2:119.0:F-42H-20 Corsair NF_2
[BDArmory.BDACompetitionMode:197169934]: DEAD:1:116.0:F-42H-20 Corsair NF PLAID
[BDArmory.BDACompetitionMode:197169934]: DEAD:3:123.0:F-42H-20 Corsair NF PLAID_1
[BDArmory.BDACompetitionMode:197169934]: DEAD:0:110.0:F-42H-20 Corsair NF PLAID_2
[BDArmory.BDACompetitionMode:197169934]: WHOSHOTWHOWITHGUNS:F-42H-20 Corsair NF_1:4:F-42H-20 Corsair NF PLAID
[BDArmory.BDACompetitionMode:197169934]: WHOSHOTWHOWITHGUNS:F-42H-20 Corsair NF_2:26:F-42H-20 Corsair NF PLAID
[BDArmory.BDACompetitionMode:197169934]: WHOSHOTWHOWITHGUNS:F-42H-20 Corsair NF PLAID:16:F-42H-20 Corsair NF
[BDArmory.BDACompetitionMode:197169934]: WHOSHOTWHOWITHGUNS:F-42H-20 Corsair NF PLAID_2:6:F-42H-20 Corsair NF
[BDArmory.BDACompetitionMode:197169934]: WHODAMAGEDWHOWITHGUNS:F-42H-20 Corsair NF_1:1137.2:F-42H-20 Corsair NF PLAID
[BDArmory.BDACompetitionMode:197169934]: WHODAMAGEDWHOWITHGUNS:F-42H-20 Corsair NF_2:9087.9:F-42H-20 Corsair NF PLAID
[BDArmory.BDACompetitionMode:197169934]: WHODAMAGEDWHOWITHGUNS:F-42H-20 Corsair NF PLAID:3039.1:F-42H-20 Corsair NF
[BDArmory.BDACompetitionMode:197169934]: WHODAMAGEDWHOWITHGUNS:F-42H-20 Corsair NF PLAID_2:2732.3:F-42H-20 Corsair NF
[BDArmory.BDACompetitionMode:197169934]: WHOHITWHOWITHMISSILES:F-42H-20 Corsair NF_2:2:F-42H-20 Corsair NF PLAID_1
[BDArmory.BDACompetitionMode:197169934]: WHOHITWHOWITHMISSILES:F-42H-20 Corsair NF PLAID_1:2:F-42H-20 Corsair NF
[BDArmory.BDACompetitionMode:197169934]: WHOHITWHOWITHMISSILES:F-42H-20 Corsair NF PLAID_2:1:F-42H-20 Corsair NF
[BDArmory.BDACompetitionMode:197169934]: WHOPARTSHITWHOWITHMISSILES:F-42H-20 Corsair NF_2:209:F-42H-20 Corsair NF PLAID_1
[BDArmory.BDACompetitionMode:197169934]: WHOPARTSHITWHOWITHMISSILES:F-42H-20 Corsair NF PLAID_1:178:F-42H-20 Corsair NF
[BDArmory.BDACompetitionMode:197169934]: WHOPARTSHITWHOWITHMISSILES:F-42H-20 Corsair NF PLAID_2:7:F-42H-20 Corsair NF
[BDArmory.BDACompetitionMode:197169934]: WHODAMAGEDWHOWITHMISSILES:F-42H-20 Corsair NF_2:10345.3:F-42H-20 Corsair NF PLAID_1
[BDArmory.BDACompetitionMode:197169934]: WHODAMAGEDWHOWITHMISSILES:F-42H-20 Corsair NF PLAID_1:14357.4:F-42H-20 Corsair NF
[BDArmory.BDACompetitionMode:197169934]: WHODAMAGEDWHOWITHMISSILES:F-42H-20 Corsair NF PLAID_2:10990.1:F-42H-20 Corsair NF
[BDArmory.BDACompetitionMode:197169934]: WHODAMAGEDWHOWITHBATTLEDAMAGE:F-42H-20 Corsair NF_1:214.1:F-42H-20 Corsair NF PLAID:3069.5:F-42H-20 Corsair NF_1
[BDArmory.BDACompetitionMode:197169934]: WHODAMAGEDWHOWITHBATTLEDAMAGE:F-42H-20 Corsair NF_2:214.2:F-42H-20 Corsair NF PLAID:6380.7:F-42H-20 Corsair NF_2
[BDArmory.BDACompetitionMode:197169934]: WHODAMAGEDWHOWITHBATTLEDAMAGE:F-42H-20 Corsair NF PLAID:7.3:F-42H-20 Corsair NF PLAID:37.0:F-42H-20 Corsair NF
[BDArmory.BDACompetitionMode:197169934]: WHODAMAGEDWHOWITHBATTLEDAMAGE:F-42H-20 Corsair NF PLAID_2:38.9:F-42H-20 Corsair NF:2833.9:F-42H-20 Corsair NF PLAID_2
[BDArmory.BDACompetitionMode:197169934]: CLEANKILLGUNS:F-42H-20 Corsair NF PLAID:F-42H-20 Corsair NF
[BDArmory.BDACompetitionMode:197169934]: CLEANKILLMISSILES:F-42H-20 Corsair NF PLAID_2:F-42H-20 Corsair NF
[BDArmory.BDACompetitionMode:197169934]: HPLEFT:F-42H-20 Corsair NF:100
[BDArmory.BDACompetitionMode:197169934]: HPLEFT:F-42H-20 Corsair NF_1:12.5925925925926
[BDArmory.BDACompetitionMode:197169934]: HPLEFT:F-42H-20 Corsair NF_2:0
[BDArmory.BDACompetitionMode:197169934]: HPLEFT:F-42H-20 Corsair NF PLAID:0
[BDArmory.BDACompetitionMode:197169934]: HPLEFT:F-42H-20 Corsair NF PLAID_1:0
[BDArmory.BDACompetitionMode:197169934]: HPLEFT:F-42H-20 Corsair NF PLAID_2:0
[BDArmory.BDACompetitionMode:197169934]: ACCURACY:F-42H-20 Corsair NF:22/161:0/0
[BDArmory.BDACompetitionMode:197169934]: ACCURACY:F-42H-20 Corsair NF_1:0/257:0/0
[BDArmory.BDACompetitionMode:197169934]: ACCURACY:F-42H-20 Corsair NF_2:0/0:0/0
[BDArmory.BDACompetitionMode:197169934]: ACCURACY:F-42H-20 Corsair NF PLAID:30/163:0/0
[BDArmory.BDACompetitionMode:197169934]: ACCURACY:F-42H-20 Corsair NF PLAID_1:0/0:0/0
[BDArmory.BDACompetitionMode:197169934]: ACCURACY:F-42H-20 Corsair NF PLAID_2:0/69:0/0
