[BDArmory.BDACompetitionMode:199418751]: Dumping Results after 136s (of 0s) at 2026-04-27 02:10:08 -04:00
[BDArmory.BDACompetitionMode:199418751]: RESULT:Win:{"team": "AIF-38", "members": ["AIF-38", "AIF-38_1", "AIF-38_2"]}
[BDArmory.BDACompetitionMode:199418751]: DEADTEAMS:[{"team": "K-60 _Caraxes_ NWO 6", "members": ["K-60 \"Caraxes\" NWO 6", "K-60 \"Caraxes\" NWO 6_1", "K-60 \"Caraxes\" NWO 6_2"]}]
[BDArmory.BDACompetitionMode:199418751]: ALIVE:AIF-38
[BDArmory.BDACompetitionMode:199418751]: ALIVE:AIF-38_1
[BDArmory.BDACompetitionMode:199418751]: ALIVE:AIF-38_2
[BDArmory.BDACompetitionMode:199418751]: DEAD:1:107.0:K-60 "Caraxes" NWO 6
[BDArmory.BDACompetitionMode:199418751]: DEAD:2:126.0:K-60 "Caraxes" NWO 6_1
[BDArmory.BDACompetitionMode:199418751]: DEAD:0:55.0:K-60 "Caraxes" NWO 6_2
[BDArmory.BDACompetitionMode:199418751]: WHOSHOTWHOWITHGUNS:K-60 "Caraxes" NWO 6:36:AIF-38:7:AIF-38_1
[BDArmory.BDACompetitionMode:199418751]: WHOSHOTWHOWITHGUNS:K-60 "Caraxes" NWO 6_1:27:AIF-38_2:10:AIF-38
[BDArmory.BDACompetitionMode:199418751]: WHOSHOTWHOWITHGUNS:AIF-38:1:K-60 "Caraxes" NWO 6
[BDArmory.BDACompetitionMode:199418751]: WHOSHOTWHOWITHGUNS:AIF-38_2:4:K-60 "Caraxes" NWO 6_1
[BDArmory.BDACompetitionMode:199418751]: WHODAMAGEDWHOWITHGUNS:K-60 "Caraxes" NWO 6:8904.8:AIF-38:2111.1:AIF-38_1
[BDArmory.BDACompetitionMode:199418751]: WHODAMAGEDWHOWITHGUNS:K-60 "Caraxes" NWO 6_1:7892.0:AIF-38_2:5138.4:AIF-38
[BDArmory.BDACompetitionMode:199418751]: WHODAMAGEDWHOWITHGUNS:AIF-38:93.6:K-60 "Caraxes" NWO 6
[BDArmory.BDACompetitionMode:199418751]: WHODAMAGEDWHOWITHGUNS:AIF-38_2:402.7:K-60 "Caraxes" NWO 6_1
[BDArmory.BDACompetitionMode:199418751]: WHOHITWHOWITHMISSILES:K-60 "Caraxes" NWO 6:1:AIF-38_1:1:AIF-38_2
[BDArmory.BDACompetitionMode:199418751]: WHOHITWHOWITHMISSILES:K-60 "Caraxes" NWO 6_1:1:AIF-38:1:AIF-38_1
[BDArmory.BDACompetitionMode:199418751]: WHOHITWHOWITHMISSILES:K-60 "Caraxes" NWO 6_2:1:AIF-38:1:AIF-38_2
[BDArmory.BDACompetitionMode:199418751]: WHOHITWHOWITHMISSILES:AIF-38_1:1:K-60 "Caraxes" NWO 6
[BDArmory.BDACompetitionMode:199418751]: WHOPARTSHITWHOWITHMISSILES:K-60 "Caraxes" NWO 6:75:AIF-38_1:67:AIF-38_2
[BDArmory.BDACompetitionMode:199418751]: WHOPARTSHITWHOWITHMISSILES:K-60 "Caraxes" NWO 6_1:75:AIF-38:62:AIF-38_1
[BDArmory.BDACompetitionMode:199418751]: WHOPARTSHITWHOWITHMISSILES:K-60 "Caraxes" NWO 6_2:75:AIF-38:50:AIF-38_2
[BDArmory.BDACompetitionMode:199418751]: WHOPARTSHITWHOWITHMISSILES:AIF-38_1:95:K-60 "Caraxes" NWO 6
[BDArmory.BDACompetitionMode:199418751]: WHODAMAGEDWHOWITHMISSILES:K-60 "Caraxes" NWO 6:7173.3:AIF-38_1:5552.8:AIF-38_2
[BDArmory.BDACompetitionMode:199418751]: WHODAMAGEDWHOWITHMISSILES:K-60 "Caraxes" NWO 6_1:7532.0:AIF-38
[BDArmory.BDACompetitionMode:199418751]: WHODAMAGEDWHOWITHMISSILES:K-60 "Caraxes" NWO 6_2:39225.5:AIF-38:22816.2:AIF-38_2
[BDArmory.BDACompetitionMode:199418751]: WHODAMAGEDWHOWITHMISSILES:AIF-38_1:8193.4:K-60 "Caraxes" NWO 6
[BDArmory.BDACompetitionMode:199418751]: WHODAMAGEDWHOWITHBATTLEDAMAGE:K-60 "Caraxes" NWO 6:26360.0:AIF-38:0.1:AIF-38_2:4.2:AIF-38_1:2958.0:K-60 "Caraxes" NWO 6
[BDArmory.BDACompetitionMode:199418751]: WHODAMAGEDWHOWITHBATTLEDAMAGE:K-60 "Caraxes" NWO 6_1:296.2:AIF-38_2:41.6:AIF-38:29671.4:K-60 "Caraxes" NWO 6_1
[BDArmory.BDACompetitionMode:199418751]: WHODAMAGEDWHOWITHBATTLEDAMAGE:AIF-38:1.7:AIF-38
[BDArmory.BDACompetitionMode:199418751]: WHODAMAGEDWHOWITHBATTLEDAMAGE:AIF-38_1:0.1:K-60 "Caraxes" NWO 6
[BDArmory.BDACompetitionMode:199418751]: WHODAMAGEDWHOWITHBATTLEDAMAGE:AIF-38_2:100.1:K-60 "Caraxes" NWO 6_1
[BDArmory.BDACompetitionMode:199418751]: KILLSTEALGUNS:K-60 "Caraxes" NWO 6:AIF-38
[BDArmory.BDACompetitionMode:199418751]: KILLSTEALGUNS:K-60 "Caraxes" NWO 6_1:AIF-38_2
[BDArmory.BDACompetitionMode:199418751]: KILLSTEALMISSILES:K-60 "Caraxes" NWO 6_2:AIF-38_2
[BDArmory.BDACompetitionMode:199418751]: HPLEFT:K-60 "Caraxes" NWO 6:0
[BDArmory.BDACompetitionMode:199418751]: HPLEFT:K-60 "Caraxes" NWO 6_1:0
[BDArmory.BDACompetitionMode:199418751]: HPLEFT:K-60 "Caraxes" NWO 6_2:0
[BDArmory.BDACompetitionMode:199418751]: HPLEFT:AIF-38:100
[BDArmory.BDACompetitionMode:199418751]: HPLEFT:AIF-38_1:91.0891089108911
[BDArmory.BDACompetitionMode:199418751]: HPLEFT:AIF-38_2:100
[BDArmory.BDACompetitionMode:199418751]: ACCURACY:K-60 "Caraxes" NWO 6:1/8:0/0
[BDArmory.BDACompetitionMode:199418751]: ACCURACY:K-60 "Caraxes" NWO 6_1:4/13:0/0
[BDArmory.BDACompetitionMode:199418751]: ACCURACY:K-60 "Caraxes" NWO 6_2:0/0:0/0
[BDArmory.BDACompetitionMode:199418751]: ACCURACY:AIF-38:46/332:0/0
[BDArmory.BDACompetitionMode:199418751]: ACCURACY:AIF-38_1:7/79:0/0
[BDArmory.BDACompetitionMode:199418751]: ACCURACY:AIF-38_2:27/444:0/0
