[BDArmory.BDACompetitionMode:200978108]: Dumping Results after 197s (of 0s) at 2026-05-15 03:21:10 -04:00
[BDArmory.BDACompetitionMode:200978108]: RESULT:Mutual Annihilation
[BDArmory.BDACompetitionMode:200978108]: DEADTEAMS:[{"team": "AIF-38C", "members": ["AIF-38C", "AIF-38C_1"]}, {"team": "AL-27 Kallistemon", "members": ["AL-27 Kallistemon", "AL-27 Kallistemon_1"]}]
[BDArmory.BDACompetitionMode:200978108]: DEAD:0:121.0:AIF-38C
[BDArmory.BDACompetitionMode:200978108]: DEAD:3:189.0:AIF-38C_1
[BDArmory.BDACompetitionMode:200978108]: DEAD:1:172.0:AL-27 Kallistemon
[BDArmory.BDACompetitionMode:200978108]: DEAD:2:187.0:AL-27 Kallistemon_1
[BDArmory.BDACompetitionMode:200978108]: WHOSHOTWHOWITHGUNS:AIF-38C:16:AL-27 Kallistemon_1:14:AL-27 Kallistemon
[BDArmory.BDACompetitionMode:200978108]: WHOSHOTWHOWITHGUNS:AL-27 Kallistemon:2:AIF-38C:39:AIF-38C_1
[BDArmory.BDACompetitionMode:200978108]: WHOSHOTWHOWITHGUNS:AL-27 Kallistemon_1:2:AIF-38C:11:AIF-38C_1
[BDArmory.BDACompetitionMode:200978108]: WHODAMAGEDWHOWITHGUNS:AIF-38C:3154.4:AL-27 Kallistemon_1:2283.0:AL-27 Kallistemon
[BDArmory.BDACompetitionMode:200978108]: WHODAMAGEDWHOWITHGUNS:AL-27 Kallistemon:651.1:AIF-38C:15832.2:AIF-38C_1
[BDArmory.BDACompetitionMode:200978108]: WHODAMAGEDWHOWITHGUNS:AL-27 Kallistemon_1:890.4:AIF-38C:3613.6:AIF-38C_1
[BDArmory.BDACompetitionMode:200978108]: WHOHITWHOWITHMISSILES:AIF-38C_1:1:AL-27 Kallistemon
[BDArmory.BDACompetitionMode:200978108]: WHOHITWHOWITHMISSILES:AL-27 Kallistemon:1:AIF-38C
[BDArmory.BDACompetitionMode:200978108]: WHOPARTSHITWHOWITHMISSILES:AIF-38C_1:96:AL-27 Kallistemon
[BDArmory.BDACompetitionMode:200978108]: WHOPARTSHITWHOWITHMISSILES:AL-27 Kallistemon:138:AIF-38C
[BDArmory.BDACompetitionMode:200978108]: WHODAMAGEDWHOWITHMISSILES:AIF-38C_1:16775.6:AL-27 Kallistemon
[BDArmory.BDACompetitionMode:200978108]: WHODAMAGEDWHOWITHMISSILES:AL-27 Kallistemon:338.1:AIF-38C
[BDArmory.BDACompetitionMode:200978108]: WHODAMAGEDWHOWITHBATTLEDAMAGE:AIF-38C:22654.2:AL-27 Kallistemon_1:100.1:AL-27 Kallistemon
[BDArmory.BDACompetitionMode:200978108]: WHODAMAGEDWHOWITHBATTLEDAMAGE:AL-27 Kallistemon:59.3:AIF-38C:588.7:AIF-38C_1:11293.7:AL-27 Kallistemon:625.8:AL-27 Kallistemon_1
[BDArmory.BDACompetitionMode:200978108]: WHODAMAGEDWHOWITHBATTLEDAMAGE:AL-27 Kallistemon_1:174.7:AIF-38C_1:11384.3:AL-27 Kallistemon_1
[BDArmory.BDACompetitionMode:200978108]: HEADSHOTGUNS:AIF-38C:AL-27 Kallistemon_1
[BDArmory.BDACompetitionMode:200978108]: HEADSHOTGUNS:AL-27 Kallistemon:AIF-38C_1
[BDArmory.BDACompetitionMode:200978108]: HPLEFT:AIF-38C:0
[BDArmory.BDACompetitionMode:200978108]: HPLEFT:AIF-38C_1:0
[BDArmory.BDACompetitionMode:200978108]: HPLEFT:AL-27 Kallistemon:0
[BDArmory.BDACompetitionMode:200978108]: HPLEFT:AL-27 Kallistemon_1:0
[BDArmory.BDACompetitionMode:200978108]: ACCURACY:AIF-38C:4/70:0/0
[BDArmory.BDACompetitionMode:200978108]: ACCURACY:AIF-38C_1:50/350:0/0
[BDArmory.BDACompetitionMode:200978108]: ACCURACY:AL-27 Kallistemon:14/182:0/0
[BDArmory.BDACompetitionMode:200978108]: ACCURACY:AL-27 Kallistemon_1:16/437:0/0
