[BDArmory.BDACompetitionMode:209716099]: Dumping Results after -44s (of 0s) at 2026-08-24 06:31:08 -04:00
[BDArmory.BDACompetitionMode:209716099]: RESULT:Win:{"team": "PLAID ASF-07 CERULEAN OPTIC (DF)", "members": ["PLAID ASF-07 CERULEAN OPTIC (DF)", "PLAID ASF-07 CERULEAN OPTIC (DF)_1", "PLAID ASF-07 CERULEAN OPTIC (DF)_2", "PLAID ASF-07 CERULEAN OPTIC (DF)_3", "PLAID ASF-07 CERULEAN OPTIC (DF)_4", "PLAID ASF-07 CERULEAN OPTIC (DF)_5", "PLAID ASF-07 CERULEAN OPTIC (DF)_6", "PLAID ASF-07 CERULEAN OPTIC (DF)_7"]}
[BDArmory.BDACompetitionMode:209716099]: DEADTEAMS:[{"team": "OZ-3a", "members": ["OZ-3a", "OZ-3a_1", "OZ-3a_2", "OZ-3a_3", "OZ-3a_4", "OZ-3a_5", "OZ-3a_6", "OZ-3a_7", "OZ-3a_F1"]}, {"team": "A", "members": ["OZ-3a_4_F1", "OZ-3a_3_F1"]}]
[BDArmory.BDACompetitionMode:209716099]: ALIVE:PLAID ASF-07 CERULEAN OPTIC (DF)
[BDArmory.BDACompetitionMode:209716099]: ALIVE:PLAID ASF-07 CERULEAN OPTIC (DF)_3
[BDArmory.BDACompetitionMode:209716099]: DEAD:4:17.0:PLAID ASF-07 CERULEAN OPTIC (DF)_1
[BDArmory.BDACompetitionMode:209716099]: DEAD:12:43.0:PLAID ASF-07 CERULEAN OPTIC (DF)_2
[BDArmory.BDACompetitionMode:209716099]: MIA:PLAID ASF-07 CERULEAN OPTIC (DF)_4
[BDArmory.BDACompetitionMode:209716099]: MIA:PLAID ASF-07 CERULEAN OPTIC (DF)_5
[BDArmory.BDACompetitionMode:209716099]: DEAD:1:10.0:PLAID ASF-07 CERULEAN OPTIC (DF)_6
[BDArmory.BDACompetitionMode:209716099]: DEAD:0:9.0:PLAID ASF-07 CERULEAN OPTIC (DF)_7
[BDArmory.BDACompetitionMode:209716099]: DEAD:6:28.0:OZ-3a
[BDArmory.BDACompetitionMode:209716099]: DEAD:13:47.0:OZ-3a_1
[BDArmory.BDACompetitionMode:209716099]: DEAD:7:28.0:OZ-3a_2
[BDArmory.BDACompetitionMode:209716099]: DEAD:8:28.0:OZ-3a_3
[BDArmory.BDACompetitionMode:209716099]: DEAD:2:15.0:OZ-3a_4
[BDArmory.BDACompetitionMode:209716099]: DEAD:5:23.0:OZ-3a_5
[BDArmory.BDACompetitionMode:209716099]: DEAD:14:51.0:OZ-3a_6
[BDArmory.BDACompetitionMode:209716099]: DEAD:9:28.0:OZ-3a_7
[BDArmory.BDACompetitionMode:209716099]: DEAD:3:15.0:OZ-3a_4_F1
[BDArmory.BDACompetitionMode:209716099]: DEAD:10:28.0:OZ-3a_3_F1
[BDArmory.BDACompetitionMode:209716099]: DEAD:11:29.0:OZ-3a_F1
[BDArmory.BDACompetitionMode:209716099]: WHOSHOTWHOWITHGUNS:PLAID ASF-07 CERULEAN OPTIC (DF)_1:1:OZ-3a_1
[BDArmory.BDACompetitionMode:209716099]: WHOSHOTWHOWITHGUNS:PLAID ASF-07 CERULEAN OPTIC (DF)_2:2:OZ-3a_3:1:OZ-3a_1
[BDArmory.BDACompetitionMode:209716099]: WHOSHOTWHOWITHGUNS:PLAID ASF-07 CERULEAN OPTIC (DF)_3:5:OZ-3a:9:OZ-3a_2
[BDArmory.BDACompetitionMode:209716099]: WHOSHOTWHOWITHGUNS:PLAID ASF-07 CERULEAN OPTIC (DF)_6:4:OZ-3a_1:3:OZ-3a_3
[BDArmory.BDACompetitionMode:209716099]: WHOSHOTWHOWITHGUNS:PLAID ASF-07 CERULEAN OPTIC (DF)_7:1:OZ-3a:1:OZ-3a_2
[BDArmory.BDACompetitionMode:209716099]: WHOSHOTWHOWITHGUNS:OZ-3a:13:PLAID ASF-07 CERULEAN OPTIC (DF)_5
[BDArmory.BDACompetitionMode:209716099]: WHOSHOTWHOWITHGUNS:OZ-3a_1:12:PLAID ASF-07 CERULEAN OPTIC (DF)_4:1:PLAID ASF-07 CERULEAN OPTIC (DF):4:PLAID ASF-07 CERULEAN OPTIC (DF)_2
[BDArmory.BDACompetitionMode:209716099]: WHOSHOTWHOWITHGUNS:OZ-3a_2:7:PLAID ASF-07 CERULEAN OPTIC (DF)_5
[BDArmory.BDACompetitionMode:209716099]: WHOSHOTWHOWITHGUNS:OZ-3a_3:14:PLAID ASF-07 CERULEAN OPTIC (DF)_6:2:PLAID ASF-07 CERULEAN OPTIC (DF)_2
[BDArmory.BDACompetitionMode:209716099]: WHOSHOTWHOWITHGUNS:OZ-3a_4:11:PLAID ASF-07 CERULEAN OPTIC (DF)_5
[BDArmory.BDACompetitionMode:209716099]: WHOSHOTWHOWITHGUNS:OZ-3a_5:2:PLAID ASF-07 CERULEAN OPTIC (DF)_1:11:PLAID ASF-07 CERULEAN OPTIC (DF)_4
[BDArmory.BDACompetitionMode:209716099]: WHOSHOTWHOWITHGUNS:OZ-3a_6:11:PLAID ASF-07 CERULEAN OPTIC (DF)_3
[BDArmory.BDACompetitionMode:209716099]: WHOSHOTWHOWITHGUNS:OZ-3a_7:15:PLAID ASF-07 CERULEAN OPTIC (DF)_2:10:PLAID ASF-07 CERULEAN OPTIC (DF)
[BDArmory.BDACompetitionMode:209716099]: WHOSHOTWHOWITHGUNS:OZ-3a_F1:1:PLAID ASF-07 CERULEAN OPTIC (DF)_5
[BDArmory.BDACompetitionMode:209716099]: WHODAMAGEDWHOWITHGUNS:PLAID ASF-07 CERULEAN OPTIC (DF)_1:82.2:OZ-3a_1
[BDArmory.BDACompetitionMode:209716099]: WHODAMAGEDWHOWITHGUNS:PLAID ASF-07 CERULEAN OPTIC (DF)_2:455.5:OZ-3a_3:70.2:OZ-3a_1
[BDArmory.BDACompetitionMode:209716099]: WHODAMAGEDWHOWITHGUNS:PLAID ASF-07 CERULEAN OPTIC (DF)_3:382.9:OZ-3a:497.2:OZ-3a_2
[BDArmory.BDACompetitionMode:209716099]: WHODAMAGEDWHOWITHGUNS:PLAID ASF-07 CERULEAN OPTIC (DF)_6:317.9:OZ-3a_1:82.9:OZ-3a_3
[BDArmory.BDACompetitionMode:209716099]: WHODAMAGEDWHOWITHGUNS:PLAID ASF-07 CERULEAN OPTIC (DF)_7:76.2:OZ-3a:101.2:OZ-3a_2
[BDArmory.BDACompetitionMode:209716099]: WHODAMAGEDWHOWITHGUNS:OZ-3a:1170.8:PLAID ASF-07 CERULEAN OPTIC (DF)_5
[BDArmory.BDACompetitionMode:209716099]: WHODAMAGEDWHOWITHGUNS:OZ-3a_1:1126.8:PLAID ASF-07 CERULEAN OPTIC (DF)_4:45.1:PLAID ASF-07 CERULEAN OPTIC (DF):329.4:PLAID ASF-07 CERULEAN OPTIC (DF)_2
[BDArmory.BDACompetitionMode:209716099]: WHODAMAGEDWHOWITHGUNS:OZ-3a_2:727.1:PLAID ASF-07 CERULEAN OPTIC (DF)_5
[BDArmory.BDACompetitionMode:209716099]: WHODAMAGEDWHOWITHGUNS:OZ-3a_3:913.9:PLAID ASF-07 CERULEAN OPTIC (DF)_6:113.9:PLAID ASF-07 CERULEAN OPTIC (DF)_2
[BDArmory.BDACompetitionMode:209716099]: WHODAMAGEDWHOWITHGUNS:OZ-3a_4:1354.0:PLAID ASF-07 CERULEAN OPTIC (DF)_5
[BDArmory.BDACompetitionMode:209716099]: WHODAMAGEDWHOWITHGUNS:OZ-3a_5:157.4:PLAID ASF-07 CERULEAN OPTIC (DF)_1:1136.8:PLAID ASF-07 CERULEAN OPTIC (DF)_4
[BDArmory.BDACompetitionMode:209716099]: WHODAMAGEDWHOWITHGUNS:OZ-3a_6:976.7:PLAID ASF-07 CERULEAN OPTIC (DF)_3
[BDArmory.BDACompetitionMode:209716099]: WHODAMAGEDWHOWITHGUNS:OZ-3a_7:1401.7:PLAID ASF-07 CERULEAN OPTIC (DF)_2:793.5:PLAID ASF-07 CERULEAN OPTIC (DF)
[BDArmory.BDACompetitionMode:209716099]: WHODAMAGEDWHOWITHGUNS:OZ-3a_4_F1:0.0:PLAID ASF-07 CERULEAN OPTIC (DF)_5
[BDArmory.BDACompetitionMode:209716099]: WHODAMAGEDWHOWITHGUNS:OZ-3a_3_F1:0.0:PLAID ASF-07 CERULEAN OPTIC (DF)_2
[BDArmory.BDACompetitionMode:209716099]: WHODAMAGEDWHOWITHGUNS:OZ-3a_F1:102.9:PLAID ASF-07 CERULEAN OPTIC (DF)_5
[BDArmory.BDACompetitionMode:209716099]: WHORAMMEDWHO:OZ-3a_1:1:PLAID ASF-07 CERULEAN OPTIC (DF)_2
[BDArmory.BDACompetitionMode:209716099]: WHODAMAGEDWHOWITHBATTLEDAMAGE:PLAID ASF-07 CERULEAN OPTIC (DF)_3:144.1:OZ-3a:93.9:OZ-3a_2
[BDArmory.BDACompetitionMode:209716099]: WHODAMAGEDWHOWITHBATTLEDAMAGE:PLAID ASF-07 CERULEAN OPTIC (DF)_6:0.1:OZ-3a_3
[BDArmory.BDACompetitionMode:209716099]: WHODAMAGEDWHOWITHBATTLEDAMAGE:OZ-3a:1.5:PLAID ASF-07 CERULEAN OPTIC (DF)_5
[BDArmory.BDACompetitionMode:209716099]: WHODAMAGEDWHOWITHBATTLEDAMAGE:OZ-3a_1:218.3:PLAID ASF-07 CERULEAN OPTIC (DF)_4:50.1:PLAID ASF-07 CERULEAN OPTIC (DF)_2
[BDArmory.BDACompetitionMode:209716099]: WHODAMAGEDWHOWITHBATTLEDAMAGE:OZ-3a_2:90.2:PLAID ASF-07 CERULEAN OPTIC (DF)_5
[BDArmory.BDACompetitionMode:209716099]: WHODAMAGEDWHOWITHBATTLEDAMAGE:OZ-3a_3:150.3:PLAID ASF-07 CERULEAN OPTIC (DF)_6
[BDArmory.BDACompetitionMode:209716099]: WHODAMAGEDWHOWITHBATTLEDAMAGE:OZ-3a_4:3.4:PLAID ASF-07 CERULEAN OPTIC (DF)_5
[BDArmory.BDACompetitionMode:209716099]: WHODAMAGEDWHOWITHBATTLEDAMAGE:OZ-3a_5:47.6:PLAID ASF-07 CERULEAN OPTIC (DF)_1:126.3:PLAID ASF-07 CERULEAN OPTIC (DF)_4
[BDArmory.BDACompetitionMode:209716099]: WHODAMAGEDWHOWITHBATTLEDAMAGE:OZ-3a_6:150.3:PLAID ASF-07 CERULEAN OPTIC (DF)_3
[BDArmory.BDACompetitionMode:209716099]: WHODAMAGEDWHOWITHBATTLEDAMAGE:OZ-3a_7:216.9:PLAID ASF-07 CERULEAN OPTIC (DF)_2:173.4:PLAID ASF-07 CERULEAN OPTIC (DF)
[BDArmory.BDACompetitionMode:209716099]: GMKILL:OZ-3a_6:LandedTooLong
[BDArmory.BDACompetitionMode:209716099]: CLEANKILLGUNS:PLAID ASF-07 CERULEAN OPTIC (DF)_1:OZ-3a_1
[BDArmory.BDACompetitionMode:209716099]: HEADSHOTGUNS:PLAID ASF-07 CERULEAN OPTIC (DF)_2:OZ-3a_1
[BDArmory.BDACompetitionMode:209716099]: KILLSTEALGUNS:PLAID ASF-07 CERULEAN OPTIC (DF)_6:OZ-3a_3
[BDArmory.BDACompetitionMode:209716099]: KILLSTEALGUNS:PLAID ASF-07 CERULEAN OPTIC (DF)_7:OZ-3a_2
[BDArmory.BDACompetitionMode:209716099]: CLEANKILLGUNS:OZ-3a:PLAID ASF-07 CERULEAN OPTIC (DF)_5
[BDArmory.BDACompetitionMode:209716099]: HEADSHOTGUNS:OZ-3a_3:PLAID ASF-07 CERULEAN OPTIC (DF)_2
[BDArmory.BDACompetitionMode:209716099]: CLEANKILLGUNS:OZ-3a_4:PLAID ASF-07 CERULEAN OPTIC (DF)_5
[BDArmory.BDACompetitionMode:209716099]: CLEANKILLGUNS:OZ-3a_4_F1:PLAID ASF-07 CERULEAN OPTIC (DF)_5
[BDArmory.BDACompetitionMode:209716099]: CLEANKILLGUNS:OZ-3a_3_F1:PLAID ASF-07 CERULEAN OPTIC (DF)_2
[BDArmory.BDACompetitionMode:209716099]: CLEANKILLGUNS:OZ-3a_F1:PLAID ASF-07 CERULEAN OPTIC (DF)_5
[BDArmory.BDACompetitionMode:209716099]: HPLEFT:PLAID ASF-07 CERULEAN OPTIC (DF):101.149425287356
[BDArmory.BDACompetitionMode:209716099]: HPLEFT:PLAID ASF-07 CERULEAN OPTIC (DF)_1:0
[BDArmory.BDACompetitionMode:209716099]: HPLEFT:PLAID ASF-07 CERULEAN OPTIC (DF)_2:0
[BDArmory.BDACompetitionMode:209716099]: HPLEFT:PLAID ASF-07 CERULEAN OPTIC (DF)_3:81.6091954022989
[BDArmory.BDACompetitionMode:209716099]: HPLEFT:PLAID ASF-07 CERULEAN OPTIC (DF)_4:0
[BDArmory.BDACompetitionMode:209716099]: HPLEFT:PLAID ASF-07 CERULEAN OPTIC (DF)_5:0
[BDArmory.BDACompetitionMode:209716099]: HPLEFT:PLAID ASF-07 CERULEAN OPTIC (DF)_6:0
[BDArmory.BDACompetitionMode:209716099]: HPLEFT:PLAID ASF-07 CERULEAN OPTIC (DF)_7:0
[BDArmory.BDACompetitionMode:209716099]: HPLEFT:OZ-3a:0
[BDArmory.BDACompetitionMode:209716099]: HPLEFT:OZ-3a_1:0
[BDArmory.BDACompetitionMode:209716099]: HPLEFT:OZ-3a_2:0
[BDArmory.BDACompetitionMode:209716099]: HPLEFT:OZ-3a_3:0
[BDArmory.BDACompetitionMode:209716099]: HPLEFT:OZ-3a_4:0
[BDArmory.BDACompetitionMode:209716099]: HPLEFT:OZ-3a_5:0
[BDArmory.BDACompetitionMode:209716099]: HPLEFT:OZ-3a_6:0
[BDArmory.BDACompetitionMode:209716099]: HPLEFT:OZ-3a_7:0
[BDArmory.BDACompetitionMode:209716099]: HPLEFT:OZ-3a_4_F1:0
[BDArmory.BDACompetitionMode:209716099]: HPLEFT:OZ-3a_3_F1:0
[BDArmory.BDACompetitionMode:209716099]: HPLEFT:OZ-3a_F1:0
[BDArmory.BDACompetitionMode:209716099]: ACCURACY:PLAID ASF-07 CERULEAN OPTIC (DF):11/1000:0/0
[BDArmory.BDACompetitionMode:209716099]: ACCURACY:PLAID ASF-07 CERULEAN OPTIC (DF)_1:2/482:0/0
[BDArmory.BDACompetitionMode:209716099]: ACCURACY:PLAID ASF-07 CERULEAN OPTIC (DF)_2:21/1000:0/0
[BDArmory.BDACompetitionMode:209716099]: ACCURACY:PLAID ASF-07 CERULEAN OPTIC (DF)_3:11/209:0/0
[BDArmory.BDACompetitionMode:209716099]: ACCURACY:PLAID ASF-07 CERULEAN OPTIC (DF)_4:23/1000:0/0
[BDArmory.BDACompetitionMode:209716099]: ACCURACY:PLAID ASF-07 CERULEAN OPTIC (DF)_5:32/623:0/0
[BDArmory.BDACompetitionMode:209716099]: ACCURACY:PLAID ASF-07 CERULEAN OPTIC (DF)_6:14/177:0/0
[BDArmory.BDACompetitionMode:209716099]: ACCURACY:PLAID ASF-07 CERULEAN OPTIC (DF)_7:0/132:0/0
[BDArmory.BDACompetitionMode:209716099]: ACCURACY:OZ-3a:6/43:0/0
[BDArmory.BDACompetitionMode:209716099]: ACCURACY:OZ-3a_1:6/95:0/0
[BDArmory.BDACompetitionMode:209716099]: ACCURACY:OZ-3a_2:10/76:0/0
[BDArmory.BDACompetitionMode:209716099]: ACCURACY:OZ-3a_3:5/86:0/0
[BDArmory.BDACompetitionMode:209716099]: ACCURACY:OZ-3a_4:0/0:0/0
[BDArmory.BDACompetitionMode:209716099]: ACCURACY:OZ-3a_5:0/0:0/0
[BDArmory.BDACompetitionMode:209716099]: ACCURACY:OZ-3a_6:0/0:0/0
[BDArmory.BDACompetitionMode:209716099]: ACCURACY:OZ-3a_7:0/0:0/0
[BDArmory.BDACompetitionMode:209716099]: ACCURACY:OZ-3a_4_F1:0/0:0/0
[BDArmory.BDACompetitionMode:209716099]: ACCURACY:OZ-3a_3_F1:0/0:0/0
[BDArmory.BDACompetitionMode:209716099]: ACCURACY:OZ-3a_F1:0/0:0/0
