[BDArmory.BDACompetitionMode:197179074]: Dumping Results after 119s (of 0s) at 2026-04-01 04:00:25 -04:00
[BDArmory.BDACompetitionMode:197179074]: RESULT:Win:{"team": "PLAID AIF-42C5B LRP", "members": ["PLAID AIF-42C5B LRP", "PLAID AIF-42C5B LRP_1", "PLAID AIF-42C5B LRP_2"]}
[BDArmory.BDACompetitionMode:197179074]: DEADTEAMS:[{"team": "Z-41D MkII", "members": ["Z-41D Mk II", "Z-41D Mk II_1", "Z-41D Mk II_2"]}]
[BDArmory.BDACompetitionMode:197179074]: ALIVE:PLAID AIF-42C5B LRP
[BDArmory.BDACompetitionMode:197179074]: ALIVE:PLAID AIF-42C5B LRP_2
[BDArmory.BDACompetitionMode:197179074]: DEAD:1:90.0:Z-41D Mk II
[BDArmory.BDACompetitionMode:197179074]: DEAD:0:70.0:Z-41D Mk II_1
[BDArmory.BDACompetitionMode:197179074]: DEAD:2:108.0:Z-41D Mk II_2
[BDArmory.BDACompetitionMode:197179074]: MIA:PLAID AIF-42C5B LRP_1
[BDArmory.BDACompetitionMode:197179074]: WHOSHOTWHOWITHGUNS:Z-41D Mk II:19:PLAID AIF-42C5B LRP_2:10:PLAID AIF-42C5B LRP
[BDArmory.BDACompetitionMode:197179074]: WHOSHOTWHOWITHGUNS:Z-41D Mk II_2:5:PLAID AIF-42C5B LRP:6:PLAID AIF-42C5B LRP_2
[BDArmory.BDACompetitionMode:197179074]: WHODAMAGEDWHOWITHGUNS:Z-41D Mk II:5331.7:PLAID AIF-42C5B LRP_2:2632.2:PLAID AIF-42C5B LRP
[BDArmory.BDACompetitionMode:197179074]: WHODAMAGEDWHOWITHGUNS:Z-41D Mk II_2:1206.1:PLAID AIF-42C5B LRP:1179.6:PLAID AIF-42C5B LRP_2
[BDArmory.BDACompetitionMode:197179074]: WHOHITWHOWITHMISSILES:Z-41D Mk II:1:PLAID AIF-42C5B LRP_2:2:PLAID AIF-42C5B LRP
[BDArmory.BDACompetitionMode:197179074]: WHOHITWHOWITHMISSILES:Z-41D Mk II_1:2:PLAID AIF-42C5B LRP:1:PLAID AIF-42C5B LRP_1
[BDArmory.BDACompetitionMode:197179074]: WHOHITWHOWITHMISSILES:Z-41D Mk II_2:1:PLAID AIF-42C5B LRP_1:1:PLAID AIF-42C5B LRP
[BDArmory.BDACompetitionMode:197179074]: WHOHITWHOWITHMISSILES:PLAID AIF-42C5B LRP_1:2:Z-41D Mk II_2:1:Z-41D Mk II_1:1:Z-41D Mk II
[BDArmory.BDACompetitionMode:197179074]: WHOHITWHOWITHMISSILES:PLAID AIF-42C5B LRP_2:1:Z-41D Mk II_2
[BDArmory.BDACompetitionMode:197179074]: WHOPARTSHITWHOWITHMISSILES:Z-41D Mk II:122:PLAID AIF-42C5B LRP_2:250:PLAID AIF-42C5B LRP
[BDArmory.BDACompetitionMode:197179074]: WHOPARTSHITWHOWITHMISSILES:Z-41D Mk II_1:224:PLAID AIF-42C5B LRP:134:PLAID AIF-42C5B LRP_1
[BDArmory.BDACompetitionMode:197179074]: WHOPARTSHITWHOWITHMISSILES:Z-41D Mk II_2:40:PLAID AIF-42C5B LRP_1:118:PLAID AIF-42C5B LRP
[BDArmory.BDACompetitionMode:197179074]: WHOPARTSHITWHOWITHMISSILES:PLAID AIF-42C5B LRP_1:83:Z-41D Mk II_2:69:Z-41D Mk II_1:9:Z-41D Mk II
[BDArmory.BDACompetitionMode:197179074]: WHOPARTSHITWHOWITHMISSILES:PLAID AIF-42C5B LRP_2:73:Z-41D Mk II_2
[BDArmory.BDACompetitionMode:197179074]: WHODAMAGEDWHOWITHMISSILES:Z-41D Mk II:75433.2:PLAID AIF-42C5B LRP
[BDArmory.BDACompetitionMode:197179074]: WHODAMAGEDWHOWITHMISSILES:Z-41D Mk II_1:50620.6:PLAID AIF-42C5B LRP
[BDArmory.BDACompetitionMode:197179074]: WHODAMAGEDWHOWITHMISSILES:Z-41D Mk II_2:43557.0:PLAID AIF-42C5B LRP
[BDArmory.BDACompetitionMode:197179074]: WHODAMAGEDWHOWITHMISSILES:PLAID AIF-42C5B LRP_1:7740.7:Z-41D Mk II_2:259031.5:Z-41D Mk II_1:3248.6:Z-41D Mk II
[BDArmory.BDACompetitionMode:197179074]: WHODAMAGEDWHOWITHMISSILES:PLAID AIF-42C5B LRP_2:19858.5:Z-41D Mk II_2
[BDArmory.BDACompetitionMode:197179074]: WHODAMAGEDWHOWITHBATTLEDAMAGE:Z-41D Mk II:45.2:PLAID AIF-42C5B LRP:9918.6:PLAID AIF-42C5B LRP_2
[BDArmory.BDACompetitionMode:197179074]: WHODAMAGEDWHOWITHBATTLEDAMAGE:Z-41D Mk II_1:50.1:PLAID AIF-42C5B LRP
[BDArmory.BDACompetitionMode:197179074]: WHODAMAGEDWHOWITHBATTLEDAMAGE:Z-41D Mk II_2:1.0:PLAID AIF-42C5B LRP
[BDArmory.BDACompetitionMode:197179074]: WHODAMAGEDWHOWITHBATTLEDAMAGE:PLAID AIF-42C5B LRP_1:0.1:Z-41D Mk II_2
[BDArmory.BDACompetitionMode:197179074]: KILLSTEALGUNS:Z-41D Mk II:PLAID AIF-42C5B LRP_2
[BDArmory.BDACompetitionMode:197179074]: HEADSHOTMISSILES:Z-41D Mk II_1:PLAID AIF-42C5B LRP
[BDArmory.BDACompetitionMode:197179074]: HEADSHOTGUNS:Z-41D Mk II_2:PLAID AIF-42C5B LRP
[BDArmory.BDACompetitionMode:197179074]: HPLEFT:Z-41D Mk II:0
[BDArmory.BDACompetitionMode:197179074]: HPLEFT:Z-41D Mk II_1:0
[BDArmory.BDACompetitionMode:197179074]: HPLEFT:Z-41D Mk II_2:0
[BDArmory.BDACompetitionMode:197179074]: HPLEFT:PLAID AIF-42C5B LRP:100
[BDArmory.BDACompetitionMode:197179074]: HPLEFT:PLAID AIF-42C5B LRP_1:13.75
[BDArmory.BDACompetitionMode:197179074]: HPLEFT:PLAID AIF-42C5B LRP_2:70
[BDArmory.BDACompetitionMode:197179074]: ACCURACY:Z-41D Mk II:0/0:0/0
[BDArmory.BDACompetitionMode:197179074]: ACCURACY:Z-41D Mk II_1:0/0:0/0
[BDArmory.BDACompetitionMode:197179074]: ACCURACY:Z-41D Mk II_2:0/0:0/0
[BDArmory.BDACompetitionMode:197179074]: ACCURACY:PLAID AIF-42C5B LRP:15/234:0/0
[BDArmory.BDACompetitionMode:197179074]: ACCURACY:PLAID AIF-42C5B LRP_1:0/0:0/0
[BDArmory.BDACompetitionMode:197179074]: ACCURACY:PLAID AIF-42C5B LRP_2:25/215:0/0
