[BDArmory.BDACompetitionMode:197198017]: Dumping Results after 95s (of 0s) at 2026-04-01 09:17:53 -04:00
[BDArmory.BDACompetitionMode:197198017]: RESULT:Win:{"team": "PLAID AIF-42C5B LRP", "members": ["PLAID AIF-42C5B LRP", "PLAID AIF-42C5B LRP_1", "PLAID AIF-42C5B LRP_2"]}
[BDArmory.BDACompetitionMode:197198017]: DEADTEAMS:[{"team": "PLAID AIF-42C5D LRP", "members": ["PLAID AIF-42C5D LRP", "PLAID AIF-42C5D LRP_1", "PLAID AIF-42C5D LRP_2"]}]
[BDArmory.BDACompetitionMode:197198017]: ALIVE:PLAID AIF-42C5B LRP
[BDArmory.BDACompetitionMode:197198017]: ALIVE:PLAID AIF-42C5B LRP_1
[BDArmory.BDACompetitionMode:197198017]: ALIVE:PLAID AIF-42C5B LRP_2
[BDArmory.BDACompetitionMode:197198017]: DEAD:1:76.0:PLAID AIF-42C5D LRP
[BDArmory.BDACompetitionMode:197198017]: DEAD:2:84.0:PLAID AIF-42C5D LRP_1
[BDArmory.BDACompetitionMode:197198017]: DEAD:0:71.9:PLAID AIF-42C5D LRP_2
[BDArmory.BDACompetitionMode:197198017]: WHOSHOTWHOWITHGUNS:PLAID AIF-42C5D LRP:29:PLAID AIF-42C5B LRP
[BDArmory.BDACompetitionMode:197198017]: WHOSHOTWHOWITHGUNS:PLAID AIF-42C5D LRP_1:7:PLAID AIF-42C5B LRP_1:1:PLAID AIF-42C5B LRP_2
[BDArmory.BDACompetitionMode:197198017]: WHODAMAGEDWHOWITHGUNS:PLAID AIF-42C5D LRP:6337.3:PLAID AIF-42C5B LRP
[BDArmory.BDACompetitionMode:197198017]: WHODAMAGEDWHOWITHGUNS:PLAID AIF-42C5D LRP_1:1925.2:PLAID AIF-42C5B LRP_1:445.8:PLAID AIF-42C5B LRP_2
[BDArmory.BDACompetitionMode:197198017]: WHOHITWHOWITHMISSILES:PLAID AIF-42C5D LRP:1:PLAID AIF-42C5B LRP_1
[BDArmory.BDACompetitionMode:197198017]: WHOHITWHOWITHMISSILES:PLAID AIF-42C5D LRP_1:1:PLAID AIF-42C5B LRP_2
[BDArmory.BDACompetitionMode:197198017]: WHOHITWHOWITHMISSILES:PLAID AIF-42C5D LRP_2:1:PLAID AIF-42C5B LRP
[BDArmory.BDACompetitionMode:197198017]: WHOPARTSHITWHOWITHMISSILES:PLAID AIF-42C5D LRP:72:PLAID AIF-42C5B LRP_1
[BDArmory.BDACompetitionMode:197198017]: WHOPARTSHITWHOWITHMISSILES:PLAID AIF-42C5D LRP_1:66:PLAID AIF-42C5B LRP_2
[BDArmory.BDACompetitionMode:197198017]: WHOPARTSHITWHOWITHMISSILES:PLAID AIF-42C5D LRP_2:73:PLAID AIF-42C5B LRP
[BDArmory.BDACompetitionMode:197198017]: WHODAMAGEDWHOWITHMISSILES:PLAID AIF-42C5D LRP:1785.0:PLAID AIF-42C5B LRP_1
[BDArmory.BDACompetitionMode:197198017]: WHODAMAGEDWHOWITHMISSILES:PLAID AIF-42C5D LRP_1:11106.6:PLAID AIF-42C5B LRP_2
[BDArmory.BDACompetitionMode:197198017]: WHODAMAGEDWHOWITHMISSILES:PLAID AIF-42C5D LRP_2:43411.6:PLAID AIF-42C5B LRP
[BDArmory.BDACompetitionMode:197198017]: WHODAMAGEDWHOWITHBATTLEDAMAGE:PLAID AIF-42C5D LRP:79.5:PLAID AIF-42C5B LRP:10641.2:PLAID AIF-42C5D LRP
[BDArmory.BDACompetitionMode:197198017]: WHODAMAGEDWHOWITHBATTLEDAMAGE:PLAID AIF-42C5D LRP_1:18251.3:PLAID AIF-42C5B LRP_1:17.1:PLAID AIF-42C5B LRP_2
[BDArmory.BDACompetitionMode:197198017]: GMKILL:PLAID AIF-42C5D LRP_2:GM
[BDArmory.BDACompetitionMode:197198017]: KILLSTEALGUNS:PLAID AIF-42C5D LRP:PLAID AIF-42C5B LRP
[BDArmory.BDACompetitionMode:197198017]: KILLSTEALGUNS:PLAID AIF-42C5D LRP_1:PLAID AIF-42C5B LRP_1
[BDArmory.BDACompetitionMode:197198017]: HPLEFT:PLAID AIF-42C5D LRP:0
[BDArmory.BDACompetitionMode:197198017]: HPLEFT:PLAID AIF-42C5D LRP_1:0
[BDArmory.BDACompetitionMode:197198017]: HPLEFT:PLAID AIF-42C5D LRP_2:0
[BDArmory.BDACompetitionMode:197198017]: HPLEFT:PLAID AIF-42C5B LRP:100
[BDArmory.BDACompetitionMode:197198017]: HPLEFT:PLAID AIF-42C5B LRP_1:100
[BDArmory.BDACompetitionMode:197198017]: HPLEFT:PLAID AIF-42C5B LRP_2:100
[BDArmory.BDACompetitionMode:197198017]: ACCURACY:PLAID AIF-42C5D LRP:0/0:0/0
[BDArmory.BDACompetitionMode:197198017]: ACCURACY:PLAID AIF-42C5D LRP_1:0/0:0/0
[BDArmory.BDACompetitionMode:197198017]: ACCURACY:PLAID AIF-42C5D LRP_2:0/0:0/0
[BDArmory.BDACompetitionMode:197198017]: ACCURACY:PLAID AIF-42C5B LRP:29/120:0/0
[BDArmory.BDACompetitionMode:197198017]: ACCURACY:PLAID AIF-42C5B LRP_1:7/60:0/0
[BDArmory.BDACompetitionMode:197198017]: ACCURACY:PLAID AIF-42C5B LRP_2:1/45:0/0
