[BDArmory.BDACompetitionMode:196983764]: Dumping Results after 121s (of 0s) at 2026-03-29 21:45:19 -04:00
[BDArmory.BDACompetitionMode:196983764]: RESULT:Win:{"team": "PLAID AIF-42C5B LRP", "members": ["PLAID AIF-42C5B LRP", "PLAID AIF-42C5B LRP_1", "PLAID AIF-42C5B LRP_2"]}
[BDArmory.BDACompetitionMode:196983764]: DEADTEAMS:[{"team": "PLAID AIF-42C5B1 LRP", "members": ["PLAID AIF-42C5B1 LRP", "PLAID AIF-42C5B1 LRP_1", "PLAID AIF-42C5B1 LRP_2"]}]
[BDArmory.BDACompetitionMode:196983764]: ALIVE:PLAID AIF-42C5B LRP
[BDArmory.BDACompetitionMode:196983764]: ALIVE:PLAID AIF-42C5B LRP_1
[BDArmory.BDACompetitionMode:196983764]: ALIVE:PLAID AIF-42C5B LRP_2
[BDArmory.BDACompetitionMode:196983764]: DEAD:1:103.0:PLAID AIF-42C5B1 LRP
[BDArmory.BDACompetitionMode:196983764]: DEAD:0:68.0:PLAID AIF-42C5B1 LRP_1
[BDArmory.BDACompetitionMode:196983764]: DEAD:2:110.0:PLAID AIF-42C5B1 LRP_2
[BDArmory.BDACompetitionMode:196983764]: WHOSHOTWHOWITHGUNS:PLAID AIF-42C5B1 LRP:2:PLAID AIF-42C5B LRP_1:2:PLAID AIF-42C5B LRP
[BDArmory.BDACompetitionMode:196983764]: WHOSHOTWHOWITHGUNS:PLAID AIF-42C5B1 LRP_2:1:PLAID AIF-42C5B LRP_2
[BDArmory.BDACompetitionMode:196983764]: WHODAMAGEDWHOWITHGUNS:PLAID AIF-42C5B1 LRP:596.5:PLAID AIF-42C5B LRP_1:673.3:PLAID AIF-42C5B LRP
[BDArmory.BDACompetitionMode:196983764]: WHODAMAGEDWHOWITHGUNS:PLAID AIF-42C5B1 LRP_2:507.2:PLAID AIF-42C5B LRP_2
[BDArmory.BDACompetitionMode:196983764]: WHOHITWHOWITHMISSILES:PLAID AIF-42C5B1 LRP:3:PLAID AIF-42C5B LRP:2:PLAID AIF-42C5B LRP_2:2:PLAID AIF-42C5B LRP_1
[BDArmory.BDACompetitionMode:196983764]: WHOHITWHOWITHMISSILES:PLAID AIF-42C5B1 LRP_1:1:PLAID AIF-42C5B LRP
[BDArmory.BDACompetitionMode:196983764]: WHOHITWHOWITHMISSILES:PLAID AIF-42C5B1 LRP_2:3:PLAID AIF-42C5B LRP_2
[BDArmory.BDACompetitionMode:196983764]: WHOPARTSHITWHOWITHMISSILES:PLAID AIF-42C5B1 LRP:84:PLAID AIF-42C5B LRP:81:PLAID AIF-42C5B LRP_2:49:PLAID AIF-42C5B LRP_1
[BDArmory.BDACompetitionMode:196983764]: WHOPARTSHITWHOWITHMISSILES:PLAID AIF-42C5B1 LRP_1:72:PLAID AIF-42C5B LRP
[BDArmory.BDACompetitionMode:196983764]: WHOPARTSHITWHOWITHMISSILES:PLAID AIF-42C5B1 LRP_2:91:PLAID AIF-42C5B LRP_2
[BDArmory.BDACompetitionMode:196983764]: WHODAMAGEDWHOWITHMISSILES:PLAID AIF-42C5B1 LRP:46806.6:PLAID AIF-42C5B LRP_2:9319.5:PLAID AIF-42C5B LRP_1
[BDArmory.BDACompetitionMode:196983764]: WHODAMAGEDWHOWITHMISSILES:PLAID AIF-42C5B1 LRP_1:53327.9:PLAID AIF-42C5B LRP
[BDArmory.BDACompetitionMode:196983764]: WHODAMAGEDWHOWITHMISSILES:PLAID AIF-42C5B1 LRP_2:11404.3:PLAID AIF-42C5B LRP_2
[BDArmory.BDACompetitionMode:196983764]: KILLSTEALGUNS:PLAID AIF-42C5B1 LRP:PLAID AIF-42C5B LRP_1
[BDArmory.BDACompetitionMode:196983764]: CLEANKILLMISSILES:PLAID AIF-42C5B1 LRP_1:PLAID AIF-42C5B LRP
[BDArmory.BDACompetitionMode:196983764]: CLEANKILLGUNS:PLAID AIF-42C5B1 LRP_2:PLAID AIF-42C5B LRP_2
[BDArmory.BDACompetitionMode:196983764]: HPLEFT:PLAID AIF-42C5B LRP:100
[BDArmory.BDACompetitionMode:196983764]: HPLEFT:PLAID AIF-42C5B LRP_1:100
[BDArmory.BDACompetitionMode:196983764]: HPLEFT:PLAID AIF-42C5B LRP_2:100
[BDArmory.BDACompetitionMode:196983764]: HPLEFT:PLAID AIF-42C5B1 LRP:0
[BDArmory.BDACompetitionMode:196983764]: HPLEFT:PLAID AIF-42C5B1 LRP_1:0
[BDArmory.BDACompetitionMode:196983764]: HPLEFT:PLAID AIF-42C5B1 LRP_2:0
[BDArmory.BDACompetitionMode:196983764]: ACCURACY:PLAID AIF-42C5B LRP:2/14:0/0
[BDArmory.BDACompetitionMode:196983764]: ACCURACY:PLAID AIF-42C5B LRP_1:2/14:0/0
[BDArmory.BDACompetitionMode:196983764]: ACCURACY:PLAID AIF-42C5B LRP_2:1/25:0/0
[BDArmory.BDACompetitionMode:196983764]: ACCURACY:PLAID AIF-42C5B1 LRP:0/0:0/0
[BDArmory.BDACompetitionMode:196983764]: ACCURACY:PLAID AIF-42C5B1 LRP_1:0/0:0/0
[BDArmory.BDACompetitionMode:196983764]: ACCURACY:PLAID AIF-42C5B1 LRP_2:0/0:0/0
