[BDArmory.BDACompetitionMode:201151243]: Dumping Results after -106s (of 0s) at 2026-05-17 03:23:52 -04:00
[BDArmory.BDACompetitionMode:201151243]: RESULT:Win:{"team": "AIF-38C", "members": ["AIF-38C", "AIF-38C_1"]}
[BDArmory.BDACompetitionMode:201151243]: DEADTEAMS:[{"team": "AL-27 Kallistemon dev", "members": ["AL-27 Kallistemon dev", "AL-27 Kallistemon dev_1"]}]
[BDArmory.BDACompetitionMode:201151243]: ALIVE:AIF-38C
[BDArmory.BDACompetitionMode:201151243]: ALIVE:AIF-38C_1
[BDArmory.BDACompetitionMode:201151243]: DEAD:0:65.0:AL-27 Kallistemon dev
[BDArmory.BDACompetitionMode:201151243]: DEAD:1:99.0:AL-27 Kallistemon dev_1
[BDArmory.BDACompetitionMode:201151243]: WHOSHOTWHOWITHGUNS:AL-27 Kallistemon dev_1:44:AIF-38C_1:8:AIF-38C
[BDArmory.BDACompetitionMode:201151243]: WHODAMAGEDWHOWITHGUNS:AL-27 Kallistemon dev_1:13112.8:AIF-38C_1:2681.5:AIF-38C
[BDArmory.BDACompetitionMode:201151243]: WHOHITWHOWITHMISSILES:AL-27 Kallistemon dev:2:AIF-38C:2:AIF-38C_1
[BDArmory.BDACompetitionMode:201151243]: WHOHITWHOWITHMISSILES:AL-27 Kallistemon dev_1:1:AIF-38C
[BDArmory.BDACompetitionMode:201151243]: WHOHITWHOWITHMISSILES:AIF-38C:1:AL-27 Kallistemon dev_1
[BDArmory.BDACompetitionMode:201151243]: WHOPARTSHITWHOWITHMISSILES:AL-27 Kallistemon dev:170:AIF-38C:227:AIF-38C_1
[BDArmory.BDACompetitionMode:201151243]: WHOPARTSHITWHOWITHMISSILES:AL-27 Kallistemon dev_1:139:AIF-38C
[BDArmory.BDACompetitionMode:201151243]: WHOPARTSHITWHOWITHMISSILES:AIF-38C:94:AL-27 Kallistemon dev_1
[BDArmory.BDACompetitionMode:201151243]: WHODAMAGEDWHOWITHMISSILES:AL-27 Kallistemon dev:19801.1:AIF-38C:139471.8:AIF-38C_1
[BDArmory.BDACompetitionMode:201151243]: WHODAMAGEDWHOWITHMISSILES:AL-27 Kallistemon dev_1:2063.0:AIF-38C
[BDArmory.BDACompetitionMode:201151243]: WHODAMAGEDWHOWITHMISSILES:AIF-38C:5835.5:AL-27 Kallistemon dev_1
[BDArmory.BDACompetitionMode:201151243]: WHODAMAGEDWHOWITHBATTLEDAMAGE:AL-27 Kallistemon dev_1:137.1:AIF-38C_1:1248.5:AL-27 Kallistemon dev_1:0.5:AIF-38C
[BDArmory.BDACompetitionMode:201151243]: KILLSTEALMISSILES:AL-27 Kallistemon dev:AIF-38C
[BDArmory.BDACompetitionMode:201151243]: KILLSTEALGUNS:AL-27 Kallistemon dev_1:AIF-38C
[BDArmory.BDACompetitionMode:201151243]: HPLEFT:AL-27 Kallistemon dev:0
[BDArmory.BDACompetitionMode:201151243]: HPLEFT:AL-27 Kallistemon dev_1:0
[BDArmory.BDACompetitionMode:201151243]: HPLEFT:AIF-38C:94.2307692307692
[BDArmory.BDACompetitionMode:201151243]: HPLEFT:AIF-38C_1:100
[BDArmory.BDACompetitionMode:201151243]: ACCURACY:AL-27 Kallistemon dev:0/0:0/0
[BDArmory.BDACompetitionMode:201151243]: ACCURACY:AL-27 Kallistemon dev_1:0/11:0/0
[BDArmory.BDACompetitionMode:201151243]: ACCURACY:AIF-38C:8/162:0/0
[BDArmory.BDACompetitionMode:201151243]: ACCURACY:AIF-38C_1:44/134:0/0
