[BDArmory.BDACompetitionMode:196978613]: Dumping Results after 152s (of 0s) at 2026-03-29 20:21:12 -04:00
[BDArmory.BDACompetitionMode:196978613]: RESULT:Win:{"team": "PLAID AIF-42C5B LRP", "members": ["PLAID AIF-42C5B LRP", "PLAID AIF-42C5B LRP_1", "PLAID AIF-42C5B LRP_2", "PLAID AIF-42C5B LRP_3"]}
[BDArmory.BDACompetitionMode:196978613]: DEADTEAMS:[{"team": "AL-27 VVVV(3)", "members": ["AL-27 VVVV", "AL-27 VVVV_1", "AL-27 VVVV_2", "AL-27 VVVV_3"]}]
[BDArmory.BDACompetitionMode:196978613]: ALIVE:PLAID AIF-42C5B LRP
[BDArmory.BDACompetitionMode:196978613]: ALIVE:PLAID AIF-42C5B LRP_1
[BDArmory.BDACompetitionMode:196978613]: ALIVE:PLAID AIF-42C5B LRP_3
[BDArmory.BDACompetitionMode:196978613]: DEAD:3:115.0:PLAID AIF-42C5B LRP_2
[BDArmory.BDACompetitionMode:196978613]: DEAD:1:97.0:AL-27 VVVV
[BDArmory.BDACompetitionMode:196978613]: DEAD:0:66.0:AL-27 VVVV_1
[BDArmory.BDACompetitionMode:196978613]: DEAD:2:106.0:AL-27 VVVV_2
[BDArmory.BDACompetitionMode:196978613]: DEAD:4:140.0:AL-27 VVVV_3
[BDArmory.BDACompetitionMode:196978613]: WHOSHOTWHOWITHGUNS:AL-27 VVVV:1:PLAID AIF-42C5B LRP_2:20:PLAID AIF-42C5B LRP
[BDArmory.BDACompetitionMode:196978613]: WHOSHOTWHOWITHGUNS:AL-27 VVVV_2:6:PLAID AIF-42C5B LRP_3:21:PLAID AIF-42C5B LRP_1:3:PLAID AIF-42C5B LRP_2:2:PLAID AIF-42C5B LRP
[BDArmory.BDACompetitionMode:196978613]: WHOSHOTWHOWITHGUNS:AL-27 VVVV_3:7:PLAID AIF-42C5B LRP:5:PLAID AIF-42C5B LRP_2:6:PLAID AIF-42C5B LRP_1:8:PLAID AIF-42C5B LRP_3
[BDArmory.BDACompetitionMode:196978613]: WHODAMAGEDWHOWITHGUNS:PLAID AIF-42C5B LRP_1:0.0:PLAID AIF-42C5B LRP_3
[BDArmory.BDACompetitionMode:196978613]: WHODAMAGEDWHOWITHGUNS:AL-27 VVVV:96.3:PLAID AIF-42C5B LRP_2:4718.9:PLAID AIF-42C5B LRP
[BDArmory.BDACompetitionMode:196978613]: WHODAMAGEDWHOWITHGUNS:AL-27 VVVV_2:2244.9:PLAID AIF-42C5B LRP_3:8912.9:PLAID AIF-42C5B LRP_1:1156.4:PLAID AIF-42C5B LRP_2:498.6:PLAID AIF-42C5B LRP
[BDArmory.BDACompetitionMode:196978613]: WHODAMAGEDWHOWITHGUNS:AL-27 VVVV_3:4124.9:PLAID AIF-42C5B LRP:2321.2:PLAID AIF-42C5B LRP_2:1385.4:PLAID AIF-42C5B LRP_1:1893.9:PLAID AIF-42C5B LRP_3
[BDArmory.BDACompetitionMode:196978613]: WHOHITWHOWITHMISSILES:PLAID AIF-42C5B LRP_1:1:AL-27 VVVV_3
[BDArmory.BDACompetitionMode:196978613]: WHOHITWHOWITHMISSILES:PLAID AIF-42C5B LRP_2:2:AL-27 VVVV_2:1:PLAID AIF-42C5B LRP_1
[BDArmory.BDACompetitionMode:196978613]: WHOHITWHOWITHMISSILES:PLAID AIF-42C5B LRP_3:1:AL-27 VVVV_1
[BDArmory.BDACompetitionMode:196978613]: WHOHITWHOWITHMISSILES:AL-27 VVVV:1:PLAID AIF-42C5B LRP_2:2:PLAID AIF-42C5B LRP
[BDArmory.BDACompetitionMode:196978613]: WHOHITWHOWITHMISSILES:AL-27 VVVV_1:1:PLAID AIF-42C5B LRP_2
[BDArmory.BDACompetitionMode:196978613]: WHOHITWHOWITHMISSILES:AL-27 VVVV_2:1:PLAID AIF-42C5B LRP_2
[BDArmory.BDACompetitionMode:196978613]: WHOHITWHOWITHMISSILES:AL-27 VVVV_3:2:PLAID AIF-42C5B LRP_1
[BDArmory.BDACompetitionMode:196978613]: WHOPARTSHITWHOWITHMISSILES:PLAID AIF-42C5B LRP_1:76:AL-27 VVVV_3
[BDArmory.BDACompetitionMode:196978613]: WHOPARTSHITWHOWITHMISSILES:PLAID AIF-42C5B LRP_2:143:AL-27 VVVV_2:48:PLAID AIF-42C5B LRP_1
[BDArmory.BDACompetitionMode:196978613]: WHOPARTSHITWHOWITHMISSILES:PLAID AIF-42C5B LRP_3:73:AL-27 VVVV_1
[BDArmory.BDACompetitionMode:196978613]: WHOPARTSHITWHOWITHMISSILES:AL-27 VVVV:69:PLAID AIF-42C5B LRP_2:90:PLAID AIF-42C5B LRP
[BDArmory.BDACompetitionMode:196978613]: WHOPARTSHITWHOWITHMISSILES:AL-27 VVVV_1:135:PLAID AIF-42C5B LRP_2
[BDArmory.BDACompetitionMode:196978613]: WHOPARTSHITWHOWITHMISSILES:AL-27 VVVV_2:33:PLAID AIF-42C5B LRP_2
[BDArmory.BDACompetitionMode:196978613]: WHOPARTSHITWHOWITHMISSILES:AL-27 VVVV_3:91:PLAID AIF-42C5B LRP_1
[BDArmory.BDACompetitionMode:196978613]: WHODAMAGEDWHOWITHMISSILES:PLAID AIF-42C5B LRP_2:11333.9:AL-27 VVVV_2:12344.5:PLAID AIF-42C5B LRP_1
[BDArmory.BDACompetitionMode:196978613]: WHODAMAGEDWHOWITHMISSILES:PLAID AIF-42C5B LRP_3:23285.7:AL-27 VVVV_1
[BDArmory.BDACompetitionMode:196978613]: WHODAMAGEDWHOWITHMISSILES:AL-27 VVVV:14384.8:PLAID AIF-42C5B LRP_2:10191.2:PLAID AIF-42C5B LRP
[BDArmory.BDACompetitionMode:196978613]: WHODAMAGEDWHOWITHMISSILES:AL-27 VVVV_1:40410.2:PLAID AIF-42C5B LRP_2
[BDArmory.BDACompetitionMode:196978613]: WHODAMAGEDWHOWITHMISSILES:AL-27 VVVV_2:2087.6:PLAID AIF-42C5B LRP_2
[BDArmory.BDACompetitionMode:196978613]: WHODAMAGEDWHOWITHMISSILES:AL-27 VVVV_3:11633.6:PLAID AIF-42C5B LRP_1
[BDArmory.BDACompetitionMode:196978613]: WHORAMMEDWHO:AL-27 VVVV_3:90:PLAID AIF-42C5B LRP
[BDArmory.BDACompetitionMode:196978613]: WHODAMAGEDWHOWITHBATTLEDAMAGE:AL-27 VVVV:32.8:PLAID AIF-42C5B LRP_2:8965.3:AL-27 VVVV:28528.4:PLAID AIF-42C5B LRP
[BDArmory.BDACompetitionMode:196978613]: WHODAMAGEDWHOWITHBATTLEDAMAGE:AL-27 VVVV_2:26.3:PLAID AIF-42C5B LRP_3:60.7:PLAID AIF-42C5B LRP_1:34285.4:AL-27 VVVV_2:0.3:PLAID AIF-42C5B LRP_2
[BDArmory.BDACompetitionMode:196978613]: WHODAMAGEDWHOWITHBATTLEDAMAGE:AL-27 VVVV_3:261.0:PLAID AIF-42C5B LRP:8583.5:AL-27 VVVV_3:2.5:PLAID AIF-42C5B LRP_1
[BDArmory.BDACompetitionMode:196978613]: GMKILL:AL-27 VVVV_3:LandedTooLong
[BDArmory.BDACompetitionMode:196978613]: HEADSHOTGUNS:AL-27 VVVV:PLAID AIF-42C5B LRP
[BDArmory.BDACompetitionMode:196978613]: CLEANKILLMISSILES:AL-27 VVVV_1:PLAID AIF-42C5B LRP_2
[BDArmory.BDACompetitionMode:196978613]: KILLSTEALGUNS:AL-27 VVVV_2:PLAID AIF-42C5B LRP
[BDArmory.BDACompetitionMode:196978613]: HPLEFT:PLAID AIF-42C5B LRP:100
[BDArmory.BDACompetitionMode:196978613]: HPLEFT:PLAID AIF-42C5B LRP_1:100
[BDArmory.BDACompetitionMode:196978613]: HPLEFT:PLAID AIF-42C5B LRP_2:0
[BDArmory.BDACompetitionMode:196978613]: HPLEFT:PLAID AIF-42C5B LRP_3:76.25
[BDArmory.BDACompetitionMode:196978613]: HPLEFT:AL-27 VVVV:0
[BDArmory.BDACompetitionMode:196978613]: HPLEFT:AL-27 VVVV_1:0
[BDArmory.BDACompetitionMode:196978613]: HPLEFT:AL-27 VVVV_2:0
[BDArmory.BDACompetitionMode:196978613]: HPLEFT:AL-27 VVVV_3:0
[BDArmory.BDACompetitionMode:196978613]: ACCURACY:PLAID AIF-42C5B LRP:29/216:0/0
[BDArmory.BDACompetitionMode:196978613]: ACCURACY:PLAID AIF-42C5B LRP_1:27/210:0/0
[BDArmory.BDACompetitionMode:196978613]: ACCURACY:PLAID AIF-42C5B LRP_2:9/238:0/0
[BDArmory.BDACompetitionMode:196978613]: ACCURACY:PLAID AIF-42C5B LRP_3:14/208:0/0
[BDArmory.BDACompetitionMode:196978613]: ACCURACY:AL-27 VVVV:0/0:0/0
[BDArmory.BDACompetitionMode:196978613]: ACCURACY:AL-27 VVVV_1:0/0:0/0
[BDArmory.BDACompetitionMode:196978613]: ACCURACY:AL-27 VVVV_2:0/12:0/0
[BDArmory.BDACompetitionMode:196978613]: ACCURACY:AL-27 VVVV_3:0/0:0/0
