[BDArmory.BDACompetitionMode:196579387]: Dumping Results after 106s (of 0s) at 2026-03-25 05:25:24 -04:00
[BDArmory.BDACompetitionMode:196579387]: RESULT:Win:{"team": "PLAID AIF-42C4 LRP", "members": ["PLAID AIF-42C4 LRP", "PLAID AIF-42C4 LRP_1", "PLAID AIF-42C4 LRP_2"]}
[BDArmory.BDACompetitionMode:196579387]: DEADTEAMS:[{"team": "LF-03 Avaria Mk11", "members": ["LF-03 Avaria Mk11", "LF-03 Avaria Mk11_1", "LF-03 Avaria Mk11_2"]}]
[BDArmory.BDACompetitionMode:196579387]: ALIVE:PLAID AIF-42C4 LRP
[BDArmory.BDACompetitionMode:196579387]: ALIVE:PLAID AIF-42C4 LRP_2
[BDArmory.BDACompetitionMode:196579387]: MIA:PLAID AIF-42C4 LRP_1
[BDArmory.BDACompetitionMode:196579387]: DEAD:1:88.0:LF-03 Avaria Mk11
[BDArmory.BDACompetitionMode:196579387]: DEAD:2:95.0:LF-03 Avaria Mk11_1
[BDArmory.BDACompetitionMode:196579387]: DEAD:0:86.0:LF-03 Avaria Mk11_2
[BDArmory.BDACompetitionMode:196579387]: WHOSHOTWHOWITHGUNS:PLAID AIF-42C4 LRP_1:10:LF-03 Avaria Mk11
[BDArmory.BDACompetitionMode:196579387]: WHOSHOTWHOWITHGUNS:LF-03 Avaria Mk11:18:PLAID AIF-42C4 LRP_2
[BDArmory.BDACompetitionMode:196579387]: WHOSHOTWHOWITHGUNS:LF-03 Avaria Mk11_2:23:PLAID AIF-42C4 LRP
[BDArmory.BDACompetitionMode:196579387]: WHODAMAGEDWHOWITHGUNS:PLAID AIF-42C4 LRP_1:5615.9:LF-03 Avaria Mk11
[BDArmory.BDACompetitionMode:196579387]: WHODAMAGEDWHOWITHGUNS:LF-03 Avaria Mk11:5226.0:PLAID AIF-42C4 LRP_2
[BDArmory.BDACompetitionMode:196579387]: WHODAMAGEDWHOWITHGUNS:LF-03 Avaria Mk11_2:5584.9:PLAID AIF-42C4 LRP
[BDArmory.BDACompetitionMode:196579387]: WHOHITWHOWITHMISSILES:PLAID AIF-42C4 LRP_2:1:LF-03 Avaria Mk11_2
[BDArmory.BDACompetitionMode:196579387]: WHOHITWHOWITHMISSILES:LF-03 Avaria Mk11:2:PLAID AIF-42C4 LRP_2
[BDArmory.BDACompetitionMode:196579387]: WHOHITWHOWITHMISSILES:LF-03 Avaria Mk11_1:1:PLAID AIF-42C4 LRP_1
[BDArmory.BDACompetitionMode:196579387]: WHOHITWHOWITHMISSILES:LF-03 Avaria Mk11_2:1:PLAID AIF-42C4 LRP
[BDArmory.BDACompetitionMode:196579387]: WHOPARTSHITWHOWITHMISSILES:PLAID AIF-42C4 LRP_2:75:LF-03 Avaria Mk11_2
[BDArmory.BDACompetitionMode:196579387]: WHOPARTSHITWHOWITHMISSILES:LF-03 Avaria Mk11:80:PLAID AIF-42C4 LRP_2
[BDArmory.BDACompetitionMode:196579387]: WHOPARTSHITWHOWITHMISSILES:LF-03 Avaria Mk11_1:46:PLAID AIF-42C4 LRP_1
[BDArmory.BDACompetitionMode:196579387]: WHOPARTSHITWHOWITHMISSILES:LF-03 Avaria Mk11_2:34:PLAID AIF-42C4 LRP
[BDArmory.BDACompetitionMode:196579387]: WHODAMAGEDWHOWITHMISSILES:LF-03 Avaria Mk11:10205.6:PLAID AIF-42C4 LRP_2
[BDArmory.BDACompetitionMode:196579387]: WHODAMAGEDWHOWITHMISSILES:LF-03 Avaria Mk11_1:35441.6:PLAID AIF-42C4 LRP_1
[BDArmory.BDACompetitionMode:196579387]: WHODAMAGEDWHOWITHMISSILES:LF-03 Avaria Mk11_2:9173.8:PLAID AIF-42C4 LRP
[BDArmory.BDACompetitionMode:196579387]: WHODAMAGEDWHOWITHBATTLEDAMAGE:PLAID AIF-42C4 LRP_1:1010.0:LF-03 Avaria Mk11:10553.1:PLAID AIF-42C4 LRP_1
[BDArmory.BDACompetitionMode:196579387]: WHODAMAGEDWHOWITHBATTLEDAMAGE:LF-03 Avaria Mk11:17199.5:PLAID AIF-42C4 LRP_2
[BDArmory.BDACompetitionMode:196579387]: WHODAMAGEDWHOWITHBATTLEDAMAGE:LF-03 Avaria Mk11_2:37124.6:PLAID AIF-42C4 LRP
[BDArmory.BDACompetitionMode:196579387]: CLEANKILLGUNS:LF-03 Avaria Mk11:PLAID AIF-42C4 LRP_2
[BDArmory.BDACompetitionMode:196579387]: CLEANKILLGUNS:LF-03 Avaria Mk11_2:PLAID AIF-42C4 LRP
[BDArmory.BDACompetitionMode:196579387]: HPLEFT:PLAID AIF-42C4 LRP:100
[BDArmory.BDACompetitionMode:196579387]: HPLEFT:PLAID AIF-42C4 LRP_1:17.8571428571429
[BDArmory.BDACompetitionMode:196579387]: HPLEFT:PLAID AIF-42C4 LRP_2:100
[BDArmory.BDACompetitionMode:196579387]: HPLEFT:LF-03 Avaria Mk11:0
[BDArmory.BDACompetitionMode:196579387]: HPLEFT:LF-03 Avaria Mk11_1:0
[BDArmory.BDACompetitionMode:196579387]: HPLEFT:LF-03 Avaria Mk11_2:0
[BDArmory.BDACompetitionMode:196579387]: ACCURACY:PLAID AIF-42C4 LRP:23/205:0/0
[BDArmory.BDACompetitionMode:196579387]: ACCURACY:PLAID AIF-42C4 LRP_1:0/14:0/0
[BDArmory.BDACompetitionMode:196579387]: ACCURACY:PLAID AIF-42C4 LRP_2:18/152:0/0
[BDArmory.BDACompetitionMode:196579387]: ACCURACY:LF-03 Avaria Mk11:10/225:0/0
[BDArmory.BDACompetitionMode:196579387]: ACCURACY:LF-03 Avaria Mk11_1:0/0:0/0
[BDArmory.BDACompetitionMode:196579387]: ACCURACY:LF-03 Avaria Mk11_2:0/0:0/0
