[BDArmory.BDACompetitionMode:199414174]: Dumping Results after 119s (of 0s) at 2026-04-27 00:52:14 -04:00
[BDArmory.BDACompetitionMode:199414174]: RESULT:Win:{"team": "AIF-38", "members": ["AIF-38", "AIF-38_1"]}
[BDArmory.BDACompetitionMode:199414174]: DEADTEAMS:[{"team": "Q-08C Charkhzan", "members": ["Q-08C Charkhzan", "Q-08C Charkhzan_1"]}]
[BDArmory.BDACompetitionMode:199414174]: ALIVE:AIF-38_1
[BDArmory.BDACompetitionMode:199414174]: DEAD:2:119.0:AIF-38
[BDArmory.BDACompetitionMode:199414174]: DEAD:1:65.0:Q-08C Charkhzan
[BDArmory.BDACompetitionMode:199414174]: DEAD:0:53.0:Q-08C Charkhzan_1
[BDArmory.BDACompetitionMode:199414174]: WHOSHOTWHOWITHGUNS:AIF-38:56:AIF-38_1
[BDArmory.BDACompetitionMode:199414174]: WHOSHOTWHOWITHGUNS:AIF-38_1:4:AIF-38
[BDArmory.BDACompetitionMode:199414174]: WHOSHOTWHOWITHGUNS:Q-08C Charkhzan:14:AIF-38
[BDArmory.BDACompetitionMode:199414174]: WHODAMAGEDWHOWITHGUNS:AIF-38:17043.1:AIF-38_1
[BDArmory.BDACompetitionMode:199414174]: WHODAMAGEDWHOWITHGUNS:AIF-38_1:1362.0:AIF-38
[BDArmory.BDACompetitionMode:199414174]: WHODAMAGEDWHOWITHGUNS:Q-08C Charkhzan:7742.0:AIF-38
[BDArmory.BDACompetitionMode:199414174]: WHOHITWHOWITHMISSILES:Q-08C Charkhzan_1:1:AIF-38
[BDArmory.BDACompetitionMode:199414174]: WHOPARTSHITWHOWITHMISSILES:Q-08C Charkhzan_1:51:AIF-38
[BDArmory.BDACompetitionMode:199414174]: WHODAMAGEDWHOWITHMISSILES:Q-08C Charkhzan_1:83681.5:AIF-38
[BDArmory.BDACompetitionMode:199414174]: WHODAMAGEDWHOWITHBATTLEDAMAGE:AIF-38:10462.2:AIF-38_1
[BDArmory.BDACompetitionMode:199414174]: WHODAMAGEDWHOWITHBATTLEDAMAGE:AIF-38_1:50.1:AIF-38
[BDArmory.BDACompetitionMode:199414174]: WHODAMAGEDWHOWITHBATTLEDAMAGE:Q-08C Charkhzan:210.1:AIF-38
[BDArmory.BDACompetitionMode:199414174]: CLEANKILLGUNS:AIF-38:AIF-38_1
[BDArmory.BDACompetitionMode:199414174]: CLEANKILLGUNS:Q-08C Charkhzan:AIF-38
[BDArmory.BDACompetitionMode:199414174]: CLEANKILLMISSILES:Q-08C Charkhzan_1:AIF-38
[BDArmory.BDACompetitionMode:199414174]: HPLEFT:AIF-38:0
[BDArmory.BDACompetitionMode:199414174]: HPLEFT:AIF-38_1:100
[BDArmory.BDACompetitionMode:199414174]: HPLEFT:Q-08C Charkhzan:0
[BDArmory.BDACompetitionMode:199414174]: HPLEFT:Q-08C Charkhzan_1:0
[BDArmory.BDACompetitionMode:199414174]: ACCURACY:AIF-38:18/68:0/0
[BDArmory.BDACompetitionMode:199414174]: ACCURACY:AIF-38_1:56/274:0/0
[BDArmory.BDACompetitionMode:199414174]: ACCURACY:Q-08C Charkhzan:0/0:0/0
[BDArmory.BDACompetitionMode:199414174]: ACCURACY:Q-08C Charkhzan_1:0/0:0/0
