[BDArmory.BDACompetitionMode:196025123]: Dumping Results after -14s (of 0s) at 2026-03-18 19:27:32 -04:00
[BDArmory.BDACompetitionMode:196025123]: RESULT:Win:{"team": "PLAID AIF-42C2 LRP", "members": ["PLAID AIF-42C2 LRP", "PLAID AIF-42C2 LRP_1", "PLAID AIF-42C2 LRP_2"]}
[BDArmory.BDACompetitionMode:196025123]: DEADTEAMS:[{"team": "PLAID AIF-42C5B LRP", "members": ["PLAID AIF-42C5A LRP", "PLAID AIF-42C5A LRP_1", "PLAID AIF-42C5A LRP_2"]}]
[BDArmory.BDACompetitionMode:196025123]: ALIVE:PLAID AIF-42C2 LRP_2
[BDArmory.BDACompetitionMode:196025123]: MIA:PLAID AIF-42C2 LRP
[BDArmory.BDACompetitionMode:196025123]: MIA:PLAID AIF-42C2 LRP_1
[BDArmory.BDACompetitionMode:196025123]: DEAD:2:109.0:PLAID AIF-42C5A LRP
[BDArmory.BDACompetitionMode:196025123]: DEAD:0:97.0:PLAID AIF-42C5A LRP_1
[BDArmory.BDACompetitionMode:196025123]: DEAD:1:105.0:PLAID AIF-42C5A LRP_2
[BDArmory.BDACompetitionMode:196025123]: WHOSHOTWHOWITHGUNS:PLAID AIF-42C2 LRP_1:7:PLAID AIF-42C5A LRP_2
[BDArmory.BDACompetitionMode:196025123]: WHOSHOTWHOWITHGUNS:PLAID AIF-42C5A LRP_1:19:PLAID AIF-42C2 LRP_1:1:PLAID AIF-42C2 LRP_2
[BDArmory.BDACompetitionMode:196025123]: WHOSHOTWHOWITHGUNS:PLAID AIF-42C5A LRP_2:11:PLAID AIF-42C2 LRP_2:7:PLAID AIF-42C2 LRP_1
[BDArmory.BDACompetitionMode:196025123]: WHODAMAGEDWHOWITHGUNS:PLAID AIF-42C2 LRP_1:1599.0:PLAID AIF-42C5A LRP_2
[BDArmory.BDACompetitionMode:196025123]: WHODAMAGEDWHOWITHGUNS:PLAID AIF-42C5A LRP_1:4979.6:PLAID AIF-42C2 LRP_1:287.7:PLAID AIF-42C2 LRP_2
[BDArmory.BDACompetitionMode:196025123]: WHODAMAGEDWHOWITHGUNS:PLAID AIF-42C5A LRP_2:4860.9:PLAID AIF-42C2 LRP_2:2006.3:PLAID AIF-42C2 LRP_1
[BDArmory.BDACompetitionMode:196025123]: WHOHITWHOWITHMISSILES:PLAID AIF-42C2 LRP:1:PLAID AIF-42C5A LRP_2
[BDArmory.BDACompetitionMode:196025123]: WHOHITWHOWITHMISSILES:PLAID AIF-42C5A LRP:1:PLAID AIF-42C2 LRP_1:1:PLAID AIF-42C2 LRP
[BDArmory.BDACompetitionMode:196025123]: WHOHITWHOWITHMISSILES:PLAID AIF-42C5A LRP_1:1:PLAID AIF-42C2 LRP_1:2:PLAID AIF-42C2 LRP_2
[BDArmory.BDACompetitionMode:196025123]: WHOHITWHOWITHMISSILES:PLAID AIF-42C5A LRP_2:1:PLAID AIF-42C2 LRP_1
[BDArmory.BDACompetitionMode:196025123]: WHOPARTSHITWHOWITHMISSILES:PLAID AIF-42C2 LRP:74:PLAID AIF-42C5A LRP_2
[BDArmory.BDACompetitionMode:196025123]: WHOPARTSHITWHOWITHMISSILES:PLAID AIF-42C5A LRP:67:PLAID AIF-42C2 LRP_1:59:PLAID AIF-42C2 LRP
[BDArmory.BDACompetitionMode:196025123]: WHOPARTSHITWHOWITHMISSILES:PLAID AIF-42C5A LRP_1:76:PLAID AIF-42C2 LRP_1:135:PLAID AIF-42C2 LRP_2
[BDArmory.BDACompetitionMode:196025123]: WHOPARTSHITWHOWITHMISSILES:PLAID AIF-42C5A LRP_2:10:PLAID AIF-42C2 LRP_1
[BDArmory.BDACompetitionMode:196025123]: WHODAMAGEDWHOWITHMISSILES:PLAID AIF-42C2 LRP:31178.9:PLAID AIF-42C5A LRP_2
[BDArmory.BDACompetitionMode:196025123]: WHODAMAGEDWHOWITHMISSILES:PLAID AIF-42C5A LRP:1232.1:PLAID AIF-42C2 LRP_1:59854.5:PLAID AIF-42C2 LRP
[BDArmory.BDACompetitionMode:196025123]: WHODAMAGEDWHOWITHMISSILES:PLAID AIF-42C5A LRP_1:44122.2:PLAID AIF-42C2 LRP_2
[BDArmory.BDACompetitionMode:196025123]: WHODAMAGEDWHOWITHMISSILES:PLAID AIF-42C5A LRP_2:18264.2:PLAID AIF-42C2 LRP_1
[BDArmory.BDACompetitionMode:196025123]: WHODAMAGEDWHOWITHBATTLEDAMAGE:PLAID AIF-42C2 LRP_1:599.7:PLAID AIF-42C5A LRP_2
[BDArmory.BDACompetitionMode:196025123]: WHODAMAGEDWHOWITHBATTLEDAMAGE:PLAID AIF-42C5A LRP_1:77.4:PLAID AIF-42C2 LRP_1:11433.9:PLAID AIF-42C5A LRP_1:0.2:PLAID AIF-42C2 LRP_2
[BDArmory.BDACompetitionMode:196025123]: WHODAMAGEDWHOWITHBATTLEDAMAGE:PLAID AIF-42C5A LRP_2:436.3:PLAID AIF-42C2 LRP_2:19.9:PLAID AIF-42C2 LRP_1:14319.6:PLAID AIF-42C5A LRP_2
[BDArmory.BDACompetitionMode:196025123]: KILLSTEALGUNS:PLAID AIF-42C5A LRP_1:PLAID AIF-42C2 LRP_2
[BDArmory.BDACompetitionMode:196025123]: HEADSHOTMISSILES:PLAID AIF-42C5A LRP_2:PLAID AIF-42C2 LRP_1
[BDArmory.BDACompetitionMode:196025123]: HPLEFT:PLAID AIF-42C2 LRP:16.6666666666667
[BDArmory.BDACompetitionMode:196025123]: HPLEFT:PLAID AIF-42C2 LRP_1:0
[BDArmory.BDACompetitionMode:196025123]: HPLEFT:PLAID AIF-42C2 LRP_2:100
[BDArmory.BDACompetitionMode:196025123]: HPLEFT:PLAID AIF-42C5A LRP:0
[BDArmory.BDACompetitionMode:196025123]: HPLEFT:PLAID AIF-42C5A LRP_1:0
[BDArmory.BDACompetitionMode:196025123]: HPLEFT:PLAID AIF-42C5A LRP_2:0
[BDArmory.BDACompetitionMode:196025123]: ACCURACY:PLAID AIF-42C2 LRP:0/0:0/0
[BDArmory.BDACompetitionMode:196025123]: ACCURACY:PLAID AIF-42C2 LRP_1:26/91:0/0
[BDArmory.BDACompetitionMode:196025123]: ACCURACY:PLAID AIF-42C2 LRP_2:12/80:0/0
[BDArmory.BDACompetitionMode:196025123]: ACCURACY:PLAID AIF-42C5A LRP:0/0:0/0
[BDArmory.BDACompetitionMode:196025123]: ACCURACY:PLAID AIF-42C5A LRP_1:0/0:0/0
[BDArmory.BDACompetitionMode:196025123]: ACCURACY:PLAID AIF-42C5A LRP_2:7/79:0/0
