[BDArmory.BDACompetitionMode:199418052]: Dumping Results after 105s (of 0s) at 2026-04-27 01:58:06 -04:00
[BDArmory.BDACompetitionMode:199418052]: RESULT:Win:{"team": "AIF-38", "members": ["AIF-38", "AIF-38_1", "AIF-38_2"]}
[BDArmory.BDACompetitionMode:199418052]: DEADTEAMS:[{"team": "K-60 _Caraxes_ NWO 6", "members": ["K-60 \"Caraxes\" NWO 6", "K-60 \"Caraxes\" NWO 6_1", "K-60 \"Caraxes\" NWO 6_2"]}]
[BDArmory.BDACompetitionMode:199418052]: ALIVE:AIF-38
[BDArmory.BDACompetitionMode:199418052]: ALIVE:AIF-38_1
[BDArmory.BDACompetitionMode:199418052]: DEAD:1:86.7:K-60 "Caraxes" NWO 6
[BDArmory.BDACompetitionMode:199418052]: DEAD:0:82.0:K-60 "Caraxes" NWO 6_1
[BDArmory.BDACompetitionMode:199418052]: DEAD:2:95.0:K-60 "Caraxes" NWO 6_2
[BDArmory.BDACompetitionMode:199418052]: MIA:AIF-38_2
[BDArmory.BDACompetitionMode:199418052]: WHOSHOTWHOWITHGUNS:K-60 "Caraxes" NWO 6:19:AIF-38_1:22:AIF-38
[BDArmory.BDACompetitionMode:199418052]: WHOSHOTWHOWITHGUNS:K-60 "Caraxes" NWO 6_2:1:AIF-38_2:12:AIF-38_1
[BDArmory.BDACompetitionMode:199418052]: WHOSHOTWHOWITHGUNS:AIF-38_1:36:K-60 "Caraxes" NWO 6_2
[BDArmory.BDACompetitionMode:199418052]: WHOSHOTWHOWITHGUNS:AIF-38_2:4:K-60 "Caraxes" NWO 6
[BDArmory.BDACompetitionMode:199418052]: WHODAMAGEDWHOWITHGUNS:K-60 "Caraxes" NWO 6:5881.5:AIF-38_1:5958.4:AIF-38
[BDArmory.BDACompetitionMode:199418052]: WHODAMAGEDWHOWITHGUNS:K-60 "Caraxes" NWO 6_2:362.7:AIF-38_2:3043.1:AIF-38_1
[BDArmory.BDACompetitionMode:199418052]: WHODAMAGEDWHOWITHGUNS:AIF-38_1:5149.2:K-60 "Caraxes" NWO 6_2
[BDArmory.BDACompetitionMode:199418052]: WHODAMAGEDWHOWITHGUNS:AIF-38_2:470.4:K-60 "Caraxes" NWO 6
[BDArmory.BDACompetitionMode:199418052]: WHOHITWHOWITHMISSILES:K-60 "Caraxes" NWO 6_1:2:AIF-38:2:AIF-38_1
[BDArmory.BDACompetitionMode:199418052]: WHOHITWHOWITHMISSILES:AIF-38_2:1:K-60 "Caraxes" NWO 6_1:1:K-60 "Caraxes" NWO 6
[BDArmory.BDACompetitionMode:199418052]: WHOPARTSHITWHOWITHMISSILES:K-60 "Caraxes" NWO 6_1:142:AIF-38:124:AIF-38_1
[BDArmory.BDACompetitionMode:199418052]: WHOPARTSHITWHOWITHMISSILES:AIF-38_2:99:K-60 "Caraxes" NWO 6_1:73:K-60 "Caraxes" NWO 6
[BDArmory.BDACompetitionMode:199418052]: WHODAMAGEDWHOWITHMISSILES:K-60 "Caraxes" NWO 6_1:8580.8:AIF-38:6825.8:AIF-38_1
[BDArmory.BDACompetitionMode:199418052]: WHODAMAGEDWHOWITHMISSILES:AIF-38_2:35134.6:K-60 "Caraxes" NWO 6_1:24962.0:K-60 "Caraxes" NWO 6
[BDArmory.BDACompetitionMode:199418052]: WHORAMMEDWHO:K-60 "Caraxes" NWO 6:73:AIF-38_1
[BDArmory.BDACompetitionMode:199418052]: WHODAMAGEDWHOWITHBATTLEDAMAGE:K-60 "Caraxes" NWO 6:22.1:AIF-38_1:17.2:AIF-38
[BDArmory.BDACompetitionMode:199418052]: WHODAMAGEDWHOWITHBATTLEDAMAGE:K-60 "Caraxes" NWO 6_2:3.2:AIF-38_1
[BDArmory.BDACompetitionMode:199418052]: WHODAMAGEDWHOWITHBATTLEDAMAGE:AIF-38_1:100.2:K-60 "Caraxes" NWO 6_2
[BDArmory.BDACompetitionMode:199418052]: KILLSTEALRAMMING:K-60 "Caraxes" NWO 6:AIF-38_1
[BDArmory.BDACompetitionMode:199418052]: KILLSTEALGUNS:K-60 "Caraxes" NWO 6_2:AIF-38_1
[BDArmory.BDACompetitionMode:199418052]: HPLEFT:K-60 "Caraxes" NWO 6:0
[BDArmory.BDACompetitionMode:199418052]: HPLEFT:K-60 "Caraxes" NWO 6_1:0
[BDArmory.BDACompetitionMode:199418052]: HPLEFT:K-60 "Caraxes" NWO 6_2:0
[BDArmory.BDACompetitionMode:199418052]: HPLEFT:AIF-38:100
[BDArmory.BDACompetitionMode:199418052]: HPLEFT:AIF-38_1:89.1089108910891
[BDArmory.BDACompetitionMode:199418052]: HPLEFT:AIF-38_2:49.5049504950495
[BDArmory.BDACompetitionMode:199418052]: ACCURACY:K-60 "Caraxes" NWO 6:4/41:0/0
[BDArmory.BDACompetitionMode:199418052]: ACCURACY:K-60 "Caraxes" NWO 6_1:0/45:0/0
[BDArmory.BDACompetitionMode:199418052]: ACCURACY:K-60 "Caraxes" NWO 6_2:36/277:0/0
[BDArmory.BDACompetitionMode:199418052]: ACCURACY:AIF-38:22/196:0/0
[BDArmory.BDACompetitionMode:199418052]: ACCURACY:AIF-38_1:31/71:0/0
[BDArmory.BDACompetitionMode:199418052]: ACCURACY:AIF-38_2:1/15:0/0
