[BDArmory.BDACompetitionMode:196983127]: Dumping Results after 114s (of 0s) at 2026-03-29 21:34:26 -04:00
[BDArmory.BDACompetitionMode:196983127]: RESULT:Win:{"team": "PLAID AIF-42C5B1 LRP", "members": ["PLAID AIF-42C5B1 LRP", "PLAID AIF-42C5B1 LRP_1", "PLAID AIF-42C5B1 LRP_2"]}
[BDArmory.BDACompetitionMode:196983127]: DEADTEAMS:[{"team": "PLAID AIF-42C5B LRP", "members": ["PLAID AIF-42C5B LRP", "PLAID AIF-42C5B LRP_1", "PLAID AIF-42C5B LRP_2"]}]
[BDArmory.BDACompetitionMode:196983127]: ALIVE:PLAID AIF-42C5B1 LRP
[BDArmory.BDACompetitionMode:196983127]: ALIVE:PLAID AIF-42C5B1 LRP_2
[BDArmory.BDACompetitionMode:196983127]: DEAD:1:89.0:PLAID AIF-42C5B LRP
[BDArmory.BDACompetitionMode:196983127]: DEAD:2:103.0:PLAID AIF-42C5B LRP_1
[BDArmory.BDACompetitionMode:196983127]: DEAD:0:68.0:PLAID AIF-42C5B LRP_2
[BDArmory.BDACompetitionMode:196983127]: MIA:PLAID AIF-42C5B1 LRP_1
[BDArmory.BDACompetitionMode:196983127]: WHOSHOTWHOWITHGUNS:PLAID AIF-42C5B LRP:2:PLAID AIF-42C5B1 LRP_2
[BDArmory.BDACompetitionMode:196983127]: WHOSHOTWHOWITHGUNS:PLAID AIF-42C5B LRP_1:4:PLAID AIF-42C5B1 LRP:2:PLAID AIF-42C5B1 LRP_2
[BDArmory.BDACompetitionMode:196983127]: WHODAMAGEDWHOWITHGUNS:PLAID AIF-42C5B LRP:276.0:PLAID AIF-42C5B1 LRP_2
[BDArmory.BDACompetitionMode:196983127]: WHODAMAGEDWHOWITHGUNS:PLAID AIF-42C5B LRP_1:677.1:PLAID AIF-42C5B1 LRP:1491.4:PLAID AIF-42C5B1 LRP_2
[BDArmory.BDACompetitionMode:196983127]: WHOHITWHOWITHMISSILES:PLAID AIF-42C5B LRP:1:PLAID AIF-42C5B1 LRP_2
[BDArmory.BDACompetitionMode:196983127]: WHOHITWHOWITHMISSILES:PLAID AIF-42C5B LRP_1:1:PLAID AIF-42C5B1 LRP_2:1:PLAID AIF-42C5B1 LRP
[BDArmory.BDACompetitionMode:196983127]: WHOHITWHOWITHMISSILES:PLAID AIF-42C5B LRP_2:1:PLAID AIF-42C5B1 LRP_1
[BDArmory.BDACompetitionMode:196983127]: WHOHITWHOWITHMISSILES:PLAID AIF-42C5B1 LRP_1:1:PLAID AIF-42C5B LRP_1
[BDArmory.BDACompetitionMode:196983127]: WHOPARTSHITWHOWITHMISSILES:PLAID AIF-42C5B LRP:68:PLAID AIF-42C5B1 LRP_2
[BDArmory.BDACompetitionMode:196983127]: WHOPARTSHITWHOWITHMISSILES:PLAID AIF-42C5B LRP_1:69:PLAID AIF-42C5B1 LRP_2:57:PLAID AIF-42C5B1 LRP
[BDArmory.BDACompetitionMode:196983127]: WHOPARTSHITWHOWITHMISSILES:PLAID AIF-42C5B LRP_2:73:PLAID AIF-42C5B1 LRP_1
[BDArmory.BDACompetitionMode:196983127]: WHOPARTSHITWHOWITHMISSILES:PLAID AIF-42C5B1 LRP_1:73:PLAID AIF-42C5B LRP_1
[BDArmory.BDACompetitionMode:196983127]: WHODAMAGEDWHOWITHMISSILES:PLAID AIF-42C5B LRP:68390.0:PLAID AIF-42C5B1 LRP_2
[BDArmory.BDACompetitionMode:196983127]: WHODAMAGEDWHOWITHMISSILES:PLAID AIF-42C5B LRP_1:16731.0:PLAID AIF-42C5B1 LRP_2:13899.1:PLAID AIF-42C5B1 LRP
[BDArmory.BDACompetitionMode:196983127]: WHODAMAGEDWHOWITHMISSILES:PLAID AIF-42C5B LRP_2:47901.5:PLAID AIF-42C5B1 LRP_1
[BDArmory.BDACompetitionMode:196983127]: WHODAMAGEDWHOWITHMISSILES:PLAID AIF-42C5B1 LRP_1:11012.0:PLAID AIF-42C5B LRP_1
[BDArmory.BDACompetitionMode:196983127]: WHODAMAGEDWHOWITHBATTLEDAMAGE:PLAID AIF-42C5B LRP_1:21084.3:PLAID AIF-42C5B1 LRP:10778.7:PLAID AIF-42C5B LRP_1
[BDArmory.BDACompetitionMode:196983127]: WHODAMAGEDWHOWITHBATTLEDAMAGE:PLAID AIF-42C5B LRP_2:37245.8:PLAID AIF-42C5B1 LRP_1
[BDArmory.BDACompetitionMode:196983127]: CLEANKILLMISSILES:PLAID AIF-42C5B LRP:PLAID AIF-42C5B1 LRP_2
[BDArmory.BDACompetitionMode:196983127]: KILLSTEALGUNS:PLAID AIF-42C5B LRP_1:PLAID AIF-42C5B1 LRP_2
[BDArmory.BDACompetitionMode:196983127]: CLEANKILLMISSILES:PLAID AIF-42C5B LRP_2:PLAID AIF-42C5B1 LRP_1
[BDArmory.BDACompetitionMode:196983127]: HPLEFT:PLAID AIF-42C5B LRP:0
[BDArmory.BDACompetitionMode:196983127]: HPLEFT:PLAID AIF-42C5B LRP_1:0
[BDArmory.BDACompetitionMode:196983127]: HPLEFT:PLAID AIF-42C5B LRP_2:0
[BDArmory.BDACompetitionMode:196983127]: HPLEFT:PLAID AIF-42C5B1 LRP:100
[BDArmory.BDACompetitionMode:196983127]: HPLEFT:PLAID AIF-42C5B1 LRP_1:18.75
[BDArmory.BDACompetitionMode:196983127]: HPLEFT:PLAID AIF-42C5B1 LRP_2:100
[BDArmory.BDACompetitionMode:196983127]: ACCURACY:PLAID AIF-42C5B LRP:0/0:0/0
[BDArmory.BDACompetitionMode:196983127]: ACCURACY:PLAID AIF-42C5B LRP_1:0/1:0/0
[BDArmory.BDACompetitionMode:196983127]: ACCURACY:PLAID AIF-42C5B LRP_2:0/0:0/0
[BDArmory.BDACompetitionMode:196983127]: ACCURACY:PLAID AIF-42C5B1 LRP:4/56:0/0
[BDArmory.BDACompetitionMode:196983127]: ACCURACY:PLAID AIF-42C5B1 LRP_1:0/0:0/0
[BDArmory.BDACompetitionMode:196983127]: ACCURACY:PLAID AIF-42C5B1 LRP_2:4/71:0/0
