[BDArmory.BDACompetitionMode:197193323]: Dumping Results after 102s (of 0s) at 2026-04-01 07:59:51 -04:00
[BDArmory.BDACompetitionMode:197193323]: RESULT:Win:{"team": "PLAID AIF-42C5D LRP", "members": ["PLAID AIF-42C5D LRP", "PLAID AIF-42C5D LRP_1", "PLAID AIF-42C5D LRP_2"]}
[BDArmory.BDACompetitionMode:197193323]: DEADTEAMS:[{"team": "PLAID AIF-42C5B LRP", "members": ["PLAID AIF-42C5B LRP", "PLAID AIF-42C5B LRP_1", "PLAID AIF-42C5B LRP_2"]}]
[BDArmory.BDACompetitionMode:197193323]: ALIVE:PLAID AIF-42C5D LRP
[BDArmory.BDACompetitionMode:197193323]: ALIVE:PLAID AIF-42C5D LRP_1
[BDArmory.BDACompetitionMode:197193323]: ALIVE:PLAID AIF-42C5D LRP_2
[BDArmory.BDACompetitionMode:197193323]: DEAD:0:45.7:PLAID AIF-42C5B LRP
[BDArmory.BDACompetitionMode:197193323]: DEAD:2:91.0:PLAID AIF-42C5B LRP_1
[BDArmory.BDACompetitionMode:197193323]: DEAD:1:84.0:PLAID AIF-42C5B LRP_2
[BDArmory.BDACompetitionMode:197193323]: WHOSHOTWHOWITHGUNS:PLAID AIF-42C5B LRP_1:24:PLAID AIF-42C5D LRP_2
[BDArmory.BDACompetitionMode:197193323]: WHOSHOTWHOWITHGUNS:PLAID AIF-42C5B LRP_2:13:PLAID AIF-42C5D LRP
[BDArmory.BDACompetitionMode:197193323]: WHODAMAGEDWHOWITHGUNS:PLAID AIF-42C5B LRP_1:4978.3:PLAID AIF-42C5D LRP_2
[BDArmory.BDACompetitionMode:197193323]: WHODAMAGEDWHOWITHGUNS:PLAID AIF-42C5B LRP_2:4414.3:PLAID AIF-42C5D LRP
[BDArmory.BDACompetitionMode:197193323]: WHOHITWHOWITHMISSILES:PLAID AIF-42C5B LRP:1:PLAID AIF-42C5D LRP_1
[BDArmory.BDACompetitionMode:197193323]: WHOHITWHOWITHMISSILES:PLAID AIF-42C5B LRP_1:1:PLAID AIF-42C5D LRP_2:1:PLAID AIF-42C5D LRP
[BDArmory.BDACompetitionMode:197193323]: WHOPARTSHITWHOWITHMISSILES:PLAID AIF-42C5B LRP:61:PLAID AIF-42C5D LRP_1
[BDArmory.BDACompetitionMode:197193323]: WHOPARTSHITWHOWITHMISSILES:PLAID AIF-42C5B LRP_1:75:PLAID AIF-42C5D LRP_2:43:PLAID AIF-42C5D LRP
[BDArmory.BDACompetitionMode:197193323]: WHODAMAGEDWHOWITHMISSILES:PLAID AIF-42C5B LRP:24484.5:PLAID AIF-42C5D LRP_1
[BDArmory.BDACompetitionMode:197193323]: WHODAMAGEDWHOWITHMISSILES:PLAID AIF-42C5B LRP_1:25705.6:PLAID AIF-42C5D LRP_2:12878.6:PLAID AIF-42C5D LRP
[BDArmory.BDACompetitionMode:197193323]: WHODAMAGEDWHOWITHBATTLEDAMAGE:PLAID AIF-42C5B LRP_1:54.8:PLAID AIF-42C5D LRP_2:11264.7:PLAID AIF-42C5B LRP_1
[BDArmory.BDACompetitionMode:197193323]: WHODAMAGEDWHOWITHBATTLEDAMAGE:PLAID AIF-42C5B LRP_2:364.6:PLAID AIF-42C5D LRP:10398.4:PLAID AIF-42C5B LRP_2
[BDArmory.BDACompetitionMode:197193323]: GMKILL:PLAID AIF-42C5B LRP:GM
[BDArmory.BDACompetitionMode:197193323]: GMKILL:PLAID AIF-42C5B LRP_2:GM
[BDArmory.BDACompetitionMode:197193323]: KILLSTEALGUNS:PLAID AIF-42C5B LRP_1:PLAID AIF-42C5D LRP_2
[BDArmory.BDACompetitionMode:197193323]: HPLEFT:PLAID AIF-42C5B LRP:0
[BDArmory.BDACompetitionMode:197193323]: HPLEFT:PLAID AIF-42C5B LRP_1:0
[BDArmory.BDACompetitionMode:197193323]: HPLEFT:PLAID AIF-42C5B LRP_2:0
[BDArmory.BDACompetitionMode:197193323]: HPLEFT:PLAID AIF-42C5D LRP:100
[BDArmory.BDACompetitionMode:197193323]: HPLEFT:PLAID AIF-42C5D LRP_1:100
[BDArmory.BDACompetitionMode:197193323]: HPLEFT:PLAID AIF-42C5D LRP_2:100
[BDArmory.BDACompetitionMode:197193323]: ACCURACY:PLAID AIF-42C5B LRP:0/0:0/0
[BDArmory.BDACompetitionMode:197193323]: ACCURACY:PLAID AIF-42C5B LRP_1:0/29:0/0
[BDArmory.BDACompetitionMode:197193323]: ACCURACY:PLAID AIF-42C5B LRP_2:0/0:0/0
[BDArmory.BDACompetitionMode:197193323]: ACCURACY:PLAID AIF-42C5D LRP:13/27:0/0
[BDArmory.BDACompetitionMode:197193323]: ACCURACY:PLAID AIF-42C5D LRP_1:0/7:0/0
[BDArmory.BDACompetitionMode:197193323]: ACCURACY:PLAID AIF-42C5D LRP_2:24/78:0/0
