[BDArmory.BDACompetitionMode:199412186]: Dumping Results after -127s (of 0s) at 2026-04-27 00:19:08 -04:00
[BDArmory.BDACompetitionMode:199412186]: RESULT:Win:{"team": "AL-27 VVVV", "members": ["AL-27 VVVV", "AL-27 VVVV_1"]}
[BDArmory.BDACompetitionMode:199412186]: DEADTEAMS:[{"team": "AIF-38", "members": ["AIF-38", "AIF-38_1"]}]
[BDArmory.BDACompetitionMode:199412186]: ALIVE:AL-27 VVVV_1
[BDArmory.BDACompetitionMode:199412186]: DEAD:1:57.0:AIF-38
[BDArmory.BDACompetitionMode:199412186]: DEAD:2:87.0:AIF-38_1
[BDArmory.BDACompetitionMode:199412186]: DEAD:0:43.0:AL-27 VVVV
[BDArmory.BDACompetitionMode:199412186]: WHOSHOTWHOWITHGUNS:AIF-38_1:30:AL-27 VVVV_1
[BDArmory.BDACompetitionMode:199412186]: WHOSHOTWHOWITHGUNS:AL-27 VVVV_1:14:AIF-38_1
[BDArmory.BDACompetitionMode:199412186]: WHODAMAGEDWHOWITHGUNS:AIF-38_1:8097.5:AL-27 VVVV_1
[BDArmory.BDACompetitionMode:199412186]: WHODAMAGEDWHOWITHGUNS:AL-27 VVVV_1:7889.4:AIF-38_1
[BDArmory.BDACompetitionMode:199412186]: WHOHITWHOWITHMISSILES:AIF-38:3:AL-27 VVVV_1
[BDArmory.BDACompetitionMode:199412186]: WHOHITWHOWITHMISSILES:AL-27 VVVV:1:AIF-38:1:AIF-38_1
[BDArmory.BDACompetitionMode:199412186]: WHOHITWHOWITHMISSILES:AL-27 VVVV_1:1:AIF-38_1
[BDArmory.BDACompetitionMode:199412186]: WHOPARTSHITWHOWITHMISSILES:AIF-38:269:AL-27 VVVV_1
[BDArmory.BDACompetitionMode:199412186]: WHOPARTSHITWHOWITHMISSILES:AL-27 VVVV:139:AIF-38:33:AIF-38_1
[BDArmory.BDACompetitionMode:199412186]: WHOPARTSHITWHOWITHMISSILES:AL-27 VVVV_1:140:AIF-38_1
[BDArmory.BDACompetitionMode:199412186]: WHODAMAGEDWHOWITHMISSILES:AIF-38:46617.7:AL-27 VVVV_1
[BDArmory.BDACompetitionMode:199412186]: WHODAMAGEDWHOWITHMISSILES:AL-27 VVVV:87544.9:AIF-38:38141.3:AIF-38_1
[BDArmory.BDACompetitionMode:199412186]: WHODAMAGEDWHOWITHMISSILES:AL-27 VVVV_1:10302.6:AIF-38_1
[BDArmory.BDACompetitionMode:199412186]: WHODAMAGEDWHOWITHBATTLEDAMAGE:AIF-38:8799.7:AL-27 VVVV_1
[BDArmory.BDACompetitionMode:199412186]: WHODAMAGEDWHOWITHBATTLEDAMAGE:AIF-38_1:6078.7:AL-27 VVVV_1:107.4:AIF-38_1
[BDArmory.BDACompetitionMode:199412186]: WHODAMAGEDWHOWITHBATTLEDAMAGE:AL-27 VVVV:2845.5:AIF-38_1
[BDArmory.BDACompetitionMode:199412186]: WHODAMAGEDWHOWITHBATTLEDAMAGE:AL-27 VVVV_1:570.2:AIF-38_1:4083.2:AL-27 VVVV_1
[BDArmory.BDACompetitionMode:199412186]: CLEANKILLMISSILES:AIF-38:AL-27 VVVV_1
[BDArmory.BDACompetitionMode:199412186]: CLEANKILLGUNS:AIF-38_1:AL-27 VVVV_1
[BDArmory.BDACompetitionMode:199412186]: KILLSTEALMISSILES:AL-27 VVVV:AIF-38_1
[BDArmory.BDACompetitionMode:199412186]: HPLEFT:AIF-38:0
[BDArmory.BDACompetitionMode:199412186]: HPLEFT:AIF-38_1:0
[BDArmory.BDACompetitionMode:199412186]: HPLEFT:AL-27 VVVV:0
[BDArmory.BDACompetitionMode:199412186]: HPLEFT:AL-27 VVVV_1:78.6163522012579
[BDArmory.BDACompetitionMode:199412186]: ACCURACY:AIF-38:0/0:0/0
[BDArmory.BDACompetitionMode:199412186]: ACCURACY:AIF-38_1:14/140:0/0
[BDArmory.BDACompetitionMode:199412186]: ACCURACY:AL-27 VVVV:0/0:0/0
[BDArmory.BDACompetitionMode:199412186]: ACCURACY:AL-27 VVVV_1:30/206:0/0
