[BDArmory.BDACompetitionMode:196833601]: Dumping Results after 151s (of 0s) at 2026-03-28 04:03:23 -04:00
[BDArmory.BDACompetitionMode:196833601]: RESULT:Win:{"team": "PLAID AIF-42C5C LRP", "members": ["PLAID AIF-42C5C LRP", "PLAID AIF-42C5C LRP_1", "PLAID AIF-42C5C LRP_2", "PLAID AIF-42C5C LRP_3"]}
[BDArmory.BDACompetitionMode:196833601]: DEADTEAMS:[{"team": "PLAID AIF-42C5B LRP", "members": ["PLAID AIF-42C5B LRP", "PLAID AIF-42C5B LRP_1", "PLAID AIF-42C5B LRP_2", "PLAID AIF-42C5B LRP_3"]}]
[BDArmory.BDACompetitionMode:196833601]: ALIVE:PLAID AIF-42C5C LRP
[BDArmory.BDACompetitionMode:196833601]: ALIVE:PLAID AIF-42C5C LRP_2
[BDArmory.BDACompetitionMode:196833601]: DEAD:3:133.0:PLAID AIF-42C5B LRP
[BDArmory.BDACompetitionMode:196833601]: DEAD:4:140.0:PLAID AIF-42C5B LRP_1
[BDArmory.BDACompetitionMode:196833601]: DEAD:2:114.0:PLAID AIF-42C5B LRP_2
[BDArmory.BDACompetitionMode:196833601]: DEAD:0:92.0:PLAID AIF-42C5B LRP_3
[BDArmory.BDACompetitionMode:196833601]: DEAD:1:106.0:PLAID AIF-42C5C LRP_1
[BDArmory.BDACompetitionMode:196833601]: MIA:PLAID AIF-42C5C LRP_3
[BDArmory.BDACompetitionMode:196833601]: WHOSHOTWHOWITHGUNS:PLAID AIF-42C5B LRP:9:PLAID AIF-42C5C LRP_2:3:PLAID AIF-42C5C LRP
[BDArmory.BDACompetitionMode:196833601]: WHOSHOTWHOWITHGUNS:PLAID AIF-42C5B LRP_1:19:PLAID AIF-42C5C LRP_2:4:PLAID AIF-42C5C LRP
[BDArmory.BDACompetitionMode:196833601]: WHOSHOTWHOWITHGUNS:PLAID AIF-42C5B LRP_2:4:PLAID AIF-42C5C LRP:24:PLAID AIF-42C5C LRP_2
[BDArmory.BDACompetitionMode:196833601]: WHOSHOTWHOWITHGUNS:PLAID AIF-42C5B LRP_3:1:PLAID AIF-42C5C LRP_2
[BDArmory.BDACompetitionMode:196833601]: WHOSHOTWHOWITHGUNS:PLAID AIF-42C5C LRP:1:PLAID AIF-42C5B LRP_2:1:PLAID AIF-42C5B LRP
[BDArmory.BDACompetitionMode:196833601]: WHOSHOTWHOWITHGUNS:PLAID AIF-42C5C LRP_1:13:PLAID AIF-42C5B LRP
[BDArmory.BDACompetitionMode:196833601]: WHOSHOTWHOWITHGUNS:PLAID AIF-42C5C LRP_3:2:PLAID AIF-42C5B LRP
[BDArmory.BDACompetitionMode:196833601]: WHODAMAGEDWHOWITHGUNS:PLAID AIF-42C5B LRP:2825.8:PLAID AIF-42C5C LRP_2:1725.1:PLAID AIF-42C5C LRP
[BDArmory.BDACompetitionMode:196833601]: WHODAMAGEDWHOWITHGUNS:PLAID AIF-42C5B LRP_1:5209.0:PLAID AIF-42C5C LRP_2:847.6:PLAID AIF-42C5C LRP
[BDArmory.BDACompetitionMode:196833601]: WHODAMAGEDWHOWITHGUNS:PLAID AIF-42C5B LRP_2:2109.9:PLAID AIF-42C5C LRP:5937.0:PLAID AIF-42C5C LRP_2
[BDArmory.BDACompetitionMode:196833601]: WHODAMAGEDWHOWITHGUNS:PLAID AIF-42C5B LRP_3:533.0:PLAID AIF-42C5C LRP_2
[BDArmory.BDACompetitionMode:196833601]: WHODAMAGEDWHOWITHGUNS:PLAID AIF-42C5C LRP:1312.6:PLAID AIF-42C5B LRP_2:303.9:PLAID AIF-42C5B LRP
[BDArmory.BDACompetitionMode:196833601]: WHODAMAGEDWHOWITHGUNS:PLAID AIF-42C5C LRP_1:6677.6:PLAID AIF-42C5B LRP
[BDArmory.BDACompetitionMode:196833601]: WHODAMAGEDWHOWITHGUNS:PLAID AIF-42C5C LRP_3:928.6:PLAID AIF-42C5B LRP
[BDArmory.BDACompetitionMode:196833601]: WHOHITWHOWITHMISSILES:PLAID AIF-42C5B LRP:1:PLAID AIF-42C5C LRP
[BDArmory.BDACompetitionMode:196833601]: WHOHITWHOWITHMISSILES:PLAID AIF-42C5B LRP_1:1:PLAID AIF-42C5C LRP_1
[BDArmory.BDACompetitionMode:196833601]: WHOHITWHOWITHMISSILES:PLAID AIF-42C5B LRP_2:1:PLAID AIF-42C5C LRP:1:PLAID AIF-42C5C LRP_2
[BDArmory.BDACompetitionMode:196833601]: WHOHITWHOWITHMISSILES:PLAID AIF-42C5B LRP_3:2:PLAID AIF-42C5C LRP_2
[BDArmory.BDACompetitionMode:196833601]: WHOHITWHOWITHMISSILES:PLAID AIF-42C5C LRP:1:PLAID AIF-42C5B LRP
[BDArmory.BDACompetitionMode:196833601]: WHOHITWHOWITHMISSILES:PLAID AIF-42C5C LRP_3:1:PLAID AIF-42C5B LRP
[BDArmory.BDACompetitionMode:196833601]: WHOPARTSHITWHOWITHMISSILES:PLAID AIF-42C5B LRP:54:PLAID AIF-42C5C LRP
[BDArmory.BDACompetitionMode:196833601]: WHOPARTSHITWHOWITHMISSILES:PLAID AIF-42C5B LRP_1:53:PLAID AIF-42C5C LRP_1
[BDArmory.BDACompetitionMode:196833601]: WHOPARTSHITWHOWITHMISSILES:PLAID AIF-42C5B LRP_2:77:PLAID AIF-42C5C LRP:56:PLAID AIF-42C5C LRP_2
[BDArmory.BDACompetitionMode:196833601]: WHOPARTSHITWHOWITHMISSILES:PLAID AIF-42C5B LRP_3:120:PLAID AIF-42C5C LRP_2
[BDArmory.BDACompetitionMode:196833601]: WHOPARTSHITWHOWITHMISSILES:PLAID AIF-42C5C LRP:71:PLAID AIF-42C5B LRP
[BDArmory.BDACompetitionMode:196833601]: WHOPARTSHITWHOWITHMISSILES:PLAID AIF-42C5C LRP_3:71:PLAID AIF-42C5B LRP
[BDArmory.BDACompetitionMode:196833601]: WHODAMAGEDWHOWITHMISSILES:PLAID AIF-42C5B LRP:52644.5:PLAID AIF-42C5C LRP
[BDArmory.BDACompetitionMode:196833601]: WHODAMAGEDWHOWITHMISSILES:PLAID AIF-42C5B LRP_1:46351.8:PLAID AIF-42C5C LRP_1
[BDArmory.BDACompetitionMode:196833601]: WHODAMAGEDWHOWITHMISSILES:PLAID AIF-42C5B LRP_2:3348.7:PLAID AIF-42C5C LRP_2
[BDArmory.BDACompetitionMode:196833601]: WHODAMAGEDWHOWITHMISSILES:PLAID AIF-42C5B LRP_3:35513.6:PLAID AIF-42C5C LRP_2
[BDArmory.BDACompetitionMode:196833601]: WHODAMAGEDWHOWITHMISSILES:PLAID AIF-42C5C LRP:5795.8:PLAID AIF-42C5B LRP
[BDArmory.BDACompetitionMode:196833601]: WHODAMAGEDWHOWITHMISSILES:PLAID AIF-42C5C LRP_3:12575.1:PLAID AIF-42C5B LRP
[BDArmory.BDACompetitionMode:196833601]: WHORAMMEDWHO:PLAID AIF-42C5C LRP_1:48:PLAID AIF-42C5B LRP
[BDArmory.BDACompetitionMode:196833601]: WHODAMAGEDWHOWITHBATTLEDAMAGE:PLAID AIF-42C5B LRP:297.3:PLAID AIF-42C5C LRP_2:23150.4:PLAID AIF-42C5C LRP
[BDArmory.BDACompetitionMode:196833601]: WHODAMAGEDWHOWITHBATTLEDAMAGE:PLAID AIF-42C5B LRP_1:268.6:PLAID AIF-42C5C LRP_2:8076.2:PLAID AIF-42C5B LRP_1
[BDArmory.BDACompetitionMode:196833601]: WHODAMAGEDWHOWITHBATTLEDAMAGE:PLAID AIF-42C5B LRP_2:18.1:PLAID AIF-42C5C LRP:54.8:PLAID AIF-42C5C LRP_2:11500.6:PLAID AIF-42C5B LRP_2
[BDArmory.BDACompetitionMode:196833601]: WHODAMAGEDWHOWITHBATTLEDAMAGE:PLAID AIF-42C5B LRP_3:15.3:PLAID AIF-42C5C LRP_2:13743.4:PLAID AIF-42C5B LRP_3
[BDArmory.BDACompetitionMode:196833601]: WHODAMAGEDWHOWITHBATTLEDAMAGE:PLAID AIF-42C5C LRP:20.1:PLAID AIF-42C5B LRP_2
[BDArmory.BDACompetitionMode:196833601]: WHODAMAGEDWHOWITHBATTLEDAMAGE:PLAID AIF-42C5C LRP_1:420.2:PLAID AIF-42C5B LRP:17471.3:PLAID AIF-42C5C LRP_1
[BDArmory.BDACompetitionMode:196833601]: WHODAMAGEDWHOWITHBATTLEDAMAGE:PLAID AIF-42C5C LRP_3:23.7:PLAID AIF-42C5B LRP:10589.9:PLAID AIF-42C5C LRP_3
[BDArmory.BDACompetitionMode:196833601]: KILLSTEALMISSILES:PLAID AIF-42C5B LRP:PLAID AIF-42C5C LRP
[BDArmory.BDACompetitionMode:196833601]: HEADSHOTGUNS:PLAID AIF-42C5B LRP_1:PLAID AIF-42C5C LRP
[BDArmory.BDACompetitionMode:196833601]: KILLSTEALGUNS:PLAID AIF-42C5B LRP_2:PLAID AIF-42C5C LRP_2
[BDArmory.BDACompetitionMode:196833601]: CLEANKILLMISSILES:PLAID AIF-42C5B LRP_3:PLAID AIF-42C5C LRP_2
[BDArmory.BDACompetitionMode:196833601]: CLEANKILLRAMMING:PLAID AIF-42C5C LRP_1:PLAID AIF-42C5B LRP
[BDArmory.BDACompetitionMode:196833601]: HPLEFT:PLAID AIF-42C5B LRP:0
[BDArmory.BDACompetitionMode:196833601]: HPLEFT:PLAID AIF-42C5B LRP_1:0
[BDArmory.BDACompetitionMode:196833601]: HPLEFT:PLAID AIF-42C5B LRP_2:0
[BDArmory.BDACompetitionMode:196833601]: HPLEFT:PLAID AIF-42C5B LRP_3:0
[BDArmory.BDACompetitionMode:196833601]: HPLEFT:PLAID AIF-42C5C LRP:90
[BDArmory.BDACompetitionMode:196833601]: HPLEFT:PLAID AIF-42C5C LRP_1:0
[BDArmory.BDACompetitionMode:196833601]: HPLEFT:PLAID AIF-42C5C LRP_2:100
[BDArmory.BDACompetitionMode:196833601]: HPLEFT:PLAID AIF-42C5C LRP_3:16.25
[BDArmory.BDACompetitionMode:196833601]: ACCURACY:PLAID AIF-42C5B LRP:16/153:0/0
[BDArmory.BDACompetitionMode:196833601]: ACCURACY:PLAID AIF-42C5B LRP_1:0/0:0/0
[BDArmory.BDACompetitionMode:196833601]: ACCURACY:PLAID AIF-42C5B LRP_2:1/15:0/0
[BDArmory.BDACompetitionMode:196833601]: ACCURACY:PLAID AIF-42C5B LRP_3:0/0:0/0
[BDArmory.BDACompetitionMode:196833601]: ACCURACY:PLAID AIF-42C5C LRP:11/280:0/0
[BDArmory.BDACompetitionMode:196833601]: ACCURACY:PLAID AIF-42C5C LRP_1:0/0:0/0
[BDArmory.BDACompetitionMode:196833601]: ACCURACY:PLAID AIF-42C5C LRP_2:53/310:0/0
[BDArmory.BDACompetitionMode:196833601]: ACCURACY:PLAID AIF-42C5C LRP_3:0/0:0/0
