[BDArmory.BDACompetitionMode:196833843]: Dumping Results after 121s (of 0s) at 2026-03-28 04:06:50 -04:00
[BDArmory.BDACompetitionMode:196833843]: RESULT:Win:{"team": "PLAID AIF-42C5B LRP", "members": ["PLAID AIF-42C5B LRP", "PLAID AIF-42C5B LRP_1", "PLAID AIF-42C5B LRP_2", "PLAID AIF-42C5B LRP_3"]}
[BDArmory.BDACompetitionMode:196833843]: DEADTEAMS:[{"team": "PLAID AIF-42C5C LRP", "members": ["PLAID AIF-42C5C LRP", "PLAID AIF-42C5C LRP_1", "PLAID AIF-42C5C LRP_2", "PLAID AIF-42C5C LRP_3"]}]
[BDArmory.BDACompetitionMode:196833843]: ALIVE:PLAID AIF-42C5B LRP
[BDArmory.BDACompetitionMode:196833843]: ALIVE:PLAID AIF-42C5B LRP_1
[BDArmory.BDACompetitionMode:196833843]: ALIVE:PLAID AIF-42C5B LRP_2
[BDArmory.BDACompetitionMode:196833843]: ALIVE:PLAID AIF-42C5B LRP_3
[BDArmory.BDACompetitionMode:196833843]: DEAD:1:107.0:PLAID AIF-42C5C LRP
[BDArmory.BDACompetitionMode:196833843]: DEAD:0:98.0:PLAID AIF-42C5C LRP_1
[BDArmory.BDACompetitionMode:196833843]: DEAD:3:110.0:PLAID AIF-42C5C LRP_2
[BDArmory.BDACompetitionMode:196833843]: DEAD:2:109.0:PLAID AIF-42C5C LRP_3
[BDArmory.BDACompetitionMode:196833843]: WHOSHOTWHOWITHGUNS:PLAID AIF-42C5B LRP_3:3:PLAID AIF-42C5C LRP_2
[BDArmory.BDACompetitionMode:196833843]: WHOSHOTWHOWITHGUNS:PLAID AIF-42C5C LRP:5:PLAID AIF-42C5B LRP
[BDArmory.BDACompetitionMode:196833843]: WHOSHOTWHOWITHGUNS:PLAID AIF-42C5C LRP_2:6:PLAID AIF-42C5B LRP
[BDArmory.BDACompetitionMode:196833843]: WHODAMAGEDWHOWITHGUNS:PLAID AIF-42C5B LRP_3:970.5:PLAID AIF-42C5C LRP_2
[BDArmory.BDACompetitionMode:196833843]: WHODAMAGEDWHOWITHGUNS:PLAID AIF-42C5C LRP:3307.6:PLAID AIF-42C5B LRP
[BDArmory.BDACompetitionMode:196833843]: WHODAMAGEDWHOWITHGUNS:PLAID AIF-42C5C LRP_2:3437.7:PLAID AIF-42C5B LRP
[BDArmory.BDACompetitionMode:196833843]: WHOHITWHOWITHMISSILES:PLAID AIF-42C5C LRP:1:PLAID AIF-42C5B LRP:1:PLAID AIF-42C5B LRP_2
[BDArmory.BDACompetitionMode:196833843]: WHOHITWHOWITHMISSILES:PLAID AIF-42C5C LRP_1:1:PLAID AIF-42C5B LRP_2
[BDArmory.BDACompetitionMode:196833843]: WHOHITWHOWITHMISSILES:PLAID AIF-42C5C LRP_2:1:PLAID AIF-42C5B LRP
[BDArmory.BDACompetitionMode:196833843]: WHOHITWHOWITHMISSILES:PLAID AIF-42C5C LRP_3:4:PLAID AIF-42C5B LRP_1
[BDArmory.BDACompetitionMode:196833843]: WHOPARTSHITWHOWITHMISSILES:PLAID AIF-42C5C LRP:63:PLAID AIF-42C5B LRP:32:PLAID AIF-42C5B LRP_2
[BDArmory.BDACompetitionMode:196833843]: WHOPARTSHITWHOWITHMISSILES:PLAID AIF-42C5C LRP_1:70:PLAID AIF-42C5B LRP_2
[BDArmory.BDACompetitionMode:196833843]: WHOPARTSHITWHOWITHMISSILES:PLAID AIF-42C5C LRP_2:20:PLAID AIF-42C5B LRP
[BDArmory.BDACompetitionMode:196833843]: WHOPARTSHITWHOWITHMISSILES:PLAID AIF-42C5C LRP_3:198:PLAID AIF-42C5B LRP_1
[BDArmory.BDACompetitionMode:196833843]: WHODAMAGEDWHOWITHMISSILES:PLAID AIF-42C5C LRP:33122.2:PLAID AIF-42C5B LRP:22444.2:PLAID AIF-42C5B LRP_2
[BDArmory.BDACompetitionMode:196833843]: WHODAMAGEDWHOWITHMISSILES:PLAID AIF-42C5C LRP_1:96461.0:PLAID AIF-42C5B LRP_2
[BDArmory.BDACompetitionMode:196833843]: WHODAMAGEDWHOWITHMISSILES:PLAID AIF-42C5C LRP_2:2107.9:PLAID AIF-42C5B LRP
[BDArmory.BDACompetitionMode:196833843]: WHODAMAGEDWHOWITHMISSILES:PLAID AIF-42C5C LRP_3:95554.8:PLAID AIF-42C5B LRP_1
[BDArmory.BDACompetitionMode:196833843]: WHORAMMEDWHO:PLAID AIF-42C5C LRP_2:52:PLAID AIF-42C5B LRP
[BDArmory.BDACompetitionMode:196833843]: WHODAMAGEDWHOWITHBATTLEDAMAGE:PLAID AIF-42C5B LRP_3:21.1:PLAID AIF-42C5C LRP_2:1294.8:PLAID AIF-42C5B LRP_3
[BDArmory.BDACompetitionMode:196833843]: WHODAMAGEDWHOWITHBATTLEDAMAGE:PLAID AIF-42C5C LRP_2:152.3:PLAID AIF-42C5B LRP:16552.2:PLAID AIF-42C5C LRP_2
[BDArmory.BDACompetitionMode:196833843]: HEADSHOTMISSILES:PLAID AIF-42C5C LRP:PLAID AIF-42C5B LRP_2
[BDArmory.BDACompetitionMode:196833843]: CLEANKILLMISSILES:PLAID AIF-42C5C LRP_1:PLAID AIF-42C5B LRP_2
[BDArmory.BDACompetitionMode:196833843]: CLEANKILLMISSILES:PLAID AIF-42C5C LRP_2:PLAID AIF-42C5B LRP
[BDArmory.BDACompetitionMode:196833843]: CLEANKILLMISSILES:PLAID AIF-42C5C LRP_3:PLAID AIF-42C5B LRP_1
[BDArmory.BDACompetitionMode:196833843]: HPLEFT:PLAID AIF-42C5B LRP:100
[BDArmory.BDACompetitionMode:196833843]: HPLEFT:PLAID AIF-42C5B LRP_1:100
[BDArmory.BDACompetitionMode:196833843]: HPLEFT:PLAID AIF-42C5B LRP_2:100
[BDArmory.BDACompetitionMode:196833843]: HPLEFT:PLAID AIF-42C5B LRP_3:73.75
[BDArmory.BDACompetitionMode:196833843]: HPLEFT:PLAID AIF-42C5C LRP:0
[BDArmory.BDACompetitionMode:196833843]: HPLEFT:PLAID AIF-42C5C LRP_1:0
[BDArmory.BDACompetitionMode:196833843]: HPLEFT:PLAID AIF-42C5C LRP_2:0
[BDArmory.BDACompetitionMode:196833843]: HPLEFT:PLAID AIF-42C5C LRP_3:0
[BDArmory.BDACompetitionMode:196833843]: ACCURACY:PLAID AIF-42C5B LRP:11/86:0/0
[BDArmory.BDACompetitionMode:196833843]: ACCURACY:PLAID AIF-42C5B LRP_1:0/0:0/0
[BDArmory.BDACompetitionMode:196833843]: ACCURACY:PLAID AIF-42C5B LRP_2:0/2:0/0
[BDArmory.BDACompetitionMode:196833843]: ACCURACY:PLAID AIF-42C5B LRP_3:0/0:0/0
[BDArmory.BDACompetitionMode:196833843]: ACCURACY:PLAID AIF-42C5C LRP:0/0:0/0
[BDArmory.BDACompetitionMode:196833843]: ACCURACY:PLAID AIF-42C5C LRP_1:0/0:0/0
[BDArmory.BDACompetitionMode:196833843]: ACCURACY:PLAID AIF-42C5C LRP_2:3/89:0/0
[BDArmory.BDACompetitionMode:196833843]: ACCURACY:PLAID AIF-42C5C LRP_3:0/0:0/0
