[BDArmory.BDACompetitionMode:197199172]: Dumping Results after 103s (of 0s) at 2026-04-01 09:37:28 -04:00
[BDArmory.BDACompetitionMode:197199172]: RESULT:Win:{"team": "PLAID AIF-42C5B LRP", "members": ["PLAID AIF-42C5B LRP", "PLAID AIF-42C5B LRP_1", "PLAID AIF-42C5B LRP_2"]}
[BDArmory.BDACompetitionMode:197199172]: DEADTEAMS:[{"team": "PLAID AIF-42C5D LRP", "members": ["PLAID AIF-42C5D LRP", "PLAID AIF-42C5D LRP_1", "PLAID AIF-42C5D LRP_2"]}]
[BDArmory.BDACompetitionMode:197199172]: ALIVE:PLAID AIF-42C5B LRP
[BDArmory.BDACompetitionMode:197199172]: ALIVE:PLAID AIF-42C5B LRP_1
[BDArmory.BDACompetitionMode:197199172]: ALIVE:PLAID AIF-42C5B LRP_2
[BDArmory.BDACompetitionMode:197199172]: DEAD:0:72.0:PLAID AIF-42C5D LRP
[BDArmory.BDACompetitionMode:197199172]: DEAD:2:92.0:PLAID AIF-42C5D LRP_1
[BDArmory.BDACompetitionMode:197199172]: DEAD:1:74.6:PLAID AIF-42C5D LRP_2
[BDArmory.BDACompetitionMode:197199172]: WHOSHOTWHOWITHGUNS:PLAID AIF-42C5D LRP:11:PLAID AIF-42C5B LRP
[BDArmory.BDACompetitionMode:197199172]: WHOSHOTWHOWITHGUNS:PLAID AIF-42C5D LRP_1:12:PLAID AIF-42C5B LRP_2:4:PLAID AIF-42C5B LRP_1:5:PLAID AIF-42C5B LRP
[BDArmory.BDACompetitionMode:197199172]: WHODAMAGEDWHOWITHGUNS:PLAID AIF-42C5D LRP:5984.7:PLAID AIF-42C5B LRP
[BDArmory.BDACompetitionMode:197199172]: WHODAMAGEDWHOWITHGUNS:PLAID AIF-42C5D LRP_1:3258.3:PLAID AIF-42C5B LRP_2:1776.9:PLAID AIF-42C5B LRP_1:1439.1:PLAID AIF-42C5B LRP
[BDArmory.BDACompetitionMode:197199172]: WHOHITWHOWITHMISSILES:PLAID AIF-42C5D LRP:1:PLAID AIF-42C5B LRP:1:PLAID AIF-42C5B LRP_1
[BDArmory.BDACompetitionMode:197199172]: WHOHITWHOWITHMISSILES:PLAID AIF-42C5D LRP_1:1:PLAID AIF-42C5B LRP
[BDArmory.BDACompetitionMode:197199172]: WHOHITWHOWITHMISSILES:PLAID AIF-42C5D LRP_2:1:PLAID AIF-42C5B LRP
[BDArmory.BDACompetitionMode:197199172]: WHOPARTSHITWHOWITHMISSILES:PLAID AIF-42C5D LRP:72:PLAID AIF-42C5B LRP:36:PLAID AIF-42C5B LRP_1
[BDArmory.BDACompetitionMode:197199172]: WHOPARTSHITWHOWITHMISSILES:PLAID AIF-42C5D LRP_1:69:PLAID AIF-42C5B LRP
[BDArmory.BDACompetitionMode:197199172]: WHOPARTSHITWHOWITHMISSILES:PLAID AIF-42C5D LRP_2:67:PLAID AIF-42C5B LRP
[BDArmory.BDACompetitionMode:197199172]: WHODAMAGEDWHOWITHMISSILES:PLAID AIF-42C5D LRP:2796.3:PLAID AIF-42C5B LRP:37545.6:PLAID AIF-42C5B LRP_1
[BDArmory.BDACompetitionMode:197199172]: WHODAMAGEDWHOWITHMISSILES:PLAID AIF-42C5D LRP_2:40998.7:PLAID AIF-42C5B LRP
[BDArmory.BDACompetitionMode:197199172]: WHODAMAGEDWHOWITHBATTLEDAMAGE:PLAID AIF-42C5D LRP:254.4:PLAID AIF-42C5B LRP:8238.7:PLAID AIF-42C5D LRP:45049.0:PLAID AIF-42C5B LRP_1
[BDArmory.BDACompetitionMode:197199172]: WHODAMAGEDWHOWITHBATTLEDAMAGE:PLAID AIF-42C5D LRP_1:304.0:PLAID AIF-42C5B LRP_2:188.4:PLAID AIF-42C5B LRP_1:7.1:PLAID AIF-42C5B LRP
[BDArmory.BDACompetitionMode:197199172]: GMKILL:PLAID AIF-42C5D LRP_2:GM
[BDArmory.BDACompetitionMode:197199172]: KILLSTEALMISSILES:PLAID AIF-42C5D LRP:PLAID AIF-42C5B LRP_1
[BDArmory.BDACompetitionMode:197199172]: KILLSTEALGUNS:PLAID AIF-42C5D LRP_1:PLAID AIF-42C5B LRP
[BDArmory.BDACompetitionMode:197199172]: HPLEFT:PLAID AIF-42C5D LRP:0
[BDArmory.BDACompetitionMode:197199172]: HPLEFT:PLAID AIF-42C5D LRP_1:0
[BDArmory.BDACompetitionMode:197199172]: HPLEFT:PLAID AIF-42C5D LRP_2:0
[BDArmory.BDACompetitionMode:197199172]: HPLEFT:PLAID AIF-42C5B LRP:100
[BDArmory.BDACompetitionMode:197199172]: HPLEFT:PLAID AIF-42C5B LRP_1:100
[BDArmory.BDACompetitionMode:197199172]: HPLEFT:PLAID AIF-42C5B LRP_2:100
[BDArmory.BDACompetitionMode:197199172]: ACCURACY:PLAID AIF-42C5D LRP:0/0:0/0
[BDArmory.BDACompetitionMode:197199172]: ACCURACY:PLAID AIF-42C5D LRP_1:0/0:0/0
[BDArmory.BDACompetitionMode:197199172]: ACCURACY:PLAID AIF-42C5D LRP_2:0/0:0/0
[BDArmory.BDACompetitionMode:197199172]: ACCURACY:PLAID AIF-42C5B LRP:16/122:0/0
[BDArmory.BDACompetitionMode:197199172]: ACCURACY:PLAID AIF-42C5B LRP_1:4/34:0/0
[BDArmory.BDACompetitionMode:197199172]: ACCURACY:PLAID AIF-42C5B LRP_2:12/58:0/0
