[BDArmory.BDACompetitionMode:201146929]: Dumping Results after -160s (of 0s) at 2026-05-17 02:11:39 -04:00
[BDArmory.BDACompetitionMode:201146929]: RESULT:Win:{"team": "AIF-38C", "members": ["AIF-38C", "AIF-38C_1"]}
[BDArmory.BDACompetitionMode:201146929]: DEADTEAMS:[{"team": "F_A-27BN Voron", "members": ["F/A-27BN Voron", "F/A-27BN Voron_1"]}]
[BDArmory.BDACompetitionMode:201146929]: DEAD:1:114.0:F/A-27BN Voron
[BDArmory.BDACompetitionMode:201146929]: DEAD:0:109.0:F/A-27BN Voron_1
[BDArmory.BDACompetitionMode:201146929]: MIA:AIF-38C
[BDArmory.BDACompetitionMode:201146929]: MIA:AIF-38C_1
[BDArmory.BDACompetitionMode:201146929]: WHOSHOTWHOWITHGUNS:F/A-27BN Voron:18:AIF-38C
[BDArmory.BDACompetitionMode:201146929]: WHOSHOTWHOWITHGUNS:F/A-27BN Voron_1:6:AIF-38C
[BDArmory.BDACompetitionMode:201146929]: WHODAMAGEDWHOWITHGUNS:F/A-27BN Voron:5032.5:AIF-38C
[BDArmory.BDACompetitionMode:201146929]: WHODAMAGEDWHOWITHGUNS:F/A-27BN Voron_1:1132.1:AIF-38C
[BDArmory.BDACompetitionMode:201146929]: WHOHITWHOWITHMISSILES:F/A-27BN Voron:1:AIF-38C
[BDArmory.BDACompetitionMode:201146929]: WHOHITWHOWITHMISSILES:F/A-27BN Voron_1:1:AIF-38C
[BDArmory.BDACompetitionMode:201146929]: WHOHITWHOWITHMISSILES:AIF-38C_1:1:F/A-27BN Voron
[BDArmory.BDACompetitionMode:201146929]: WHOPARTSHITWHOWITHMISSILES:F/A-27BN Voron:78:AIF-38C
[BDArmory.BDACompetitionMode:201146929]: WHOPARTSHITWHOWITHMISSILES:F/A-27BN Voron_1:78:AIF-38C
[BDArmory.BDACompetitionMode:201146929]: WHOPARTSHITWHOWITHMISSILES:AIF-38C_1:94:F/A-27BN Voron
[BDArmory.BDACompetitionMode:201146929]: WHODAMAGEDWHOWITHMISSILES:F/A-27BN Voron:10860.4:AIF-38C
[BDArmory.BDACompetitionMode:201146929]: WHODAMAGEDWHOWITHMISSILES:F/A-27BN Voron_1:1044.1:AIF-38C
[BDArmory.BDACompetitionMode:201146929]: WHODAMAGEDWHOWITHMISSILES:AIF-38C_1:28903.2:F/A-27BN Voron
[BDArmory.BDACompetitionMode:201146929]: WHODAMAGEDWHOWITHBATTLEDAMAGE:F/A-27BN Voron:111.6:AIF-38C
[BDArmory.BDACompetitionMode:201146929]: WHODAMAGEDWHOWITHBATTLEDAMAGE:F/A-27BN Voron_1:171.3:AIF-38C
[BDArmory.BDACompetitionMode:201146929]: CLEANKILLGUNS:F/A-27BN Voron:AIF-38C
[BDArmory.BDACompetitionMode:201146929]: HPLEFT:F/A-27BN Voron:0
[BDArmory.BDACompetitionMode:201146929]: HPLEFT:F/A-27BN Voron_1:0
[BDArmory.BDACompetitionMode:201146929]: HPLEFT:AIF-38C:0
[BDArmory.BDACompetitionMode:201146929]: HPLEFT:AIF-38C_1:18.2692307692308
[BDArmory.BDACompetitionMode:201146929]: ACCURACY:F/A-27BN Voron:0/75:0/0
[BDArmory.BDACompetitionMode:201146929]: ACCURACY:F/A-27BN Voron_1:0/0:0/0
[BDArmory.BDACompetitionMode:201146929]: ACCURACY:AIF-38C:24/116:0/0
[BDArmory.BDACompetitionMode:201146929]: ACCURACY:AIF-38C_1:0/0:0/0
