[BDArmory.BDACompetitionMode:197201149]: Dumping Results after 91s (of 0s) at 2026-04-01 10:09:40 -04:00
[BDArmory.BDACompetitionMode:197201149]: RESULT:Win:{"team": "PLAID AIF-42C5B LRP", "members": ["PLAID AIF-42C5B LRP", "PLAID AIF-42C5B LRP_1", "PLAID AIF-42C5B LRP_2"]}
[BDArmory.BDACompetitionMode:197201149]: DEADTEAMS:[{"team": "PLAID AIF-42C5D LRP", "members": ["PLAID AIF-42C5D LRP", "PLAID AIF-42C5D LRP_1", "PLAID AIF-42C5D LRP_2"]}]
[BDArmory.BDACompetitionMode:197201149]: ALIVE:PLAID AIF-42C5B LRP
[BDArmory.BDACompetitionMode:197201149]: ALIVE:PLAID AIF-42C5B LRP_1
[BDArmory.BDACompetitionMode:197201149]: ALIVE:PLAID AIF-42C5B LRP_2
[BDArmory.BDACompetitionMode:197201149]: DEAD:1:68.3:PLAID AIF-42C5D LRP
[BDArmory.BDACompetitionMode:197201149]: DEAD:0:44.1:PLAID AIF-42C5D LRP_1
[BDArmory.BDACompetitionMode:197201149]: DEAD:2:80.0:PLAID AIF-42C5D LRP_2
[BDArmory.BDACompetitionMode:197201149]: WHOSHOTWHOWITHGUNS:PLAID AIF-42C5D LRP_2:3:PLAID AIF-42C5B LRP:1:PLAID AIF-42C5B LRP_2
[BDArmory.BDACompetitionMode:197201149]: WHODAMAGEDWHOWITHGUNS:PLAID AIF-42C5D LRP_2:1448.9:PLAID AIF-42C5B LRP:161.1:PLAID AIF-42C5B LRP_2
[BDArmory.BDACompetitionMode:197201149]: WHOHITWHOWITHMISSILES:PLAID AIF-42C5D LRP:1:PLAID AIF-42C5B LRP_1
[BDArmory.BDACompetitionMode:197201149]: WHOHITWHOWITHMISSILES:PLAID AIF-42C5D LRP_1:1:PLAID AIF-42C5B LRP_2:1:PLAID AIF-42C5B LRP:1:PLAID AIF-42C5B LRP_1
[BDArmory.BDACompetitionMode:197201149]: WHOHITWHOWITHMISSILES:PLAID AIF-42C5D LRP_2:1:PLAID AIF-42C5B LRP_1:1:PLAID AIF-42C5B LRP_2:1:PLAID AIF-42C5B LRP
[BDArmory.BDACompetitionMode:197201149]: WHOPARTSHITWHOWITHMISSILES:PLAID AIF-42C5D LRP:65:PLAID AIF-42C5B LRP_1
[BDArmory.BDACompetitionMode:197201149]: WHOPARTSHITWHOWITHMISSILES:PLAID AIF-42C5D LRP_1:72:PLAID AIF-42C5B LRP_2:73:PLAID AIF-42C5B LRP:11:PLAID AIF-42C5B LRP_1
[BDArmory.BDACompetitionMode:197201149]: WHOPARTSHITWHOWITHMISSILES:PLAID AIF-42C5D LRP_2:71:PLAID AIF-42C5B LRP_1:67:PLAID AIF-42C5B LRP_2:49:PLAID AIF-42C5B LRP
[BDArmory.BDACompetitionMode:197201149]: WHODAMAGEDWHOWITHMISSILES:PLAID AIF-42C5D LRP:76358.3:PLAID AIF-42C5B LRP_1
[BDArmory.BDACompetitionMode:197201149]: WHODAMAGEDWHOWITHMISSILES:PLAID AIF-42C5D LRP_1:9006.0:PLAID AIF-42C5B LRP_2
[BDArmory.BDACompetitionMode:197201149]: WHODAMAGEDWHOWITHMISSILES:PLAID AIF-42C5D LRP_2:18333.6:PLAID AIF-42C5B LRP_2
[BDArmory.BDACompetitionMode:197201149]: WHODAMAGEDWHOWITHBATTLEDAMAGE:PLAID AIF-42C5D LRP_2:44160.1:PLAID AIF-42C5B LRP
[BDArmory.BDACompetitionMode:197201149]: GMKILL:PLAID AIF-42C5D LRP:GM
[BDArmory.BDACompetitionMode:197201149]: GMKILL:PLAID AIF-42C5D LRP_1:GM
[BDArmory.BDACompetitionMode:197201149]: KILLSTEALGUNS:PLAID AIF-42C5D LRP_2:PLAID AIF-42C5B LRP
[BDArmory.BDACompetitionMode:197201149]: HPLEFT:PLAID AIF-42C5B LRP:100
[BDArmory.BDACompetitionMode:197201149]: HPLEFT:PLAID AIF-42C5B LRP_1:100
[BDArmory.BDACompetitionMode:197201149]: HPLEFT:PLAID AIF-42C5B LRP_2:100
[BDArmory.BDACompetitionMode:197201149]: HPLEFT:PLAID AIF-42C5D LRP:0
[BDArmory.BDACompetitionMode:197201149]: HPLEFT:PLAID AIF-42C5D LRP_1:0
[BDArmory.BDACompetitionMode:197201149]: HPLEFT:PLAID AIF-42C5D LRP_2:0
[BDArmory.BDACompetitionMode:197201149]: ACCURACY:PLAID AIF-42C5B LRP:3/28:0/0
[BDArmory.BDACompetitionMode:197201149]: ACCURACY:PLAID AIF-42C5B LRP_1:0/0:0/0
[BDArmory.BDACompetitionMode:197201149]: ACCURACY:PLAID AIF-42C5B LRP_2:1/22:0/0
[BDArmory.BDACompetitionMode:197201149]: ACCURACY:PLAID AIF-42C5D LRP:0/0:0/0
[BDArmory.BDACompetitionMode:197201149]: ACCURACY:PLAID AIF-42C5D LRP_1:0/0:0/0
[BDArmory.BDACompetitionMode:197201149]: ACCURACY:PLAID AIF-42C5D LRP_2:0/0:0/0
