[BDArmory.BDACompetitionMode:199417242]: Dumping Results after 87s (of 0s) at 2026-04-27 01:43:04 -04:00
[BDArmory.BDACompetitionMode:199417242]: RESULT:Mutual Annihilation
[BDArmory.BDACompetitionMode:199417242]: DEADTEAMS:[{"team": "K-73 NMX 6", "members": ["K-73 NMX 6", "K-73 NMX 6_1"]}, {"team": "A", "members": ["AIF-38"]}, {"team": "B", "members": ["AIF-38_1"]}]
[BDArmory.BDACompetitionMode:199417242]: DEAD:1:54.0:K-73 NMX 6
[BDArmory.BDACompetitionMode:199417242]: DEAD:0:47.0:K-73 NMX 6_1
[BDArmory.BDACompetitionMode:199417242]: DEAD:2:87.0:AIF-38
[BDArmory.BDACompetitionMode:199417242]: DEAD:3:87.0:AIF-38_1
[BDArmory.BDACompetitionMode:199417242]: WHOSHOTWHOWITHGUNS:AIF-38:9:AIF-38_1
[BDArmory.BDACompetitionMode:199417242]: WHOSHOTWHOWITHGUNS:AIF-38_1:12:AIF-38
[BDArmory.BDACompetitionMode:199417242]: WHODAMAGEDWHOWITHGUNS:AIF-38:3232.0:AIF-38_1
[BDArmory.BDACompetitionMode:199417242]: WHODAMAGEDWHOWITHGUNS:AIF-38_1:4035.6:AIF-38
[BDArmory.BDACompetitionMode:199417242]: WHOHITWHOWITHMISSILES:K-73 NMX 6:1:AIF-38
[BDArmory.BDACompetitionMode:199417242]: WHOHITWHOWITHMISSILES:K-73 NMX 6_1:1:AIF-38
[BDArmory.BDACompetitionMode:199417242]: WHOHITWHOWITHMISSILES:AIF-38:2:AIF-38_1
[BDArmory.BDACompetitionMode:199417242]: WHOHITWHOWITHMISSILES:AIF-38_1:1:AIF-38
[BDArmory.BDACompetitionMode:199417242]: WHOPARTSHITWHOWITHMISSILES:K-73 NMX 6:83:AIF-38
[BDArmory.BDACompetitionMode:199417242]: WHOPARTSHITWHOWITHMISSILES:K-73 NMX 6_1:95:AIF-38
[BDArmory.BDACompetitionMode:199417242]: WHOPARTSHITWHOWITHMISSILES:AIF-38:179:AIF-38_1
[BDArmory.BDACompetitionMode:199417242]: WHOPARTSHITWHOWITHMISSILES:AIF-38_1:95:AIF-38
[BDArmory.BDACompetitionMode:199417242]: WHODAMAGEDWHOWITHMISSILES:K-73 NMX 6:11800.0:AIF-38
[BDArmory.BDACompetitionMode:199417242]: WHODAMAGEDWHOWITHMISSILES:K-73 NMX 6_1:29155.7:AIF-38
[BDArmory.BDACompetitionMode:199417242]: WHODAMAGEDWHOWITHMISSILES:AIF-38:64482.9:AIF-38_1
[BDArmory.BDACompetitionMode:199417242]: WHODAMAGEDWHOWITHMISSILES:AIF-38_1:7664.0:AIF-38
[BDArmory.BDACompetitionMode:199417242]: WHODAMAGEDWHOWITHBATTLEDAMAGE:AIF-38:21100.8:AIF-38_1
[BDArmory.BDACompetitionMode:199417242]: WHODAMAGEDWHOWITHBATTLEDAMAGE:AIF-38_1:115.4:AIF-38
[BDArmory.BDACompetitionMode:199417242]: CLEANKILLMISSILES:AIF-38:AIF-38_1
[BDArmory.BDACompetitionMode:199417242]: CLEANKILLMISSILES:AIF-38_1:AIF-38
[BDArmory.BDACompetitionMode:199417242]: HPLEFT:K-73 NMX 6:0
[BDArmory.BDACompetitionMode:199417242]: HPLEFT:K-73 NMX 6_1:0
[BDArmory.BDACompetitionMode:199417242]: HPLEFT:AIF-38:0
[BDArmory.BDACompetitionMode:199417242]: HPLEFT:AIF-38_1:0
[BDArmory.BDACompetitionMode:199417242]: ACCURACY:K-73 NMX 6:0/0:0/0
[BDArmory.BDACompetitionMode:199417242]: ACCURACY:K-73 NMX 6_1:0/0:0/0
[BDArmory.BDACompetitionMode:199417242]: ACCURACY:AIF-38:12/159:0/0
[BDArmory.BDACompetitionMode:199417242]: ACCURACY:AIF-38_1:9/131:0/0
