[BDArmory.BDACompetitionMode:203044947]: Dumping Results after 54s (of 0s) at 2026-06-08 01:25:15 -04:00
[BDArmory.BDACompetitionMode:203044947]: RESULT:Draw:[{"team": "innocent buses full of civilians", "members": ["PLAID ZRQ-10315 AMBER OPTIC", "Irsmun Peace Enforcement Balloon", "PLAID ZRQ-10315 AMBER OPTIC_1", "Irsmun Moral Guidance Aerostat", "Irsmun Civil Harmony Dirigible", "Irsmun Peace Enforcement Balloon_1", "PLAID ZRQ-10315 AMBER OPTIC_2"]}, {"team": "dastardly civilian killing imperials", "members": ["K-71PT A2B", "K-71PT A2B_1", "K-71PT A2B II"]}]
[BDArmory.BDACompetitionMode:203044947]: DEADTEAMS:[]
[BDArmory.BDACompetitionMode:203044947]: ALIVE:Irsmun Peace Enforcement Balloon
[BDArmory.BDACompetitionMode:203044947]: ALIVE:Irsmun Moral Guidance Aerostat
[BDArmory.BDACompetitionMode:203044947]: ALIVE:Irsmun Civil Harmony Dirigible
[BDArmory.BDACompetitionMode:203044947]: ALIVE:PLAID ZRQ-10315 AMBER OPTIC_2
[BDArmory.BDACompetitionMode:203044947]: ALIVE:K-71PT A2B II
[BDArmory.BDACompetitionMode:203044947]: MIA:PLAID ZRQ-10315 AMBER OPTIC
[BDArmory.BDACompetitionMode:203044947]: MIA:PLAID ZRQ-10315 AMBER OPTIC_1
[BDArmory.BDACompetitionMode:203044947]: MIA:Irsmun Peace Enforcement Balloon_1
[BDArmory.BDACompetitionMode:203044947]: MIA:K-71PT A2B
[BDArmory.BDACompetitionMode:203044947]: MIA:K-71PT A2B_1
[BDArmory.BDACompetitionMode:203044947]: HPLEFT:PLAID ZRQ-10315 AMBER OPTIC:100
[BDArmory.BDACompetitionMode:203044947]: HPLEFT:Irsmun Peace Enforcement Balloon:100
[BDArmory.BDACompetitionMode:203044947]: HPLEFT:PLAID ZRQ-10315 AMBER OPTIC_1:0
[BDArmory.BDACompetitionMode:203044947]: HPLEFT:Irsmun Moral Guidance Aerostat:100
[BDArmory.BDACompetitionMode:203044947]: HPLEFT:Irsmun Civil Harmony Dirigible:100
[BDArmory.BDACompetitionMode:203044947]: HPLEFT:Irsmun Peace Enforcement Balloon_1:0
[BDArmory.BDACompetitionMode:203044947]: HPLEFT:PLAID ZRQ-10315 AMBER OPTIC_2:100
[BDArmory.BDACompetitionMode:203044947]: HPLEFT:K-71PT A2B:0
[BDArmory.BDACompetitionMode:203044947]: HPLEFT:K-71PT A2B_1:0
[BDArmory.BDACompetitionMode:203044947]: HPLEFT:K-71PT A2B II:100
[BDArmory.BDACompetitionMode:203044947]: ACCURACY:PLAID ZRQ-10315 AMBER OPTIC:0/0:0/0
[BDArmory.BDACompetitionMode:203044947]: ACCURACY:Irsmun Peace Enforcement Balloon:0/0:0/0
[BDArmory.BDACompetitionMode:203044947]: ACCURACY:PLAID ZRQ-10315 AMBER OPTIC_1:0/0:0/0
[BDArmory.BDACompetitionMode:203044947]: ACCURACY:Irsmun Moral Guidance Aerostat:0/0:0/0
[BDArmory.BDACompetitionMode:203044947]: ACCURACY:Irsmun Civil Harmony Dirigible:0/0:0/0
[BDArmory.BDACompetitionMode:203044947]: ACCURACY:Irsmun Peace Enforcement Balloon_1:0/0:0/0
[BDArmory.BDACompetitionMode:203044947]: ACCURACY:PLAID ZRQ-10315 AMBER OPTIC_2:0/0:0/0
[BDArmory.BDACompetitionMode:203044947]: ACCURACY:K-71PT A2B:0/0:0/0
[BDArmory.BDACompetitionMode:203044947]: ACCURACY:K-71PT A2B_1:0/0:0/0
[BDArmory.BDACompetitionMode:203044947]: ACCURACY:K-71PT A2B II:0/0:0/0
