[BDArmory.BDACompetitionMode:199404196]: Dumping Results after -7s (of 0s) at 2026-04-26 22:05:06 -04:00
[BDArmory.BDACompetitionMode:199404196]: RESULT:Win:{"team": "PLAID AIF-42C5D2", "members": ["PLAID AIF-42C5D2", "PLAID AIF-42C5D2_1"]}
[BDArmory.BDACompetitionMode:199404196]: DEADTEAMS:[{"team": "AIF-38", "members": ["AIF-38", "AIF-38_1"]}]
[BDArmory.BDACompetitionMode:199404196]: ALIVE:PLAID AIF-42C5D2
[BDArmory.BDACompetitionMode:199404196]: MIA:PLAID AIF-42C5D2_1
[BDArmory.BDACompetitionMode:199404196]: DEAD:0:70.0:AIF-38
[BDArmory.BDACompetitionMode:199404196]: MIA:AIF-38_1
[BDArmory.BDACompetitionMode:199404196]: WHOHITWHOWITHMISSILES:AIF-38:3:PLAID AIF-42C5D2_1
[BDArmory.BDACompetitionMode:199404196]: WHOHITWHOWITHMISSILES:AIF-38_1:4:PLAID AIF-42C5D2
[BDArmory.BDACompetitionMode:199404196]: WHOPARTSHITWHOWITHMISSILES:AIF-38:142:PLAID AIF-42C5D2_1
[BDArmory.BDACompetitionMode:199404196]: WHOPARTSHITWHOWITHMISSILES:AIF-38_1:258:PLAID AIF-42C5D2
[BDArmory.BDACompetitionMode:199404196]: WHODAMAGEDWHOWITHMISSILES:AIF-38:32922.3:PLAID AIF-42C5D2_1
[BDArmory.BDACompetitionMode:199404196]: WHODAMAGEDWHOWITHMISSILES:AIF-38_1:30011.1:PLAID AIF-42C5D2
[BDArmory.BDACompetitionMode:199404196]: WHODAMAGEDWHOWITHBATTLEDAMAGE:AIF-38_1:50.4:PLAID AIF-42C5D2
[BDArmory.BDACompetitionMode:199404196]: CLEANKILLMISSILES:AIF-38:PLAID AIF-42C5D2_1
[BDArmory.BDACompetitionMode:199404196]: HPLEFT:PLAID AIF-42C5D2:100
[BDArmory.BDACompetitionMode:199404196]: HPLEFT:PLAID AIF-42C5D2_1:0
[BDArmory.BDACompetitionMode:199404196]: HPLEFT:AIF-38:0
[BDArmory.BDACompetitionMode:199404196]: HPLEFT:AIF-38_1:0
[BDArmory.BDACompetitionMode:199404196]: ACCURACY:PLAID AIF-42C5D2:0/3:0/0
[BDArmory.BDACompetitionMode:199404196]: ACCURACY:PLAID AIF-42C5D2_1:0/12:0/0
[BDArmory.BDACompetitionMode:199404196]: ACCURACY:AIF-38:0/0:0/0
[BDArmory.BDACompetitionMode:199404196]: ACCURACY:AIF-38_1:0/0:0/0
