[BDArmory.BDACompetitionMode:196982369]: Dumping Results after 127s (of 0s) at 2026-03-29 21:22:05 -04:00
[BDArmory.BDACompetitionMode:196982369]: RESULT:Win:{"team": "PLAID AIF-42C5B LRP", "members": ["PLAID AIF-42C5B LRP", "PLAID AIF-42C5B LRP_1", "PLAID AIF-42C5B LRP_2"]}
[BDArmory.BDACompetitionMode:196982369]: DEADTEAMS:[{"team": "PLAID AIF-42C5B1 LRP", "members": ["PLAID AIF-42C5B1 LRP", "PLAID AIF-42C5B1 LRP_1", "PLAID AIF-42C5B1 LRP_2"]}]
[BDArmory.BDACompetitionMode:196982369]: ALIVE:PLAID AIF-42C5B LRP
[BDArmory.BDACompetitionMode:196982369]: ALIVE:PLAID AIF-42C5B LRP_1
[BDArmory.BDACompetitionMode:196982369]: ALIVE:PLAID AIF-42C5B LRP_2
[BDArmory.BDACompetitionMode:196982369]: DEAD:2:116.0:PLAID AIF-42C5B1 LRP
[BDArmory.BDACompetitionMode:196982369]: DEAD:0:90.0:PLAID AIF-42C5B1 LRP_1
[BDArmory.BDACompetitionMode:196982369]: DEAD:1:109.0:PLAID AIF-42C5B1 LRP_2
[BDArmory.BDACompetitionMode:196982369]: WHOSHOTWHOWITHGUNS:PLAID AIF-42C5B1 LRP:5:PLAID AIF-42C5B LRP_1
[BDArmory.BDACompetitionMode:196982369]: WHOSHOTWHOWITHGUNS:PLAID AIF-42C5B1 LRP_2:6:PLAID AIF-42C5B LRP_1:8:PLAID AIF-42C5B LRP:3:PLAID AIF-42C5B LRP_2
[BDArmory.BDACompetitionMode:196982369]: WHODAMAGEDWHOWITHGUNS:PLAID AIF-42C5B1 LRP:1456.4:PLAID AIF-42C5B LRP_1
[BDArmory.BDACompetitionMode:196982369]: WHODAMAGEDWHOWITHGUNS:PLAID AIF-42C5B1 LRP_2:1586.7:PLAID AIF-42C5B LRP_1:1892.9:PLAID AIF-42C5B LRP:882.3:PLAID AIF-42C5B LRP_2
[BDArmory.BDACompetitionMode:196982369]: WHOHITWHOWITHMISSILES:PLAID AIF-42C5B LRP_1:1:PLAID AIF-42C5B1 LRP_2
[BDArmory.BDACompetitionMode:196982369]: WHOHITWHOWITHMISSILES:PLAID AIF-42C5B1 LRP:2:PLAID AIF-42C5B LRP_2:1:PLAID AIF-42C5B LRP_1
[BDArmory.BDACompetitionMode:196982369]: WHOHITWHOWITHMISSILES:PLAID AIF-42C5B1 LRP_1:2:PLAID AIF-42C5B LRP:1:PLAID AIF-42C5B LRP_1
[BDArmory.BDACompetitionMode:196982369]: WHOHITWHOWITHMISSILES:PLAID AIF-42C5B1 LRP_2:1:PLAID AIF-42C5B LRP:1:PLAID AIF-42C5B LRP_2
[BDArmory.BDACompetitionMode:196982369]: WHOPARTSHITWHOWITHMISSILES:PLAID AIF-42C5B LRP_1:73:PLAID AIF-42C5B1 LRP_2
[BDArmory.BDACompetitionMode:196982369]: WHOPARTSHITWHOWITHMISSILES:PLAID AIF-42C5B1 LRP:114:PLAID AIF-42C5B LRP_2:11:PLAID AIF-42C5B LRP_1
[BDArmory.BDACompetitionMode:196982369]: WHOPARTSHITWHOWITHMISSILES:PLAID AIF-42C5B1 LRP_1:147:PLAID AIF-42C5B LRP:73:PLAID AIF-42C5B LRP_1
[BDArmory.BDACompetitionMode:196982369]: WHOPARTSHITWHOWITHMISSILES:PLAID AIF-42C5B1 LRP_2:66:PLAID AIF-42C5B LRP:11:PLAID AIF-42C5B LRP_2
[BDArmory.BDACompetitionMode:196982369]: WHODAMAGEDWHOWITHMISSILES:PLAID AIF-42C5B LRP_1:5330.6:PLAID AIF-42C5B1 LRP_2
[BDArmory.BDACompetitionMode:196982369]: WHODAMAGEDWHOWITHMISSILES:PLAID AIF-42C5B1 LRP:51234.5:PLAID AIF-42C5B LRP_2:1461.6:PLAID AIF-42C5B LRP_1
[BDArmory.BDACompetitionMode:196982369]: WHODAMAGEDWHOWITHMISSILES:PLAID AIF-42C5B1 LRP_1:67613.2:PLAID AIF-42C5B LRP_1
[BDArmory.BDACompetitionMode:196982369]: WHODAMAGEDWHOWITHMISSILES:PLAID AIF-42C5B1 LRP_2:5950.1:PLAID AIF-42C5B LRP:4813.8:PLAID AIF-42C5B LRP_2
[BDArmory.BDACompetitionMode:196982369]: WHODAMAGEDWHOWITHBATTLEDAMAGE:PLAID AIF-42C5B1 LRP:14.4:PLAID AIF-42C5B LRP_1
[BDArmory.BDACompetitionMode:196982369]: WHODAMAGEDWHOWITHBATTLEDAMAGE:PLAID AIF-42C5B1 LRP_2:204.6:PLAID AIF-42C5B LRP_1:2.0:PLAID AIF-42C5B LRP:8196.3:PLAID AIF-42C5B1 LRP_2
[BDArmory.BDACompetitionMode:196982369]: HEADSHOTGUNS:PLAID AIF-42C5B1 LRP:PLAID AIF-42C5B LRP_1
[BDArmory.BDACompetitionMode:196982369]: KILLSTEALMISSILES:PLAID AIF-42C5B1 LRP_1:PLAID AIF-42C5B LRP_1
[BDArmory.BDACompetitionMode:196982369]: KILLSTEALGUNS:PLAID AIF-42C5B1 LRP_2:PLAID AIF-42C5B LRP_2
[BDArmory.BDACompetitionMode:196982369]: HPLEFT:PLAID AIF-42C5B LRP:100
[BDArmory.BDACompetitionMode:196982369]: HPLEFT:PLAID AIF-42C5B LRP_1:90
[BDArmory.BDACompetitionMode:196982369]: HPLEFT:PLAID AIF-42C5B LRP_2:100
[BDArmory.BDACompetitionMode:196982369]: HPLEFT:PLAID AIF-42C5B1 LRP:0
[BDArmory.BDACompetitionMode:196982369]: HPLEFT:PLAID AIF-42C5B1 LRP_1:0
[BDArmory.BDACompetitionMode:196982369]: HPLEFT:PLAID AIF-42C5B1 LRP_2:0
[BDArmory.BDACompetitionMode:196982369]: ACCURACY:PLAID AIF-42C5B LRP:8/24:0/0
[BDArmory.BDACompetitionMode:196982369]: ACCURACY:PLAID AIF-42C5B LRP_1:11/118:0/0
[BDArmory.BDACompetitionMode:196982369]: ACCURACY:PLAID AIF-42C5B LRP_2:3/57:0/0
[BDArmory.BDACompetitionMode:196982369]: ACCURACY:PLAID AIF-42C5B1 LRP:0/0:0/0
[BDArmory.BDACompetitionMode:196982369]: ACCURACY:PLAID AIF-42C5B1 LRP_1:0/0:0/0
[BDArmory.BDACompetitionMode:196982369]: ACCURACY:PLAID AIF-42C5B1 LRP_2:0/0:0/0
