[BDArmory.BDACompetitionMode:203050568]: Dumping Results after 145s (of 0s) at 2026-06-08 03:04:13 -04:00
[BDArmory.BDACompetitionMode:203050568]: RESULT:Win:{"team": "desperate IU suicide mission", "members": ["K-73 NMX 19", "K-53A NWO 6", "K-73 NMX 19_1", "K-53A NWO 6_1", "K-53A NWO 6_2", "K-73 NMX 19_2"]}
[BDArmory.BDACompetitionMode:203050568]: DEADTEAMS:[{"team": "lion basil suicide mission", "members": ["AL-34 Arnika", "AL-34 Arnika_1", "AL-27 Kallistemon", "AL-27 Kallistemon_1", "AL-34 Arnika_2", "AL-34 Arnika_3"]}]
[BDArmory.BDACompetitionMode:203050568]: ALIVE:K-73 NMX 19
[BDArmory.BDACompetitionMode:203050568]: ALIVE:K-53A NWO 6
[BDArmory.BDACompetitionMode:203050568]: ALIVE:K-53A NWO 6_2
[BDArmory.BDACompetitionMode:203050568]: ALIVE:K-73 NMX 19_2
[BDArmory.BDACompetitionMode:203050568]: DEAD:1:84.5:K-73 NMX 19_1
[BDArmory.BDACompetitionMode:203050568]: DEAD:3:105.3:K-53A NWO 6_1
[BDArmory.BDACompetitionMode:203050568]: DEAD:7:133.3:AL-34 Arnika
[BDArmory.BDACompetitionMode:203050568]: DEAD:6:132.5:AL-34 Arnika_1
[BDArmory.BDACompetitionMode:203050568]: DEAD:0:73.0:AL-27 Kallistemon
[BDArmory.BDACompetitionMode:203050568]: DEAD:5:131.5:AL-27 Kallistemon_1
[BDArmory.BDACompetitionMode:203050568]: DEAD:2:95.4:AL-34 Arnika_2
[BDArmory.BDACompetitionMode:203050568]: DEAD:4:107.0:AL-34 Arnika_3
[BDArmory.BDACompetitionMode:203050568]: WHOSHOTWHOWITHGUNS:K-73 NMX 19:49:AL-34 Arnika
[BDArmory.BDACompetitionMode:203050568]: WHOSHOTWHOWITHGUNS:K-73 NMX 19_1:16:AL-34 Arnika_1:29:AL-34 Arnika_3
[BDArmory.BDACompetitionMode:203050568]: WHOSHOTWHOWITHGUNS:K-53A NWO 6_1:24:AL-34 Arnika_3
[BDArmory.BDACompetitionMode:203050568]: WHOSHOTWHOWITHGUNS:AL-34 Arnika:52:K-53A NWO 6:20:K-73 NMX 19:3:K-73 NMX 19_2
[BDArmory.BDACompetitionMode:203050568]: WHOSHOTWHOWITHGUNS:AL-34 Arnika_1:48:K-53A NWO 6_2
[BDArmory.BDACompetitionMode:203050568]: WHOSHOTWHOWITHGUNS:AL-27 Kallistemon:4:K-73 NMX 19_1:32:K-73 NMX 19:11:K-73 NMX 19_2
[BDArmory.BDACompetitionMode:203050568]: WHOSHOTWHOWITHGUNS:AL-27 Kallistemon_1:6:K-53A NWO 6_2:16:K-53A NWO 6:12:K-73 NMX 19_2
[BDArmory.BDACompetitionMode:203050568]: WHOSHOTWHOWITHGUNS:AL-34 Arnika_3:2:K-53A NWO 6_1
[BDArmory.BDACompetitionMode:203050568]: WHODAMAGEDWHOWITHGUNS:K-73 NMX 19:7232.8:AL-34 Arnika
[BDArmory.BDACompetitionMode:203050568]: WHODAMAGEDWHOWITHGUNS:K-73 NMX 19_1:1697.6:AL-34 Arnika_1:3860.6:AL-34 Arnika_3
[BDArmory.BDACompetitionMode:203050568]: WHODAMAGEDWHOWITHGUNS:K-53A NWO 6_1:5769.9:AL-34 Arnika_3
[BDArmory.BDACompetitionMode:203050568]: WHODAMAGEDWHOWITHGUNS:K-73 NMX 19_2:0.0:AL-34 Arnika_3
[BDArmory.BDACompetitionMode:203050568]: WHODAMAGEDWHOWITHGUNS:AL-34 Arnika:12243.5:K-53A NWO 6:2708.8:K-73 NMX 19:315.2:K-73 NMX 19_2
[BDArmory.BDACompetitionMode:203050568]: WHODAMAGEDWHOWITHGUNS:AL-34 Arnika_1:12705.1:K-53A NWO 6_2
[BDArmory.BDACompetitionMode:203050568]: WHODAMAGEDWHOWITHGUNS:AL-27 Kallistemon:2154.7:K-73 NMX 19_1:6518.9:K-73 NMX 19:1868.9:K-73 NMX 19_2
[BDArmory.BDACompetitionMode:203050568]: WHODAMAGEDWHOWITHGUNS:AL-27 Kallistemon_1:1641.6:K-53A NWO 6_2:4985.2:K-53A NWO 6:1769.4:K-73 NMX 19_2
[BDArmory.BDACompetitionMode:203050568]: WHODAMAGEDWHOWITHGUNS:AL-34 Arnika_3:437.2:K-53A NWO 6_1
[BDArmory.BDACompetitionMode:203050568]: WHOHITWHOWITHMISSILES:K-73 NMX 19_1:1:K-53A NWO 6
[BDArmory.BDACompetitionMode:203050568]: WHOHITWHOWITHMISSILES:AL-34 Arnika_1:1:K-53A NWO 6_1
[BDArmory.BDACompetitionMode:203050568]: WHOHITWHOWITHMISSILES:AL-27 Kallistemon:1:K-53A NWO 6
[BDArmory.BDACompetitionMode:203050568]: WHOHITWHOWITHMISSILES:AL-27 Kallistemon_1:2:K-53A NWO 6:1:K-53A NWO 6_1
[BDArmory.BDACompetitionMode:203050568]: WHOHITWHOWITHMISSILES:AL-34 Arnika_2:1:K-73 NMX 19_2:1:K-53A NWO 6
[BDArmory.BDACompetitionMode:203050568]: WHOHITWHOWITHMISSILES:AL-34 Arnika_3:1:K-53A NWO 6_1:1:K-53A NWO 6
[BDArmory.BDACompetitionMode:203050568]: WHOPARTSHITWHOWITHMISSILES:K-73 NMX 19_1:79:K-53A NWO 6
[BDArmory.BDACompetitionMode:203050568]: WHOPARTSHITWHOWITHMISSILES:AL-34 Arnika_1:101:K-53A NWO 6_1
[BDArmory.BDACompetitionMode:203050568]: WHOPARTSHITWHOWITHMISSILES:AL-27 Kallistemon:136:K-53A NWO 6
[BDArmory.BDACompetitionMode:203050568]: WHOPARTSHITWHOWITHMISSILES:AL-27 Kallistemon_1:135:K-53A NWO 6:136:K-53A NWO 6_1
[BDArmory.BDACompetitionMode:203050568]: WHOPARTSHITWHOWITHMISSILES:AL-34 Arnika_2:87:K-73 NMX 19_2:35:K-53A NWO 6
[BDArmory.BDACompetitionMode:203050568]: WHOPARTSHITWHOWITHMISSILES:AL-34 Arnika_3:106:K-53A NWO 6_1:103:K-53A NWO 6
[BDArmory.BDACompetitionMode:203050568]: WHODAMAGEDWHOWITHMISSILES:AL-27 Kallistemon_1:9736.3:K-53A NWO 6_1:10964.7:K-53A NWO 6
[BDArmory.BDACompetitionMode:203050568]: WHODAMAGEDWHOWITHMISSILES:AL-34 Arnika_2:12566.1:K-73 NMX 19_2
[BDArmory.BDACompetitionMode:203050568]: WHORAMMEDWHO:K-53A NWO 6_1:149:AL-34 Arnika_3
[BDArmory.BDACompetitionMode:203050568]: WHODAMAGEDWHOWITHBATTLEDAMAGE:K-73 NMX 19:103.9:K-73 NMX 19_2:501.0:AL-34 Arnika
[BDArmory.BDACompetitionMode:203050568]: WHODAMAGEDWHOWITHBATTLEDAMAGE:K-73 NMX 19_1:78.5:AL-34 Arnika_1:76.5:AL-34 Arnika_3:1334.3:K-73 NMX 19_1
[BDArmory.BDACompetitionMode:203050568]: WHODAMAGEDWHOWITHBATTLEDAMAGE:K-53A NWO 6_1:366.5:AL-34 Arnika_3:16676.4:K-53A NWO 6_1
[BDArmory.BDACompetitionMode:203050568]: WHODAMAGEDWHOWITHBATTLEDAMAGE:AL-34 Arnika:16659.1:K-53A NWO 6:4358.5:AL-34 Arnika:308.7:K-73 NMX 19
[BDArmory.BDACompetitionMode:203050568]: WHODAMAGEDWHOWITHBATTLEDAMAGE:AL-34 Arnika_1:10622.2:K-53A NWO 6_2:4216.4:AL-34 Arnika_1
[BDArmory.BDACompetitionMode:203050568]: WHODAMAGEDWHOWITHBATTLEDAMAGE:AL-27 Kallistemon:565.4:K-73 NMX 19_1:174.5:K-73 NMX 19:2659.1:AL-27 Kallistemon:30031.2:K-73 NMX 19_2
[BDArmory.BDACompetitionMode:203050568]: WHODAMAGEDWHOWITHBATTLEDAMAGE:AL-27 Kallistemon_1:37936.7:K-53A NWO 6:50.4:K-53A NWO 6_2:68.2:K-73 NMX 19_2:81.0:AL-27 Kallistemon_1
[BDArmory.BDACompetitionMode:203050568]: WHODAMAGEDWHOWITHBATTLEDAMAGE:AL-34 Arnika_2:26026.5:K-73 NMX 19_2
[BDArmory.BDACompetitionMode:203050568]: WHODAMAGEDWHOWITHBATTLEDAMAGE:AL-34 Arnika_3:95.4:K-53A NWO 6_1
[BDArmory.BDACompetitionMode:203050568]: GMKILL:K-73 NMX 19_1:BigRedButton
[BDArmory.BDACompetitionMode:203050568]: GMKILL:AL-34 Arnika:BigRedButton
[BDArmory.BDACompetitionMode:203050568]: GMKILL:AL-34 Arnika_1:BigRedButton
[BDArmory.BDACompetitionMode:203050568]: GMKILL:AL-27 Kallistemon_1:BigRedButton
[BDArmory.BDACompetitionMode:203050568]: GMKILL:AL-34 Arnika_2:BigRedButton
[BDArmory.BDACompetitionMode:203050568]: CLEANKILLRAMMING:K-53A NWO 6_1:AL-34 Arnika_3
[BDArmory.BDACompetitionMode:203050568]: KILLSTEALGUNS:AL-27 Kallistemon:K-73 NMX 19_2
[BDArmory.BDACompetitionMode:203050568]: HPLEFT:K-73 NMX 19:91.8367346938776
[BDArmory.BDACompetitionMode:203050568]: HPLEFT:K-53A NWO 6:100
[BDArmory.BDACompetitionMode:203050568]: HPLEFT:K-73 NMX 19_1:0
[BDArmory.BDACompetitionMode:203050568]: HPLEFT:K-53A NWO 6_1:0
[BDArmory.BDACompetitionMode:203050568]: HPLEFT:K-53A NWO 6_2:100
[BDArmory.BDACompetitionMode:203050568]: HPLEFT:K-73 NMX 19_2:100
[BDArmory.BDACompetitionMode:203050568]: HPLEFT:AL-34 Arnika:0
[BDArmory.BDACompetitionMode:203050568]: HPLEFT:AL-34 Arnika_1:0
[BDArmory.BDACompetitionMode:203050568]: HPLEFT:AL-27 Kallistemon:0
[BDArmory.BDACompetitionMode:203050568]: HPLEFT:AL-27 Kallistemon_1:0
[BDArmory.BDACompetitionMode:203050568]: HPLEFT:AL-34 Arnika_2:0
[BDArmory.BDACompetitionMode:203050568]: HPLEFT:AL-34 Arnika_3:0
[BDArmory.BDACompetitionMode:203050568]: ACCURACY:K-73 NMX 19:52/375:0/0
[BDArmory.BDACompetitionMode:203050568]: ACCURACY:K-53A NWO 6:68/536:0/0
[BDArmory.BDACompetitionMode:203050568]: ACCURACY:K-73 NMX 19_1:4/42:0/0
[BDArmory.BDACompetitionMode:203050568]: ACCURACY:K-53A NWO 6_1:2/157:0/0
[BDArmory.BDACompetitionMode:203050568]: ACCURACY:K-53A NWO 6_2:54/608:0/0
[BDArmory.BDACompetitionMode:203050568]: ACCURACY:K-73 NMX 19_2:26/323:0/0
[BDArmory.BDACompetitionMode:203050568]: ACCURACY:AL-34 Arnika:49/355:0/0
[BDArmory.BDACompetitionMode:203050568]: ACCURACY:AL-34 Arnika_1:16/272:0/0
[BDArmory.BDACompetitionMode:203050568]: ACCURACY:AL-27 Kallistemon:0/0:0/0
[BDArmory.BDACompetitionMode:203050568]: ACCURACY:AL-27 Kallistemon_1:0/2:0/0
[BDArmory.BDACompetitionMode:203050568]: ACCURACY:AL-34 Arnika_2:0/0:0/0
[BDArmory.BDACompetitionMode:203050568]: ACCURACY:AL-34 Arnika_3:53/550:0/0
