[BDArmory.BDACompetitionMode:200983483]: Dumping Results after 124s (of 0s) at 2026-05-15 04:50:07 -04:00
[BDArmory.BDACompetitionMode:200983483]: RESULT:Win:{"team": "AIF-38C", "members": ["AIF-38C", "AIF-38C_1", "AIF-38C_2", "AIF-38C_3"]}
[BDArmory.BDACompetitionMode:200983483]: DEADTEAMS:[{"team": "AL-34 Arnika", "members": ["AL-34 Arnika", "AL-34 Arnika_1", "AL-34 Arnika_2", "AL-34 Arnika_3"]}]
[BDArmory.BDACompetitionMode:200983483]: ALIVE:AIF-38C
[BDArmory.BDACompetitionMode:200983483]: ALIVE:AIF-38C_1
[BDArmory.BDACompetitionMode:200983483]: ALIVE:AIF-38C_2
[BDArmory.BDACompetitionMode:200983483]: DEAD:0:79.0:AL-34 Arnika
[BDArmory.BDACompetitionMode:200983483]: DEAD:3:114.0:AL-34 Arnika_1
[BDArmory.BDACompetitionMode:200983483]: DEAD:2:111.0:AL-34 Arnika_2
[BDArmory.BDACompetitionMode:200983483]: DEAD:1:106.0:AL-34 Arnika_3
[BDArmory.BDACompetitionMode:200983483]: MIA:AIF-38C_3
[BDArmory.BDACompetitionMode:200983483]: WHOSHOTWHOWITHGUNS:AL-34 Arnika_3:8:AIF-38C_2:1:AIF-38C_1:4:AIF-38C
[BDArmory.BDACompetitionMode:200983483]: WHODAMAGEDWHOWITHGUNS:AL-34 Arnika_3:3101.0:AIF-38C_2:440.1:AIF-38C_1:966.1:AIF-38C
[BDArmory.BDACompetitionMode:200983483]: WHOHITWHOWITHMISSILES:AL-34 Arnika:1:AIF-38C_2
[BDArmory.BDACompetitionMode:200983483]: WHOHITWHOWITHMISSILES:AL-34 Arnika_1:2:AIF-38C_2:1:AIF-38C:1:AIF-38C_1
[BDArmory.BDACompetitionMode:200983483]: WHOHITWHOWITHMISSILES:AL-34 Arnika_2:2:AIF-38C_1:3:AIF-38C:2:AIF-38C_2
[BDArmory.BDACompetitionMode:200983483]: WHOHITWHOWITHMISSILES:AL-34 Arnika_3:1:AIF-38C_2:1:AIF-38C_1
[BDArmory.BDACompetitionMode:200983483]: WHOHITWHOWITHMISSILES:AIF-38C_2:1:AL-34 Arnika_1
[BDArmory.BDACompetitionMode:200983483]: WHOHITWHOWITHMISSILES:AIF-38C_3:1:AL-34 Arnika_3:1:AL-34 Arnika_2:1:AL-34 Arnika_1:1:AL-34 Arnika
[BDArmory.BDACompetitionMode:200983483]: WHOPARTSHITWHOWITHMISSILES:AL-34 Arnika:107:AIF-38C_2
[BDArmory.BDACompetitionMode:200983483]: WHOPARTSHITWHOWITHMISSILES:AL-34 Arnika_1:133:AIF-38C_2:27:AIF-38C:26:AIF-38C_1
[BDArmory.BDACompetitionMode:200983483]: WHOPARTSHITWHOWITHMISSILES:AL-34 Arnika_2:177:AIF-38C_1:202:AIF-38C:141:AIF-38C_2
[BDArmory.BDACompetitionMode:200983483]: WHOPARTSHITWHOWITHMISSILES:AL-34 Arnika_3:104:AIF-38C_2:74:AIF-38C_1
[BDArmory.BDACompetitionMode:200983483]: WHOPARTSHITWHOWITHMISSILES:AIF-38C_2:96:AL-34 Arnika_1
[BDArmory.BDACompetitionMode:200983483]: WHOPARTSHITWHOWITHMISSILES:AIF-38C_3:91:AL-34 Arnika_3:18:AL-34 Arnika_2:19:AL-34 Arnika_1:16:AL-34 Arnika
[BDArmory.BDACompetitionMode:200983483]: WHODAMAGEDWHOWITHMISSILES:AL-34 Arnika:4328.0:AIF-38C_2
[BDArmory.BDACompetitionMode:200983483]: WHODAMAGEDWHOWITHMISSILES:AL-34 Arnika_1:109849.6:AIF-38C_2:8416.5:AIF-38C_1
[BDArmory.BDACompetitionMode:200983483]: WHODAMAGEDWHOWITHMISSILES:AL-34 Arnika_2:41474.5:AIF-38C_1:17335.2:AIF-38C_2:8849.1:AIF-38C
[BDArmory.BDACompetitionMode:200983483]: WHODAMAGEDWHOWITHMISSILES:AL-34 Arnika_3:15781.6:AIF-38C_2:5782.0:AIF-38C_1
[BDArmory.BDACompetitionMode:200983483]: WHODAMAGEDWHOWITHMISSILES:AIF-38C_3:52023.5:AL-34 Arnika_3:4222.3:AL-34 Arnika_1:4451.3:AL-34 Arnika
[BDArmory.BDACompetitionMode:200983483]: WHODAMAGEDWHOWITHBATTLEDAMAGE:AL-34 Arnika_1:24361.3:AIF-38C_2
[BDArmory.BDACompetitionMode:200983483]: WHODAMAGEDWHOWITHBATTLEDAMAGE:AL-34 Arnika_2:50.1:AIF-38C_1
[BDArmory.BDACompetitionMode:200983483]: WHODAMAGEDWHOWITHBATTLEDAMAGE:AL-34 Arnika_3:37.0:AIF-38C_1:51.1:AIF-38C_2:0.9:AIF-38C
[BDArmory.BDACompetitionMode:200983483]: WHODAMAGEDWHOWITHBATTLEDAMAGE:AIF-38C_3:0.2:AL-34 Arnika_3
[BDArmory.BDACompetitionMode:200983483]: CLEANKILLMISSILES:AL-34 Arnika:AIF-38C_2
[BDArmory.BDACompetitionMode:200983483]: KILLSTEALMISSILES:AL-34 Arnika_1:AIF-38C_1
[BDArmory.BDACompetitionMode:200983483]: KILLSTEALMISSILES:AL-34 Arnika_2:AIF-38C
[BDArmory.BDACompetitionMode:200983483]: KILLSTEALGUNS:AL-34 Arnika_3:AIF-38C
[BDArmory.BDACompetitionMode:200983483]: HPLEFT:AL-34 Arnika:0
[BDArmory.BDACompetitionMode:200983483]: HPLEFT:AL-34 Arnika_1:0
[BDArmory.BDACompetitionMode:200983483]: HPLEFT:AL-34 Arnika_2:0
[BDArmory.BDACompetitionMode:200983483]: HPLEFT:AL-34 Arnika_3:0
[BDArmory.BDACompetitionMode:200983483]: HPLEFT:AIF-38C:100
[BDArmory.BDACompetitionMode:200983483]: HPLEFT:AIF-38C_1:100
[BDArmory.BDACompetitionMode:200983483]: HPLEFT:AIF-38C_2:100
[BDArmory.BDACompetitionMode:200983483]: HPLEFT:AIF-38C_3:12.5
[BDArmory.BDACompetitionMode:200983483]: ACCURACY:AL-34 Arnika:0/0:0/0
[BDArmory.BDACompetitionMode:200983483]: ACCURACY:AL-34 Arnika_1:0/0:0/0
[BDArmory.BDACompetitionMode:200983483]: ACCURACY:AL-34 Arnika_2:0/0:0/0
[BDArmory.BDACompetitionMode:200983483]: ACCURACY:AL-34 Arnika_3:0/0:0/0
[BDArmory.BDACompetitionMode:200983483]: ACCURACY:AIF-38C:4/27:0/0
[BDArmory.BDACompetitionMode:200983483]: ACCURACY:AIF-38C_1:1/30:0/0
[BDArmory.BDACompetitionMode:200983483]: ACCURACY:AIF-38C_2:8/29:0/0
[BDArmory.BDACompetitionMode:200983483]: ACCURACY:AIF-38C_3:0/0:0/0
