[BDArmory.BDACompetitionMode:196579723]: Dumping Results after 115s (of 0s) at 2026-03-25 05:30:58 -04:00
[BDArmory.BDACompetitionMode:196579723]: RESULT:Win:{"team": "LF-03 Avaria Mk11", "members": ["LF-03 Avaria Mk11", "LF-03 Avaria Mk11_1"]}
[BDArmory.BDACompetitionMode:196579723]: DEADTEAMS:[{"team": "PLAID AIF-42C4 LRP", "members": ["PLAID AIF-42C4 LRP", "PLAID AIF-42C4 LRP_1"]}]
[BDArmory.BDACompetitionMode:196579723]: ALIVE:LF-03 Avaria Mk11
[BDArmory.BDACompetitionMode:196579723]: ALIVE:LF-03 Avaria Mk11_1
[BDArmory.BDACompetitionMode:196579723]: DEAD:0:94.0:PLAID AIF-42C4 LRP
[BDArmory.BDACompetitionMode:196579723]: DEAD:1:104.0:PLAID AIF-42C4 LRP_1
[BDArmory.BDACompetitionMode:196579723]: WHOSHOTWHOWITHGUNS:PLAID AIF-42C4 LRP:29:LF-03 Avaria Mk11:23:LF-03 Avaria Mk11_1
[BDArmory.BDACompetitionMode:196579723]: WHOSHOTWHOWITHGUNS:PLAID AIF-42C4 LRP_1:7:LF-03 Avaria Mk11_1
[BDArmory.BDACompetitionMode:196579723]: WHOSHOTWHOWITHGUNS:LF-03 Avaria Mk11:2:PLAID AIF-42C4 LRP
[BDArmory.BDACompetitionMode:196579723]: WHODAMAGEDWHOWITHGUNS:PLAID AIF-42C4 LRP:6110.5:LF-03 Avaria Mk11:2099.2:LF-03 Avaria Mk11_1
[BDArmory.BDACompetitionMode:196579723]: WHODAMAGEDWHOWITHGUNS:PLAID AIF-42C4 LRP_1:2189.4:LF-03 Avaria Mk11_1
[BDArmory.BDACompetitionMode:196579723]: WHODAMAGEDWHOWITHGUNS:LF-03 Avaria Mk11:1077.0:PLAID AIF-42C4 LRP
[BDArmory.BDACompetitionMode:196579723]: WHOHITWHOWITHMISSILES:PLAID AIF-42C4 LRP:1:LF-03 Avaria Mk11
[BDArmory.BDACompetitionMode:196579723]: WHOHITWHOWITHMISSILES:PLAID AIF-42C4 LRP_1:2:LF-03 Avaria Mk11_1
[BDArmory.BDACompetitionMode:196579723]: WHOHITWHOWITHMISSILES:LF-03 Avaria Mk11:1:PLAID AIF-42C4 LRP
[BDArmory.BDACompetitionMode:196579723]: WHOHITWHOWITHMISSILES:LF-03 Avaria Mk11_1:1:PLAID AIF-42C4 LRP
[BDArmory.BDACompetitionMode:196579723]: WHOPARTSHITWHOWITHMISSILES:PLAID AIF-42C4 LRP:80:LF-03 Avaria Mk11
[BDArmory.BDACompetitionMode:196579723]: WHOPARTSHITWHOWITHMISSILES:PLAID AIF-42C4 LRP_1:116:LF-03 Avaria Mk11_1
[BDArmory.BDACompetitionMode:196579723]: WHOPARTSHITWHOWITHMISSILES:LF-03 Avaria Mk11:40:PLAID AIF-42C4 LRP
[BDArmory.BDACompetitionMode:196579723]: WHOPARTSHITWHOWITHMISSILES:LF-03 Avaria Mk11_1:35:PLAID AIF-42C4 LRP
[BDArmory.BDACompetitionMode:196579723]: WHODAMAGEDWHOWITHMISSILES:PLAID AIF-42C4 LRP:2367.6:LF-03 Avaria Mk11
[BDArmory.BDACompetitionMode:196579723]: WHODAMAGEDWHOWITHMISSILES:PLAID AIF-42C4 LRP_1:20931.0:LF-03 Avaria Mk11_1
[BDArmory.BDACompetitionMode:196579723]: WHODAMAGEDWHOWITHMISSILES:LF-03 Avaria Mk11:8248.5:PLAID AIF-42C4 LRP
[BDArmory.BDACompetitionMode:196579723]: WHODAMAGEDWHOWITHMISSILES:LF-03 Avaria Mk11_1:11819.5:PLAID AIF-42C4 LRP
[BDArmory.BDACompetitionMode:196579723]: WHODAMAGEDWHOWITHBATTLEDAMAGE:PLAID AIF-42C4 LRP:698.1:LF-03 Avaria Mk11:9365.3:PLAID AIF-42C4 LRP:3.9:LF-03 Avaria Mk11_1
[BDArmory.BDACompetitionMode:196579723]: WHODAMAGEDWHOWITHBATTLEDAMAGE:PLAID AIF-42C4 LRP_1:11001.0:LF-03 Avaria Mk11_1:11092.9:PLAID AIF-42C4 LRP_1
[BDArmory.BDACompetitionMode:196579723]: HEADSHOTGUNS:PLAID AIF-42C4 LRP:LF-03 Avaria Mk11_1
[BDArmory.BDACompetitionMode:196579723]: CLEANKILLGUNS:PLAID AIF-42C4 LRP_1:LF-03 Avaria Mk11_1
[BDArmory.BDACompetitionMode:196579723]: HPLEFT:PLAID AIF-42C4 LRP:0
[BDArmory.BDACompetitionMode:196579723]: HPLEFT:PLAID AIF-42C4 LRP_1:0
[BDArmory.BDACompetitionMode:196579723]: HPLEFT:LF-03 Avaria Mk11:84
[BDArmory.BDACompetitionMode:196579723]: HPLEFT:LF-03 Avaria Mk11_1:86
[BDArmory.BDACompetitionMode:196579723]: ACCURACY:PLAID AIF-42C4 LRP:2/51:0/0
[BDArmory.BDACompetitionMode:196579723]: ACCURACY:PLAID AIF-42C4 LRP_1:0/26:0/0
[BDArmory.BDACompetitionMode:196579723]: ACCURACY:LF-03 Avaria Mk11:29/130:0/0
[BDArmory.BDACompetitionMode:196579723]: ACCURACY:LF-03 Avaria Mk11_1:30/357:0/0
