[BDArmory.BDACompetitionMode:196834757]: Dumping Results after 141s (of 0s) at 2026-03-28 04:22:32 -04:00
[BDArmory.BDACompetitionMode:196834757]: RESULT:Win:{"team": "PLAID AIF-42C5B LRP", "members": ["PLAID AIF-42C5B LRP", "PLAID AIF-42C5B LRP_1", "PLAID AIF-42C5B LRP_2", "PLAID AIF-42C5B LRP_3"]}
[BDArmory.BDACompetitionMode:196834757]: DEADTEAMS:[{"team": "PLAID AIF-42C5C LRP", "members": ["PLAID AIF-42C5C LRP", "PLAID AIF-42C5C LRP_1", "PLAID AIF-42C5C LRP_2", "PLAID AIF-42C5C LRP_3"]}]
[BDArmory.BDACompetitionMode:196834757]: ALIVE:PLAID AIF-42C5B LRP
[BDArmory.BDACompetitionMode:196834757]: ALIVE:PLAID AIF-42C5B LRP_1
[BDArmory.BDACompetitionMode:196834757]: ALIVE:PLAID AIF-42C5B LRP_2
[BDArmory.BDACompetitionMode:196834757]: MIA:PLAID AIF-42C5B LRP_3
[BDArmory.BDACompetitionMode:196834757]: DEAD:1:97.0:PLAID AIF-42C5C LRP
[BDArmory.BDACompetitionMode:196834757]: DEAD:2:123.0:PLAID AIF-42C5C LRP_1
[BDArmory.BDACompetitionMode:196834757]: DEAD:3:130.0:PLAID AIF-42C5C LRP_2
[BDArmory.BDACompetitionMode:196834757]: DEAD:0:71.0:PLAID AIF-42C5C LRP_3
[BDArmory.BDACompetitionMode:196834757]: WHOSHOTWHOWITHGUNS:PLAID AIF-42C5B LRP_3:2:PLAID AIF-42C5C LRP_2
[BDArmory.BDACompetitionMode:196834757]: WHOSHOTWHOWITHGUNS:PLAID AIF-42C5C LRP_1:7:PLAID AIF-42C5B LRP_2:1:PLAID AIF-42C5B LRP
[BDArmory.BDACompetitionMode:196834757]: WHOSHOTWHOWITHGUNS:PLAID AIF-42C5C LRP_2:6:PLAID AIF-42C5B LRP_2:5:PLAID AIF-42C5B LRP
[BDArmory.BDACompetitionMode:196834757]: WHODAMAGEDWHOWITHGUNS:PLAID AIF-42C5B LRP_3:559.4:PLAID AIF-42C5C LRP_2
[BDArmory.BDACompetitionMode:196834757]: WHODAMAGEDWHOWITHGUNS:PLAID AIF-42C5C LRP_1:1347.6:PLAID AIF-42C5B LRP_2:320.0:PLAID AIF-42C5B LRP
[BDArmory.BDACompetitionMode:196834757]: WHODAMAGEDWHOWITHGUNS:PLAID AIF-42C5C LRP_2:1217.6:PLAID AIF-42C5B LRP_2:942.3:PLAID AIF-42C5B LRP
[BDArmory.BDACompetitionMode:196834757]: WHOHITWHOWITHMISSILES:PLAID AIF-42C5B LRP_1:1:PLAID AIF-42C5C LRP_3
[BDArmory.BDACompetitionMode:196834757]: WHOHITWHOWITHMISSILES:PLAID AIF-42C5C LRP:2:PLAID AIF-42C5B LRP
[BDArmory.BDACompetitionMode:196834757]: WHOHITWHOWITHMISSILES:PLAID AIF-42C5C LRP_1:3:PLAID AIF-42C5B LRP_2:1:PLAID AIF-42C5B LRP_3:1:PLAID AIF-42C5B LRP
[BDArmory.BDACompetitionMode:196834757]: WHOHITWHOWITHMISSILES:PLAID AIF-42C5C LRP_2:1:PLAID AIF-42C5B LRP
[BDArmory.BDACompetitionMode:196834757]: WHOHITWHOWITHMISSILES:PLAID AIF-42C5C LRP_3:1:PLAID AIF-42C5B LRP_1
[BDArmory.BDACompetitionMode:196834757]: WHOPARTSHITWHOWITHMISSILES:PLAID AIF-42C5B LRP_1:75:PLAID AIF-42C5C LRP_3
[BDArmory.BDACompetitionMode:196834757]: WHOPARTSHITWHOWITHMISSILES:PLAID AIF-42C5C LRP:129:PLAID AIF-42C5B LRP
[BDArmory.BDACompetitionMode:196834757]: WHOPARTSHITWHOWITHMISSILES:PLAID AIF-42C5C LRP_1:197:PLAID AIF-42C5B LRP_2:42:PLAID AIF-42C5B LRP_3:42:PLAID AIF-42C5B LRP
[BDArmory.BDACompetitionMode:196834757]: WHOPARTSHITWHOWITHMISSILES:PLAID AIF-42C5C LRP_2:66:PLAID AIF-42C5B LRP
[BDArmory.BDACompetitionMode:196834757]: WHOPARTSHITWHOWITHMISSILES:PLAID AIF-42C5C LRP_3:75:PLAID AIF-42C5B LRP_1
[BDArmory.BDACompetitionMode:196834757]: WHODAMAGEDWHOWITHMISSILES:PLAID AIF-42C5B LRP_1:27397.3:PLAID AIF-42C5C LRP_3
[BDArmory.BDACompetitionMode:196834757]: WHODAMAGEDWHOWITHMISSILES:PLAID AIF-42C5C LRP:33371.1:PLAID AIF-42C5B LRP
[BDArmory.BDACompetitionMode:196834757]: WHODAMAGEDWHOWITHMISSILES:PLAID AIF-42C5C LRP_1:16277.8:PLAID AIF-42C5B LRP_2:1021.5:PLAID AIF-42C5B LRP_3:28177.9:PLAID AIF-42C5B LRP
[BDArmory.BDACompetitionMode:196834757]: WHODAMAGEDWHOWITHMISSILES:PLAID AIF-42C5C LRP_2:6773.0:PLAID AIF-42C5B LRP
[BDArmory.BDACompetitionMode:196834757]: WHODAMAGEDWHOWITHMISSILES:PLAID AIF-42C5C LRP_3:6185.3:PLAID AIF-42C5B LRP_1
[BDArmory.BDACompetitionMode:196834757]: WHORAMMEDWHO:PLAID AIF-42C5C LRP_2:69:PLAID AIF-42C5B LRP
[BDArmory.BDACompetitionMode:196834757]: WHODAMAGEDWHOWITHBATTLEDAMAGE:PLAID AIF-42C5B LRP_2:6.6:PLAID AIF-42C5C LRP_1
[BDArmory.BDACompetitionMode:196834757]: WHODAMAGEDWHOWITHBATTLEDAMAGE:PLAID AIF-42C5B LRP_3:21.1:PLAID AIF-42C5C LRP_2:1949.1:PLAID AIF-42C5B LRP_3
[BDArmory.BDACompetitionMode:196834757]: WHODAMAGEDWHOWITHBATTLEDAMAGE:PLAID AIF-42C5C LRP:18354.9:PLAID AIF-42C5B LRP
[BDArmory.BDACompetitionMode:196834757]: WHODAMAGEDWHOWITHBATTLEDAMAGE:PLAID AIF-42C5C LRP_1:91.7:PLAID AIF-42C5B LRP_2:3.6:PLAID AIF-42C5B LRP:14360.9:PLAID AIF-42C5C LRP_1
[BDArmory.BDACompetitionMode:196834757]: CLEANKILLMISSILES:PLAID AIF-42C5C LRP:PLAID AIF-42C5B LRP
[BDArmory.BDACompetitionMode:196834757]: KILLSTEALGUNS:PLAID AIF-42C5C LRP_1:PLAID AIF-42C5B LRP
[BDArmory.BDACompetitionMode:196834757]: KILLSTEALGUNS:PLAID AIF-42C5C LRP_2:PLAID AIF-42C5B LRP
[BDArmory.BDACompetitionMode:196834757]: CLEANKILLMISSILES:PLAID AIF-42C5C LRP_3:PLAID AIF-42C5B LRP_1
[BDArmory.BDACompetitionMode:196834757]: HPLEFT:PLAID AIF-42C5B LRP:100
[BDArmory.BDACompetitionMode:196834757]: HPLEFT:PLAID AIF-42C5B LRP_1:58.75
[BDArmory.BDACompetitionMode:196834757]: HPLEFT:PLAID AIF-42C5B LRP_2:100
[BDArmory.BDACompetitionMode:196834757]: HPLEFT:PLAID AIF-42C5B LRP_3:72.5
[BDArmory.BDACompetitionMode:196834757]: HPLEFT:PLAID AIF-42C5C LRP:0
[BDArmory.BDACompetitionMode:196834757]: HPLEFT:PLAID AIF-42C5C LRP_1:0
[BDArmory.BDACompetitionMode:196834757]: HPLEFT:PLAID AIF-42C5C LRP_2:0
[BDArmory.BDACompetitionMode:196834757]: HPLEFT:PLAID AIF-42C5C LRP_3:0
[BDArmory.BDACompetitionMode:196834757]: ACCURACY:PLAID AIF-42C5B LRP:6/138:0/0
[BDArmory.BDACompetitionMode:196834757]: ACCURACY:PLAID AIF-42C5B LRP_1:0/0:0/0
[BDArmory.BDACompetitionMode:196834757]: ACCURACY:PLAID AIF-42C5B LRP_2:13/208:0/0
[BDArmory.BDACompetitionMode:196834757]: ACCURACY:PLAID AIF-42C5B LRP_3:0/0:0/0
[BDArmory.BDACompetitionMode:196834757]: ACCURACY:PLAID AIF-42C5C LRP:0/0:0/0
[BDArmory.BDACompetitionMode:196834757]: ACCURACY:PLAID AIF-42C5C LRP_1:0/0:0/0
[BDArmory.BDACompetitionMode:196834757]: ACCURACY:PLAID AIF-42C5C LRP_2:2/28:0/0
[BDArmory.BDACompetitionMode:196834757]: ACCURACY:PLAID AIF-42C5C LRP_3:0/0:0/0
