[BDArmory.BDACompetitionMode:197191706]: Dumping Results after 94s (of 0s) at 2026-04-01 07:30:08 -04:00
[BDArmory.BDACompetitionMode:197191706]: RESULT:Win:{"team": "PLAID AIF-42C5B LRP", "members": ["PLAID AIF-42C5B LRP", "PLAID AIF-42C5B LRP_1", "PLAID AIF-42C5B LRP_2"]}
[BDArmory.BDACompetitionMode:197191706]: DEADTEAMS:[{"team": "PLAID AIF-42C5D LRP", "members": ["PLAID AIF-42C5D LRP", "PLAID AIF-42C5D LRP_1", "PLAID AIF-42C5D LRP_2"]}]
[BDArmory.BDACompetitionMode:197191706]: ALIVE:PLAID AIF-42C5B LRP_2
[BDArmory.BDACompetitionMode:197191706]: DEAD:4:82.8:PLAID AIF-42C5D LRP
[BDArmory.BDACompetitionMode:197191706]: DEAD:1:52.0:PLAID AIF-42C5D LRP_1
[BDArmory.BDACompetitionMode:197191706]: DEAD:3:81.0:PLAID AIF-42C5D LRP_2
[BDArmory.BDACompetitionMode:197191706]: DEAD:0:30.5:PLAID AIF-42C5B LRP
[BDArmory.BDACompetitionMode:197191706]: DEAD:2:77.0:PLAID AIF-42C5B LRP_1
[BDArmory.BDACompetitionMode:197191706]: WHOSHOTWHOWITHGUNS:PLAID AIF-42C5D LRP:9:PLAID AIF-42C5B LRP_1
[BDArmory.BDACompetitionMode:197191706]: WHOSHOTWHOWITHGUNS:PLAID AIF-42C5B LRP_1:6:PLAID AIF-42C5D LRP_2
[BDArmory.BDACompetitionMode:197191706]: WHODAMAGEDWHOWITHGUNS:PLAID AIF-42C5D LRP:4397.7:PLAID AIF-42C5B LRP_1
[BDArmory.BDACompetitionMode:197191706]: WHODAMAGEDWHOWITHGUNS:PLAID AIF-42C5B LRP_1:1557.4:PLAID AIF-42C5D LRP_2
[BDArmory.BDACompetitionMode:197191706]: WHOHITWHOWITHMISSILES:PLAID AIF-42C5D LRP:1:PLAID AIF-42C5B LRP_1
[BDArmory.BDACompetitionMode:197191706]: WHOHITWHOWITHMISSILES:PLAID AIF-42C5D LRP_1:1:PLAID AIF-42C5B LRP_2
[BDArmory.BDACompetitionMode:197191706]: WHOHITWHOWITHMISSILES:PLAID AIF-42C5D LRP_2:1:PLAID AIF-42C5B LRP_1:1:PLAID AIF-42C5B LRP_2
[BDArmory.BDACompetitionMode:197191706]: WHOHITWHOWITHMISSILES:PLAID AIF-42C5B LRP:1:PLAID AIF-42C5D LRP_1
[BDArmory.BDACompetitionMode:197191706]: WHOHITWHOWITHMISSILES:PLAID AIF-42C5B LRP_2:1:PLAID AIF-42C5D LRP
[BDArmory.BDACompetitionMode:197191706]: WHOPARTSHITWHOWITHMISSILES:PLAID AIF-42C5D LRP:67:PLAID AIF-42C5B LRP_1
[BDArmory.BDACompetitionMode:197191706]: WHOPARTSHITWHOWITHMISSILES:PLAID AIF-42C5D LRP_1:69:PLAID AIF-42C5B LRP_2
[BDArmory.BDACompetitionMode:197191706]: WHOPARTSHITWHOWITHMISSILES:PLAID AIF-42C5D LRP_2:71:PLAID AIF-42C5B LRP_1:52:PLAID AIF-42C5B LRP_2
[BDArmory.BDACompetitionMode:197191706]: WHOPARTSHITWHOWITHMISSILES:PLAID AIF-42C5B LRP:64:PLAID AIF-42C5D LRP_1
[BDArmory.BDACompetitionMode:197191706]: WHOPARTSHITWHOWITHMISSILES:PLAID AIF-42C5B LRP_2:70:PLAID AIF-42C5D LRP
[BDArmory.BDACompetitionMode:197191706]: WHODAMAGEDWHOWITHMISSILES:PLAID AIF-42C5D LRP_1:27357.8:PLAID AIF-42C5B LRP_2
[BDArmory.BDACompetitionMode:197191706]: WHODAMAGEDWHOWITHMISSILES:PLAID AIF-42C5D LRP_2:7574.2:PLAID AIF-42C5B LRP_1:117420.6:PLAID AIF-42C5B LRP_2
[BDArmory.BDACompetitionMode:197191706]: WHODAMAGEDWHOWITHMISSILES:PLAID AIF-42C5B LRP:46619.8:PLAID AIF-42C5D LRP_1
[BDArmory.BDACompetitionMode:197191706]: WHODAMAGEDWHOWITHBATTLEDAMAGE:PLAID AIF-42C5D LRP:266.2:PLAID AIF-42C5B LRP_1:10264.2:PLAID AIF-42C5D LRP
[BDArmory.BDACompetitionMode:197191706]: WHODAMAGEDWHOWITHBATTLEDAMAGE:PLAID AIF-42C5D LRP_2:38957.1:PLAID AIF-42C5B LRP_2
[BDArmory.BDACompetitionMode:197191706]: WHODAMAGEDWHOWITHBATTLEDAMAGE:PLAID AIF-42C5B LRP_1:0.9:PLAID AIF-42C5D LRP_2:10009.5:PLAID AIF-42C5B LRP_1
[BDArmory.BDACompetitionMode:197191706]: GMKILL:PLAID AIF-42C5D LRP:GM
[BDArmory.BDACompetitionMode:197191706]: GMKILL:PLAID AIF-42C5B LRP:GM
[BDArmory.BDACompetitionMode:197191706]: CLEANKILLMISSILES:PLAID AIF-42C5D LRP_1:PLAID AIF-42C5B LRP_2
[BDArmory.BDACompetitionMode:197191706]: KILLSTEALMISSILES:PLAID AIF-42C5D LRP_2:PLAID AIF-42C5B LRP_2
[BDArmory.BDACompetitionMode:197191706]: CLEANKILLGUNS:PLAID AIF-42C5B LRP_1:PLAID AIF-42C5D LRP_2
[BDArmory.BDACompetitionMode:197191706]: HPLEFT:PLAID AIF-42C5D LRP:0
[BDArmory.BDACompetitionMode:197191706]: HPLEFT:PLAID AIF-42C5D LRP_1:0
[BDArmory.BDACompetitionMode:197191706]: HPLEFT:PLAID AIF-42C5D LRP_2:0
[BDArmory.BDACompetitionMode:197191706]: HPLEFT:PLAID AIF-42C5B LRP:0
[BDArmory.BDACompetitionMode:197191706]: HPLEFT:PLAID AIF-42C5B LRP_1:0
[BDArmory.BDACompetitionMode:197191706]: HPLEFT:PLAID AIF-42C5B LRP_2:100
[BDArmory.BDACompetitionMode:197191706]: ACCURACY:PLAID AIF-42C5D LRP:0/0:0/0
[BDArmory.BDACompetitionMode:197191706]: ACCURACY:PLAID AIF-42C5D LRP_1:0/0:0/0
[BDArmory.BDACompetitionMode:197191706]: ACCURACY:PLAID AIF-42C5D LRP_2:6/22:0/0
[BDArmory.BDACompetitionMode:197191706]: ACCURACY:PLAID AIF-42C5B LRP:0/0:0/0
[BDArmory.BDACompetitionMode:197191706]: ACCURACY:PLAID AIF-42C5B LRP_1:9/33:0/0
[BDArmory.BDACompetitionMode:197191706]: ACCURACY:PLAID AIF-42C5B LRP_2:0/2:0/0
