[BDArmory.BDACompetitionMode:199423270]: Dumping Results after -180s (of 0s) at 2026-04-27 03:23:11 -04:00
[BDArmory.BDACompetitionMode:199423270]: RESULT:Draw:[{"team": "AL-34 Cooker V_VVVVdev", "members": ["AL-34 Cooker V/VVVVdev", "AL-34 Cooker V/VVVVdev_1"]}, {"team": "AIF-38", "members": ["AIF-38", "AIF-38_1"]}]
[BDArmory.BDACompetitionMode:199423270]: DEADTEAMS:[]
[BDArmory.BDACompetitionMode:199423270]: ALIVE:AL-34 Cooker V/VVVVdev
[BDArmory.BDACompetitionMode:199423270]: MIA:AL-34 Cooker V/VVVVdev_1
[BDArmory.BDACompetitionMode:199423270]: DEAD:0:40.0:AIF-38
[BDArmory.BDACompetitionMode:199423270]: MIA:AIF-38_1
[BDArmory.BDACompetitionMode:199423270]: WHOSHOTWHOWITHGUNS:AIF-38_1:9:AL-34 Cooker V/VVVVdev
[BDArmory.BDACompetitionMode:199423270]: WHODAMAGEDWHOWITHGUNS:AIF-38_1:3810.2:AL-34 Cooker V/VVVVdev
[BDArmory.BDACompetitionMode:199423270]: WHOHITWHOWITHMISSILES:AL-34 Cooker V/VVVVdev:1:AIF-38:1:AIF-38_1
[BDArmory.BDACompetitionMode:199423270]: WHOHITWHOWITHMISSILES:AL-34 Cooker V/VVVVdev_1:3:AIF-38_1
[BDArmory.BDACompetitionMode:199423270]: WHOHITWHOWITHMISSILES:AIF-38:1:AL-34 Cooker V/VVVVdev_1
[BDArmory.BDACompetitionMode:199423270]: WHOHITWHOWITHMISSILES:AIF-38_1:1:AL-34 Cooker V/VVVVdev_1:1:AL-34 Cooker V/VVVVdev
[BDArmory.BDACompetitionMode:199423270]: WHOPARTSHITWHOWITHMISSILES:AL-34 Cooker V/VVVVdev:118:AIF-38:103:AIF-38_1
[BDArmory.BDACompetitionMode:199423270]: WHOPARTSHITWHOWITHMISSILES:AL-34 Cooker V/VVVVdev_1:297:AIF-38_1
[BDArmory.BDACompetitionMode:199423270]: WHOPARTSHITWHOWITHMISSILES:AIF-38:95:AL-34 Cooker V/VVVVdev_1
[BDArmory.BDACompetitionMode:199423270]: WHOPARTSHITWHOWITHMISSILES:AIF-38_1:99:AL-34 Cooker V/VVVVdev_1:89:AL-34 Cooker V/VVVVdev
[BDArmory.BDACompetitionMode:199423270]: WHODAMAGEDWHOWITHMISSILES:AL-34 Cooker V/VVVVdev:3762.8:AIF-38
[BDArmory.BDACompetitionMode:199423270]: WHODAMAGEDWHOWITHMISSILES:AL-34 Cooker V/VVVVdev_1:78424.9:AIF-38_1
[BDArmory.BDACompetitionMode:199423270]: WHODAMAGEDWHOWITHMISSILES:AIF-38:100386.9:AL-34 Cooker V/VVVVdev_1
[BDArmory.BDACompetitionMode:199423270]: WHODAMAGEDWHOWITHMISSILES:AIF-38_1:411.9:AL-34 Cooker V/VVVVdev_1:12076.9:AL-34 Cooker V/VVVVdev
[BDArmory.BDACompetitionMode:199423270]: WHODAMAGEDWHOWITHBATTLEDAMAGE:AIF-38_1:49.0:AL-34 Cooker V/VVVVdev
[BDArmory.BDACompetitionMode:199423270]: CLEANKILLMISSILES:AIF-38:AL-34 Cooker V/VVVVdev_1
[BDArmory.BDACompetitionMode:199423270]: HPLEFT:AL-34 Cooker V/VVVVdev:97.4137931034483
[BDArmory.BDACompetitionMode:199423270]: HPLEFT:AL-34 Cooker V/VVVVdev_1:59.4827586206897
[BDArmory.BDACompetitionMode:199423270]: HPLEFT:AIF-38:0
[BDArmory.BDACompetitionMode:199423270]: HPLEFT:AIF-38_1:85.1485148514851
[BDArmory.BDACompetitionMode:199423270]: ACCURACY:AL-34 Cooker V/VVVVdev:9/100:0/0
[BDArmory.BDACompetitionMode:199423270]: ACCURACY:AL-34 Cooker V/VVVVdev_1:0/0:0/0
[BDArmory.BDACompetitionMode:199423270]: ACCURACY:AIF-38:0/0:0/0
[BDArmory.BDACompetitionMode:199423270]: ACCURACY:AIF-38_1:0/0:0/0
