[BDArmory.BDACompetitionMode:199427391]: Dumping Results after 102s (of 0s) at 2026-04-27 04:32:40 -04:00
[BDArmory.BDACompetitionMode:199427391]: RESULT:Win:{"team": "B", "members": ["AIF-38_1"]}
[BDArmory.BDACompetitionMode:199427391]: DEADTEAMS:[{"team": "A", "members": ["AIF-38"]}, {"team": "murderous chud-3 GFORGE", "members": ["murderous chud-3 GFORGE", "murderous chud-3 GFORGE_1"]}]
[BDArmory.BDACompetitionMode:199427391]: ALIVE:AIF-38_1
[BDArmory.BDACompetitionMode:199427391]: DEAD:2:102.0:AIF-38
[BDArmory.BDACompetitionMode:199427391]: DEAD:0:44.0:murderous chud-3 GFORGE
[BDArmory.BDACompetitionMode:199427391]: DEAD:1:50.0:murderous chud-3 GFORGE_1
[BDArmory.BDACompetitionMode:199427391]: WHOSHOTWHOWITHGUNS:AIF-38:14:AIF-38_1
[BDArmory.BDACompetitionMode:199427391]: WHOSHOTWHOWITHGUNS:AIF-38_1:18:AIF-38
[BDArmory.BDACompetitionMode:199427391]: WHODAMAGEDWHOWITHGUNS:AIF-38:3287.7:AIF-38_1
[BDArmory.BDACompetitionMode:199427391]: WHODAMAGEDWHOWITHGUNS:AIF-38_1:5477.5:AIF-38
[BDArmory.BDACompetitionMode:199427391]: WHOHITWHOWITHMISSILES:AIF-38:1:AIF-38_1
[BDArmory.BDACompetitionMode:199427391]: WHOHITWHOWITHMISSILES:AIF-38_1:1:murderous chud-3 GFORGE_1
[BDArmory.BDACompetitionMode:199427391]: WHOHITWHOWITHMISSILES:murderous chud-3 GFORGE:1:AIF-38:1:AIF-38_1
[BDArmory.BDACompetitionMode:199427391]: WHOHITWHOWITHMISSILES:murderous chud-3 GFORGE_1:2:AIF-38
[BDArmory.BDACompetitionMode:199427391]: WHOPARTSHITWHOWITHMISSILES:AIF-38:96:AIF-38_1
[BDArmory.BDACompetitionMode:199427391]: WHOPARTSHITWHOWITHMISSILES:AIF-38_1:98:murderous chud-3 GFORGE_1
[BDArmory.BDACompetitionMode:199427391]: WHOPARTSHITWHOWITHMISSILES:murderous chud-3 GFORGE:108:AIF-38:110:AIF-38_1
[BDArmory.BDACompetitionMode:199427391]: WHOPARTSHITWHOWITHMISSILES:murderous chud-3 GFORGE_1:210:AIF-38
[BDArmory.BDACompetitionMode:199427391]: WHODAMAGEDWHOWITHMISSILES:AIF-38:676.9:AIF-38_1
[BDArmory.BDACompetitionMode:199427391]: WHODAMAGEDWHOWITHMISSILES:murderous chud-3 GFORGE:52292.6:AIF-38
[BDArmory.BDACompetitionMode:199427391]: WHODAMAGEDWHOWITHMISSILES:murderous chud-3 GFORGE_1:24989.3:AIF-38
[BDArmory.BDACompetitionMode:199427391]: WHODAMAGEDWHOWITHBATTLEDAMAGE:AIF-38:3.3:AIF-38_1
[BDArmory.BDACompetitionMode:199427391]: WHODAMAGEDWHOWITHBATTLEDAMAGE:AIF-38_1:239.6:AIF-38
[BDArmory.BDACompetitionMode:199427391]: CLEANKILLGUNS:AIF-38:AIF-38_1
[BDArmory.BDACompetitionMode:199427391]: KILLSTEALMISSILES:murderous chud-3 GFORGE:AIF-38_1
[BDArmory.BDACompetitionMode:199427391]: CLEANKILLMISSILES:murderous chud-3 GFORGE_1:AIF-38
[BDArmory.BDACompetitionMode:199427391]: HPLEFT:AIF-38:0
[BDArmory.BDACompetitionMode:199427391]: HPLEFT:AIF-38_1:90.0990099009901
[BDArmory.BDACompetitionMode:199427391]: HPLEFT:murderous chud-3 GFORGE:0
[BDArmory.BDACompetitionMode:199427391]: HPLEFT:murderous chud-3 GFORGE_1:0
[BDArmory.BDACompetitionMode:199427391]: ACCURACY:AIF-38:18/138:0/0
[BDArmory.BDACompetitionMode:199427391]: ACCURACY:AIF-38_1:14/40:0/0
[BDArmory.BDACompetitionMode:199427391]: ACCURACY:murderous chud-3 GFORGE:0/0:0/0
[BDArmory.BDACompetitionMode:199427391]: ACCURACY:murderous chud-3 GFORGE_1:0/0:0/0
