[BDArmory.BDACompetitionMode:199414419]: Dumping Results after 76s (of 0s) at 2026-04-27 00:55:40 -04:00
[BDArmory.BDACompetitionMode:199414419]: RESULT:Win:{"team": "AIF-38", "members": ["AIF-38", "AIF-38_1"]}
[BDArmory.BDACompetitionMode:199414419]: DEADTEAMS:[{"team": "Z-41D-1", "members": ["Z-41D-1", "Z-41D-1_1"]}]
[BDArmory.BDACompetitionMode:199414419]: ALIVE:AIF-38
[BDArmory.BDACompetitionMode:199414419]: DEAD:0:46.0:AIF-38_1
[BDArmory.BDACompetitionMode:199414419]: DEAD:1:47.0:Z-41D-1
[BDArmory.BDACompetitionMode:199414419]: DEAD:2:66.0:Z-41D-1_1
[BDArmory.BDACompetitionMode:199414419]: WHOSHOTWHOWITHGUNS:Z-41D-1_1:2:AIF-38
[BDArmory.BDACompetitionMode:199414419]: WHODAMAGEDWHOWITHGUNS:Z-41D-1_1:652.8:AIF-38
[BDArmory.BDACompetitionMode:199414419]: WHOHITWHOWITHMISSILES:AIF-38:1:Z-41D-1:1:Z-41D-1_1
[BDArmory.BDACompetitionMode:199414419]: WHOHITWHOWITHMISSILES:AIF-38_1:1:Z-41D-1:1:Z-41D-1_1
[BDArmory.BDACompetitionMode:199414419]: WHOHITWHOWITHMISSILES:Z-41D-1:1:AIF-38_1
[BDArmory.BDACompetitionMode:199414419]: WHOHITWHOWITHMISSILES:Z-41D-1_1:3:AIF-38:1:AIF-38_1
[BDArmory.BDACompetitionMode:199414419]: WHOPARTSHITWHOWITHMISSILES:AIF-38:95:Z-41D-1:88:Z-41D-1_1
[BDArmory.BDACompetitionMode:199414419]: WHOPARTSHITWHOWITHMISSILES:AIF-38_1:98:Z-41D-1:98:Z-41D-1_1
[BDArmory.BDACompetitionMode:199414419]: WHOPARTSHITWHOWITHMISSILES:Z-41D-1:127:AIF-38_1
[BDArmory.BDACompetitionMode:199414419]: WHOPARTSHITWHOWITHMISSILES:Z-41D-1_1:165:AIF-38:30:AIF-38_1
[BDArmory.BDACompetitionMode:199414419]: WHODAMAGEDWHOWITHMISSILES:AIF-38:5077.6:Z-41D-1:4908.0:Z-41D-1_1
[BDArmory.BDACompetitionMode:199414419]: WHODAMAGEDWHOWITHMISSILES:AIF-38_1:27871.7:Z-41D-1:1381.6:Z-41D-1_1
[BDArmory.BDACompetitionMode:199414419]: WHODAMAGEDWHOWITHMISSILES:Z-41D-1:93162.9:AIF-38_1
[BDArmory.BDACompetitionMode:199414419]: WHODAMAGEDWHOWITHMISSILES:Z-41D-1_1:154863.0:AIF-38:3157.6:AIF-38_1
[BDArmory.BDACompetitionMode:199414419]: WHODAMAGEDWHOWITHBATTLEDAMAGE:Z-41D-1_1:810.9:AIF-38
[BDArmory.BDACompetitionMode:199414419]: KILLSTEALMISSILES:AIF-38_1:Z-41D-1_1
[BDArmory.BDACompetitionMode:199414419]: CLEANKILLMISSILES:Z-41D-1:AIF-38_1
[BDArmory.BDACompetitionMode:199414419]: HEADSHOTGUNS:Z-41D-1_1:AIF-38
[BDArmory.BDACompetitionMode:199414419]: HPLEFT:AIF-38:87.7551020408163
[BDArmory.BDACompetitionMode:199414419]: HPLEFT:AIF-38_1:0
[BDArmory.BDACompetitionMode:199414419]: HPLEFT:Z-41D-1:0
[BDArmory.BDACompetitionMode:199414419]: HPLEFT:Z-41D-1_1:0
[BDArmory.BDACompetitionMode:199414419]: ACCURACY:AIF-38:2/13:0/0
[BDArmory.BDACompetitionMode:199414419]: ACCURACY:AIF-38_1:0/0:0/0
[BDArmory.BDACompetitionMode:199414419]: ACCURACY:Z-41D-1:0/0:0/0
[BDArmory.BDACompetitionMode:199414419]: ACCURACY:Z-41D-1_1:0/0:0/0
