[BDArmory.BDACompetitionMode:209712587]: Dumping Results after 67s (of 0s) at 2026-08-24 05:31:18 -04:00
[BDArmory.BDACompetitionMode:209712587]: RESULT:Win:{"team": "OZ-1 Skydancer Suidkaf", "members": ["OZ-1 Skydancer Suidkaf", "OZ-1 Skydancer Suidkaf_1"]}
[BDArmory.BDACompetitionMode:209712587]: DEADTEAMS:[{"team": "PLAID ASF-07 CERULEAN OPTIC (DF)", "members": ["PLAID ASF-07 CERULEAN OPTIC (DF)", "PLAID ASF-07 CERULEAN OPTIC (DF)_1"]}]
[BDArmory.BDACompetitionMode:209712587]: ALIVE:OZ-1 Skydancer Suidkaf
[BDArmory.BDACompetitionMode:209712587]: DEAD:2:57.0:PLAID ASF-07 CERULEAN OPTIC (DF)
[BDArmory.BDACompetitionMode:209712587]: DEAD:0:24.0:PLAID ASF-07 CERULEAN OPTIC (DF)_1
[BDArmory.BDACompetitionMode:209712587]: DEAD:1:36.0:OZ-1 Skydancer Suidkaf_1
[BDArmory.BDACompetitionMode:209712587]: WHOSHOTWHOWITHGUNS:PLAID ASF-07 CERULEAN OPTIC (DF):9:OZ-1 Skydancer Suidkaf
[BDArmory.BDACompetitionMode:209712587]: WHOSHOTWHOWITHGUNS:PLAID ASF-07 CERULEAN OPTIC (DF)_1:5:OZ-1 Skydancer Suidkaf
[BDArmory.BDACompetitionMode:209712587]: WHOSHOTWHOWITHGUNS:OZ-1 Skydancer Suidkaf:4:PLAID ASF-07 CERULEAN OPTIC (DF)
[BDArmory.BDACompetitionMode:209712587]: WHOSHOTWHOWITHGUNS:OZ-1 Skydancer Suidkaf_1:2:PLAID ASF-07 CERULEAN OPTIC (DF)
[BDArmory.BDACompetitionMode:209712587]: WHODAMAGEDWHOWITHGUNS:PLAID ASF-07 CERULEAN OPTIC (DF):506.6:OZ-1 Skydancer Suidkaf
[BDArmory.BDACompetitionMode:209712587]: WHODAMAGEDWHOWITHGUNS:PLAID ASF-07 CERULEAN OPTIC (DF)_1:341.5:OZ-1 Skydancer Suidkaf
[BDArmory.BDACompetitionMode:209712587]: WHODAMAGEDWHOWITHGUNS:OZ-1 Skydancer Suidkaf:294.6:PLAID ASF-07 CERULEAN OPTIC (DF)
[BDArmory.BDACompetitionMode:209712587]: WHODAMAGEDWHOWITHGUNS:OZ-1 Skydancer Suidkaf_1:145.0:PLAID ASF-07 CERULEAN OPTIC (DF)
[BDArmory.BDACompetitionMode:209712587]: WHORAMMEDWHO:PLAID ASF-07 CERULEAN OPTIC (DF):1:OZ-1 Skydancer Suidkaf_1
[BDArmory.BDACompetitionMode:209712587]: WHORAMMEDWHO:PLAID ASF-07 CERULEAN OPTIC (DF)_1:6:OZ-1 Skydancer Suidkaf_1
[BDArmory.BDACompetitionMode:209712587]: WHORAMMEDWHO:OZ-1 Skydancer Suidkaf_1:8:PLAID ASF-07 CERULEAN OPTIC (DF)_1
[BDArmory.BDACompetitionMode:209712587]: WHODAMAGEDWHOWITHBATTLEDAMAGE:PLAID ASF-07 CERULEAN OPTIC (DF):152.6:OZ-1 Skydancer Suidkaf
[BDArmory.BDACompetitionMode:209712587]: WHODAMAGEDWHOWITHBATTLEDAMAGE:PLAID ASF-07 CERULEAN OPTIC (DF)_1:0.1:OZ-1 Skydancer Suidkaf
[BDArmory.BDACompetitionMode:209712587]: WHODAMAGEDWHOWITHBATTLEDAMAGE:OZ-1 Skydancer Suidkaf:50.1:PLAID ASF-07 CERULEAN OPTIC (DF)
[BDArmory.BDACompetitionMode:209712587]: HEADSHOTGUNS:PLAID ASF-07 CERULEAN OPTIC (DF):OZ-1 Skydancer Suidkaf
[BDArmory.BDACompetitionMode:209712587]: HEADSHOTGUNS:PLAID ASF-07 CERULEAN OPTIC (DF)_1:OZ-1 Skydancer Suidkaf
[BDArmory.BDACompetitionMode:209712587]: HPLEFT:PLAID ASF-07 CERULEAN OPTIC (DF):0
[BDArmory.BDACompetitionMode:209712587]: HPLEFT:PLAID ASF-07 CERULEAN OPTIC (DF)_1:0
[BDArmory.BDACompetitionMode:209712587]: HPLEFT:OZ-1 Skydancer Suidkaf:102.380952380952
[BDArmory.BDACompetitionMode:209712587]: HPLEFT:OZ-1 Skydancer Suidkaf_1:0
[BDArmory.BDACompetitionMode:209712587]: ACCURACY:PLAID ASF-07 CERULEAN OPTIC (DF):6/75:0/0
[BDArmory.BDACompetitionMode:209712587]: ACCURACY:PLAID ASF-07 CERULEAN OPTIC (DF)_1:0/3:0/0
[BDArmory.BDACompetitionMode:209712587]: ACCURACY:OZ-1 Skydancer Suidkaf:14/140:0/0
[BDArmory.BDACompetitionMode:209712587]: ACCURACY:OZ-1 Skydancer Suidkaf_1:0/23:0/0
