[BDArmory.BDACompetitionMode:197191974]: Dumping Results after 106s (of 0s) at 2026-04-01 07:34:59 -04:00
[BDArmory.BDACompetitionMode:197191974]: RESULT:Win:{"team": "PLAID AIF-42C5B LRP", "members": ["PLAID AIF-42C5B LRP", "PLAID AIF-42C5B LRP_1", "PLAID AIF-42C5B LRP_2"]}
[BDArmory.BDACompetitionMode:197191974]: DEADTEAMS:[{"team": "PLAID AIF-42C5D LRP", "members": ["PLAID AIF-42C5D LRP", "PLAID AIF-42C5D LRP_1", "PLAID AIF-42C5D LRP_2"]}]
[BDArmory.BDACompetitionMode:197191974]: ALIVE:PLAID AIF-42C5B LRP_1
[BDArmory.BDACompetitionMode:197191974]: ALIVE:PLAID AIF-42C5B LRP_2
[BDArmory.BDACompetitionMode:197191974]: DEAD:0:43.3:PLAID AIF-42C5B LRP
[BDArmory.BDACompetitionMode:197191974]: DEAD:2:82.0:PLAID AIF-42C5D LRP
[BDArmory.BDACompetitionMode:197191974]: DEAD:1:76.6:PLAID AIF-42C5D LRP_1
[BDArmory.BDACompetitionMode:197191974]: DEAD:3:95.0:PLAID AIF-42C5D LRP_2
[BDArmory.BDACompetitionMode:197191974]: WHOSHOTWHOWITHGUNS:PLAID AIF-42C5B LRP_2:1:PLAID AIF-42C5D LRP
[BDArmory.BDACompetitionMode:197191974]: WHOSHOTWHOWITHGUNS:PLAID AIF-42C5D LRP_2:11:PLAID AIF-42C5B LRP_2:11:PLAID AIF-42C5B LRP_1
[BDArmory.BDACompetitionMode:197191974]: WHODAMAGEDWHOWITHGUNS:PLAID AIF-42C5B LRP_2:54.9:PLAID AIF-42C5D LRP
[BDArmory.BDACompetitionMode:197191974]: WHODAMAGEDWHOWITHGUNS:PLAID AIF-42C5D LRP_2:2293.8:PLAID AIF-42C5B LRP_2:2802.6:PLAID AIF-42C5B LRP_1
[BDArmory.BDACompetitionMode:197191974]: WHOHITWHOWITHMISSILES:PLAID AIF-42C5B LRP:1:PLAID AIF-42C5D LRP:1:PLAID AIF-42C5D LRP_1
[BDArmory.BDACompetitionMode:197191974]: WHOHITWHOWITHMISSILES:PLAID AIF-42C5D LRP:1:PLAID AIF-42C5D LRP_1:1:PLAID AIF-42C5B LRP_1
[BDArmory.BDACompetitionMode:197191974]: WHOHITWHOWITHMISSILES:PLAID AIF-42C5D LRP_1:2:PLAID AIF-42C5B LRP_1
[BDArmory.BDACompetitionMode:197191974]: WHOHITWHOWITHMISSILES:PLAID AIF-42C5D LRP_2:1:PLAID AIF-42C5B LRP_2
[BDArmory.BDACompetitionMode:197191974]: WHOPARTSHITWHOWITHMISSILES:PLAID AIF-42C5B LRP:66:PLAID AIF-42C5D LRP:65:PLAID AIF-42C5D LRP_1
[BDArmory.BDACompetitionMode:197191974]: WHOPARTSHITWHOWITHMISSILES:PLAID AIF-42C5D LRP:65:PLAID AIF-42C5D LRP_1:10:PLAID AIF-42C5B LRP_1
[BDArmory.BDACompetitionMode:197191974]: WHOPARTSHITWHOWITHMISSILES:PLAID AIF-42C5D LRP_1:131:PLAID AIF-42C5B LRP_1
[BDArmory.BDACompetitionMode:197191974]: WHOPARTSHITWHOWITHMISSILES:PLAID AIF-42C5D LRP_2:67:PLAID AIF-42C5B LRP_2
[BDArmory.BDACompetitionMode:197191974]: WHODAMAGEDWHOWITHMISSILES:PLAID AIF-42C5B LRP:41492.8:PLAID AIF-42C5D LRP:2718.7:PLAID AIF-42C5D LRP_1
[BDArmory.BDACompetitionMode:197191974]: WHODAMAGEDWHOWITHMISSILES:PLAID AIF-42C5D LRP:19202.3:PLAID AIF-42C5D LRP_1:22298.5:PLAID AIF-42C5B LRP_1
[BDArmory.BDACompetitionMode:197191974]: WHODAMAGEDWHOWITHMISSILES:PLAID AIF-42C5D LRP_1:26763.7:PLAID AIF-42C5B LRP_1
[BDArmory.BDACompetitionMode:197191974]: WHODAMAGEDWHOWITHMISSILES:PLAID AIF-42C5D LRP_2:25999.3:PLAID AIF-42C5B LRP_2
[BDArmory.BDACompetitionMode:197191974]: WHODAMAGEDWHOWITHBATTLEDAMAGE:PLAID AIF-42C5D LRP:16868.2:PLAID AIF-42C5B LRP_1
[BDArmory.BDACompetitionMode:197191974]: WHODAMAGEDWHOWITHBATTLEDAMAGE:PLAID AIF-42C5D LRP_2:215.5:PLAID AIF-42C5B LRP_2:175.9:PLAID AIF-42C5B LRP_1:16177.6:PLAID AIF-42C5D LRP_2
[BDArmory.BDACompetitionMode:197191974]: GMKILL:PLAID AIF-42C5B LRP:GM
[BDArmory.BDACompetitionMode:197191974]: GMKILL:PLAID AIF-42C5D LRP_1:GM
[BDArmory.BDACompetitionMode:197191974]: HEADSHOTMISSILES:PLAID AIF-42C5D LRP:PLAID AIF-42C5B LRP_1
[BDArmory.BDACompetitionMode:197191974]: KILLSTEALGUNS:PLAID AIF-42C5D LRP_2:PLAID AIF-42C5B LRP_2
[BDArmory.BDACompetitionMode:197191974]: HPLEFT:PLAID AIF-42C5B LRP:0
[BDArmory.BDACompetitionMode:197191974]: HPLEFT:PLAID AIF-42C5B LRP_1:100
[BDArmory.BDACompetitionMode:197191974]: HPLEFT:PLAID AIF-42C5B LRP_2:100
[BDArmory.BDACompetitionMode:197191974]: HPLEFT:PLAID AIF-42C5D LRP:0
[BDArmory.BDACompetitionMode:197191974]: HPLEFT:PLAID AIF-42C5D LRP_1:0
[BDArmory.BDACompetitionMode:197191974]: HPLEFT:PLAID AIF-42C5D LRP_2:0
[BDArmory.BDACompetitionMode:197191974]: ACCURACY:PLAID AIF-42C5B LRP:0/0:0/0
[BDArmory.BDACompetitionMode:197191974]: ACCURACY:PLAID AIF-42C5B LRP_1:11/95:0/0
[BDArmory.BDACompetitionMode:197191974]: ACCURACY:PLAID AIF-42C5B LRP_2:11/227:0/0
[BDArmory.BDACompetitionMode:197191974]: ACCURACY:PLAID AIF-42C5D LRP:1/55:0/0
[BDArmory.BDACompetitionMode:197191974]: ACCURACY:PLAID AIF-42C5D LRP_1:0/0:0/0
[BDArmory.BDACompetitionMode:197191974]: ACCURACY:PLAID AIF-42C5D LRP_2:0/36:0/0
