[BDArmory.BDACompetitionMode:199935640]: Dumping Results after 152s (of 0s) at 2026-05-03 01:57:24 -04:00
[BDArmory.BDACompetitionMode:199935640]: RESULT:Win:{"team": "coward fucking IU i hope they die", "members": ["K-73 NMX 6", "K-60 \"Caraxes\" NWO 7", "K-73 NMX 6_1", "K-60 NWO 7 HARM", "K-60 NWO 7 HARM_1", "K-60 NWO 7 HARM_2", "K-73 NMX 6_2", "K-60 NWO 7 HARM_3", "K-60 NWO 7 HARM_4", "K-60 \"Caraxes\" NWO 7_1"]}
[BDArmory.BDACompetitionMode:199935640]: DEADTEAMS:[{"team": "juche supersoldiers of the revolution", "members": ["AL-68 Proleska", "AL-34 Arnika", "AL-34 Arnika_1", "AL-27 Kallistemon", "AL-27 Kallistemon_1"]}]
[BDArmory.BDACompetitionMode:199935640]: ALIVE:K-60 "Caraxes" NWO 7
[BDArmory.BDACompetitionMode:199935640]: ALIVE:K-73 NMX 6_1
[BDArmory.BDACompetitionMode:199935640]: ALIVE:K-60 NWO 7 HARM_1
[BDArmory.BDACompetitionMode:199935640]: ALIVE:K-60 NWO 7 HARM_2
[BDArmory.BDACompetitionMode:199935640]: ALIVE:K-73 NMX 6_2
[BDArmory.BDACompetitionMode:199935640]: ALIVE:K-60 NWO 7 HARM_3
[BDArmory.BDACompetitionMode:199935640]: ALIVE:K-60 NWO 7 HARM_4
[BDArmory.BDACompetitionMode:199935640]: ALIVE:K-60 "Caraxes" NWO 7_1
[BDArmory.BDACompetitionMode:199935640]: DEAD:1:53.0:K-73 NMX 6
[BDArmory.BDACompetitionMode:199935640]: DEAD:5:113.0:K-60 NWO 7 HARM
[BDArmory.BDACompetitionMode:199935640]: DEAD:0:42.0:AL-68 Proleska
[BDArmory.BDACompetitionMode:199935640]: DEAD:3:100.0:AL-34 Arnika
[BDArmory.BDACompetitionMode:199935640]: DEAD:4:109.0:AL-34 Arnika_1
[BDArmory.BDACompetitionMode:199935640]: DEAD:2:57.0:AL-27 Kallistemon
[BDArmory.BDACompetitionMode:199935640]: DEAD:6:142.0:AL-27 Kallistemon_1
[BDArmory.BDACompetitionMode:199935640]: WHOSHOTWHOWITHGUNS:K-60 NWO 7 HARM:7:AL-27 Kallistemon_1
[BDArmory.BDACompetitionMode:199935640]: WHOSHOTWHOWITHGUNS:K-60 NWO 7 HARM_1:3:AL-27 Kallistemon_1
[BDArmory.BDACompetitionMode:199935640]: WHOSHOTWHOWITHGUNS:AL-34 Arnika:30:K-60 "Caraxes" NWO 7:49:K-73 NMX 6_2:23:K-60 "Caraxes" NWO 7_1
[BDArmory.BDACompetitionMode:199935640]: WHOSHOTWHOWITHGUNS:AL-34 Arnika_1:11:K-73 NMX 6_1:1:K-73 NMX 6_2:9:K-60 "Caraxes" NWO 7:2:K-60 "Caraxes" NWO 7_1
[BDArmory.BDACompetitionMode:199935640]: WHOSHOTWHOWITHGUNS:AL-27 Kallistemon_1:9:K-60 NWO 7 HARM_1:3:K-60 NWO 7 HARM_4:15:K-73 NMX 6_1:20:K-60 "Caraxes" NWO 7_1:7:K-73 NMX 6_2:1:K-60 NWO 7 HARM_3
[BDArmory.BDACompetitionMode:199935640]: WHODAMAGEDWHOWITHGUNS:K-60 NWO 7 HARM:4002.1:AL-27 Kallistemon_1
[BDArmory.BDACompetitionMode:199935640]: WHODAMAGEDWHOWITHGUNS:K-60 NWO 7 HARM_1:769.6:AL-27 Kallistemon_1
[BDArmory.BDACompetitionMode:199935640]: WHODAMAGEDWHOWITHGUNS:AL-34 Arnika:5437.7:K-60 "Caraxes" NWO 7:9209.5:K-73 NMX 6_2:3726.8:K-60 "Caraxes" NWO 7_1
[BDArmory.BDACompetitionMode:199935640]: WHODAMAGEDWHOWITHGUNS:AL-34 Arnika_1:2199.9:K-73 NMX 6_1:100.3:K-73 NMX 6_2:2772.0:K-60 "Caraxes" NWO 7:516.6:K-60 "Caraxes" NWO 7_1
[BDArmory.BDACompetitionMode:199935640]: WHODAMAGEDWHOWITHGUNS:AL-27 Kallistemon_1:1359.4:K-60 NWO 7 HARM_1:775.0:K-60 NWO 7 HARM_4:1484.2:K-73 NMX 6_1:10327.0:K-60 "Caraxes" NWO 7_1:882.5:K-73 NMX 6_2:157.8:K-60 NWO 7 HARM_3
[BDArmory.BDACompetitionMode:199935640]: WHOHITWHOWITHMISSILES:K-73 NMX 6:1:AL-68 Proleska:1:AL-27 Kallistemon:1:AL-27 Kallistemon_1
[BDArmory.BDACompetitionMode:199935640]: WHOHITWHOWITHMISSILES:K-73 NMX 6_1:2:AL-68 Proleska:1:AL-34 Arnika
[BDArmory.BDACompetitionMode:199935640]: WHOHITWHOWITHMISSILES:K-60 "Caraxes" NWO 7_1:2:AL-68 Proleska
[BDArmory.BDACompetitionMode:199935640]: WHOHITWHOWITHMISSILES:AL-68 Proleska:1:K-73 NMX 6_2:1:K-60 "Caraxes" NWO 7
[BDArmory.BDACompetitionMode:199935640]: WHOHITWHOWITHMISSILES:AL-34 Arnika:1:K-60 "Caraxes" NWO 7_1
[BDArmory.BDACompetitionMode:199935640]: WHOHITWHOWITHMISSILES:AL-27 Kallistemon:1:K-60 NWO 7 HARM:1:K-60 NWO 7 HARM_2:1:K-73 NMX 6_2
[BDArmory.BDACompetitionMode:199935640]: WHOHITWHOWITHMISSILES:AL-27 Kallistemon_1:1:K-60 NWO 7 HARM_1:1:K-73 NMX 6_2:1:K-60 NWO 7 HARM_2
[BDArmory.BDACompetitionMode:199935640]: WHOPARTSHITWHOWITHMISSILES:K-73 NMX 6:86:AL-68 Proleska:28:AL-27 Kallistemon:19:AL-27 Kallistemon_1
[BDArmory.BDACompetitionMode:199935640]: WHOPARTSHITWHOWITHMISSILES:K-73 NMX 6_1:172:AL-68 Proleska:75:AL-34 Arnika
[BDArmory.BDACompetitionMode:199935640]: WHOPARTSHITWHOWITHMISSILES:K-60 "Caraxes" NWO 7_1:162:AL-68 Proleska
[BDArmory.BDACompetitionMode:199935640]: WHOPARTSHITWHOWITHMISSILES:AL-68 Proleska:17:K-73 NMX 6_2:81:K-60 "Caraxes" NWO 7
[BDArmory.BDACompetitionMode:199935640]: WHOPARTSHITWHOWITHMISSILES:AL-34 Arnika:100:K-60 "Caraxes" NWO 7_1
[BDArmory.BDACompetitionMode:199935640]: WHOPARTSHITWHOWITHMISSILES:AL-27 Kallistemon:143:K-60 NWO 7 HARM:142:K-60 NWO 7 HARM_2:48:K-73 NMX 6_2
[BDArmory.BDACompetitionMode:199935640]: WHOPARTSHITWHOWITHMISSILES:AL-27 Kallistemon_1:143:K-60 NWO 7 HARM_1:81:K-73 NMX 6_2:130:K-60 NWO 7 HARM_2
[BDArmory.BDACompetitionMode:199935640]: WHODAMAGEDWHOWITHMISSILES:K-73 NMX 6:8718.7:AL-68 Proleska:8470.2:AL-27 Kallistemon:4235.3:AL-27 Kallistemon_1
[BDArmory.BDACompetitionMode:199935640]: WHODAMAGEDWHOWITHMISSILES:K-73 NMX 6_1:11475.8:AL-68 Proleska
[BDArmory.BDACompetitionMode:199935640]: WHODAMAGEDWHOWITHMISSILES:AL-68 Proleska:21605.9:K-60 "Caraxes" NWO 7
[BDArmory.BDACompetitionMode:199935640]: WHODAMAGEDWHOWITHMISSILES:AL-27 Kallistemon:62741.2:K-60 NWO 7 HARM:5505.2:K-60 NWO 7 HARM_2
[BDArmory.BDACompetitionMode:199935640]: WHODAMAGEDWHOWITHMISSILES:AL-27 Kallistemon_1:13129.5:K-60 NWO 7 HARM_1:6400.5:K-60 NWO 7 HARM_2
[BDArmory.BDACompetitionMode:199935640]: WHORAMMEDWHO:K-60 "Caraxes" NWO 7:4:AL-34 Arnika_1
[BDArmory.BDACompetitionMode:199935640]: WHORAMMEDWHO:AL-34 Arnika_1:57:K-73 NMX 6_1
[BDArmory.BDACompetitionMode:199935640]: WHODAMAGEDWHOWITHBATTLEDAMAGE:K-73 NMX 6_1:0.2:AL-34 Arnika_1
[BDArmory.BDACompetitionMode:199935640]: WHODAMAGEDWHOWITHBATTLEDAMAGE:AL-68 Proleska:0.2:K-60 "Caraxes" NWO 7
[BDArmory.BDACompetitionMode:199935640]: WHODAMAGEDWHOWITHBATTLEDAMAGE:AL-34 Arnika:157.7:K-60 "Caraxes" NWO 7:127.4:K-73 NMX 6_2:27577.1:AL-34 Arnika:73.6:K-60 "Caraxes" NWO 7_1
[BDArmory.BDACompetitionMode:199935640]: WHODAMAGEDWHOWITHBATTLEDAMAGE:AL-34 Arnika_1:366.7:K-73 NMX 6_1:35.5:K-60 "Caraxes" NWO 7:29352.9:AL-34 Arnika_1:9.7:K-60 "Caraxes" NWO 7_1
[BDArmory.BDACompetitionMode:199935640]: WHODAMAGEDWHOWITHBATTLEDAMAGE:AL-27 Kallistemon_1:170.4:K-60 NWO 7 HARM_1:25.9:K-60 NWO 7 HARM_4:171.0:K-60 "Caraxes" NWO 7_1:44807.5:AL-27 Kallistemon_1:0.2:K-60 NWO 7 HARM_3:0.5:K-73 NMX 6_2:1.8:K-73 NMX 6_1
[BDArmory.BDACompetitionMode:199935640]: KILLSTEALMISSILES:K-73 NMX 6:AL-27 Kallistemon_1
[BDArmory.BDACompetitionMode:199935640]: HEADSHOTMISSILES:AL-68 Proleska:K-60 "Caraxes" NWO 7
[BDArmory.BDACompetitionMode:199935640]: KILLSTEALGUNS:AL-34 Arnika:K-60 "Caraxes" NWO 7
[BDArmory.BDACompetitionMode:199935640]: KILLSTEALGUNS:AL-34 Arnika_1:K-60 "Caraxes" NWO 7_1
[BDArmory.BDACompetitionMode:199935640]: KILLSTEALGUNS:AL-27 Kallistemon_1:K-73 NMX 6_1
[BDArmory.BDACompetitionMode:199935640]: HPLEFT:K-73 NMX 6:0
[BDArmory.BDACompetitionMode:199935640]: HPLEFT:K-60 "Caraxes" NWO 7:95.5555555555556
[BDArmory.BDACompetitionMode:199935640]: HPLEFT:K-73 NMX 6_1:100
[BDArmory.BDACompetitionMode:199935640]: HPLEFT:K-60 NWO 7 HARM:0
[BDArmory.BDACompetitionMode:199935640]: HPLEFT:K-60 NWO 7 HARM_1:100
[BDArmory.BDACompetitionMode:199935640]: HPLEFT:K-60 NWO 7 HARM_2:100
[BDArmory.BDACompetitionMode:199935640]: HPLEFT:K-73 NMX 6_2:100
[BDArmory.BDACompetitionMode:199935640]: HPLEFT:K-60 NWO 7 HARM_3:100
[BDArmory.BDACompetitionMode:199935640]: HPLEFT:K-60 NWO 7 HARM_4:100
[BDArmory.BDACompetitionMode:199935640]: HPLEFT:K-60 "Caraxes" NWO 7_1:100
[BDArmory.BDACompetitionMode:199935640]: HPLEFT:AL-68 Proleska:0
[BDArmory.BDACompetitionMode:199935640]: HPLEFT:AL-34 Arnika:0
[BDArmory.BDACompetitionMode:199935640]: HPLEFT:AL-34 Arnika_1:0
[BDArmory.BDACompetitionMode:199935640]: HPLEFT:AL-27 Kallistemon:0
[BDArmory.BDACompetitionMode:199935640]: HPLEFT:AL-27 Kallistemon_1:0
[BDArmory.BDACompetitionMode:199935640]: ACCURACY:K-73 NMX 6:0/0:0/0
[BDArmory.BDACompetitionMode:199935640]: ACCURACY:K-60 "Caraxes" NWO 7:39/375:0/0
[BDArmory.BDACompetitionMode:199935640]: ACCURACY:K-73 NMX 6_1:26/317:0/0
[BDArmory.BDACompetitionMode:199935640]: ACCURACY:K-60 NWO 7 HARM:0/0:0/0
[BDArmory.BDACompetitionMode:199935640]: ACCURACY:K-60 NWO 7 HARM_1:9/97:0/0
[BDArmory.BDACompetitionMode:199935640]: ACCURACY:K-60 NWO 7 HARM_2:0/15:0/0
[BDArmory.BDACompetitionMode:199935640]: ACCURACY:K-73 NMX 6_2:57/364:0/0
[BDArmory.BDACompetitionMode:199935640]: ACCURACY:K-60 NWO 7 HARM_3:1/134:0/0
[BDArmory.BDACompetitionMode:199935640]: ACCURACY:K-60 NWO 7 HARM_4:3/62:0/0
[BDArmory.BDACompetitionMode:199935640]: ACCURACY:K-60 "Caraxes" NWO 7_1:45/379:0/0
[BDArmory.BDACompetitionMode:199935640]: ACCURACY:AL-68 Proleska:0/0:0/0
[BDArmory.BDACompetitionMode:199935640]: ACCURACY:AL-34 Arnika:0/105:0/0
[BDArmory.BDACompetitionMode:199935640]: ACCURACY:AL-34 Arnika_1:0/121:0/0
[BDArmory.BDACompetitionMode:199935640]: ACCURACY:AL-27 Kallistemon:0/0:0/0
[BDArmory.BDACompetitionMode:199935640]: ACCURACY:AL-27 Kallistemon_1:10/62:0/0
