[BDArmory.BDACompetitionMode:200626928]: Dumping Results after 196s (of 0s) at 2026-05-11 01:57:22 -04:00
[BDArmory.BDACompetitionMode:200626928]: RESULT:Win:{"team": "Basil Juche Intercept Chads", "members": ["AL-34 Arnika", "AL-34 Arnika_1", "AL-34 Arnika_2", "AL-34 Arnika_3", "AL-68 Proleska", "AL-34 Arnika_4", "AL-27 Kallistemon", "AL-27 Kallistemon_1"]}
[BDArmory.BDACompetitionMode:200626928]: DEADTEAMS:[{"team": "Package H Strike", "members": ["Solanum Mk2", "Solanum", "Z-55G", "Solanum Mk2_1", "Dark Bramble K", "Z-55G_1", "Dark Bramble K_1"]}]
[BDArmory.BDACompetitionMode:200626928]: ALIVE:AL-34 Arnika
[BDArmory.BDACompetitionMode:200626928]: ALIVE:AL-34 Arnika_1
[BDArmory.BDACompetitionMode:200626928]: ALIVE:AL-34 Arnika_2
[BDArmory.BDACompetitionMode:200626928]: ALIVE:AL-34 Arnika_4
[BDArmory.BDACompetitionMode:200626928]: ALIVE:AL-27 Kallistemon_1
[BDArmory.BDACompetitionMode:200626928]: DEAD:3:125.0:Solanum Mk2
[BDArmory.BDACompetitionMode:200626928]: DEAD:8:185.6:Solanum
[BDArmory.BDACompetitionMode:200626928]: DEAD:6:161.0:Z-55G
[BDArmory.BDACompetitionMode:200626928]: DEAD:7:185.0:Solanum Mk2_1
[BDArmory.BDACompetitionMode:200626928]: DEAD:4:140.0:Dark Bramble K
[BDArmory.BDACompetitionMode:200626928]: DEAD:5:145.0:Z-55G_1
[BDArmory.BDACompetitionMode:200626928]: DEAD:1:76.0:Dark Bramble K_1
[BDArmory.BDACompetitionMode:200626928]: DEAD:9:187.0:AL-34 Arnika_3
[BDArmory.BDACompetitionMode:200626928]: DEAD:0:43.0:AL-68 Proleska
[BDArmory.BDACompetitionMode:200626928]: DEAD:2:92.0:AL-27 Kallistemon
[BDArmory.BDACompetitionMode:200626928]: WHOSHOTWHOWITHGUNS:Solanum Mk2:47:AL-34 Arnika_4
[BDArmory.BDACompetitionMode:200626928]: WHOSHOTWHOWITHGUNS:Solanum:2:AL-34 Arnika:2:AL-27 Kallistemon_1
[BDArmory.BDACompetitionMode:200626928]: WHOSHOTWHOWITHGUNS:Z-55G:9:AL-34 Arnika:7:AL-34 Arnika_4
[BDArmory.BDACompetitionMode:200626928]: WHOSHOTWHOWITHGUNS:Solanum Mk2_1:44:AL-34 Arnika_3:3:AL-34 Arnika_1:4:AL-34 Arnika
[BDArmory.BDACompetitionMode:200626928]: WHOSHOTWHOWITHGUNS:Dark Bramble K:31:AL-27 Kallistemon_1:5:AL-34 Arnika_3:45:AL-34 Arnika:1:AL-34 Arnika_4
[BDArmory.BDACompetitionMode:200626928]: WHOSHOTWHOWITHGUNS:Z-55G_1:15:AL-34 Arnika_4:4:AL-34 Arnika_3:2:AL-27 Kallistemon_1
[BDArmory.BDACompetitionMode:200626928]: WHOSHOTWHOWITHGUNS:AL-34 Arnika_1:8:Solanum Mk2_1:11:Dark Bramble K
[BDArmory.BDACompetitionMode:200626928]: WHOSHOTWHOWITHGUNS:AL-34 Arnika_3:5:Solanum Mk2
[BDArmory.BDACompetitionMode:200626928]: WHOSHOTWHOWITHGUNS:AL-27 Kallistemon:3:Dark Bramble K
[BDArmory.BDACompetitionMode:200626928]: WHOSHOTWHOWITHGUNS:AL-27 Kallistemon_1:10:Dark Bramble K
[BDArmory.BDACompetitionMode:200626928]: WHODAMAGEDWHOWITHGUNS:Solanum Mk2:12014.8:AL-34 Arnika_4
[BDArmory.BDACompetitionMode:200626928]: WHODAMAGEDWHOWITHGUNS:Solanum:987.3:AL-34 Arnika:260.5:AL-27 Kallistemon_1
[BDArmory.BDACompetitionMode:200626928]: WHODAMAGEDWHOWITHGUNS:Z-55G:1717.2:AL-34 Arnika:1064.4:AL-34 Arnika_4
[BDArmory.BDACompetitionMode:200626928]: WHODAMAGEDWHOWITHGUNS:Solanum Mk2_1:12093.9:AL-34 Arnika_3:834.0:AL-34 Arnika_1:1091.5:AL-34 Arnika
[BDArmory.BDACompetitionMode:200626928]: WHODAMAGEDWHOWITHGUNS:Dark Bramble K:2829.9:AL-27 Kallistemon_1:886.7:AL-34 Arnika_3:8379.1:AL-34 Arnika:222.1:AL-34 Arnika_4
[BDArmory.BDACompetitionMode:200626928]: WHODAMAGEDWHOWITHGUNS:Z-55G_1:2604.7:AL-34 Arnika_4:1189.6:AL-34 Arnika_3:69.8:AL-27 Kallistemon_1
[BDArmory.BDACompetitionMode:200626928]: WHODAMAGEDWHOWITHGUNS:AL-34 Arnika_1:1976.3:Solanum Mk2_1:1807.0:Dark Bramble K
[BDArmory.BDACompetitionMode:200626928]: WHODAMAGEDWHOWITHGUNS:AL-34 Arnika_3:1395.0:Solanum Mk2
[BDArmory.BDACompetitionMode:200626928]: WHODAMAGEDWHOWITHGUNS:AL-27 Kallistemon:1380.2:Dark Bramble K
[BDArmory.BDACompetitionMode:200626928]: WHODAMAGEDWHOWITHGUNS:AL-27 Kallistemon_1:2423.9:Dark Bramble K
[BDArmory.BDACompetitionMode:200626928]: WHOHITWHOWITHMISSILES:Solanum:1:AL-34 Arnika_2
[BDArmory.BDACompetitionMode:200626928]: WHOHITWHOWITHMISSILES:Z-55G:1:AL-34 Arnika_4:1:AL-34 Arnika_3:1:AL-34 Arnika_1:1:AL-34 Arnika:1:AL-34 Arnika_2:1:AL-27 Kallistemon_1
[BDArmory.BDACompetitionMode:200626928]: WHOHITWHOWITHMISSILES:Z-55G_1:2:AL-68 Proleska:1:AL-34 Arnika:1:AL-34 Arnika_2
[BDArmory.BDACompetitionMode:200626928]: WHOHITWHOWITHMISSILES:Dark Bramble K_1:1:AL-34 Arnika_1
[BDArmory.BDACompetitionMode:200626928]: WHOHITWHOWITHMISSILES:AL-34 Arnika:1:Solanum
[BDArmory.BDACompetitionMode:200626928]: WHOHITWHOWITHMISSILES:AL-34 Arnika_2:1:Solanum
[BDArmory.BDACompetitionMode:200626928]: WHOHITWHOWITHMISSILES:AL-34 Arnika_3:1:Solanum
[BDArmory.BDACompetitionMode:200626928]: WHOHITWHOWITHMISSILES:AL-68 Proleska:2:Z-55G
[BDArmory.BDACompetitionMode:200626928]: WHOHITWHOWITHMISSILES:AL-34 Arnika_4:2:Solanum
[BDArmory.BDACompetitionMode:200626928]: WHOHITWHOWITHMISSILES:AL-27 Kallistemon:2:Dark Bramble K
[BDArmory.BDACompetitionMode:200626928]: WHOHITWHOWITHMISSILES:AL-27 Kallistemon_1:1:Solanum Mk2:1:Z-55G_1:1:Solanum Mk2_1
[BDArmory.BDACompetitionMode:200626928]: WHOPARTSHITWHOWITHMISSILES:Solanum:124:AL-34 Arnika_2
[BDArmory.BDACompetitionMode:200626928]: WHOPARTSHITWHOWITHMISSILES:Z-55G:84:AL-34 Arnika_4:77:AL-34 Arnika_3:81:AL-34 Arnika_1:48:AL-34 Arnika:26:AL-34 Arnika_2:6:AL-27 Kallistemon_1
[BDArmory.BDACompetitionMode:200626928]: WHOPARTSHITWHOWITHMISSILES:Z-55G_1:172:AL-68 Proleska:75:AL-34 Arnika:65:AL-34 Arnika_2
[BDArmory.BDACompetitionMode:200626928]: WHOPARTSHITWHOWITHMISSILES:Dark Bramble K_1:60:AL-34 Arnika_1
[BDArmory.BDACompetitionMode:200626928]: WHOPARTSHITWHOWITHMISSILES:AL-34 Arnika:108:Solanum
[BDArmory.BDACompetitionMode:200626928]: WHOPARTSHITWHOWITHMISSILES:AL-34 Arnika_2:103:Solanum
[BDArmory.BDACompetitionMode:200626928]: WHOPARTSHITWHOWITHMISSILES:AL-34 Arnika_3:100:Solanum
[BDArmory.BDACompetitionMode:200626928]: WHOPARTSHITWHOWITHMISSILES:AL-68 Proleska:182:Z-55G
[BDArmory.BDACompetitionMode:200626928]: WHOPARTSHITWHOWITHMISSILES:AL-34 Arnika_4:211:Solanum
[BDArmory.BDACompetitionMode:200626928]: WHOPARTSHITWHOWITHMISSILES:AL-27 Kallistemon:273:Dark Bramble K
[BDArmory.BDACompetitionMode:200626928]: WHOPARTSHITWHOWITHMISSILES:AL-27 Kallistemon_1:137:Solanum Mk2:136:Z-55G_1:136:Solanum Mk2_1
[BDArmory.BDACompetitionMode:200626928]: WHODAMAGEDWHOWITHMISSILES:Z-55G:27086.2:AL-34 Arnika_1:24073.8:AL-34 Arnika:29904.4:AL-34 Arnika_2
[BDArmory.BDACompetitionMode:200626928]: WHODAMAGEDWHOWITHMISSILES:Z-55G_1:5236.0:AL-34 Arnika
[BDArmory.BDACompetitionMode:200626928]: WHODAMAGEDWHOWITHMISSILES:Dark Bramble K_1:63108.0:AL-34 Arnika_1
[BDArmory.BDACompetitionMode:200626928]: WHODAMAGEDWHOWITHMISSILES:AL-34 Arnika:10015.2:Solanum
[BDArmory.BDACompetitionMode:200626928]: WHODAMAGEDWHOWITHMISSILES:AL-34 Arnika_2:60195.2:Solanum
[BDArmory.BDACompetitionMode:200626928]: WHODAMAGEDWHOWITHMISSILES:AL-68 Proleska:31760.1:Z-55G
[BDArmory.BDACompetitionMode:200626928]: WHODAMAGEDWHOWITHMISSILES:AL-34 Arnika_4:7590.1:Solanum
[BDArmory.BDACompetitionMode:200626928]: WHODAMAGEDWHOWITHMISSILES:AL-27 Kallistemon:45938.8:Dark Bramble K
[BDArmory.BDACompetitionMode:200626928]: WHORAMMEDWHO:Solanum:2:AL-34 Arnika_3
[BDArmory.BDACompetitionMode:200626928]: WHODAMAGEDWHOWITHBATTLEDAMAGE:Solanum Mk2:64.7:AL-34 Arnika_4
[BDArmory.BDACompetitionMode:200626928]: WHODAMAGEDWHOWITHBATTLEDAMAGE:Solanum:99.7:AL-34 Arnika:9.6:AL-27 Kallistemon_1:893.6:Solanum
[BDArmory.BDACompetitionMode:200626928]: WHODAMAGEDWHOWITHBATTLEDAMAGE:Z-55G:5.4:AL-34 Arnika:9827.8:AL-34 Arnika_4
[BDArmory.BDACompetitionMode:200626928]: WHODAMAGEDWHOWITHBATTLEDAMAGE:Solanum Mk2_1:1226.3:AL-34 Arnika_3:50.1:AL-34 Arnika_1:93.6:AL-34 Arnika
[BDArmory.BDACompetitionMode:200626928]: WHODAMAGEDWHOWITHBATTLEDAMAGE:Dark Bramble K:168.9:AL-27 Kallistemon_1:27.3:AL-34 Arnika_3:112.6:AL-34 Arnika:1.9:AL-34 Arnika_4
[BDArmory.BDACompetitionMode:200626928]: WHODAMAGEDWHOWITHBATTLEDAMAGE:Z-55G_1:22.3:AL-34 Arnika_4:0.8:AL-34 Arnika_3
[BDArmory.BDACompetitionMode:200626928]: WHODAMAGEDWHOWITHBATTLEDAMAGE:Dark Bramble K_1:1074.2:AL-34 Arnika_1
[BDArmory.BDACompetitionMode:200626928]: WHODAMAGEDWHOWITHBATTLEDAMAGE:AL-34 Arnika_1:750.8:Solanum Mk2_1:200.2:Dark Bramble K:2711.6:AL-34 Arnika_1
[BDArmory.BDACompetitionMode:200626928]: WHODAMAGEDWHOWITHBATTLEDAMAGE:AL-34 Arnika_3:500.5:Solanum Mk2
[BDArmory.BDACompetitionMode:200626928]: WHODAMAGEDWHOWITHBATTLEDAMAGE:AL-27 Kallistemon:173.7:Dark Bramble K
[BDArmory.BDACompetitionMode:200626928]: WHODAMAGEDWHOWITHBATTLEDAMAGE:AL-27 Kallistemon_1:269.6:Dark Bramble K:13909.4:AL-27 Kallistemon_1
[BDArmory.BDACompetitionMode:200626928]: GMKILL:Solanum Mk2_1:LandedTooLong
[BDArmory.BDACompetitionMode:200626928]: CLEANKILLGUNS:Solanum Mk2:AL-34 Arnika_4
[BDArmory.BDACompetitionMode:200626928]: HEADSHOTRAMMING:Solanum:AL-34 Arnika_3
[BDArmory.BDACompetitionMode:200626928]: KILLSTEALGUNS:Z-55G:AL-34 Arnika_4
[BDArmory.BDACompetitionMode:200626928]: KILLSTEALGUNS:Dark Bramble K:AL-34 Arnika_3
[BDArmory.BDACompetitionMode:200626928]: KILLSTEALGUNS:Z-55G_1:AL-34 Arnika_4
[BDArmory.BDACompetitionMode:200626928]: CLEANKILLMISSILES:Dark Bramble K_1:AL-34 Arnika_1
[BDArmory.BDACompetitionMode:200626928]: CLEANKILLMISSILES:AL-68 Proleska:Z-55G
[BDArmory.BDACompetitionMode:200626928]: CLEANKILLMISSILES:AL-27 Kallistemon:Dark Bramble K
[BDArmory.BDACompetitionMode:200626928]: HPLEFT:Solanum Mk2:0
[BDArmory.BDACompetitionMode:200626928]: HPLEFT:Solanum:0
[BDArmory.BDACompetitionMode:200626928]: HPLEFT:Z-55G:0
[BDArmory.BDACompetitionMode:200626928]: HPLEFT:Solanum Mk2_1:0
[BDArmory.BDACompetitionMode:200626928]: HPLEFT:Dark Bramble K:0
[BDArmory.BDACompetitionMode:200626928]: HPLEFT:Z-55G_1:0
[BDArmory.BDACompetitionMode:200626928]: HPLEFT:Dark Bramble K_1:0
[BDArmory.BDACompetitionMode:200626928]: HPLEFT:AL-34 Arnika:92.0353982300885
[BDArmory.BDACompetitionMode:200626928]: HPLEFT:AL-34 Arnika_1:92.0353982300885
[BDArmory.BDACompetitionMode:200626928]: HPLEFT:AL-34 Arnika_2:76.9911504424779
[BDArmory.BDACompetitionMode:200626928]: HPLEFT:AL-34 Arnika_3:0
[BDArmory.BDACompetitionMode:200626928]: HPLEFT:AL-68 Proleska:0
[BDArmory.BDACompetitionMode:200626928]: HPLEFT:AL-34 Arnika_4:94.6902654867257
[BDArmory.BDACompetitionMode:200626928]: HPLEFT:AL-27 Kallistemon:0
[BDArmory.BDACompetitionMode:200626928]: HPLEFT:AL-27 Kallistemon_1:85.2348993288591
[BDArmory.BDACompetitionMode:200626928]: ACCURACY:Solanum Mk2:5/121:0/0
[BDArmory.BDACompetitionMode:200626928]: ACCURACY:Solanum:0/0:0/0
[BDArmory.BDACompetitionMode:200626928]: ACCURACY:Z-55G:0/0:0/0
[BDArmory.BDACompetitionMode:200626928]: ACCURACY:Solanum Mk2_1:8/83:0/0
[BDArmory.BDACompetitionMode:200626928]: ACCURACY:Dark Bramble K:24/372:0/0
[BDArmory.BDACompetitionMode:200626928]: ACCURACY:Z-55G_1:0/0:0/0
[BDArmory.BDACompetitionMode:200626928]: ACCURACY:Dark Bramble K_1:0/0:0/0
[BDArmory.BDACompetitionMode:200626928]: ACCURACY:AL-34 Arnika:60/445:0/0
[BDArmory.BDACompetitionMode:200626928]: ACCURACY:AL-34 Arnika_1:3/190:0/0
[BDArmory.BDACompetitionMode:200626928]: ACCURACY:AL-34 Arnika_2:0/1:0/0
[BDArmory.BDACompetitionMode:200626928]: ACCURACY:AL-34 Arnika_3:53/550:0/0
[BDArmory.BDACompetitionMode:200626928]: ACCURACY:AL-68 Proleska:0/0:0/0
[BDArmory.BDACompetitionMode:200626928]: ACCURACY:AL-34 Arnika_4:70/305:0/0
[BDArmory.BDACompetitionMode:200626928]: ACCURACY:AL-27 Kallistemon:0/1:0/0
[BDArmory.BDACompetitionMode:200626928]: ACCURACY:AL-27 Kallistemon_1:35/218:0/0
