[BDArmory.BDACompetitionMode:208991059]: Dumping Results after -10s (of 0s) at 2026-08-15 21:05:54 -04:00
[BDArmory.BDACompetitionMode:208991059]: RESULT:Draw:[{"team": "AIF-38D2", "members": ["AIF-38D2", "AIF-38D2_1", "AIF-38D2_2"]}, {"team": "AIF-38D5", "members": ["AIF-38D5", "AIF-38D5_1", "AIF-38D5_2"]}]
[BDArmory.BDACompetitionMode:208991059]: DEADTEAMS:[]
[BDArmory.BDACompetitionMode:208991059]: MIA:AIF-38D2
[BDArmory.BDACompetitionMode:208991059]: MIA:AIF-38D2_1
[BDArmory.BDACompetitionMode:208991059]: MIA:AIF-38D2_2
[BDArmory.BDACompetitionMode:208991059]: MIA:AIF-38D5
[BDArmory.BDACompetitionMode:208991059]: MIA:AIF-38D5_1
[BDArmory.BDACompetitionMode:208991059]: DEAD:0:34.0:AIF-38D5_2
[BDArmory.BDACompetitionMode:208991059]: WHOHITWHOWITHMISSILES:AIF-38D2:1:AIF-38D5
[BDArmory.BDACompetitionMode:208991059]: WHOHITWHOWITHMISSILES:AIF-38D2_1:1:AIF-38D5_2
[BDArmory.BDACompetitionMode:208991059]: WHOHITWHOWITHMISSILES:AIF-38D2_2:1:AIF-38D5_1
[BDArmory.BDACompetitionMode:208991059]: WHOHITWHOWITHMISSILES:AIF-38D5:1:AIF-38D2:1:AIF-38D2_2
[BDArmory.BDACompetitionMode:208991059]: WHOHITWHOWITHMISSILES:AIF-38D5_1:1:AIF-38D2_1:1:AIF-38D2_2:1:AIF-38D2
[BDArmory.BDACompetitionMode:208991059]: WHOHITWHOWITHMISSILES:AIF-38D5_2:1:AIF-38D2_2
[BDArmory.BDACompetitionMode:208991059]: WHOPARTSHITWHOWITHMISSILES:AIF-38D2:92:AIF-38D5
[BDArmory.BDACompetitionMode:208991059]: WHOPARTSHITWHOWITHMISSILES:AIF-38D2_1:94:AIF-38D5_2
[BDArmory.BDACompetitionMode:208991059]: WHOPARTSHITWHOWITHMISSILES:AIF-38D2_2:93:AIF-38D5_1
[BDArmory.BDACompetitionMode:208991059]: WHOPARTSHITWHOWITHMISSILES:AIF-38D5:84:AIF-38D2:55:AIF-38D2_2
[BDArmory.BDACompetitionMode:208991059]: WHOPARTSHITWHOWITHMISSILES:AIF-38D5_1:84:AIF-38D2_1:55:AIF-38D2_2:15:AIF-38D2
[BDArmory.BDACompetitionMode:208991059]: WHOPARTSHITWHOWITHMISSILES:AIF-38D5_2:78:AIF-38D2_2
[BDArmory.BDACompetitionMode:208991059]: WHODAMAGEDWHOWITHMISSILES:AIF-38D2:31394.4:AIF-38D5
[BDArmory.BDACompetitionMode:208991059]: WHODAMAGEDWHOWITHMISSILES:AIF-38D2_1:13771.2:AIF-38D5_2
[BDArmory.BDACompetitionMode:208991059]: WHODAMAGEDWHOWITHMISSILES:AIF-38D2_2:8025.5:AIF-38D5_1
[BDArmory.BDACompetitionMode:208991059]: WHODAMAGEDWHOWITHMISSILES:AIF-38D5:29898.8:AIF-38D2:1527.8:AIF-38D2_2
[BDArmory.BDACompetitionMode:208991059]: WHODAMAGEDWHOWITHMISSILES:AIF-38D5_1:48428.4:AIF-38D2_1:233028.5:AIF-38D2_2:3013.7:AIF-38D2
[BDArmory.BDACompetitionMode:208991059]: WHODAMAGEDWHOWITHMISSILES:AIF-38D5_2:68268.5:AIF-38D2_2
[BDArmory.BDACompetitionMode:208991059]: WHODAMAGEDWHOWITHBATTLEDAMAGE:AIF-38D2_2:0.1:AIF-38D5_1
[BDArmory.BDACompetitionMode:208991059]: WHODAMAGEDWHOWITHBATTLEDAMAGE:AIF-38D5_2:20182.4:AIF-38D2_2
[BDArmory.BDACompetitionMode:208991059]: CLEANKILLMISSILES:AIF-38D5_2:AIF-38D2_2
[BDArmory.BDACompetitionMode:208991059]: HPLEFT:AIF-38D2:79.3814432989691
[BDArmory.BDACompetitionMode:208991059]: HPLEFT:AIF-38D2_1:86.5979381443299
[BDArmory.BDACompetitionMode:208991059]: HPLEFT:AIF-38D2_2:0
[BDArmory.BDACompetitionMode:208991059]: HPLEFT:AIF-38D5:73.2558139534884
[BDArmory.BDACompetitionMode:208991059]: HPLEFT:AIF-38D5_1:17.4418604651163
[BDArmory.BDACompetitionMode:208991059]: HPLEFT:AIF-38D5_2:0
[BDArmory.BDACompetitionMode:208991059]: ACCURACY:AIF-38D2:0/0:0/0
[BDArmory.BDACompetitionMode:208991059]: ACCURACY:AIF-38D2_1:0/0:0/0
[BDArmory.BDACompetitionMode:208991059]: ACCURACY:AIF-38D2_2:0/0:0/0
[BDArmory.BDACompetitionMode:208991059]: ACCURACY:AIF-38D5:0/0:0/0
[BDArmory.BDACompetitionMode:208991059]: ACCURACY:AIF-38D5_1:0/0:0/0
[BDArmory.BDACompetitionMode:208991059]: ACCURACY:AIF-38D5_2:0/0:0/0
