[BDArmory.BDACompetitionMode:201154009]: Dumping Results after -47s (of 0s) at 2026-05-17 04:09:27 -04:00
[BDArmory.BDACompetitionMode:201154009]: RESULT:Draw:[{"team": "AIF-38C", "members": ["AIF-38C", "AIF-38C_1"]}, {"team": "AL-27 Kallistemon dev", "members": ["AL-27 Kallistemon dev", "AL-27 Kallistemon dev_1"]}]
[BDArmory.BDACompetitionMode:201154009]: DEADTEAMS:[]
[BDArmory.BDACompetitionMode:201154009]: ALIVE:AIF-38C_1
[BDArmory.BDACompetitionMode:201154009]: ALIVE:AL-27 Kallistemon dev
[BDArmory.BDACompetitionMode:201154009]: ALIVE:AL-27 Kallistemon dev_1
[BDArmory.BDACompetitionMode:201154009]: DEAD:0:69.0:AIF-38C
[BDArmory.BDACompetitionMode:201154009]: WHOHITWHOWITHMISSILES:AIF-38C:1:AL-27 Kallistemon dev_1:1:AL-27 Kallistemon dev
[BDArmory.BDACompetitionMode:201154009]: WHOHITWHOWITHMISSILES:AIF-38C_1:1:AL-27 Kallistemon dev
[BDArmory.BDACompetitionMode:201154009]: WHOPARTSHITWHOWITHMISSILES:AIF-38C:92:AL-27 Kallistemon dev_1:15:AL-27 Kallistemon dev
[BDArmory.BDACompetitionMode:201154009]: WHOPARTSHITWHOWITHMISSILES:AIF-38C_1:96:AL-27 Kallistemon dev
[BDArmory.BDACompetitionMode:201154009]: WHODAMAGEDWHOWITHMISSILES:AIF-38C:13986.1:AL-27 Kallistemon dev_1:17887.1:AL-27 Kallistemon dev
[BDArmory.BDACompetitionMode:201154009]: WHODAMAGEDWHOWITHMISSILES:AIF-38C_1:6130.1:AL-27 Kallistemon dev
[BDArmory.BDACompetitionMode:201154009]: KILLSTEALMISSILES:AIF-38C:AL-27 Kallistemon dev
[BDArmory.BDACompetitionMode:201154009]: HPLEFT:AIF-38C:0
[BDArmory.BDACompetitionMode:201154009]: HPLEFT:AIF-38C_1:95.2380952380952
[BDArmory.BDACompetitionMode:201154009]: HPLEFT:AL-27 Kallistemon dev:100
[BDArmory.BDACompetitionMode:201154009]: HPLEFT:AL-27 Kallistemon dev_1:100
[BDArmory.BDACompetitionMode:201154009]: ACCURACY:AIF-38C:0/0:0/0
[BDArmory.BDACompetitionMode:201154009]: ACCURACY:AIF-38C_1:0/0:0/0
[BDArmory.BDACompetitionMode:201154009]: ACCURACY:AL-27 Kallistemon dev:0/0:0/0
[BDArmory.BDACompetitionMode:201154009]: ACCURACY:AL-27 Kallistemon dev_1:0/0:0/0
