[BDArmory.BDACompetitionMode:197192509]: Dumping Results after -985s (of 0s) at 2026-04-01 07:43:55 -04:00
[BDArmory.BDACompetitionMode:197192509]: RESULT:Win:{"team": "PLAID AIF-42C5B LRP", "members": ["PLAID AIF-42C5B LRP", "PLAID AIF-42C5B LRP_1", "PLAID AIF-42C5B LRP_2"]}
[BDArmory.BDACompetitionMode:197192509]: DEADTEAMS:[{"team": "PLAID AIF-42C5D LRP", "members": ["PLAID AIF-42C5D LRP", "PLAID AIF-42C5D LRP_1", "PLAID AIF-42C5D LRP_2"]}]
[BDArmory.BDACompetitionMode:197192509]: ALIVE:PLAID AIF-42C5B LRP
[BDArmory.BDACompetitionMode:197192509]: ALIVE:PLAID AIF-42C5B LRP_1
[BDArmory.BDACompetitionMode:197192509]: DEAD:2:80.9:PLAID AIF-42C5D LRP
[BDArmory.BDACompetitionMode:197192509]: DEAD:0:60.5:PLAID AIF-42C5D LRP_1
[BDArmory.BDACompetitionMode:197192509]: DEAD:3:93.0:PLAID AIF-42C5D LRP_2
[BDArmory.BDACompetitionMode:197192509]: DEAD:1:64.3:PLAID AIF-42C5B LRP_2
[BDArmory.BDACompetitionMode:197192509]: WHOSHOTWHOWITHGUNS:PLAID AIF-42C5D LRP:3:PLAID AIF-42C5B LRP
[BDArmory.BDACompetitionMode:197192509]: WHOSHOTWHOWITHGUNS:PLAID AIF-42C5D LRP_2:4:PLAID AIF-42C5B LRP_1:26:PLAID AIF-42C5B LRP
[BDArmory.BDACompetitionMode:197192509]: WHODAMAGEDWHOWITHGUNS:PLAID AIF-42C5D LRP:1331.5:PLAID AIF-42C5B LRP
[BDArmory.BDACompetitionMode:197192509]: WHODAMAGEDWHOWITHGUNS:PLAID AIF-42C5D LRP_2:1158.4:PLAID AIF-42C5B LRP_1:4769.8:PLAID AIF-42C5B LRP
[BDArmory.BDACompetitionMode:197192509]: WHOHITWHOWITHMISSILES:PLAID AIF-42C5D LRP:1:PLAID AIF-42C5B LRP:1:PLAID AIF-42C5B LRP_1
[BDArmory.BDACompetitionMode:197192509]: WHOHITWHOWITHMISSILES:PLAID AIF-42C5D LRP_1:1:PLAID AIF-42C5B LRP_2
[BDArmory.BDACompetitionMode:197192509]: WHOHITWHOWITHMISSILES:PLAID AIF-42C5B LRP:2:PLAID AIF-42C5D LRP_2
[BDArmory.BDACompetitionMode:197192509]: WHOHITWHOWITHMISSILES:PLAID AIF-42C5B LRP_1:1:PLAID AIF-42C5B LRP
[BDArmory.BDACompetitionMode:197192509]: WHOHITWHOWITHMISSILES:PLAID AIF-42C5B LRP_2:1:PLAID AIF-42C5D LRP:1:PLAID AIF-42C5D LRP_2
[BDArmory.BDACompetitionMode:197192509]: WHOPARTSHITWHOWITHMISSILES:PLAID AIF-42C5D LRP:69:PLAID AIF-42C5B LRP:18:PLAID AIF-42C5B LRP_1
[BDArmory.BDACompetitionMode:197192509]: WHOPARTSHITWHOWITHMISSILES:PLAID AIF-42C5D LRP_1:70:PLAID AIF-42C5B LRP_2
[BDArmory.BDACompetitionMode:197192509]: WHOPARTSHITWHOWITHMISSILES:PLAID AIF-42C5B LRP:146:PLAID AIF-42C5D LRP_2
[BDArmory.BDACompetitionMode:197192509]: WHOPARTSHITWHOWITHMISSILES:PLAID AIF-42C5B LRP_1:66:PLAID AIF-42C5B LRP
[BDArmory.BDACompetitionMode:197192509]: WHOPARTSHITWHOWITHMISSILES:PLAID AIF-42C5B LRP_2:67:PLAID AIF-42C5D LRP:53:PLAID AIF-42C5D LRP_2
[BDArmory.BDACompetitionMode:197192509]: WHODAMAGEDWHOWITHMISSILES:PLAID AIF-42C5D LRP:38561.2:PLAID AIF-42C5B LRP:2097.8:PLAID AIF-42C5B LRP_1
[BDArmory.BDACompetitionMode:197192509]: WHODAMAGEDWHOWITHMISSILES:PLAID AIF-42C5D LRP_1:14897.6:PLAID AIF-42C5B LRP_2
[BDArmory.BDACompetitionMode:197192509]: WHODAMAGEDWHOWITHMISSILES:PLAID AIF-42C5B LRP:6470.1:PLAID AIF-42C5D LRP_2
[BDArmory.BDACompetitionMode:197192509]: WHODAMAGEDWHOWITHMISSILES:PLAID AIF-42C5B LRP_1:8902.7:PLAID AIF-42C5B LRP
[BDArmory.BDACompetitionMode:197192509]: WHODAMAGEDWHOWITHMISSILES:PLAID AIF-42C5B LRP_2:18858.3:PLAID AIF-42C5D LRP:8083.7:PLAID AIF-42C5D LRP_2
[BDArmory.BDACompetitionMode:197192509]: WHODAMAGEDWHOWITHBATTLEDAMAGE:PLAID AIF-42C5D LRP:16.7:PLAID AIF-42C5B LRP:6005.8:PLAID AIF-42C5D LRP
[BDArmory.BDACompetitionMode:197192509]: WHODAMAGEDWHOWITHBATTLEDAMAGE:PLAID AIF-42C5D LRP_1:0.1:PLAID AIF-42C5B LRP_2
[BDArmory.BDACompetitionMode:197192509]: WHODAMAGEDWHOWITHBATTLEDAMAGE:PLAID AIF-42C5D LRP_2:100.2:PLAID AIF-42C5B LRP_1:525.7:PLAID AIF-42C5B LRP:22803.9:PLAID AIF-42C5D LRP_2
[BDArmory.BDACompetitionMode:197192509]: WHODAMAGEDWHOWITHBATTLEDAMAGE:PLAID AIF-42C5B LRP:20.0:PLAID AIF-42C5D LRP_2
[BDArmory.BDACompetitionMode:197192509]: GMKILL:PLAID AIF-42C5D LRP:GM
[BDArmory.BDACompetitionMode:197192509]: GMKILL:PLAID AIF-42C5D LRP_1:GM
[BDArmory.BDACompetitionMode:197192509]: GMKILL:PLAID AIF-42C5B LRP_2:GM
[BDArmory.BDACompetitionMode:197192509]: HPLEFT:PLAID AIF-42C5D LRP:0
[BDArmory.BDACompetitionMode:197192509]: HPLEFT:PLAID AIF-42C5D LRP_1:0
[BDArmory.BDACompetitionMode:197192509]: HPLEFT:PLAID AIF-42C5D LRP_2:0
[BDArmory.BDACompetitionMode:197192509]: HPLEFT:PLAID AIF-42C5B LRP:86.25
[BDArmory.BDACompetitionMode:197192509]: HPLEFT:PLAID AIF-42C5B LRP_1:85
[BDArmory.BDACompetitionMode:197192509]: HPLEFT:PLAID AIF-42C5B LRP_2:0
[BDArmory.BDACompetitionMode:197192509]: ACCURACY:PLAID AIF-42C5D LRP:0/0:0/0
[BDArmory.BDACompetitionMode:197192509]: ACCURACY:PLAID AIF-42C5D LRP_1:0/0:0/0
[BDArmory.BDACompetitionMode:197192509]: ACCURACY:PLAID AIF-42C5D LRP_2:0/4:0/0
[BDArmory.BDACompetitionMode:197192509]: ACCURACY:PLAID AIF-42C5B LRP:29/112:0/0
[BDArmory.BDACompetitionMode:197192509]: ACCURACY:PLAID AIF-42C5B LRP_1:4/136:0/0
[BDArmory.BDACompetitionMode:197192509]: ACCURACY:PLAID AIF-42C5B LRP_2:0/0:0/0
