[BDArmory.BDACompetitionMode:198013708]: Dumping Results after -10s (of 0s) at 2026-04-10 19:50:18 -04:00
[BDArmory.BDACompetitionMode:198013708]: RESULT:Win:{"team": "AIF-37A", "members": ["AIF-37A", "AIF-37A_1"]}
[BDArmory.BDACompetitionMode:198013708]: DEADTEAMS:[{"team": "PLAID AIF-42C5B LRP", "members": ["PLAID AIF-42C5B LRP", "PLAID AIF-42C5B LRP_1"]}]
[BDArmory.BDACompetitionMode:198013708]: MIA:AIF-37A
[BDArmory.BDACompetitionMode:198013708]: MIA:AIF-37A_1
[BDArmory.BDACompetitionMode:198013708]: MIA:PLAID AIF-42C5B LRP
[BDArmory.BDACompetitionMode:198013708]: MIA:PLAID AIF-42C5B LRP_1
[BDArmory.BDACompetitionMode:198013708]: WHOSHOTWHOWITHGUNS:AIF-37A:6:PLAID AIF-42C5B LRP
[BDArmory.BDACompetitionMode:198013708]: WHOSHOTWHOWITHGUNS:AIF-37A_1:10:PLAID AIF-42C5B LRP_1
[BDArmory.BDACompetitionMode:198013708]: WHOSHOTWHOWITHGUNS:PLAID AIF-42C5B LRP:4:AIF-37A_1
[BDArmory.BDACompetitionMode:198013708]: WHOSHOTWHOWITHGUNS:PLAID AIF-42C5B LRP_1:1:AIF-37A
[BDArmory.BDACompetitionMode:198013708]: WHODAMAGEDWHOWITHGUNS:AIF-37A:1777.4:PLAID AIF-42C5B LRP
[BDArmory.BDACompetitionMode:198013708]: WHODAMAGEDWHOWITHGUNS:AIF-37A_1:2076.3:PLAID AIF-42C5B LRP_1
[BDArmory.BDACompetitionMode:198013708]: WHODAMAGEDWHOWITHGUNS:PLAID AIF-42C5B LRP:2157.5:AIF-37A_1
[BDArmory.BDACompetitionMode:198013708]: WHODAMAGEDWHOWITHGUNS:PLAID AIF-42C5B LRP_1:201.6:AIF-37A
[BDArmory.BDACompetitionMode:198013708]: WHOHITWHOWITHMISSILES:AIF-37A:1:PLAID AIF-42C5B LRP
[BDArmory.BDACompetitionMode:198013708]: WHOHITWHOWITHMISSILES:AIF-37A_1:2:PLAID AIF-42C5B LRP_1
[BDArmory.BDACompetitionMode:198013708]: WHOPARTSHITWHOWITHMISSILES:AIF-37A:82:PLAID AIF-42C5B LRP
[BDArmory.BDACompetitionMode:198013708]: WHOPARTSHITWHOWITHMISSILES:AIF-37A_1:159:PLAID AIF-42C5B LRP_1
[BDArmory.BDACompetitionMode:198013708]: WHODAMAGEDWHOWITHMISSILES:AIF-37A:9932.3:PLAID AIF-42C5B LRP
[BDArmory.BDACompetitionMode:198013708]: WHODAMAGEDWHOWITHMISSILES:AIF-37A_1:11460.6:PLAID AIF-42C5B LRP_1
[BDArmory.BDACompetitionMode:198013708]: WHODAMAGEDWHOWITHBATTLEDAMAGE:AIF-37A:141.4:PLAID AIF-42C5B LRP:12878.6:AIF-37A
[BDArmory.BDACompetitionMode:198013708]: WHODAMAGEDWHOWITHBATTLEDAMAGE:AIF-37A_1:183.7:PLAID AIF-42C5B LRP_1:37551.8:AIF-37A_1
[BDArmory.BDACompetitionMode:198013708]: WHODAMAGEDWHOWITHBATTLEDAMAGE:PLAID AIF-42C5B LRP:220.1:AIF-37A_1
[BDArmory.BDACompetitionMode:198013708]: HPLEFT:AIF-37A:0
[BDArmory.BDACompetitionMode:198013708]: HPLEFT:AIF-37A_1:20.2380952380952
[BDArmory.BDACompetitionMode:198013708]: HPLEFT:PLAID AIF-42C5B LRP:0
[BDArmory.BDACompetitionMode:198013708]: HPLEFT:PLAID AIF-42C5B LRP_1:0
[BDArmory.BDACompetitionMode:198013708]: ACCURACY:AIF-37A:1/87:0/0
[BDArmory.BDACompetitionMode:198013708]: ACCURACY:AIF-37A_1:4/215:0/0
[BDArmory.BDACompetitionMode:198013708]: ACCURACY:PLAID AIF-42C5B LRP:6/85:0/0
[BDArmory.BDACompetitionMode:198013708]: ACCURACY:PLAID AIF-42C5B LRP_1:10/250:0/0
