[BDArmory.BDACompetitionMode:196025690]: Dumping Results after -117s (of 0s) at 2026-03-18 19:36:35 -04:00
[BDArmory.BDACompetitionMode:196025690]: RESULT:Draw:[{"team": "PLAID AIF-42C5B LRP", "members": ["PLAID AIF-42C5A LRP", "PLAID AIF-42C5A LRP_1"]}, {"team": "PLAID AIF-42C2 LRP", "members": ["PLAID AIF-42C2 LRP", "PLAID AIF-42C2 LRP_1"]}]
[BDArmory.BDACompetitionMode:196025690]: DEADTEAMS:[]
[BDArmory.BDACompetitionMode:196025690]: ALIVE:PLAID AIF-42C2 LRP
[BDArmory.BDACompetitionMode:196025690]: MIA:PLAID AIF-42C5A LRP
[BDArmory.BDACompetitionMode:196025690]: DEAD:0:81.0:PLAID AIF-42C5A LRP_1
[BDArmory.BDACompetitionMode:196025690]: MIA:PLAID AIF-42C2 LRP_1
[BDArmory.BDACompetitionMode:196025690]: WHOSHOTWHOWITHGUNS:PLAID AIF-42C5A LRP:2:PLAID AIF-42C2 LRP_1:1:PLAID AIF-42C2 LRP
[BDArmory.BDACompetitionMode:196025690]: WHOSHOTWHOWITHGUNS:PLAID AIF-42C5A LRP_1:8:PLAID AIF-42C2 LRP
[BDArmory.BDACompetitionMode:196025690]: WHODAMAGEDWHOWITHGUNS:PLAID AIF-42C5A LRP:1009.1:PLAID AIF-42C2 LRP_1:53.4:PLAID AIF-42C2 LRP
[BDArmory.BDACompetitionMode:196025690]: WHODAMAGEDWHOWITHGUNS:PLAID AIF-42C5A LRP_1:3874.8:PLAID AIF-42C2 LRP
[BDArmory.BDACompetitionMode:196025690]: WHOHITWHOWITHMISSILES:PLAID AIF-42C5A LRP:1:PLAID AIF-42C2 LRP_1:2:PLAID AIF-42C2 LRP
[BDArmory.BDACompetitionMode:196025690]: WHOHITWHOWITHMISSILES:PLAID AIF-42C5A LRP_1:2:PLAID AIF-42C2 LRP:1:PLAID AIF-42C2 LRP_1
[BDArmory.BDACompetitionMode:196025690]: WHOPARTSHITWHOWITHMISSILES:PLAID AIF-42C5A LRP:74:PLAID AIF-42C2 LRP_1:108:PLAID AIF-42C2 LRP
[BDArmory.BDACompetitionMode:196025690]: WHOPARTSHITWHOWITHMISSILES:PLAID AIF-42C5A LRP_1:109:PLAID AIF-42C2 LRP:47:PLAID AIF-42C2 LRP_1
[BDArmory.BDACompetitionMode:196025690]: WHODAMAGEDWHOWITHMISSILES:PLAID AIF-42C5A LRP:8103.4:PLAID AIF-42C2 LRP_1:90291.3:PLAID AIF-42C2 LRP
[BDArmory.BDACompetitionMode:196025690]: WHODAMAGEDWHOWITHMISSILES:PLAID AIF-42C5A LRP_1:5460.2:PLAID AIF-42C2 LRP:340.8:PLAID AIF-42C2 LRP_1
[BDArmory.BDACompetitionMode:196025690]: WHODAMAGEDWHOWITHBATTLEDAMAGE:PLAID AIF-42C5A LRP_1:282.8:PLAID AIF-42C2 LRP:15.6:PLAID AIF-42C2 LRP_1:18845.6:PLAID AIF-42C5A LRP_1
[BDArmory.BDACompetitionMode:196025690]: KILLSTEALGUNS:PLAID AIF-42C5A LRP_1:PLAID AIF-42C2 LRP
[BDArmory.BDACompetitionMode:196025690]: HPLEFT:PLAID AIF-42C5A LRP:34.1463414634146
[BDArmory.BDACompetitionMode:196025690]: HPLEFT:PLAID AIF-42C5A LRP_1:0
[BDArmory.BDACompetitionMode:196025690]: HPLEFT:PLAID AIF-42C2 LRP:100
[BDArmory.BDACompetitionMode:196025690]: HPLEFT:PLAID AIF-42C2 LRP_1:0
[BDArmory.BDACompetitionMode:196025690]: ACCURACY:PLAID AIF-42C5A LRP:0/1:0/0
[BDArmory.BDACompetitionMode:196025690]: ACCURACY:PLAID AIF-42C5A LRP_1:0/2:0/0
[BDArmory.BDACompetitionMode:196025690]: ACCURACY:PLAID AIF-42C2 LRP:9/107:0/0
[BDArmory.BDACompetitionMode:196025690]: ACCURACY:PLAID AIF-42C2 LRP_1:2/60:0/0
