[BDArmory.BDACompetitionMode:203500434]: Dumping Results after -535s (of 0s) at 2026-06-13 07:55:15 -04:00
[BDArmory.BDACompetitionMode:203500434]: RESULT:Win:{"team": "AIF-38D R27", "members": ["AIF-38D R27", "AIF-38D R27_1"]}
[BDArmory.BDACompetitionMode:203500434]: DEADTEAMS:[{"team": "AIF-38D FRAAAANCE", "members": ["AIF-38D FRAAAANCE", "AIF-38D FRAAAANCE_1"]}]
[BDArmory.BDACompetitionMode:203500434]: ALIVE:AIF-38D R27
[BDArmory.BDACompetitionMode:203500434]: ALIVE:AIF-38D R27_1
[BDArmory.BDACompetitionMode:203500434]: MIA:AIF-38D FRAAAANCE
[BDArmory.BDACompetitionMode:203500434]: DEAD:0:36.0:AIF-38D FRAAAANCE_1
[BDArmory.BDACompetitionMode:203500434]: WHOSHOTWHOWITHGUNS:AIF-38D FRAAAANCE:6:AIF-38D R27
[BDArmory.BDACompetitionMode:203500434]: WHODAMAGEDWHOWITHGUNS:AIF-38D FRAAAANCE:2499.6:AIF-38D R27
[BDArmory.BDACompetitionMode:203500434]: WHOHITWHOWITHMISSILES:AIF-38D FRAAAANCE:1:AIF-38D R27_1
[BDArmory.BDACompetitionMode:203500434]: WHOHITWHOWITHMISSILES:AIF-38D FRAAAANCE_1:1:AIF-38D R27_1
[BDArmory.BDACompetitionMode:203500434]: WHOHITWHOWITHMISSILES:AIF-38D R27_1:1:AIF-38D R27
[BDArmory.BDACompetitionMode:203500434]: WHOPARTSHITWHOWITHMISSILES:AIF-38D FRAAAANCE:101:AIF-38D R27_1
[BDArmory.BDACompetitionMode:203500434]: WHOPARTSHITWHOWITHMISSILES:AIF-38D FRAAAANCE_1:96:AIF-38D R27_1
[BDArmory.BDACompetitionMode:203500434]: WHOPARTSHITWHOWITHMISSILES:AIF-38D R27_1:98:AIF-38D R27
[BDArmory.BDACompetitionMode:203500434]: WHODAMAGEDWHOWITHMISSILES:AIF-38D FRAAAANCE:30800.7:AIF-38D R27_1
[BDArmory.BDACompetitionMode:203500434]: WHODAMAGEDWHOWITHMISSILES:AIF-38D FRAAAANCE_1:36435.8:AIF-38D R27_1
[BDArmory.BDACompetitionMode:203500434]: WHODAMAGEDWHOWITHMISSILES:AIF-38D R27_1:4865.7:AIF-38D R27
[BDArmory.BDACompetitionMode:203500434]: WHODAMAGEDWHOWITHBATTLEDAMAGE:AIF-38D FRAAAANCE:57.3:AIF-38D R27
[BDArmory.BDACompetitionMode:203500434]: WHODAMAGEDWHOWITHBATTLEDAMAGE:AIF-38D FRAAAANCE_1:18367.2:AIF-38D R27_1
[BDArmory.BDACompetitionMode:203500434]: CLEANKILLMISSILES:AIF-38D FRAAAANCE_1:AIF-38D R27_1
[BDArmory.BDACompetitionMode:203500434]: HPLEFT:AIF-38D FRAAAANCE:0
[BDArmory.BDACompetitionMode:203500434]: HPLEFT:AIF-38D FRAAAANCE_1:0
[BDArmory.BDACompetitionMode:203500434]: HPLEFT:AIF-38D R27:100
[BDArmory.BDACompetitionMode:203500434]: HPLEFT:AIF-38D R27_1:96.1904761904762
[BDArmory.BDACompetitionMode:203500434]: ACCURACY:AIF-38D FRAAAANCE:0/0:0/0
[BDArmory.BDACompetitionMode:203500434]: ACCURACY:AIF-38D FRAAAANCE_1:0/0:0/0
[BDArmory.BDACompetitionMode:203500434]: ACCURACY:AIF-38D R27:6/13:0/0
[BDArmory.BDACompetitionMode:203500434]: ACCURACY:AIF-38D R27_1:0/9:0/0
