[BDArmory.BDACompetitionMode:199417077]: Dumping Results after 58s (of 0s) at 2026-04-27 01:39:45 -04:00
[BDArmory.BDACompetitionMode:199417077]: RESULT:Win:{"team": "AIF-38", "members": ["AIF-38", "AIF-38_1"]}
[BDArmory.BDACompetitionMode:199417077]: DEADTEAMS:[{"team": "Z-41D-2", "members": ["Z-41D-2", "Z-41D-2_1"]}]
[BDArmory.BDACompetitionMode:199417077]: ALIVE:AIF-38
[BDArmory.BDACompetitionMode:199417077]: ALIVE:AIF-38_1
[BDArmory.BDACompetitionMode:199417077]: DEAD:1:48.0:Z-41D-2
[BDArmory.BDACompetitionMode:199417077]: DEAD:0:47.0:Z-41D-2_1
[BDArmory.BDACompetitionMode:199417077]: WHOHITWHOWITHMISSILES:Z-41D-2:1:AIF-38_1
[BDArmory.BDACompetitionMode:199417077]: WHOHITWHOWITHMISSILES:Z-41D-2_1:1:AIF-38_1
[BDArmory.BDACompetitionMode:199417077]: WHOPARTSHITWHOWITHMISSILES:Z-41D-2:127:AIF-38_1
[BDArmory.BDACompetitionMode:199417077]: WHOPARTSHITWHOWITHMISSILES:Z-41D-2_1:126:AIF-38_1
[BDArmory.BDACompetitionMode:199417077]: WHODAMAGEDWHOWITHMISSILES:Z-41D-2:146450.7:AIF-38_1
[BDArmory.BDACompetitionMode:199417077]: WHODAMAGEDWHOWITHMISSILES:Z-41D-2_1:267295.8:AIF-38_1
[BDArmory.BDACompetitionMode:199417077]: CLEANKILLMISSILES:Z-41D-2:AIF-38_1
[BDArmory.BDACompetitionMode:199417077]: CLEANKILLMISSILES:Z-41D-2_1:AIF-38_1
[BDArmory.BDACompetitionMode:199417077]: HPLEFT:AIF-38:100
[BDArmory.BDACompetitionMode:199417077]: HPLEFT:AIF-38_1:100
[BDArmory.BDACompetitionMode:199417077]: HPLEFT:Z-41D-2:0
[BDArmory.BDACompetitionMode:199417077]: HPLEFT:Z-41D-2_1:0
[BDArmory.BDACompetitionMode:199417077]: ACCURACY:AIF-38:0/0:0/0
[BDArmory.BDACompetitionMode:199417077]: ACCURACY:AIF-38_1:0/0:0/0
[BDArmory.BDACompetitionMode:199417077]: ACCURACY:Z-41D-2:0/0:0/0
[BDArmory.BDACompetitionMode:199417077]: ACCURACY:Z-41D-2_1:0/0:0/0
