[BDArmory.BDACompetitionMode:197195319]: Dumping Results after 127s (of 0s) at 2026-04-01 08:34:12 -04:00
[BDArmory.BDACompetitionMode:197195319]: RESULT:Win:{"team": "PLAID AIF-42C5B LRP", "members": ["PLAID AIF-42C5B LRP", "PLAID AIF-42C5B LRP_1", "PLAID AIF-42C5B LRP_2"]}
[BDArmory.BDACompetitionMode:197195319]: DEADTEAMS:[{"team": "PLAID AIF-42C5D LRP", "members": ["PLAID AIF-42C5D LRP", "PLAID AIF-42C5D LRP_1", "PLAID AIF-42C5D LRP_2"]}]
[BDArmory.BDACompetitionMode:197195319]: ALIVE:PLAID AIF-42C5B LRP
[BDArmory.BDACompetitionMode:197195319]: ALIVE:PLAID AIF-42C5B LRP_1
[BDArmory.BDACompetitionMode:197195319]: DEAD:0:82.5:PLAID AIF-42C5B LRP_2
[BDArmory.BDACompetitionMode:197195319]: DEAD:2:110.0:PLAID AIF-42C5D LRP
[BDArmory.BDACompetitionMode:197195319]: DEAD:3:116.0:PLAID AIF-42C5D LRP_1
[BDArmory.BDACompetitionMode:197195319]: DEAD:1:90.3:PLAID AIF-42C5D LRP_2
[BDArmory.BDACompetitionMode:197195319]: WHOSHOTWHOWITHGUNS:PLAID AIF-42C5B LRP:2:PLAID AIF-42C5D LRP_1
[BDArmory.BDACompetitionMode:197195319]: WHOSHOTWHOWITHGUNS:PLAID AIF-42C5B LRP_2:11:PLAID AIF-42C5D LRP
[BDArmory.BDACompetitionMode:197195319]: WHOSHOTWHOWITHGUNS:PLAID AIF-42C5D LRP:4:PLAID AIF-42C5B LRP_1
[BDArmory.BDACompetitionMode:197195319]: WHOSHOTWHOWITHGUNS:PLAID AIF-42C5D LRP_1:10:PLAID AIF-42C5B LRP:1:PLAID AIF-42C5B LRP_1
[BDArmory.BDACompetitionMode:197195319]: WHODAMAGEDWHOWITHGUNS:PLAID AIF-42C5B LRP:837.2:PLAID AIF-42C5D LRP_1
[BDArmory.BDACompetitionMode:197195319]: WHODAMAGEDWHOWITHGUNS:PLAID AIF-42C5B LRP_2:3758.5:PLAID AIF-42C5D LRP
[BDArmory.BDACompetitionMode:197195319]: WHODAMAGEDWHOWITHGUNS:PLAID AIF-42C5D LRP:1221.6:PLAID AIF-42C5B LRP_1
[BDArmory.BDACompetitionMode:197195319]: WHODAMAGEDWHOWITHGUNS:PLAID AIF-42C5D LRP_1:2241.0:PLAID AIF-42C5B LRP:261.8:PLAID AIF-42C5B LRP_1
[BDArmory.BDACompetitionMode:197195319]: WHOHITWHOWITHMISSILES:PLAID AIF-42C5B LRP:1:PLAID AIF-42C5D LRP_1
[BDArmory.BDACompetitionMode:197195319]: WHOHITWHOWITHMISSILES:PLAID AIF-42C5B LRP_2:1:PLAID AIF-42C5D LRP
[BDArmory.BDACompetitionMode:197195319]: WHOHITWHOWITHMISSILES:PLAID AIF-42C5D LRP:1:PLAID AIF-42C5B LRP_1
[BDArmory.BDACompetitionMode:197195319]: WHOHITWHOWITHMISSILES:PLAID AIF-42C5D LRP_1:1:PLAID AIF-42C5B LRP_1
[BDArmory.BDACompetitionMode:197195319]: WHOHITWHOWITHMISSILES:PLAID AIF-42C5D LRP_2:1:PLAID AIF-42C5B LRP_2
[BDArmory.BDACompetitionMode:197195319]: WHOPARTSHITWHOWITHMISSILES:PLAID AIF-42C5B LRP:73:PLAID AIF-42C5D LRP_1
[BDArmory.BDACompetitionMode:197195319]: WHOPARTSHITWHOWITHMISSILES:PLAID AIF-42C5B LRP_2:74:PLAID AIF-42C5D LRP
[BDArmory.BDACompetitionMode:197195319]: WHOPARTSHITWHOWITHMISSILES:PLAID AIF-42C5D LRP:64:PLAID AIF-42C5B LRP_1
[BDArmory.BDACompetitionMode:197195319]: WHOPARTSHITWHOWITHMISSILES:PLAID AIF-42C5D LRP_1:72:PLAID AIF-42C5B LRP_1
[BDArmory.BDACompetitionMode:197195319]: WHOPARTSHITWHOWITHMISSILES:PLAID AIF-42C5D LRP_2:70:PLAID AIF-42C5B LRP_2
[BDArmory.BDACompetitionMode:197195319]: WHODAMAGEDWHOWITHMISSILES:PLAID AIF-42C5B LRP:11184.9:PLAID AIF-42C5D LRP_1
[BDArmory.BDACompetitionMode:197195319]: WHODAMAGEDWHOWITHMISSILES:PLAID AIF-42C5B LRP_2:19546.6:PLAID AIF-42C5D LRP
[BDArmory.BDACompetitionMode:197195319]: WHODAMAGEDWHOWITHMISSILES:PLAID AIF-42C5D LRP:8456.4:PLAID AIF-42C5B LRP_1
[BDArmory.BDACompetitionMode:197195319]: WHODAMAGEDWHOWITHMISSILES:PLAID AIF-42C5D LRP_1:23182.8:PLAID AIF-42C5B LRP_1
[BDArmory.BDACompetitionMode:197195319]: WHODAMAGEDWHOWITHMISSILES:PLAID AIF-42C5D LRP_2:14015.3:PLAID AIF-42C5B LRP_2
[BDArmory.BDACompetitionMode:197195319]: WHODAMAGEDWHOWITHBATTLEDAMAGE:PLAID AIF-42C5B LRP:50.1:PLAID AIF-42C5D LRP_1
[BDArmory.BDACompetitionMode:197195319]: WHODAMAGEDWHOWITHBATTLEDAMAGE:PLAID AIF-42C5B LRP_2:237.8:PLAID AIF-42C5D LRP:8570.5:PLAID AIF-42C5B LRP_2
[BDArmory.BDACompetitionMode:197195319]: WHODAMAGEDWHOWITHBATTLEDAMAGE:PLAID AIF-42C5D LRP_1:206.4:PLAID AIF-42C5B LRP
[BDArmory.BDACompetitionMode:197195319]: GMKILL:PLAID AIF-42C5B LRP_2:GM
[BDArmory.BDACompetitionMode:197195319]: GMKILL:PLAID AIF-42C5D LRP_2:GM
[BDArmory.BDACompetitionMode:197195319]: CLEANKILLGUNS:PLAID AIF-42C5D LRP:PLAID AIF-42C5B LRP_1
[BDArmory.BDACompetitionMode:197195319]: HEADSHOTGUNS:PLAID AIF-42C5D LRP_1:PLAID AIF-42C5B LRP_1
[BDArmory.BDACompetitionMode:197195319]: HPLEFT:PLAID AIF-42C5B LRP:80
[BDArmory.BDACompetitionMode:197195319]: HPLEFT:PLAID AIF-42C5B LRP_1:100
[BDArmory.BDACompetitionMode:197195319]: HPLEFT:PLAID AIF-42C5B LRP_2:0
[BDArmory.BDACompetitionMode:197195319]: HPLEFT:PLAID AIF-42C5D LRP:0
[BDArmory.BDACompetitionMode:197195319]: HPLEFT:PLAID AIF-42C5D LRP_1:0
[BDArmory.BDACompetitionMode:197195319]: HPLEFT:PLAID AIF-42C5D LRP_2:0
[BDArmory.BDACompetitionMode:197195319]: ACCURACY:PLAID AIF-42C5B LRP:10/162:0/0
[BDArmory.BDACompetitionMode:197195319]: ACCURACY:PLAID AIF-42C5B LRP_1:5/162:0/0
[BDArmory.BDACompetitionMode:197195319]: ACCURACY:PLAID AIF-42C5B LRP_2:0/0:0/0
[BDArmory.BDACompetitionMode:197195319]: ACCURACY:PLAID AIF-42C5D LRP:11/45:0/0
[BDArmory.BDACompetitionMode:197195319]: ACCURACY:PLAID AIF-42C5D LRP_1:2/15:0/0
[BDArmory.BDACompetitionMode:197195319]: ACCURACY:PLAID AIF-42C5D LRP_2:0/0:0/0
