[BDArmory.BDACompetitionMode:198290805]: Dumping Results after -28s (of 0s) at 2026-04-14 00:48:19 -04:00
[BDArmory.BDACompetitionMode:198290805]: RESULT:Win:{"team": "PLAID AIF-42C5D1", "members": ["PLAID AIF-42C5D1", "PLAID AIF-42C5D1_1"]}
[BDArmory.BDACompetitionMode:198290805]: DEADTEAMS:[{"team": "AL-27 VVVV(3)", "members": ["AL-27 VVVV", "AL-27 VVVV_1"]}]
[BDArmory.BDACompetitionMode:198290805]: ALIVE:PLAID AIF-42C5D1
[BDArmory.BDACompetitionMode:198290805]: DEAD:0:66.0:PLAID AIF-42C5D1_1
[BDArmory.BDACompetitionMode:198290805]: DEAD:2:70.0:AL-27 VVVV
[BDArmory.BDACompetitionMode:198290805]: DEAD:1:67.0:AL-27 VVVV_1
[BDArmory.BDACompetitionMode:198290805]: WHOSHOTWHOWITHGUNS:PLAID AIF-42C5D1_1:23:AL-27 VVVV
[BDArmory.BDACompetitionMode:198290805]: WHODAMAGEDWHOWITHGUNS:PLAID AIF-42C5D1_1:5156.5:AL-27 VVVV
[BDArmory.BDACompetitionMode:198290805]: WHOHITWHOWITHMISSILES:PLAID AIF-42C5D1_1:2:AL-27 VVVV
[BDArmory.BDACompetitionMode:198290805]: WHOHITWHOWITHMISSILES:AL-27 VVVV:1:PLAID AIF-42C5D1
[BDArmory.BDACompetitionMode:198290805]: WHOHITWHOWITHMISSILES:AL-27 VVVV_1:1:PLAID AIF-42C5D1_1
[BDArmory.BDACompetitionMode:198290805]: WHOPARTSHITWHOWITHMISSILES:PLAID AIF-42C5D1_1:145:AL-27 VVVV
[BDArmory.BDACompetitionMode:198290805]: WHOPARTSHITWHOWITHMISSILES:AL-27 VVVV:130:PLAID AIF-42C5D1
[BDArmory.BDACompetitionMode:198290805]: WHOPARTSHITWHOWITHMISSILES:AL-27 VVVV_1:136:PLAID AIF-42C5D1_1
[BDArmory.BDACompetitionMode:198290805]: WHODAMAGEDWHOWITHMISSILES:PLAID AIF-42C5D1_1:15370.6:AL-27 VVVV
[BDArmory.BDACompetitionMode:198290805]: WHODAMAGEDWHOWITHMISSILES:AL-27 VVVV:41863.4:PLAID AIF-42C5D1
[BDArmory.BDACompetitionMode:198290805]: WHODAMAGEDWHOWITHMISSILES:AL-27 VVVV_1:34015.1:PLAID AIF-42C5D1_1
[BDArmory.BDACompetitionMode:198290805]: WHODAMAGEDWHOWITHBATTLEDAMAGE:PLAID AIF-42C5D1_1:54.3:AL-27 VVVV:23226.1:PLAID AIF-42C5D1_1
[BDArmory.BDACompetitionMode:198290805]: WHODAMAGEDWHOWITHBATTLEDAMAGE:AL-27 VVVV:35301.8:PLAID AIF-42C5D1
[BDArmory.BDACompetitionMode:198290805]: CLEANKILLGUNS:PLAID AIF-42C5D1_1:AL-27 VVVV
[BDArmory.BDACompetitionMode:198290805]: CLEANKILLMISSILES:AL-27 VVVV:PLAID AIF-42C5D1
[BDArmory.BDACompetitionMode:198290805]: HPLEFT:PLAID AIF-42C5D1:100
[BDArmory.BDACompetitionMode:198290805]: HPLEFT:PLAID AIF-42C5D1_1:0
[BDArmory.BDACompetitionMode:198290805]: HPLEFT:AL-27 VVVV:0
[BDArmory.BDACompetitionMode:198290805]: HPLEFT:AL-27 VVVV_1:0
[BDArmory.BDACompetitionMode:198290805]: ACCURACY:PLAID AIF-42C5D1:0/20:0/0
[BDArmory.BDACompetitionMode:198290805]: ACCURACY:PLAID AIF-42C5D1_1:0/25:0/0
[BDArmory.BDACompetitionMode:198290805]: ACCURACY:AL-27 VVVV:23/85:0/0
[BDArmory.BDACompetitionMode:198290805]: ACCURACY:AL-27 VVVV_1:0/0:0/0
