[BDArmory.BDACompetitionMode:197194107]: Dumping Results after 105s (of 0s) at 2026-04-01 08:12:59 -04:00
[BDArmory.BDACompetitionMode:197194107]: RESULT:Win:{"team": "PLAID AIF-42C5B LRP", "members": ["PLAID AIF-42C5B LRP", "PLAID AIF-42C5B LRP_1", "PLAID AIF-42C5B LRP_2"]}
[BDArmory.BDACompetitionMode:197194107]: DEADTEAMS:[{"team": "PLAID AIF-42C5D LRP", "members": ["PLAID AIF-42C5D LRP", "PLAID AIF-42C5D LRP_1", "PLAID AIF-42C5D LRP_2"]}]
[BDArmory.BDACompetitionMode:197194107]: ALIVE:PLAID AIF-42C5B LRP
[BDArmory.BDACompetitionMode:197194107]: ALIVE:PLAID AIF-42C5B LRP_1
[BDArmory.BDACompetitionMode:197194107]: ALIVE:PLAID AIF-42C5B LRP_2
[BDArmory.BDACompetitionMode:197194107]: DEAD:1:88.0:PLAID AIF-42C5D LRP
[BDArmory.BDACompetitionMode:197194107]: DEAD:2:94.0:PLAID AIF-42C5D LRP_1
[BDArmory.BDACompetitionMode:197194107]: DEAD:0:62.0:PLAID AIF-42C5D LRP_2
[BDArmory.BDACompetitionMode:197194107]: WHOSHOTWHOWITHGUNS:PLAID AIF-42C5D LRP_1:10:PLAID AIF-42C5B LRP:24:PLAID AIF-42C5B LRP_2:7:PLAID AIF-42C5B LRP_1
[BDArmory.BDACompetitionMode:197194107]: WHOSHOTWHOWITHGUNS:PLAID AIF-42C5D LRP_2:5:PLAID AIF-42C5B LRP
[BDArmory.BDACompetitionMode:197194107]: WHODAMAGEDWHOWITHGUNS:PLAID AIF-42C5D LRP_1:2946.5:PLAID AIF-42C5B LRP:9487.0:PLAID AIF-42C5B LRP_2:1248.2:PLAID AIF-42C5B LRP_1
[BDArmory.BDACompetitionMode:197194107]: WHODAMAGEDWHOWITHGUNS:PLAID AIF-42C5D LRP_2:1960.7:PLAID AIF-42C5B LRP
[BDArmory.BDACompetitionMode:197194107]: WHOHITWHOWITHMISSILES:PLAID AIF-42C5D LRP:1:PLAID AIF-42C5B LRP
[BDArmory.BDACompetitionMode:197194107]: WHOHITWHOWITHMISSILES:PLAID AIF-42C5D LRP_2:1:PLAID AIF-42C5B LRP
[BDArmory.BDACompetitionMode:197194107]: WHOHITWHOWITHMISSILES:PLAID AIF-42C5B LRP_1:1:PLAID AIF-42C5D LRP_1
[BDArmory.BDACompetitionMode:197194107]: WHOPARTSHITWHOWITHMISSILES:PLAID AIF-42C5D LRP:71:PLAID AIF-42C5B LRP
[BDArmory.BDACompetitionMode:197194107]: WHOPARTSHITWHOWITHMISSILES:PLAID AIF-42C5D LRP_2:70:PLAID AIF-42C5B LRP
[BDArmory.BDACompetitionMode:197194107]: WHOPARTSHITWHOWITHMISSILES:PLAID AIF-42C5B LRP_1:73:PLAID AIF-42C5D LRP_1
[BDArmory.BDACompetitionMode:197194107]: WHODAMAGEDWHOWITHMISSILES:PLAID AIF-42C5D LRP:107737.7:PLAID AIF-42C5B LRP
[BDArmory.BDACompetitionMode:197194107]: WHODAMAGEDWHOWITHBATTLEDAMAGE:PLAID AIF-42C5D LRP:15625.5:PLAID AIF-42C5B LRP
[BDArmory.BDACompetitionMode:197194107]: WHODAMAGEDWHOWITHBATTLEDAMAGE:PLAID AIF-42C5D LRP_1:127.6:PLAID AIF-42C5B LRP:313.1:PLAID AIF-42C5B LRP_2:8172.5:PLAID AIF-42C5D LRP_1:10.3:PLAID AIF-42C5B LRP_1
[BDArmory.BDACompetitionMode:197194107]: WHODAMAGEDWHOWITHBATTLEDAMAGE:PLAID AIF-42C5D LRP_2:28447.4:PLAID AIF-42C5B LRP
[BDArmory.BDACompetitionMode:197194107]: WHODAMAGEDWHOWITHBATTLEDAMAGE:PLAID AIF-42C5B LRP_1:12.9:PLAID AIF-42C5B LRP
[BDArmory.BDACompetitionMode:197194107]: GMKILL:PLAID AIF-42C5D LRP:GM
[BDArmory.BDACompetitionMode:197194107]: KILLSTEALGUNS:PLAID AIF-42C5D LRP_1:PLAID AIF-42C5B LRP
[BDArmory.BDACompetitionMode:197194107]: CLEANKILLGUNS:PLAID AIF-42C5D LRP_2:PLAID AIF-42C5B LRP
[BDArmory.BDACompetitionMode:197194107]: HPLEFT:PLAID AIF-42C5D LRP:0
[BDArmory.BDACompetitionMode:197194107]: HPLEFT:PLAID AIF-42C5D LRP_1:0
[BDArmory.BDACompetitionMode:197194107]: HPLEFT:PLAID AIF-42C5D LRP_2:0
[BDArmory.BDACompetitionMode:197194107]: HPLEFT:PLAID AIF-42C5B LRP:100
[BDArmory.BDACompetitionMode:197194107]: HPLEFT:PLAID AIF-42C5B LRP_1:100
[BDArmory.BDACompetitionMode:197194107]: HPLEFT:PLAID AIF-42C5B LRP_2:100
[BDArmory.BDACompetitionMode:197194107]: ACCURACY:PLAID AIF-42C5D LRP:0/0:0/0
[BDArmory.BDACompetitionMode:197194107]: ACCURACY:PLAID AIF-42C5D LRP_1:0/0:0/0
[BDArmory.BDACompetitionMode:197194107]: ACCURACY:PLAID AIF-42C5D LRP_2:0/0:0/0
[BDArmory.BDACompetitionMode:197194107]: ACCURACY:PLAID AIF-42C5B LRP:15/170:0/0
[BDArmory.BDACompetitionMode:197194107]: ACCURACY:PLAID AIF-42C5B LRP_1:7/25:0/0
[BDArmory.BDACompetitionMode:197194107]: ACCURACY:PLAID AIF-42C5B LRP_2:24/61:0/0
