[BDArmory.BDACompetitionMode:196310857]: Dumping Results after 87s (of 0s) at 2026-03-22 02:49:30 -04:00
[BDArmory.BDACompetitionMode:196310857]: RESULT:Win:{"team": "PLAID H[A]-34Q1 Goshawk", "members": ["PLAID H[A]-34Q1 Goshawk", "PLAID H[A]-34Q1 Goshawk_1"]}
[BDArmory.BDACompetitionMode:196310857]: DEADTEAMS:[{"team": "ZAH-1Z Death Addler II", "members": ["ZAH-1Z Death Addler II", "ZAH-1Z Death Addler II_1"]}]
[BDArmory.BDACompetitionMode:196310857]: ALIVE:PLAID H[A]-34Q1 Goshawk
[BDArmory.BDACompetitionMode:196310857]: DEAD:1:69.0:ZAH-1Z Death Addler II
[BDArmory.BDACompetitionMode:196310857]: DEAD:0:46.0:ZAH-1Z Death Addler II_1
[BDArmory.BDACompetitionMode:196310857]: DEAD:2:87.0:PLAID H[A]-34Q1 Goshawk_1
[BDArmory.BDACompetitionMode:196310857]: WHOSHOTWHOWITHGUNS:PLAID H[A]-34Q1 Goshawk:43:PLAID H[A]-34Q1 Goshawk_1
[BDArmory.BDACompetitionMode:196310857]: WHOSHOTWHOWITHGUNS:PLAID H[A]-34Q1 Goshawk_1:43:PLAID H[A]-34Q1 Goshawk
[BDArmory.BDACompetitionMode:196310857]: WHODAMAGEDWHOWITHGUNS:PLAID H[A]-34Q1 Goshawk:1671.1:PLAID H[A]-34Q1 Goshawk_1
[BDArmory.BDACompetitionMode:196310857]: WHODAMAGEDWHOWITHGUNS:PLAID H[A]-34Q1 Goshawk_1:1363.0:PLAID H[A]-34Q1 Goshawk
[BDArmory.BDACompetitionMode:196310857]: WHOHITWHOWITHMISSILES:ZAH-1Z Death Addler II:2:PLAID H[A]-34Q1 Goshawk_1:1:PLAID H[A]-34Q1 Goshawk
[BDArmory.BDACompetitionMode:196310857]: WHOHITWHOWITHMISSILES:ZAH-1Z Death Addler II_1:1:PLAID H[A]-34Q1 Goshawk
[BDArmory.BDACompetitionMode:196310857]: WHOPARTSHITWHOWITHMISSILES:ZAH-1Z Death Addler II:225:PLAID H[A]-34Q1 Goshawk_1:139:PLAID H[A]-34Q1 Goshawk
[BDArmory.BDACompetitionMode:196310857]: WHOPARTSHITWHOWITHMISSILES:ZAH-1Z Death Addler II_1:133:PLAID H[A]-34Q1 Goshawk
[BDArmory.BDACompetitionMode:196310857]: WHODAMAGEDWHOWITHMISSILES:ZAH-1Z Death Addler II:18533.3:PLAID H[A]-34Q1 Goshawk:120146.1:PLAID H[A]-34Q1 Goshawk_1
[BDArmory.BDACompetitionMode:196310857]: WHODAMAGEDWHOWITHMISSILES:ZAH-1Z Death Addler II_1:17674.7:PLAID H[A]-34Q1 Goshawk
[BDArmory.BDACompetitionMode:196310857]: WHODAMAGEDWHOWITHBATTLEDAMAGE:ZAH-1Z Death Addler II:57406.9:PLAID H[A]-34Q1 Goshawk_1
[BDArmory.BDACompetitionMode:196310857]: WHODAMAGEDWHOWITHBATTLEDAMAGE:PLAID H[A]-34Q1 Goshawk:171.2:PLAID H[A]-34Q1 Goshawk_1:1793.4:PLAID H[A]-34Q1 Goshawk
[BDArmory.BDACompetitionMode:196310857]: WHODAMAGEDWHOWITHBATTLEDAMAGE:PLAID H[A]-34Q1 Goshawk_1:204.3:PLAID H[A]-34Q1 Goshawk:15143.2:PLAID H[A]-34Q1 Goshawk_1
[BDArmory.BDACompetitionMode:196310857]: KILLSTEALMISSILES:ZAH-1Z Death Addler II:PLAID H[A]-34Q1 Goshawk_1
[BDArmory.BDACompetitionMode:196310857]: CLEANKILLMISSILES:ZAH-1Z Death Addler II_1:PLAID H[A]-34Q1 Goshawk
[BDArmory.BDACompetitionMode:196310857]: CLEANKILLGUNS:PLAID H[A]-34Q1 Goshawk_1:PLAID H[A]-34Q1 Goshawk
[BDArmory.BDACompetitionMode:196310857]: HPLEFT:ZAH-1Z Death Addler II:0
[BDArmory.BDACompetitionMode:196310857]: HPLEFT:ZAH-1Z Death Addler II_1:0
[BDArmory.BDACompetitionMode:196310857]: HPLEFT:PLAID H[A]-34Q1 Goshawk:63.2
[BDArmory.BDACompetitionMode:196310857]: HPLEFT:PLAID H[A]-34Q1 Goshawk_1:0
[BDArmory.BDACompetitionMode:196310857]: ACCURACY:ZAH-1Z Death Addler II:0/4:0/0
[BDArmory.BDACompetitionMode:196310857]: ACCURACY:ZAH-1Z Death Addler II_1:0/1:0/0
[BDArmory.BDACompetitionMode:196310857]: ACCURACY:PLAID H[A]-34Q1 Goshawk:43/208:0/0
[BDArmory.BDACompetitionMode:196310857]: ACCURACY:PLAID H[A]-34Q1 Goshawk_1:43/133:0/0
