[BDArmory.BDACompetitionMode:196025901]: Dumping Results after 123s (of 0s) at 2026-03-18 19:40:45 -04:00
[BDArmory.BDACompetitionMode:196025901]: RESULT:Win:{"team": "PLAID AIF-42C5B LRP", "members": ["PLAID AIF-42C5B LRP", "PLAID AIF-42C5B LRP_1"]}
[BDArmory.BDACompetitionMode:196025901]: DEADTEAMS:[{"team": "PLAID AIF-42C2 LRP", "members": ["PLAID AIF-42C2 LRP", "PLAID AIF-42C2 LRP_1"]}]
[BDArmory.BDACompetitionMode:196025901]: ALIVE:PLAID AIF-42C5B LRP
[BDArmory.BDACompetitionMode:196025901]: ALIVE:PLAID AIF-42C5B LRP_1
[BDArmory.BDACompetitionMode:196025901]: DEAD:0:91.0:PLAID AIF-42C2 LRP
[BDArmory.BDACompetitionMode:196025901]: DEAD:1:113.0:PLAID AIF-42C2 LRP_1
[BDArmory.BDACompetitionMode:196025901]: WHOSHOTWHOWITHGUNS:PLAID AIF-42C2 LRP_1:1:PLAID AIF-42C5B LRP
[BDArmory.BDACompetitionMode:196025901]: WHOSHOTWHOWITHGUNS:PLAID AIF-42C5B LRP_1:2:PLAID AIF-42C2 LRP
[BDArmory.BDACompetitionMode:196025901]: WHODAMAGEDWHOWITHGUNS:PLAID AIF-42C2 LRP:106.7:PLAID AIF-42C5B LRP
[BDArmory.BDACompetitionMode:196025901]: WHODAMAGEDWHOWITHGUNS:PLAID AIF-42C2 LRP_1:60.2:PLAID AIF-42C5B LRP
[BDArmory.BDACompetitionMode:196025901]: WHODAMAGEDWHOWITHGUNS:PLAID AIF-42C5B LRP_1:297.5:PLAID AIF-42C2 LRP
[BDArmory.BDACompetitionMode:196025901]: WHOHITWHOWITHMISSILES:PLAID AIF-42C2 LRP:3:PLAID AIF-42C5B LRP
[BDArmory.BDACompetitionMode:196025901]: WHOHITWHOWITHMISSILES:PLAID AIF-42C2 LRP_1:2:PLAID AIF-42C5B LRP_1:3:PLAID AIF-42C5B LRP
[BDArmory.BDACompetitionMode:196025901]: WHOPARTSHITWHOWITHMISSILES:PLAID AIF-42C2 LRP:143:PLAID AIF-42C5B LRP
[BDArmory.BDACompetitionMode:196025901]: WHOPARTSHITWHOWITHMISSILES:PLAID AIF-42C2 LRP_1:133:PLAID AIF-42C5B LRP_1:25:PLAID AIF-42C5B LRP
[BDArmory.BDACompetitionMode:196025901]: WHODAMAGEDWHOWITHMISSILES:PLAID AIF-42C2 LRP:41533.8:PLAID AIF-42C5B LRP
[BDArmory.BDACompetitionMode:196025901]: WHODAMAGEDWHOWITHMISSILES:PLAID AIF-42C2 LRP_1:117169.6:PLAID AIF-42C5B LRP_1:20596.1:PLAID AIF-42C5B LRP
[BDArmory.BDACompetitionMode:196025901]: WHODAMAGEDWHOWITHBATTLEDAMAGE:PLAID AIF-42C2 LRP:12545.4:PLAID AIF-42C5B LRP
[BDArmory.BDACompetitionMode:196025901]: WHODAMAGEDWHOWITHBATTLEDAMAGE:PLAID AIF-42C2 LRP_1:0.1:PLAID AIF-42C5B LRP_1:8463.0:PLAID AIF-42C5B LRP
[BDArmory.BDACompetitionMode:196025901]: WHODAMAGEDWHOWITHBATTLEDAMAGE:PLAID AIF-42C5B LRP_1:160.3:PLAID AIF-42C2 LRP
[BDArmory.BDACompetitionMode:196025901]: CLEANKILLMISSILES:PLAID AIF-42C2 LRP:PLAID AIF-42C5B LRP
[BDArmory.BDACompetitionMode:196025901]: HEADSHOTGUNS:PLAID AIF-42C2 LRP_1:PLAID AIF-42C5B LRP
[BDArmory.BDACompetitionMode:196025901]: HPLEFT:PLAID AIF-42C2 LRP:0
[BDArmory.BDACompetitionMode:196025901]: HPLEFT:PLAID AIF-42C2 LRP_1:0
[BDArmory.BDACompetitionMode:196025901]: HPLEFT:PLAID AIF-42C5B LRP:100
[BDArmory.BDACompetitionMode:196025901]: HPLEFT:PLAID AIF-42C5B LRP_1:100
[BDArmory.BDACompetitionMode:196025901]: ACCURACY:PLAID AIF-42C2 LRP:2/72:0/0
[BDArmory.BDACompetitionMode:196025901]: ACCURACY:PLAID AIF-42C2 LRP_1:0/0:0/0
[BDArmory.BDACompetitionMode:196025901]: ACCURACY:PLAID AIF-42C5B LRP:1/43:0/0
[BDArmory.BDACompetitionMode:196025901]: ACCURACY:PLAID AIF-42C5B LRP_1:0/0:0/0
