[BDArmory.BDACompetitionMode:197192916]: Dumping Results after 135s (of 0s) at 2026-04-01 07:54:06 -04:00
[BDArmory.BDACompetitionMode:197192916]: RESULT:Win:{"team": "PLAID AIF-42C5B LRP", "members": ["PLAID AIF-42C5B LRP", "PLAID AIF-42C5B LRP_1", "PLAID AIF-42C5B LRP_2"]}
[BDArmory.BDACompetitionMode:197192916]: DEADTEAMS:[{"team": "PLAID AIF-42C5D LRP", "members": ["PLAID AIF-42C5D LRP", "PLAID AIF-42C5D LRP_1", "PLAID AIF-42C5D LRP_2"]}]
[BDArmory.BDACompetitionMode:197192916]: ALIVE:PLAID AIF-42C5B LRP
[BDArmory.BDACompetitionMode:197192916]: DEAD:2:109.0:PLAID AIF-42C5B LRP_1
[BDArmory.BDACompetitionMode:197192916]: DEAD:0:81.0:PLAID AIF-42C5B LRP_2
[BDArmory.BDACompetitionMode:197192916]: DEAD:3:110.0:PLAID AIF-42C5D LRP
[BDArmory.BDACompetitionMode:197192916]: DEAD:4:123.2:PLAID AIF-42C5D LRP_1
[BDArmory.BDACompetitionMode:197192916]: DEAD:1:98.9:PLAID AIF-42C5D LRP_2
[BDArmory.BDACompetitionMode:197192916]: WHOSHOTWHOWITHGUNS:PLAID AIF-42C5B LRP_1:10:PLAID AIF-42C5D LRP
[BDArmory.BDACompetitionMode:197192916]: WHOSHOTWHOWITHGUNS:PLAID AIF-42C5B LRP_2:1:PLAID AIF-42C5D LRP
[BDArmory.BDACompetitionMode:197192916]: WHOSHOTWHOWITHGUNS:PLAID AIF-42C5D LRP:27:PLAID AIF-42C5B LRP
[BDArmory.BDACompetitionMode:197192916]: WHOSHOTWHOWITHGUNS:PLAID AIF-42C5D LRP_1:18:PLAID AIF-42C5B LRP_1:14:PLAID AIF-42C5B LRP
[BDArmory.BDACompetitionMode:197192916]: WHODAMAGEDWHOWITHGUNS:PLAID AIF-42C5B LRP_1:2865.4:PLAID AIF-42C5D LRP
[BDArmory.BDACompetitionMode:197192916]: WHODAMAGEDWHOWITHGUNS:PLAID AIF-42C5B LRP_2:546.2:PLAID AIF-42C5D LRP
[BDArmory.BDACompetitionMode:197192916]: WHODAMAGEDWHOWITHGUNS:PLAID AIF-42C5D LRP:6215.5:PLAID AIF-42C5B LRP
[BDArmory.BDACompetitionMode:197192916]: WHODAMAGEDWHOWITHGUNS:PLAID AIF-42C5D LRP_1:4110.0:PLAID AIF-42C5B LRP_1:4021.0:PLAID AIF-42C5B LRP
[BDArmory.BDACompetitionMode:197192916]: WHOHITWHOWITHMISSILES:PLAID AIF-42C5B LRP_2:1:PLAID AIF-42C5D LRP
[BDArmory.BDACompetitionMode:197192916]: WHOHITWHOWITHMISSILES:PLAID AIF-42C5D LRP_1:1:PLAID AIF-42C5B LRP_1
[BDArmory.BDACompetitionMode:197192916]: WHOHITWHOWITHMISSILES:PLAID AIF-42C5D LRP_2:2:PLAID AIF-42C5B LRP
[BDArmory.BDACompetitionMode:197192916]: WHOPARTSHITWHOWITHMISSILES:PLAID AIF-42C5B LRP_2:66:PLAID AIF-42C5D LRP
[BDArmory.BDACompetitionMode:197192916]: WHOPARTSHITWHOWITHMISSILES:PLAID AIF-42C5D LRP_1:72:PLAID AIF-42C5B LRP_1
[BDArmory.BDACompetitionMode:197192916]: WHOPARTSHITWHOWITHMISSILES:PLAID AIF-42C5D LRP_2:140:PLAID AIF-42C5B LRP
[BDArmory.BDACompetitionMode:197192916]: WHODAMAGEDWHOWITHMISSILES:PLAID AIF-42C5B LRP_2:44644.4:PLAID AIF-42C5D LRP
[BDArmory.BDACompetitionMode:197192916]: WHODAMAGEDWHOWITHMISSILES:PLAID AIF-42C5D LRP_1:5581.5:PLAID AIF-42C5B LRP_1
[BDArmory.BDACompetitionMode:197192916]: WHODAMAGEDWHOWITHMISSILES:PLAID AIF-42C5D LRP_2:21679.1:PLAID AIF-42C5B LRP
[BDArmory.BDACompetitionMode:197192916]: WHODAMAGEDWHOWITHBATTLEDAMAGE:PLAID AIF-42C5B LRP_1:151.4:PLAID AIF-42C5D LRP
[BDArmory.BDACompetitionMode:197192916]: WHODAMAGEDWHOWITHBATTLEDAMAGE:PLAID AIF-42C5B LRP_2:8095.0:PLAID AIF-42C5D LRP
[BDArmory.BDACompetitionMode:197192916]: WHODAMAGEDWHOWITHBATTLEDAMAGE:PLAID AIF-42C5D LRP:48924.7:PLAID AIF-42C5B LRP
[BDArmory.BDACompetitionMode:197192916]: WHODAMAGEDWHOWITHBATTLEDAMAGE:PLAID AIF-42C5D LRP_1:324.7:PLAID AIF-42C5B LRP_1:209.6:PLAID AIF-42C5B LRP:8162.8:PLAID AIF-42C5D LRP_1
[BDArmory.BDACompetitionMode:197192916]: GMKILL:PLAID AIF-42C5D LRP_1:GM
[BDArmory.BDACompetitionMode:197192916]: GMKILL:PLAID AIF-42C5D LRP_2:GM
[BDArmory.BDACompetitionMode:197192916]: CLEANKILLGUNS:PLAID AIF-42C5B LRP_1:PLAID AIF-42C5D LRP
[BDArmory.BDACompetitionMode:197192916]: CLEANKILLMISSILES:PLAID AIF-42C5B LRP_2:PLAID AIF-42C5D LRP
[BDArmory.BDACompetitionMode:197192916]: CLEANKILLGUNS:PLAID AIF-42C5D LRP:PLAID AIF-42C5B LRP
[BDArmory.BDACompetitionMode:197192916]: HPLEFT:PLAID AIF-42C5B LRP:100
[BDArmory.BDACompetitionMode:197192916]: HPLEFT:PLAID AIF-42C5B LRP_1:0
[BDArmory.BDACompetitionMode:197192916]: HPLEFT:PLAID AIF-42C5B LRP_2:0
[BDArmory.BDACompetitionMode:197192916]: HPLEFT:PLAID AIF-42C5D LRP:0
[BDArmory.BDACompetitionMode:197192916]: HPLEFT:PLAID AIF-42C5D LRP_1:0
[BDArmory.BDACompetitionMode:197192916]: HPLEFT:PLAID AIF-42C5D LRP_2:0
[BDArmory.BDACompetitionMode:197192916]: ACCURACY:PLAID AIF-42C5B LRP:41/206:0/0
[BDArmory.BDACompetitionMode:197192916]: ACCURACY:PLAID AIF-42C5B LRP_1:18/108:0/0
[BDArmory.BDACompetitionMode:197192916]: ACCURACY:PLAID AIF-42C5B LRP_2:0/0:0/0
[BDArmory.BDACompetitionMode:197192916]: ACCURACY:PLAID AIF-42C5D LRP:11/102:0/0
[BDArmory.BDACompetitionMode:197192916]: ACCURACY:PLAID AIF-42C5D LRP_1:0/11:0/0
[BDArmory.BDACompetitionMode:197192916]: ACCURACY:PLAID AIF-42C5D LRP_2:0/0:0/0
