[BDArmory.BDACompetitionMode:197196504]: Dumping Results after 84s (of 0s) at 2026-04-01 08:52:00 -04:00
[BDArmory.BDACompetitionMode:197196504]: RESULT:Win:{"team": "PLAID AIF-42C5B LRP", "members": ["PLAID AIF-42C5B LRP", "PLAID AIF-42C5B LRP_1", "PLAID AIF-42C5B LRP_2"]}
[BDArmory.BDACompetitionMode:197196504]: DEADTEAMS:[{"team": "PLAID AIF-42C5D LRP", "members": ["PLAID AIF-42C5D LRP", "PLAID AIF-42C5D LRP_1", "PLAID AIF-42C5D LRP_2"]}]
[BDArmory.BDACompetitionMode:197196504]: ALIVE:PLAID AIF-42C5B LRP
[BDArmory.BDACompetitionMode:197196504]: ALIVE:PLAID AIF-42C5B LRP_1
[BDArmory.BDACompetitionMode:197196504]: ALIVE:PLAID AIF-42C5B LRP_2
[BDArmory.BDACompetitionMode:197196504]: DEAD:2:73.0:PLAID AIF-42C5D LRP
[BDArmory.BDACompetitionMode:197196504]: DEAD:1:61.0:PLAID AIF-42C5D LRP_1
[BDArmory.BDACompetitionMode:197196504]: DEAD:0:46.0:PLAID AIF-42C5D LRP_2
[BDArmory.BDACompetitionMode:197196504]: WHOSHOTWHOWITHGUNS:PLAID AIF-42C5D LRP:3:PLAID AIF-42C5B LRP
[BDArmory.BDACompetitionMode:197196504]: WHODAMAGEDWHOWITHGUNS:PLAID AIF-42C5D LRP:541.4:PLAID AIF-42C5B LRP
[BDArmory.BDACompetitionMode:197196504]: WHOHITWHOWITHMISSILES:PLAID AIF-42C5D LRP:2:PLAID AIF-42C5B LRP:1:PLAID AIF-42C5B LRP_1
[BDArmory.BDACompetitionMode:197196504]: WHOHITWHOWITHMISSILES:PLAID AIF-42C5D LRP_1:1:PLAID AIF-42C5B LRP
[BDArmory.BDACompetitionMode:197196504]: WHOHITWHOWITHMISSILES:PLAID AIF-42C5D LRP_2:1:PLAID AIF-42C5B LRP
[BDArmory.BDACompetitionMode:197196504]: WHOHITWHOWITHMISSILES:PLAID AIF-42C5B LRP_2:1:PLAID AIF-42C5D LRP_2
[BDArmory.BDACompetitionMode:197196504]: WHOPARTSHITWHOWITHMISSILES:PLAID AIF-42C5D LRP:99:PLAID AIF-42C5B LRP:43:PLAID AIF-42C5B LRP_1
[BDArmory.BDACompetitionMode:197196504]: WHOPARTSHITWHOWITHMISSILES:PLAID AIF-42C5D LRP_1:72:PLAID AIF-42C5B LRP
[BDArmory.BDACompetitionMode:197196504]: WHOPARTSHITWHOWITHMISSILES:PLAID AIF-42C5D LRP_2:71:PLAID AIF-42C5B LRP
[BDArmory.BDACompetitionMode:197196504]: WHOPARTSHITWHOWITHMISSILES:PLAID AIF-42C5B LRP_2:73:PLAID AIF-42C5D LRP_2
[BDArmory.BDACompetitionMode:197196504]: WHODAMAGEDWHOWITHMISSILES:PLAID AIF-42C5D LRP:66807.3:PLAID AIF-42C5B LRP:11376.0:PLAID AIF-42C5B LRP_1
[BDArmory.BDACompetitionMode:197196504]: WHODAMAGEDWHOWITHMISSILES:PLAID AIF-42C5D LRP_1:49936.6:PLAID AIF-42C5B LRP
[BDArmory.BDACompetitionMode:197196504]: WHODAMAGEDWHOWITHMISSILES:PLAID AIF-42C5D LRP_2:47574.2:PLAID AIF-42C5B LRP
[BDArmory.BDACompetitionMode:197196504]: WHODAMAGEDWHOWITHMISSILES:PLAID AIF-42C5B LRP_2:18155.0:PLAID AIF-42C5D LRP_2
[BDArmory.BDACompetitionMode:197196504]: WHODAMAGEDWHOWITHBATTLEDAMAGE:PLAID AIF-42C5D LRP:19591.9:PLAID AIF-42C5B LRP
[BDArmory.BDACompetitionMode:197196504]: WHODAMAGEDWHOWITHBATTLEDAMAGE:PLAID AIF-42C5D LRP_2:11727.0:PLAID AIF-42C5B LRP
[BDArmory.BDACompetitionMode:197196504]: KILLSTEALGUNS:PLAID AIF-42C5D LRP:PLAID AIF-42C5B LRP
[BDArmory.BDACompetitionMode:197196504]: CLEANKILLMISSILES:PLAID AIF-42C5D LRP_1:PLAID AIF-42C5B LRP
[BDArmory.BDACompetitionMode:197196504]: CLEANKILLMISSILES:PLAID AIF-42C5D LRP_2:PLAID AIF-42C5B LRP
[BDArmory.BDACompetitionMode:197196504]: HPLEFT:PLAID AIF-42C5D LRP:0
[BDArmory.BDACompetitionMode:197196504]: HPLEFT:PLAID AIF-42C5D LRP_1:0
[BDArmory.BDACompetitionMode:197196504]: HPLEFT:PLAID AIF-42C5D LRP_2:0
[BDArmory.BDACompetitionMode:197196504]: HPLEFT:PLAID AIF-42C5B LRP:100
[BDArmory.BDACompetitionMode:197196504]: HPLEFT:PLAID AIF-42C5B LRP_1:100
[BDArmory.BDACompetitionMode:197196504]: HPLEFT:PLAID AIF-42C5B LRP_2:82.5
[BDArmory.BDACompetitionMode:197196504]: ACCURACY:PLAID AIF-42C5D LRP:0/0:0/0
[BDArmory.BDACompetitionMode:197196504]: ACCURACY:PLAID AIF-42C5D LRP_1:0/0:0/0
[BDArmory.BDACompetitionMode:197196504]: ACCURACY:PLAID AIF-42C5D LRP_2:0/0:0/0
[BDArmory.BDACompetitionMode:197196504]: ACCURACY:PLAID AIF-42C5B LRP:3/36:0/0
[BDArmory.BDACompetitionMode:197196504]: ACCURACY:PLAID AIF-42C5B LRP_1:0/0:0/0
[BDArmory.BDACompetitionMode:197196504]: ACCURACY:PLAID AIF-42C5B LRP_2:0/0:0/0
