[BDArmory.BDACompetitionMode:196024232]: Dumping Results after -150s (of 0s) at 2026-03-18 19:13:00 -04:00
[BDArmory.BDACompetitionMode:196024232]: RESULT:Win:{"team": "PLAID AIF-42C5A LRP", "members": ["PLAID AIF-42C5A LRP", "PLAID AIF-42C5A LRP_1", "PLAID AIF-42C5A LRP_2"]}
[BDArmory.BDACompetitionMode:196024232]: DEADTEAMS:[{"team": "PLAID AIF-42C2 LRP", "members": ["PLAID AIF-42C2 LRP", "PLAID AIF-42C2 LRP_1", "PLAID AIF-42C2 LRP_2"]}]
[BDArmory.BDACompetitionMode:196024232]: MIA:PLAID AIF-42C5A LRP
[BDArmory.BDACompetitionMode:196024232]: MIA:PLAID AIF-42C5A LRP_1
[BDArmory.BDACompetitionMode:196024232]: MIA:PLAID AIF-42C5A LRP_2
[BDArmory.BDACompetitionMode:196024232]: DEAD:1:124.0:PLAID AIF-42C2 LRP
[BDArmory.BDACompetitionMode:196024232]: DEAD:2:127.0:PLAID AIF-42C2 LRP_1
[BDArmory.BDACompetitionMode:196024232]: DEAD:0:85.0:PLAID AIF-42C2 LRP_2
[BDArmory.BDACompetitionMode:196024232]: WHOSHOTWHOWITHGUNS:PLAID AIF-42C2 LRP:11:PLAID AIF-42C5A LRP_1
[BDArmory.BDACompetitionMode:196024232]: WHOSHOTWHOWITHGUNS:PLAID AIF-42C2 LRP_1:36:PLAID AIF-42C5A LRP_2
[BDArmory.BDACompetitionMode:196024232]: WHOSHOTWHOWITHGUNS:PLAID AIF-42C2 LRP_2:6:PLAID AIF-42C5A LRP_1
[BDArmory.BDACompetitionMode:196024232]: WHODAMAGEDWHOWITHGUNS:PLAID AIF-42C2 LRP:3291.3:PLAID AIF-42C5A LRP_1
[BDArmory.BDACompetitionMode:196024232]: WHODAMAGEDWHOWITHGUNS:PLAID AIF-42C2 LRP_1:8506.2:PLAID AIF-42C5A LRP_2
[BDArmory.BDACompetitionMode:196024232]: WHODAMAGEDWHOWITHGUNS:PLAID AIF-42C2 LRP_2:2736.0:PLAID AIF-42C5A LRP_1
[BDArmory.BDACompetitionMode:196024232]: WHOHITWHOWITHMISSILES:PLAID AIF-42C5A LRP:1:PLAID AIF-42C2 LRP_1:1:PLAID AIF-42C2 LRP_2
[BDArmory.BDACompetitionMode:196024232]: WHOHITWHOWITHMISSILES:PLAID AIF-42C5A LRP_1:1:PLAID AIF-42C2 LRP_1
[BDArmory.BDACompetitionMode:196024232]: WHOHITWHOWITHMISSILES:PLAID AIF-42C2 LRP:2:PLAID AIF-42C5A LRP:1:PLAID AIF-42C5A LRP_1
[BDArmory.BDACompetitionMode:196024232]: WHOHITWHOWITHMISSILES:PLAID AIF-42C2 LRP_1:1:PLAID AIF-42C5A LRP_1
[BDArmory.BDACompetitionMode:196024232]: WHOHITWHOWITHMISSILES:PLAID AIF-42C2 LRP_2:1:PLAID AIF-42C5A LRP_1:1:PLAID AIF-42C5A LRP_2
[BDArmory.BDACompetitionMode:196024232]: WHOPARTSHITWHOWITHMISSILES:PLAID AIF-42C5A LRP:58:PLAID AIF-42C2 LRP_1:59:PLAID AIF-42C2 LRP_2
[BDArmory.BDACompetitionMode:196024232]: WHOPARTSHITWHOWITHMISSILES:PLAID AIF-42C5A LRP_1:56:PLAID AIF-42C2 LRP_1
[BDArmory.BDACompetitionMode:196024232]: WHOPARTSHITWHOWITHMISSILES:PLAID AIF-42C2 LRP:136:PLAID AIF-42C5A LRP:55:PLAID AIF-42C5A LRP_1
[BDArmory.BDACompetitionMode:196024232]: WHOPARTSHITWHOWITHMISSILES:PLAID AIF-42C2 LRP_1:75:PLAID AIF-42C5A LRP_1
[BDArmory.BDACompetitionMode:196024232]: WHOPARTSHITWHOWITHMISSILES:PLAID AIF-42C2 LRP_2:69:PLAID AIF-42C5A LRP_1:79:PLAID AIF-42C5A LRP_2
[BDArmory.BDACompetitionMode:196024232]: WHODAMAGEDWHOWITHMISSILES:PLAID AIF-42C5A LRP:16921.9:PLAID AIF-42C2 LRP_1:37659.2:PLAID AIF-42C2 LRP_2
[BDArmory.BDACompetitionMode:196024232]: WHODAMAGEDWHOWITHMISSILES:PLAID AIF-42C5A LRP_1:4576.0:PLAID AIF-42C2 LRP_1
[BDArmory.BDACompetitionMode:196024232]: WHODAMAGEDWHOWITHMISSILES:PLAID AIF-42C2 LRP:28296.9:PLAID AIF-42C5A LRP:10050.9:PLAID AIF-42C5A LRP_1
[BDArmory.BDACompetitionMode:196024232]: WHODAMAGEDWHOWITHMISSILES:PLAID AIF-42C2 LRP_1:6681.6:PLAID AIF-42C5A LRP_1
[BDArmory.BDACompetitionMode:196024232]: WHODAMAGEDWHOWITHMISSILES:PLAID AIF-42C2 LRP_2:630.5:PLAID AIF-42C5A LRP_1
[BDArmory.BDACompetitionMode:196024232]: WHODAMAGEDWHOWITHBATTLEDAMAGE:PLAID AIF-42C2 LRP:567.3:PLAID AIF-42C5A LRP_1:10607.7:PLAID AIF-42C2 LRP
[BDArmory.BDACompetitionMode:196024232]: WHODAMAGEDWHOWITHBATTLEDAMAGE:PLAID AIF-42C2 LRP_1:11674.8:PLAID AIF-42C5A LRP_2:5885.4:PLAID AIF-42C2 LRP_1
[BDArmory.BDACompetitionMode:196024232]: WHODAMAGEDWHOWITHBATTLEDAMAGE:PLAID AIF-42C2 LRP_2:2.4:PLAID AIF-42C5A LRP_1
[BDArmory.BDACompetitionMode:196024232]: HEADSHOTGUNS:PLAID AIF-42C2 LRP_1:PLAID AIF-42C5A LRP_2
[BDArmory.BDACompetitionMode:196024232]: HEADSHOTGUNS:PLAID AIF-42C2 LRP_2:PLAID AIF-42C5A LRP_1
[BDArmory.BDACompetitionMode:196024232]: HPLEFT:PLAID AIF-42C5A LRP:0
[BDArmory.BDACompetitionMode:196024232]: HPLEFT:PLAID AIF-42C5A LRP_1:74.390243902439
[BDArmory.BDACompetitionMode:196024232]: HPLEFT:PLAID AIF-42C5A LRP_2:0
[BDArmory.BDACompetitionMode:196024232]: HPLEFT:PLAID AIF-42C2 LRP:0
[BDArmory.BDACompetitionMode:196024232]: HPLEFT:PLAID AIF-42C2 LRP_1:0
[BDArmory.BDACompetitionMode:196024232]: HPLEFT:PLAID AIF-42C2 LRP_2:0
[BDArmory.BDACompetitionMode:196024232]: ACCURACY:PLAID AIF-42C5A LRP:0/0:0/0
[BDArmory.BDACompetitionMode:196024232]: ACCURACY:PLAID AIF-42C5A LRP_1:17/79:0/0
[BDArmory.BDACompetitionMode:196024232]: ACCURACY:PLAID AIF-42C5A LRP_2:36/368:0/0
[BDArmory.BDACompetitionMode:196024232]: ACCURACY:PLAID AIF-42C2 LRP:0/0:0/0
[BDArmory.BDACompetitionMode:196024232]: ACCURACY:PLAID AIF-42C2 LRP_1:0/78:0/0
[BDArmory.BDACompetitionMode:196024232]: ACCURACY:PLAID AIF-42C2 LRP_2:0/0:0/0
