[BDArmory.BDACompetitionMode:196024079]: Dumping Results after 115s (of 0s) at 2026-03-18 19:10:09 -04:00
[BDArmory.BDACompetitionMode:196024079]: RESULT:Mutual Annihilation
[BDArmory.BDACompetitionMode:196024079]: DEADTEAMS:[{"team": "PLAID AIF-42C5A LRP", "members": ["PLAID AIF-42C5A LRP", "PLAID AIF-42C5A LRP_1", "PLAID AIF-42C5A LRP_2"]}, {"team": "PLAID AIF-42C2 LRP", "members": ["PLAID AIF-42C2 LRP", "PLAID AIF-42C2 LRP_1", "PLAID AIF-42C2 LRP_2"]}]
[BDArmory.BDACompetitionMode:196024079]: DEAD:0:111.0:PLAID AIF-42C5A LRP
[BDArmory.BDACompetitionMode:196024079]: DEAD:1:113.0:PLAID AIF-42C5A LRP_1
[BDArmory.BDACompetitionMode:196024079]: DEAD:2:113.0:PLAID AIF-42C5A LRP_2
[BDArmory.BDACompetitionMode:196024079]: DEAD:3:113.0:PLAID AIF-42C2 LRP
[BDArmory.BDACompetitionMode:196024079]: DEAD:4:113.0:PLAID AIF-42C2 LRP_1
[BDArmory.BDACompetitionMode:196024079]: DEAD:5:113.0:PLAID AIF-42C2 LRP_2
[BDArmory.BDACompetitionMode:196024079]: WHOSHOTWHOWITHGUNS:PLAID AIF-42C5A LRP:4:PLAID AIF-42C2 LRP_1
[BDArmory.BDACompetitionMode:196024079]: WHOSHOTWHOWITHGUNS:PLAID AIF-42C5A LRP_2:22:PLAID AIF-42C2 LRP_2:1:PLAID AIF-42C2 LRP
[BDArmory.BDACompetitionMode:196024079]: WHOSHOTWHOWITHGUNS:PLAID AIF-42C2 LRP_1:6:PLAID AIF-42C5A LRP
[BDArmory.BDACompetitionMode:196024079]: WHODAMAGEDWHOWITHGUNS:PLAID AIF-42C5A LRP:711.2:PLAID AIF-42C2 LRP_1
[BDArmory.BDACompetitionMode:196024079]: WHODAMAGEDWHOWITHGUNS:PLAID AIF-42C5A LRP_2:4657.6:PLAID AIF-42C2 LRP_2:324.2:PLAID AIF-42C2 LRP
[BDArmory.BDACompetitionMode:196024079]: WHODAMAGEDWHOWITHGUNS:PLAID AIF-42C2 LRP_1:1717.7:PLAID AIF-42C5A LRP
[BDArmory.BDACompetitionMode:196024079]: WHOHITWHOWITHMISSILES:PLAID AIF-42C5A LRP:1:PLAID AIF-42C2 LRP:1:PLAID AIF-42C2 LRP_1
[BDArmory.BDACompetitionMode:196024079]: WHOHITWHOWITHMISSILES:PLAID AIF-42C5A LRP_1:2:PLAID AIF-42C2 LRP_2
[BDArmory.BDACompetitionMode:196024079]: WHOHITWHOWITHMISSILES:PLAID AIF-42C5A LRP_2:1:PLAID AIF-42C2 LRP:1:PLAID AIF-42C2 LRP_1
[BDArmory.BDACompetitionMode:196024079]: WHOPARTSHITWHOWITHMISSILES:PLAID AIF-42C5A LRP:74:PLAID AIF-42C2 LRP:10:PLAID AIF-42C2 LRP_1
[BDArmory.BDACompetitionMode:196024079]: WHOPARTSHITWHOWITHMISSILES:PLAID AIF-42C5A LRP_1:145:PLAID AIF-42C2 LRP_2
[BDArmory.BDACompetitionMode:196024079]: WHOPARTSHITWHOWITHMISSILES:PLAID AIF-42C5A LRP_2:80:PLAID AIF-42C2 LRP:66:PLAID AIF-42C2 LRP_1
[BDArmory.BDACompetitionMode:196024079]: WHODAMAGEDWHOWITHMISSILES:PLAID AIF-42C5A LRP:44428.7:PLAID AIF-42C2 LRP:16969.2:PLAID AIF-42C2 LRP_1
[BDArmory.BDACompetitionMode:196024079]: WHODAMAGEDWHOWITHMISSILES:PLAID AIF-42C5A LRP_1:21798.5:PLAID AIF-42C2 LRP_2
[BDArmory.BDACompetitionMode:196024079]: WHODAMAGEDWHOWITHMISSILES:PLAID AIF-42C5A LRP_2:9384.0:PLAID AIF-42C2 LRP:14477.3:PLAID AIF-42C2 LRP_1
[BDArmory.BDACompetitionMode:196024079]: WHODAMAGEDWHOWITHBATTLEDAMAGE:PLAID AIF-42C5A LRP:8117.8:PLAID AIF-42C2 LRP_1
[BDArmory.BDACompetitionMode:196024079]: WHODAMAGEDWHOWITHBATTLEDAMAGE:PLAID AIF-42C5A LRP_1:20.3:PLAID AIF-42C2 LRP_2:10694.0:PLAID AIF-42C5A LRP_1
[BDArmory.BDACompetitionMode:196024079]: WHODAMAGEDWHOWITHBATTLEDAMAGE:PLAID AIF-42C5A LRP_2:98.6:PLAID AIF-42C2 LRP_2:10.0:PLAID AIF-42C2 LRP:10659.3:PLAID AIF-42C5A LRP_2
[BDArmory.BDACompetitionMode:196024079]: WHODAMAGEDWHOWITHBATTLEDAMAGE:PLAID AIF-42C2 LRP_1:283.9:PLAID AIF-42C5A LRP
[BDArmory.BDACompetitionMode:196024079]: KILLSTEALGUNS:PLAID AIF-42C5A LRP:PLAID AIF-42C2 LRP_1
[BDArmory.BDACompetitionMode:196024079]: HPLEFT:PLAID AIF-42C5A LRP:0
[BDArmory.BDACompetitionMode:196024079]: HPLEFT:PLAID AIF-42C5A LRP_1:0
[BDArmory.BDACompetitionMode:196024079]: HPLEFT:PLAID AIF-42C5A LRP_2:0
[BDArmory.BDACompetitionMode:196024079]: HPLEFT:PLAID AIF-42C2 LRP:0
[BDArmory.BDACompetitionMode:196024079]: HPLEFT:PLAID AIF-42C2 LRP_1:0
[BDArmory.BDACompetitionMode:196024079]: HPLEFT:PLAID AIF-42C2 LRP_2:0
[BDArmory.BDACompetitionMode:196024079]: ACCURACY:PLAID AIF-42C5A LRP:6/80:0/0
[BDArmory.BDACompetitionMode:196024079]: ACCURACY:PLAID AIF-42C5A LRP_1:0/0:0/0
[BDArmory.BDACompetitionMode:196024079]: ACCURACY:PLAID AIF-42C5A LRP_2:0/0:0/0
[BDArmory.BDACompetitionMode:196024079]: ACCURACY:PLAID AIF-42C2 LRP:1/81:0/0
[BDArmory.BDACompetitionMode:196024079]: ACCURACY:PLAID AIF-42C2 LRP_1:4/80:0/0
[BDArmory.BDACompetitionMode:196024079]: ACCURACY:PLAID AIF-42C2 LRP_2:22/71:0/0
