[BDArmory.BDACompetitionMode:196024578]: Dumping Results after 105s (of 0s) at 2026-03-18 19:18:20 -04:00
[BDArmory.BDACompetitionMode:196024578]: RESULT:Win:{"team": "PLAID AIF-42C2 LRP", "members": ["PLAID AIF-42C2 LRP", "PLAID AIF-42C2 LRP_1", "PLAID AIF-42C2 LRP_2"]}
[BDArmory.BDACompetitionMode:196024578]: DEADTEAMS:[{"team": "PLAID AIF-42C5A LRP", "members": ["PLAID AIF-42C5A LRP", "PLAID AIF-42C5A LRP_1", "PLAID AIF-42C5A LRP_2"]}]
[BDArmory.BDACompetitionMode:196024578]: ALIVE:PLAID AIF-42C2 LRP
[BDArmory.BDACompetitionMode:196024578]: ALIVE:PLAID AIF-42C2 LRP_1
[BDArmory.BDACompetitionMode:196024578]: MIA:PLAID AIF-42C2 LRP_2
[BDArmory.BDACompetitionMode:196024578]: DEAD:2:105.0:PLAID AIF-42C5A LRP
[BDArmory.BDACompetitionMode:196024578]: DEAD:1:100.0:PLAID AIF-42C5A LRP_1
[BDArmory.BDACompetitionMode:196024578]: DEAD:0:91.0:PLAID AIF-42C5A LRP_2
[BDArmory.BDACompetitionMode:196024578]: WHOSHOTWHOWITHGUNS:PLAID AIF-42C2 LRP_2:3:PLAID AIF-42C5A LRP_1
[BDArmory.BDACompetitionMode:196024578]: WHOSHOTWHOWITHGUNS:PLAID AIF-42C5A LRP:18:PLAID AIF-42C2 LRP_1
[BDArmory.BDACompetitionMode:196024578]: WHOSHOTWHOWITHGUNS:PLAID AIF-42C5A LRP_1:10:PLAID AIF-42C2 LRP
[BDArmory.BDACompetitionMode:196024578]: WHOSHOTWHOWITHGUNS:PLAID AIF-42C5A LRP_2:15:PLAID AIF-42C2 LRP
[BDArmory.BDACompetitionMode:196024578]: WHODAMAGEDWHOWITHGUNS:PLAID AIF-42C2 LRP_2:1115.0:PLAID AIF-42C5A LRP_1
[BDArmory.BDACompetitionMode:196024578]: WHODAMAGEDWHOWITHGUNS:PLAID AIF-42C5A LRP:5583.0:PLAID AIF-42C2 LRP_1
[BDArmory.BDACompetitionMode:196024578]: WHODAMAGEDWHOWITHGUNS:PLAID AIF-42C5A LRP_1:4102.1:PLAID AIF-42C2 LRP
[BDArmory.BDACompetitionMode:196024578]: WHODAMAGEDWHOWITHGUNS:PLAID AIF-42C5A LRP_2:3072.8:PLAID AIF-42C2 LRP
[BDArmory.BDACompetitionMode:196024578]: WHOHITWHOWITHMISSILES:PLAID AIF-42C2 LRP:1:PLAID AIF-42C5A LRP_2
[BDArmory.BDACompetitionMode:196024578]: WHOHITWHOWITHMISSILES:PLAID AIF-42C2 LRP_2:1:PLAID AIF-42C5A LRP
[BDArmory.BDACompetitionMode:196024578]: WHOHITWHOWITHMISSILES:PLAID AIF-42C5A LRP:3:PLAID AIF-42C2 LRP_1:1:PLAID AIF-42C2 LRP
[BDArmory.BDACompetitionMode:196024578]: WHOHITWHOWITHMISSILES:PLAID AIF-42C5A LRP_2:1:PLAID AIF-42C2 LRP
[BDArmory.BDACompetitionMode:196024578]: WHOPARTSHITWHOWITHMISSILES:PLAID AIF-42C2 LRP:81:PLAID AIF-42C5A LRP_2
[BDArmory.BDACompetitionMode:196024578]: WHOPARTSHITWHOWITHMISSILES:PLAID AIF-42C2 LRP_2:67:PLAID AIF-42C5A LRP
[BDArmory.BDACompetitionMode:196024578]: WHOPARTSHITWHOWITHMISSILES:PLAID AIF-42C5A LRP:198:PLAID AIF-42C2 LRP_1:56:PLAID AIF-42C2 LRP
[BDArmory.BDACompetitionMode:196024578]: WHOPARTSHITWHOWITHMISSILES:PLAID AIF-42C5A LRP_2:59:PLAID AIF-42C2 LRP
[BDArmory.BDACompetitionMode:196024578]: WHODAMAGEDWHOWITHMISSILES:PLAID AIF-42C2 LRP_2:2514.7:PLAID AIF-42C5A LRP
[BDArmory.BDACompetitionMode:196024578]: WHODAMAGEDWHOWITHMISSILES:PLAID AIF-42C5A LRP:53960.9:PLAID AIF-42C2 LRP_1:2971.4:PLAID AIF-42C2 LRP
[BDArmory.BDACompetitionMode:196024578]: WHODAMAGEDWHOWITHMISSILES:PLAID AIF-42C5A LRP_2:58494.3:PLAID AIF-42C2 LRP
[BDArmory.BDACompetitionMode:196024578]: WHODAMAGEDWHOWITHBATTLEDAMAGE:PLAID AIF-42C2 LRP_2:922.9:PLAID AIF-42C5A LRP_1:16331.3:PLAID AIF-42C2 LRP_2
[BDArmory.BDACompetitionMode:196024578]: WHODAMAGEDWHOWITHBATTLEDAMAGE:PLAID AIF-42C5A LRP:400.6:PLAID AIF-42C2 LRP_1
[BDArmory.BDACompetitionMode:196024578]: WHODAMAGEDWHOWITHBATTLEDAMAGE:PLAID AIF-42C5A LRP_1:11.1:PLAID AIF-42C2 LRP
[BDArmory.BDACompetitionMode:196024578]: WHODAMAGEDWHOWITHBATTLEDAMAGE:PLAID AIF-42C5A LRP_2:22665.2:PLAID AIF-42C2 LRP
[BDArmory.BDACompetitionMode:196024578]: HEADSHOTGUNS:PLAID AIF-42C5A LRP:PLAID AIF-42C2 LRP_1
[BDArmory.BDACompetitionMode:196024578]: CLEANKILLGUNS:PLAID AIF-42C5A LRP_1:PLAID AIF-42C2 LRP
[BDArmory.BDACompetitionMode:196024578]: CLEANKILLGUNS:PLAID AIF-42C5A LRP_2:PLAID AIF-42C2 LRP
[BDArmory.BDACompetitionMode:196024578]: HPLEFT:PLAID AIF-42C2 LRP:100
[BDArmory.BDACompetitionMode:196024578]: HPLEFT:PLAID AIF-42C2 LRP_1:100
[BDArmory.BDACompetitionMode:196024578]: HPLEFT:PLAID AIF-42C2 LRP_2:17.8571428571429
[BDArmory.BDACompetitionMode:196024578]: HPLEFT:PLAID AIF-42C5A LRP:0
[BDArmory.BDACompetitionMode:196024578]: HPLEFT:PLAID AIF-42C5A LRP_1:0
[BDArmory.BDACompetitionMode:196024578]: HPLEFT:PLAID AIF-42C5A LRP_2:0
[BDArmory.BDACompetitionMode:196024578]: ACCURACY:PLAID AIF-42C2 LRP:25/139:0/0
[BDArmory.BDACompetitionMode:196024578]: ACCURACY:PLAID AIF-42C2 LRP_1:18/122:0/0
[BDArmory.BDACompetitionMode:196024578]: ACCURACY:PLAID AIF-42C2 LRP_2:0/0:0/0
[BDArmory.BDACompetitionMode:196024578]: ACCURACY:PLAID AIF-42C5A LRP:0/0:0/0
[BDArmory.BDACompetitionMode:196024578]: ACCURACY:PLAID AIF-42C5A LRP_1:3/68:0/0
[BDArmory.BDACompetitionMode:196024578]: ACCURACY:PLAID AIF-42C5A LRP_2:0/15:0/0
