[BDArmory.BDACompetitionMode:196310664]: Dumping Results after 18s (of 0s) at 2026-03-22 02:45:16 -04:00
[BDArmory.BDACompetitionMode:196310664]: RESULT:Draw:[{"team": "PLAID H[A]-34Q1 Goshawk", "members": ["PLAID H[A]-34Q1 Goshawk", "PLAID H[A]-34Q1 Goshawk_1", "PLAID H[A]-34Q1 Goshawk_2", "PLAID H[A]-34Q1 Goshawk_3", "PLAID H[A]-34Q1 Goshawk_4", "PLAID H[A]-34Q1 Goshawk_5"]}, {"team": "ZAH-1Z Death Addler II", "members": ["ZAH-1Z Death Addler II", "ZAH-1Z Death Addler II_1", "ZAH-1Z Death Addler II_2", "ZAH-1Z Death Addler II_3", "ZAH-1Z Death Addler II_4", "ZAH-1Z Death Addler II_5"]}]
[BDArmory.BDACompetitionMode:196310664]: DEADTEAMS:[]
[BDArmory.BDACompetitionMode:196310664]: ALIVE:PLAID H[A]-34Q1 Goshawk
[BDArmory.BDACompetitionMode:196310664]: ALIVE:PLAID H[A]-34Q1 Goshawk_1
[BDArmory.BDACompetitionMode:196310664]: ALIVE:PLAID H[A]-34Q1 Goshawk_2
[BDArmory.BDACompetitionMode:196310664]: ALIVE:PLAID H[A]-34Q1 Goshawk_3
[BDArmory.BDACompetitionMode:196310664]: ALIVE:PLAID H[A]-34Q1 Goshawk_4
[BDArmory.BDACompetitionMode:196310664]: ALIVE:PLAID H[A]-34Q1 Goshawk_5
[BDArmory.BDACompetitionMode:196310664]: ALIVE:ZAH-1Z Death Addler II
[BDArmory.BDACompetitionMode:196310664]: ALIVE:ZAH-1Z Death Addler II_1
[BDArmory.BDACompetitionMode:196310664]: ALIVE:ZAH-1Z Death Addler II_2
[BDArmory.BDACompetitionMode:196310664]: ALIVE:ZAH-1Z Death Addler II_3
[BDArmory.BDACompetitionMode:196310664]: ALIVE:ZAH-1Z Death Addler II_4
[BDArmory.BDACompetitionMode:196310664]: ALIVE:ZAH-1Z Death Addler II_5
[BDArmory.BDACompetitionMode:196310664]: HPLEFT:PLAID H[A]-34Q1 Goshawk:101.6
[BDArmory.BDACompetitionMode:196310664]: HPLEFT:PLAID H[A]-34Q1 Goshawk_1:101.6
[BDArmory.BDACompetitionMode:196310664]: HPLEFT:PLAID H[A]-34Q1 Goshawk_2:101.6
[BDArmory.BDACompetitionMode:196310664]: HPLEFT:PLAID H[A]-34Q1 Goshawk_3:101.6
[BDArmory.BDACompetitionMode:196310664]: HPLEFT:PLAID H[A]-34Q1 Goshawk_4:101.6
[BDArmory.BDACompetitionMode:196310664]: HPLEFT:PLAID H[A]-34Q1 Goshawk_5:101.6
[BDArmory.BDACompetitionMode:196310664]: HPLEFT:ZAH-1Z Death Addler II:68.9075630252101
[BDArmory.BDACompetitionMode:196310664]: HPLEFT:ZAH-1Z Death Addler II_1:94.9579831932773
[BDArmory.BDACompetitionMode:196310664]: HPLEFT:ZAH-1Z Death Addler II_2:70.5882352941177
[BDArmory.BDACompetitionMode:196310664]: HPLEFT:ZAH-1Z Death Addler II_3:94.9579831932773
[BDArmory.BDACompetitionMode:196310664]: HPLEFT:ZAH-1Z Death Addler II_4:61.3445378151261
[BDArmory.BDACompetitionMode:196310664]: HPLEFT:ZAH-1Z Death Addler II_5:93.2773109243697
[BDArmory.BDACompetitionMode:196310664]: ACCURACY:PLAID H[A]-34Q1 Goshawk:0/0:0/0
[BDArmory.BDACompetitionMode:196310664]: ACCURACY:PLAID H[A]-34Q1 Goshawk_1:0/0:0/0
[BDArmory.BDACompetitionMode:196310664]: ACCURACY:PLAID H[A]-34Q1 Goshawk_2:0/0:0/0
[BDArmory.BDACompetitionMode:196310664]: ACCURACY:PLAID H[A]-34Q1 Goshawk_3:0/0:0/0
[BDArmory.BDACompetitionMode:196310664]: ACCURACY:PLAID H[A]-34Q1 Goshawk_4:0/0:0/0
[BDArmory.BDACompetitionMode:196310664]: ACCURACY:PLAID H[A]-34Q1 Goshawk_5:0/0:0/0
[BDArmory.BDACompetitionMode:196310664]: ACCURACY:ZAH-1Z Death Addler II:0/0:0/0
[BDArmory.BDACompetitionMode:196310664]: ACCURACY:ZAH-1Z Death Addler II_1:0/0:0/0
[BDArmory.BDACompetitionMode:196310664]: ACCURACY:ZAH-1Z Death Addler II_2:0/0:0/0
[BDArmory.BDACompetitionMode:196310664]: ACCURACY:ZAH-1Z Death Addler II_3:0/0:0/0
[BDArmory.BDACompetitionMode:196310664]: ACCURACY:ZAH-1Z Death Addler II_4:0/0:0/0
[BDArmory.BDACompetitionMode:196310664]: ACCURACY:ZAH-1Z Death Addler II_5:0/0:0/0
