[BDArmory.BDACompetitionMode:196310757]: Dumping Results after 51s (of 0s) at 2026-03-22 02:47:12 -04:00
[BDArmory.BDACompetitionMode:196310757]: RESULT:Draw:[{"team": "ZAH-1Z Death Addler II", "members": ["ZAH-1Z Death Addler II", "ZAH-1Z Death Addler II_1", "ZAH-1Z Death Addler II_2"]}, {"team": "PLAID H[A]-34Q1 Goshawk", "members": ["PLAID H[A]-34Q1 Goshawk", "PLAID H[A]-34Q1 Goshawk_1", "PLAID H[A]-34Q1 Goshawk_2"]}]
[BDArmory.BDACompetitionMode:196310757]: DEADTEAMS:[]
[BDArmory.BDACompetitionMode:196310757]: ALIVE:PLAID H[A]-34Q1 Goshawk
[BDArmory.BDACompetitionMode:196310757]: ALIVE:PLAID H[A]-34Q1 Goshawk_1
[BDArmory.BDACompetitionMode:196310757]: ALIVE:PLAID H[A]-34Q1 Goshawk_2
[BDArmory.BDACompetitionMode:196310757]: DEAD:0:38.0:ZAH-1Z Death Addler II
[BDArmory.BDACompetitionMode:196310757]: MIA:ZAH-1Z Death Addler II_1
[BDArmory.BDACompetitionMode:196310757]: MIA:ZAH-1Z Death Addler II_2
[BDArmory.BDACompetitionMode:196310757]: HPLEFT:ZAH-1Z Death Addler II:0
[BDArmory.BDACompetitionMode:196310757]: HPLEFT:ZAH-1Z Death Addler II_1:48.7394957983193
[BDArmory.BDACompetitionMode:196310757]: HPLEFT:ZAH-1Z Death Addler II_2:51.2605042016807
[BDArmory.BDACompetitionMode:196310757]: HPLEFT:PLAID H[A]-34Q1 Goshawk:101.6
[BDArmory.BDACompetitionMode:196310757]: HPLEFT:PLAID H[A]-34Q1 Goshawk_1:101.6
[BDArmory.BDACompetitionMode:196310757]: HPLEFT:PLAID H[A]-34Q1 Goshawk_2:101.6
[BDArmory.BDACompetitionMode:196310757]: ACCURACY:ZAH-1Z Death Addler II:0/1:0/0
[BDArmory.BDACompetitionMode:196310757]: ACCURACY:ZAH-1Z Death Addler II_1:0/1:0/0
[BDArmory.BDACompetitionMode:196310757]: ACCURACY:ZAH-1Z Death Addler II_2:0/1:0/0
[BDArmory.BDACompetitionMode:196310757]: ACCURACY:PLAID H[A]-34Q1 Goshawk:0/0:0/0
[BDArmory.BDACompetitionMode:196310757]: ACCURACY:PLAID H[A]-34Q1 Goshawk_1:0/0:0/0
[BDArmory.BDACompetitionMode:196310757]: ACCURACY:PLAID H[A]-34Q1 Goshawk_2:0/0:0/0
