[BDArmory.BDACompetitionMode:196580981]: Dumping Results after 156s (of 0s) at 2026-03-25 05:53:48 -04:00
[BDArmory.BDACompetitionMode:196580981]: RESULT:Draw:[{"team": "PLAID AIF-42C5B LRP", "members": ["PLAID AIF-42C5B LRP", "PLAID AIF-42C5B LRP_1"]}, {"team": "KJ-56M10_9 Tiger Heron", "members": ["KJ-56M10.9 Tiger Heron", "KJ-56M10.9 Tiger Heron_1"]}]
[BDArmory.BDACompetitionMode:196580981]: DEADTEAMS:[{"team": "AS-124 (tony flares)", "members": ["AS-124 (tony flares)", "AS-124 (tony flares)_1"]}, {"team": "PLAID AIF-27 VVVV", "members": ["PLAID AIF-27 VVVV", "PLAID AIF-27 VVVV_1"]}]
[BDArmory.BDACompetitionMode:196580981]: DEAD:0:78.0:AS-124 (tony flares)
[BDArmory.BDACompetitionMode:196580981]: DEAD:2:109.0:AS-124 (tony flares)_1
[BDArmory.BDACompetitionMode:196580981]: DEAD:3:126.0:PLAID AIF-42C5B LRP
[BDArmory.BDACompetitionMode:196580981]: MIA:PLAID AIF-42C5B LRP_1
[BDArmory.BDACompetitionMode:196580981]: DEAD:4:135.0:KJ-56M10.9 Tiger Heron
[BDArmory.BDACompetitionMode:196580981]: MIA:KJ-56M10.9 Tiger Heron_1
[BDArmory.BDACompetitionMode:196580981]: DEAD:1:82.0:PLAID AIF-27 VVVV
[BDArmory.BDACompetitionMode:196580981]: DEAD:5:135.0:PLAID AIF-27 VVVV_1
[BDArmory.BDACompetitionMode:196580981]: WHOSHOTWHOWITHGUNS:AS-124 (tony flares):10:KJ-56M10.9 Tiger Heron
[BDArmory.BDACompetitionMode:196580981]: WHOSHOTWHOWITHGUNS:AS-124 (tony flares)_1:4:KJ-56M10.9 Tiger Heron
[BDArmory.BDACompetitionMode:196580981]: WHOSHOTWHOWITHGUNS:PLAID AIF-42C5B LRP:1:AS-124 (tony flares)_1:7:KJ-56M10.9 Tiger Heron
[BDArmory.BDACompetitionMode:196580981]: WHOSHOTWHOWITHGUNS:PLAID AIF-42C5B LRP_1:19:KJ-56M10.9 Tiger Heron
[BDArmory.BDACompetitionMode:196580981]: WHOSHOTWHOWITHGUNS:KJ-56M10.9 Tiger Heron:10:PLAID AIF-27 VVVV_1
[BDArmory.BDACompetitionMode:196580981]: WHOSHOTWHOWITHGUNS:PLAID AIF-27 VVVV:1:AS-124 (tony flares)_1:1:PLAID AIF-42C5B LRP
[BDArmory.BDACompetitionMode:196580981]: WHOSHOTWHOWITHGUNS:PLAID AIF-27 VVVV_1:6:KJ-56M10.9 Tiger Heron
[BDArmory.BDACompetitionMode:196580981]: WHODAMAGEDWHOWITHGUNS:AS-124 (tony flares):2659.0:KJ-56M10.9 Tiger Heron
[BDArmory.BDACompetitionMode:196580981]: WHODAMAGEDWHOWITHGUNS:AS-124 (tony flares)_1:1302.5:KJ-56M10.9 Tiger Heron
[BDArmory.BDACompetitionMode:196580981]: WHODAMAGEDWHOWITHGUNS:PLAID AIF-42C5B LRP:745.8:AS-124 (tony flares)_1:1596.4:KJ-56M10.9 Tiger Heron
[BDArmory.BDACompetitionMode:196580981]: WHODAMAGEDWHOWITHGUNS:PLAID AIF-42C5B LRP_1:4551.2:KJ-56M10.9 Tiger Heron
[BDArmory.BDACompetitionMode:196580981]: WHODAMAGEDWHOWITHGUNS:KJ-56M10.9 Tiger Heron:3128.1:PLAID AIF-27 VVVV_1
[BDArmory.BDACompetitionMode:196580981]: WHODAMAGEDWHOWITHGUNS:PLAID AIF-27 VVVV:346.8:AS-124 (tony flares)_1:756.3:PLAID AIF-42C5B LRP
[BDArmory.BDACompetitionMode:196580981]: WHODAMAGEDWHOWITHGUNS:PLAID AIF-27 VVVV_1:1524.6:KJ-56M10.9 Tiger Heron
[BDArmory.BDACompetitionMode:196580981]: WHOHITWHOWITHMISSILES:KJ-56M10.9 Tiger Heron_1:2:AS-124 (tony flares)_1
[BDArmory.BDACompetitionMode:196580981]: WHOHITWHOWITHMISSILES:PLAID AIF-27 VVVV:1:PLAID AIF-42C5B LRP
[BDArmory.BDACompetitionMode:196580981]: WHOHITWHOWITHMISSILES:PLAID AIF-27 VVVV_1:1:PLAID AIF-42C5B LRP_1
[BDArmory.BDACompetitionMode:196580981]: WHOPARTSHITWHOWITHMISSILES:KJ-56M10.9 Tiger Heron_1:114:AS-124 (tony flares)_1
[BDArmory.BDACompetitionMode:196580981]: WHOPARTSHITWHOWITHMISSILES:PLAID AIF-27 VVVV:139:PLAID AIF-42C5B LRP
[BDArmory.BDACompetitionMode:196580981]: WHOPARTSHITWHOWITHMISSILES:PLAID AIF-27 VVVV_1:62:PLAID AIF-42C5B LRP_1
[BDArmory.BDACompetitionMode:196580981]: WHODAMAGEDWHOWITHMISSILES:KJ-56M10.9 Tiger Heron_1:76582.1:AS-124 (tony flares)_1
[BDArmory.BDACompetitionMode:196580981]: WHODAMAGEDWHOWITHMISSILES:PLAID AIF-27 VVVV:55695.0:PLAID AIF-42C5B LRP
[BDArmory.BDACompetitionMode:196580981]: WHODAMAGEDWHOWITHMISSILES:PLAID AIF-27 VVVV_1:1367.8:PLAID AIF-42C5B LRP_1
[BDArmory.BDACompetitionMode:196580981]: WHODAMAGEDWHOWITHBATTLEDAMAGE:AS-124 (tony flares):76.6:KJ-56M10.9 Tiger Heron:7552.5:AS-124 (tony flares)
[BDArmory.BDACompetitionMode:196580981]: WHODAMAGEDWHOWITHBATTLEDAMAGE:AS-124 (tony flares)_1:0.6:KJ-56M10.9 Tiger Heron
[BDArmory.BDACompetitionMode:196580981]: WHODAMAGEDWHOWITHBATTLEDAMAGE:PLAID AIF-42C5B LRP:0.6:KJ-56M10.9 Tiger Heron
[BDArmory.BDACompetitionMode:196580981]: WHODAMAGEDWHOWITHBATTLEDAMAGE:PLAID AIF-42C5B LRP_1:303.5:KJ-56M10.9 Tiger Heron:19347.3:PLAID AIF-42C5B LRP_1
[BDArmory.BDACompetitionMode:196580981]: WHODAMAGEDWHOWITHBATTLEDAMAGE:KJ-56M10.9 Tiger Heron:501.0:PLAID AIF-27 VVVV_1:47.7:KJ-56M10.9 Tiger Heron
[BDArmory.BDACompetitionMode:196580981]: WHODAMAGEDWHOWITHBATTLEDAMAGE:PLAID AIF-27 VVVV:2.5:AS-124 (tony flares)_1
[BDArmory.BDACompetitionMode:196580981]: WHODAMAGEDWHOWITHBATTLEDAMAGE:PLAID AIF-27 VVVV_1:96.1:KJ-56M10.9 Tiger Heron:8889.0:PLAID AIF-27 VVVV_1
[BDArmory.BDACompetitionMode:196580981]: CLEANKILLGUNS:AS-124 (tony flares):KJ-56M10.9 Tiger Heron
[BDArmory.BDACompetitionMode:196580981]: CLEANKILLGUNS:AS-124 (tony flares)_1:KJ-56M10.9 Tiger Heron
[BDArmory.BDACompetitionMode:196580981]: HEADSHOTGUNS:PLAID AIF-42C5B LRP:KJ-56M10.9 Tiger Heron
[BDArmory.BDACompetitionMode:196580981]: KILLSTEALMISSILES:PLAID AIF-27 VVVV:PLAID AIF-42C5B LRP
[BDArmory.BDACompetitionMode:196580981]: HPLEFT:AS-124 (tony flares):0
[BDArmory.BDACompetitionMode:196580981]: HPLEFT:AS-124 (tony flares)_1:0
[BDArmory.BDACompetitionMode:196580981]: HPLEFT:PLAID AIF-42C5B LRP:0
[BDArmory.BDACompetitionMode:196580981]: HPLEFT:PLAID AIF-42C5B LRP_1:15.8536585365854
[BDArmory.BDACompetitionMode:196580981]: HPLEFT:KJ-56M10.9 Tiger Heron:0
[BDArmory.BDACompetitionMode:196580981]: HPLEFT:KJ-56M10.9 Tiger Heron_1:16.1764705882353
[BDArmory.BDACompetitionMode:196580981]: HPLEFT:PLAID AIF-27 VVVV:0
[BDArmory.BDACompetitionMode:196580981]: HPLEFT:PLAID AIF-27 VVVV_1:0
[BDArmory.BDACompetitionMode:196580981]: ACCURACY:AS-124 (tony flares):0/0:0/0
[BDArmory.BDACompetitionMode:196580981]: ACCURACY:AS-124 (tony flares)_1:2/146:0/0
[BDArmory.BDACompetitionMode:196580981]: ACCURACY:PLAID AIF-42C5B LRP:1/52:0/0
[BDArmory.BDACompetitionMode:196580981]: ACCURACY:PLAID AIF-42C5B LRP_1:0/0:0/0
[BDArmory.BDACompetitionMode:196580981]: ACCURACY:KJ-56M10.9 Tiger Heron:46/607:0/0
[BDArmory.BDACompetitionMode:196580981]: ACCURACY:KJ-56M10.9 Tiger Heron_1:0/0:0/0
[BDArmory.BDACompetitionMode:196580981]: ACCURACY:PLAID AIF-27 VVVV:0/0:0/0
[BDArmory.BDACompetitionMode:196580981]: ACCURACY:PLAID AIF-27 VVVV_1:10/106:0/0
