[BDArmory.BDACompetitionMode:196581263]: Dumping Results after 117s (of 0s) at 2026-03-25 05:57:44 -04:00
[BDArmory.BDACompetitionMode:196581263]: RESULT:Win:{"team": "PLAID AIF-42C5B LRP", "members": ["PLAID AIF-42C5B LRP", "PLAID AIF-42C5B LRP_1"]}
[BDArmory.BDACompetitionMode:196581263]: DEADTEAMS:[{"team": "KJ-56M10_9 Tiger Heron", "members": ["KJ-56M10.9 Tiger Heron", "KJ-56M10.9 Tiger Heron_1"]}, {"team": "PLAID AIF-27 VVVV", "members": ["PLAID AIF-27 VVVV", "PLAID AIF-27 VVVV_1"]}, {"team": "AS-124 (tony flares)", "members": ["AS-124 (tony flares)", "AS-124 (tony flares)_1"]}]
[BDArmory.BDACompetitionMode:196581263]: ALIVE:PLAID AIF-42C5B LRP
[BDArmory.BDACompetitionMode:196581263]: DEAD:4:98.5:KJ-56M10.9 Tiger Heron
[BDArmory.BDACompetitionMode:196581263]: DEAD:0:85.0:KJ-56M10.9 Tiger Heron_1
[BDArmory.BDACompetitionMode:196581263]: DEAD:3:94.0:PLAID AIF-27 VVVV
[BDArmory.BDACompetitionMode:196581263]: DEAD:2:88.0:PLAID AIF-27 VVVV_1
[BDArmory.BDACompetitionMode:196581263]: DEAD:1:86.0:AS-124 (tony flares)
[BDArmory.BDACompetitionMode:196581263]: DEAD:5:106.0:AS-124 (tony flares)_1
[BDArmory.BDACompetitionMode:196581263]: DEAD:6:107.0:PLAID AIF-42C5B LRP_1
[BDArmory.BDACompetitionMode:196581263]: WHOSHOTWHOWITHGUNS:KJ-56M10.9 Tiger Heron:1:PLAID AIF-42C5B LRP_1
[BDArmory.BDACompetitionMode:196581263]: WHOSHOTWHOWITHGUNS:PLAID AIF-27 VVVV:10:KJ-56M10.9 Tiger Heron
[BDArmory.BDACompetitionMode:196581263]: WHOSHOTWHOWITHGUNS:AS-124 (tony flares)_1:4:PLAID AIF-42C5B LRP
[BDArmory.BDACompetitionMode:196581263]: WHOSHOTWHOWITHGUNS:PLAID AIF-42C5B LRP:1:AS-124 (tony flares)_1
[BDArmory.BDACompetitionMode:196581263]: WHOSHOTWHOWITHGUNS:PLAID AIF-42C5B LRP_1:7:KJ-56M10.9 Tiger Heron
[BDArmory.BDACompetitionMode:196581263]: WHODAMAGEDWHOWITHGUNS:KJ-56M10.9 Tiger Heron:553.5:PLAID AIF-42C5B LRP_1
[BDArmory.BDACompetitionMode:196581263]: WHODAMAGEDWHOWITHGUNS:PLAID AIF-27 VVVV:4733.9:KJ-56M10.9 Tiger Heron
[BDArmory.BDACompetitionMode:196581263]: WHODAMAGEDWHOWITHGUNS:AS-124 (tony flares)_1:1688.5:PLAID AIF-42C5B LRP
[BDArmory.BDACompetitionMode:196581263]: WHODAMAGEDWHOWITHGUNS:PLAID AIF-42C5B LRP:422.4:AS-124 (tony flares)_1
[BDArmory.BDACompetitionMode:196581263]: WHODAMAGEDWHOWITHGUNS:PLAID AIF-42C5B LRP_1:4173.3:KJ-56M10.9 Tiger Heron
[BDArmory.BDACompetitionMode:196581263]: WHOHITWHOWITHMISSILES:KJ-56M10.9 Tiger Heron_1:2:AS-124 (tony flares)_1
[BDArmory.BDACompetitionMode:196581263]: WHOHITWHOWITHMISSILES:PLAID AIF-27 VVVV_1:1:KJ-56M10.9 Tiger Heron_1:2:PLAID AIF-42C5B LRP
[BDArmory.BDACompetitionMode:196581263]: WHOHITWHOWITHMISSILES:AS-124 (tony flares)_1:1:PLAID AIF-42C5B LRP
[BDArmory.BDACompetitionMode:196581263]: WHOHITWHOWITHMISSILES:PLAID AIF-42C5B LRP_1:2:PLAID AIF-27 VVVV
[BDArmory.BDACompetitionMode:196581263]: WHOPARTSHITWHOWITHMISSILES:KJ-56M10.9 Tiger Heron_1:49:AS-124 (tony flares)_1
[BDArmory.BDACompetitionMode:196581263]: WHOPARTSHITWHOWITHMISSILES:PLAID AIF-27 VVVV_1:141:KJ-56M10.9 Tiger Heron_1:222:PLAID AIF-42C5B LRP
[BDArmory.BDACompetitionMode:196581263]: WHOPARTSHITWHOWITHMISSILES:AS-124 (tony flares)_1:7:PLAID AIF-42C5B LRP
[BDArmory.BDACompetitionMode:196581263]: WHOPARTSHITWHOWITHMISSILES:PLAID AIF-42C5B LRP_1:127:PLAID AIF-27 VVVV
[BDArmory.BDACompetitionMode:196581263]: WHODAMAGEDWHOWITHMISSILES:KJ-56M10.9 Tiger Heron_1:38575.3:AS-124 (tony flares)_1
[BDArmory.BDACompetitionMode:196581263]: WHODAMAGEDWHOWITHMISSILES:PLAID AIF-27 VVVV_1:51572.0:KJ-56M10.9 Tiger Heron_1:61548.3:PLAID AIF-42C5B LRP
[BDArmory.BDACompetitionMode:196581263]: WHODAMAGEDWHOWITHMISSILES:AS-124 (tony flares)_1:2138.4:PLAID AIF-42C5B LRP
[BDArmory.BDACompetitionMode:196581263]: WHODAMAGEDWHOWITHMISSILES:PLAID AIF-42C5B LRP_1:24260.6:PLAID AIF-27 VVVV
[BDArmory.BDACompetitionMode:196581263]: WHORAMMEDWHO:KJ-56M10.9 Tiger Heron:68:PLAID AIF-42C5B LRP_1
[BDArmory.BDACompetitionMode:196581263]: WHORAMMEDWHO:PLAID AIF-27 VVVV:108:KJ-56M10.9 Tiger Heron
[BDArmory.BDACompetitionMode:196581263]: WHORAMMEDWHO:PLAID AIF-42C5B LRP_1:56:KJ-56M10.9 Tiger Heron
[BDArmory.BDACompetitionMode:196581263]: WHODAMAGEDWHOWITHBATTLEDAMAGE:KJ-56M10.9 Tiger Heron:3.8:PLAID AIF-42C5B LRP_1
[BDArmory.BDACompetitionMode:196581263]: WHODAMAGEDWHOWITHBATTLEDAMAGE:KJ-56M10.9 Tiger Heron_1:20127.2:AS-124 (tony flares)_1
[BDArmory.BDACompetitionMode:196581263]: WHODAMAGEDWHOWITHBATTLEDAMAGE:PLAID AIF-27 VVVV:51.9:KJ-56M10.9 Tiger Heron:8880.6:PLAID AIF-27 VVVV
[BDArmory.BDACompetitionMode:196581263]: WHODAMAGEDWHOWITHBATTLEDAMAGE:AS-124 (tony flares)_1:0.1:PLAID AIF-42C5B LRP:3769.4:AS-124 (tony flares)_1
[BDArmory.BDACompetitionMode:196581263]: WHODAMAGEDWHOWITHBATTLEDAMAGE:PLAID AIF-42C5B LRP_1:51.6:KJ-56M10.9 Tiger Heron:5939.7:PLAID AIF-42C5B LRP_1
[BDArmory.BDACompetitionMode:196581263]: CLEANKILLRAMMING:KJ-56M10.9 Tiger Heron:PLAID AIF-42C5B LRP_1
[BDArmory.BDACompetitionMode:196581263]: CLEANKILLMISSILES:KJ-56M10.9 Tiger Heron_1:AS-124 (tony flares)_1
[BDArmory.BDACompetitionMode:196581263]: CLEANKILLGUNS:PLAID AIF-27 VVVV:KJ-56M10.9 Tiger Heron
[BDArmory.BDACompetitionMode:196581263]: HEADSHOTMISSILES:PLAID AIF-27 VVVV_1:PLAID AIF-42C5B LRP
[BDArmory.BDACompetitionMode:196581263]: CLEANKILLGUNS:AS-124 (tony flares)_1:PLAID AIF-42C5B LRP
[BDArmory.BDACompetitionMode:196581263]: HPLEFT:KJ-56M10.9 Tiger Heron:0
[BDArmory.BDACompetitionMode:196581263]: HPLEFT:KJ-56M10.9 Tiger Heron_1:0
[BDArmory.BDACompetitionMode:196581263]: HPLEFT:PLAID AIF-27 VVVV:0
[BDArmory.BDACompetitionMode:196581263]: HPLEFT:PLAID AIF-27 VVVV_1:0
[BDArmory.BDACompetitionMode:196581263]: HPLEFT:AS-124 (tony flares):0
[BDArmory.BDACompetitionMode:196581263]: HPLEFT:AS-124 (tony flares)_1:0
[BDArmory.BDACompetitionMode:196581263]: HPLEFT:PLAID AIF-42C5B LRP:100
[BDArmory.BDACompetitionMode:196581263]: HPLEFT:PLAID AIF-42C5B LRP_1:0
[BDArmory.BDACompetitionMode:196581263]: ACCURACY:KJ-56M10.9 Tiger Heron:17/281:0/0
[BDArmory.BDACompetitionMode:196581263]: ACCURACY:KJ-56M10.9 Tiger Heron_1:0/108:0/0
[BDArmory.BDACompetitionMode:196581263]: ACCURACY:PLAID AIF-27 VVVV:0/0:0/0
[BDArmory.BDACompetitionMode:196581263]: ACCURACY:PLAID AIF-27 VVVV_1:0/0:0/0
[BDArmory.BDACompetitionMode:196581263]: ACCURACY:AS-124 (tony flares):0/0:0/0
[BDArmory.BDACompetitionMode:196581263]: ACCURACY:AS-124 (tony flares)_1:1/52:0/0
[BDArmory.BDACompetitionMode:196581263]: ACCURACY:PLAID AIF-42C5B LRP:4/69:0/0
[BDArmory.BDACompetitionMode:196581263]: ACCURACY:PLAID AIF-42C5B LRP_1:1/36:0/0
