[BDArmory.BDACompetitionMode:196578926]: Dumping Results after 88s (of 0s) at 2026-03-25 05:16:58 -04:00
[BDArmory.BDACompetitionMode:196578926]: RESULT:Win:{"team": "LF-03 Avaria Mk11", "members": ["LF-03 Avaria Mk11", "LF-03 Avaria Mk11_1"]}
[BDArmory.BDACompetitionMode:196578926]: DEADTEAMS:[{"team": "PLAID AIF-42C3 LRP", "members": ["PLAID AIF-42C3 LRP", "PLAID AIF-42C3 LRP_1"]}]
[BDArmory.BDACompetitionMode:196578926]: ALIVE:LF-03 Avaria Mk11
[BDArmory.BDACompetitionMode:196578926]: ALIVE:LF-03 Avaria Mk11_1
[BDArmory.BDACompetitionMode:196578926]: DEAD:0:75.0:PLAID AIF-42C3 LRP
[BDArmory.BDACompetitionMode:196578926]: DEAD:1:82.0:PLAID AIF-42C3 LRP_1
[BDArmory.BDACompetitionMode:196578926]: WHOSHOTWHOWITHGUNS:PLAID AIF-42C3 LRP:44:LF-03 Avaria Mk11_1
[BDArmory.BDACompetitionMode:196578926]: WHOSHOTWHOWITHGUNS:PLAID AIF-42C3 LRP_1:31:LF-03 Avaria Mk11
[BDArmory.BDACompetitionMode:196578926]: WHODAMAGEDWHOWITHGUNS:PLAID AIF-42C3 LRP:6111.8:LF-03 Avaria Mk11_1
[BDArmory.BDACompetitionMode:196578926]: WHODAMAGEDWHOWITHGUNS:PLAID AIF-42C3 LRP_1:5858.3:LF-03 Avaria Mk11
[BDArmory.BDACompetitionMode:196578926]: WHOHITWHOWITHMISSILES:PLAID AIF-42C3 LRP:1:LF-03 Avaria Mk11
[BDArmory.BDACompetitionMode:196578926]: WHOHITWHOWITHMISSILES:PLAID AIF-42C3 LRP_1:1:LF-03 Avaria Mk11_1:1:LF-03 Avaria Mk11
[BDArmory.BDACompetitionMode:196578926]: WHOPARTSHITWHOWITHMISSILES:PLAID AIF-42C3 LRP:79:LF-03 Avaria Mk11
[BDArmory.BDACompetitionMode:196578926]: WHOPARTSHITWHOWITHMISSILES:PLAID AIF-42C3 LRP_1:9:LF-03 Avaria Mk11_1:9:LF-03 Avaria Mk11
[BDArmory.BDACompetitionMode:196578926]: WHODAMAGEDWHOWITHMISSILES:PLAID AIF-42C3 LRP:1816.4:LF-03 Avaria Mk11
[BDArmory.BDACompetitionMode:196578926]: WHODAMAGEDWHOWITHMISSILES:PLAID AIF-42C3 LRP_1:2041.4:LF-03 Avaria Mk11_1:24561.7:LF-03 Avaria Mk11
[BDArmory.BDACompetitionMode:196578926]: WHODAMAGEDWHOWITHBATTLEDAMAGE:PLAID AIF-42C3 LRP:28185.1:LF-03 Avaria Mk11_1:5885.4:PLAID AIF-42C3 LRP
[BDArmory.BDACompetitionMode:196578926]: WHODAMAGEDWHOWITHBATTLEDAMAGE:PLAID AIF-42C3 LRP_1:467.6:LF-03 Avaria Mk11:10689.2:PLAID AIF-42C3 LRP_1
[BDArmory.BDACompetitionMode:196578926]: WHODAMAGEDWHOWITHBATTLEDAMAGE:LF-03 Avaria Mk11_1:2486.7:LF-03 Avaria Mk11_1
[BDArmory.BDACompetitionMode:196578926]: HEADSHOTGUNS:PLAID AIF-42C3 LRP:LF-03 Avaria Mk11_1
[BDArmory.BDACompetitionMode:196578926]: HEADSHOTMISSILES:PLAID AIF-42C3 LRP_1:LF-03 Avaria Mk11
[BDArmory.BDACompetitionMode:196578926]: HPLEFT:PLAID AIF-42C3 LRP:0
[BDArmory.BDACompetitionMode:196578926]: HPLEFT:PLAID AIF-42C3 LRP_1:0
[BDArmory.BDACompetitionMode:196578926]: HPLEFT:LF-03 Avaria Mk11:100
[BDArmory.BDACompetitionMode:196578926]: HPLEFT:LF-03 Avaria Mk11_1:90
[BDArmory.BDACompetitionMode:196578926]: ACCURACY:PLAID AIF-42C3 LRP:0/10:0/0
[BDArmory.BDACompetitionMode:196578926]: ACCURACY:PLAID AIF-42C3 LRP_1:0/4:0/0
[BDArmory.BDACompetitionMode:196578926]: ACCURACY:LF-03 Avaria Mk11:31/160:0/0
[BDArmory.BDACompetitionMode:196578926]: ACCURACY:LF-03 Avaria Mk11_1:44/135:0/0
