[BDArmory.BDACompetitionMode:196580276]: Dumping Results after -9s (of 0s) at 2026-03-25 05:40:08 -04:00
[BDArmory.BDACompetitionMode:196580276]: RESULT:Win:{"team": "PLAID AIF-42C5B LRP", "members": ["PLAID AIF-42C5B LRP", "PLAID AIF-42C5B LRP_1"]}
[BDArmory.BDACompetitionMode:196580276]: DEADTEAMS:[{"team": "AS-124 (tony flares)", "members": ["AS-124 (tony flares)", "AS-124 (tony flares)_1"]}]
[BDArmory.BDACompetitionMode:196580276]: MIA:PLAID AIF-42C5B LRP
[BDArmory.BDACompetitionMode:196580276]: MIA:PLAID AIF-42C5B LRP_1
[BDArmory.BDACompetitionMode:196580276]: DEAD:1:113.0:AS-124 (tony flares)
[BDArmory.BDACompetitionMode:196580276]: DEAD:0:77.0:AS-124 (tony flares)_1
[BDArmory.BDACompetitionMode:196580276]: WHOSHOTWHOWITHGUNS:PLAID AIF-42C5B LRP_1:2:AS-124 (tony flares)
[BDArmory.BDACompetitionMode:196580276]: WHOSHOTWHOWITHGUNS:AS-124 (tony flares)_1:5:PLAID AIF-42C5B LRP
[BDArmory.BDACompetitionMode:196580276]: WHODAMAGEDWHOWITHGUNS:PLAID AIF-42C5B LRP_1:952.0:AS-124 (tony flares)
[BDArmory.BDACompetitionMode:196580276]: WHODAMAGEDWHOWITHGUNS:AS-124 (tony flares)_1:1416.1:PLAID AIF-42C5B LRP
[BDArmory.BDACompetitionMode:196580276]: WHOHITWHOWITHMISSILES:PLAID AIF-42C5B LRP_1:1:AS-124 (tony flares)_1:1:AS-124 (tony flares)
[BDArmory.BDACompetitionMode:196580276]: WHOHITWHOWITHMISSILES:AS-124 (tony flares):1:PLAID AIF-42C5B LRP
[BDArmory.BDACompetitionMode:196580276]: WHOHITWHOWITHMISSILES:AS-124 (tony flares)_1:3:PLAID AIF-42C5B LRP
[BDArmory.BDACompetitionMode:196580276]: WHOPARTSHITWHOWITHMISSILES:PLAID AIF-42C5B LRP_1:77:AS-124 (tony flares)_1:64:AS-124 (tony flares)
[BDArmory.BDACompetitionMode:196580276]: WHOPARTSHITWHOWITHMISSILES:AS-124 (tony flares):64:PLAID AIF-42C5B LRP
[BDArmory.BDACompetitionMode:196580276]: WHOPARTSHITWHOWITHMISSILES:AS-124 (tony flares)_1:170:PLAID AIF-42C5B LRP
[BDArmory.BDACompetitionMode:196580276]: WHODAMAGEDWHOWITHMISSILES:PLAID AIF-42C5B LRP_1:13700.7:AS-124 (tony flares)_1:13899.1:AS-124 (tony flares)
[BDArmory.BDACompetitionMode:196580276]: WHODAMAGEDWHOWITHMISSILES:AS-124 (tony flares):24987.5:PLAID AIF-42C5B LRP
[BDArmory.BDACompetitionMode:196580276]: WHODAMAGEDWHOWITHMISSILES:AS-124 (tony flares)_1:781.0:PLAID AIF-42C5B LRP
[BDArmory.BDACompetitionMode:196580276]: WHODAMAGEDWHOWITHBATTLEDAMAGE:PLAID AIF-42C5B LRP_1:142.8:AS-124 (tony flares)
[BDArmory.BDACompetitionMode:196580276]: WHODAMAGEDWHOWITHBATTLEDAMAGE:AS-124 (tony flares)_1:0.4:PLAID AIF-42C5B LRP
[BDArmory.BDACompetitionMode:196580276]: CLEANKILLMISSILES:AS-124 (tony flares):PLAID AIF-42C5B LRP
[BDArmory.BDACompetitionMode:196580276]: CLEANKILLGUNS:AS-124 (tony flares)_1:PLAID AIF-42C5B LRP
[BDArmory.BDACompetitionMode:196580276]: HPLEFT:PLAID AIF-42C5B LRP:87.8048780487805
[BDArmory.BDACompetitionMode:196580276]: HPLEFT:PLAID AIF-42C5B LRP_1:74.390243902439
[BDArmory.BDACompetitionMode:196580276]: HPLEFT:AS-124 (tony flares):0
[BDArmory.BDACompetitionMode:196580276]: HPLEFT:AS-124 (tony flares)_1:0
[BDArmory.BDACompetitionMode:196580276]: ACCURACY:PLAID AIF-42C5B LRP:5/107:0/0
[BDArmory.BDACompetitionMode:196580276]: ACCURACY:PLAID AIF-42C5B LRP_1:0/0:0/0
[BDArmory.BDACompetitionMode:196580276]: ACCURACY:AS-124 (tony flares):2/94:0/0
[BDArmory.BDACompetitionMode:196580276]: ACCURACY:AS-124 (tony flares)_1:0/0:0/0
