[BDArmory.BDACompetitionMode:196579158]: Dumping Results after 102s (of 0s) at 2026-03-25 05:21:05 -04:00
[BDArmory.BDACompetitionMode:196579158]: RESULT:Win:{"team": "LF-03 Avaria Mk11", "members": ["LF-03 Avaria Mk11", "LF-03 Avaria Mk11_1"]}
[BDArmory.BDACompetitionMode:196579158]: DEADTEAMS:[{"team": "PLAID AIF-42C3R LRP", "members": ["PLAID AIF-42C3R LRP", "PLAID AIF-42C3R LRP_1"]}]
[BDArmory.BDACompetitionMode:196579158]: ALIVE:LF-03 Avaria Mk11
[BDArmory.BDACompetitionMode:196579158]: ALIVE:LF-03 Avaria Mk11_1
[BDArmory.BDACompetitionMode:196579158]: DEAD:0:88.0:PLAID AIF-42C3R LRP
[BDArmory.BDACompetitionMode:196579158]: DEAD:1:100.0:PLAID AIF-42C3R LRP_1
[BDArmory.BDACompetitionMode:196579158]: WHOSHOTWHOWITHGUNS:LF-03 Avaria Mk11_1:1:PLAID AIF-42C3R LRP
[BDArmory.BDACompetitionMode:196579158]: WHOSHOTWHOWITHGUNS:PLAID AIF-42C3R LRP:52:LF-03 Avaria Mk11_1:6:LF-03 Avaria Mk11
[BDArmory.BDACompetitionMode:196579158]: WHOSHOTWHOWITHGUNS:PLAID AIF-42C3R LRP_1:12:LF-03 Avaria Mk11
[BDArmory.BDACompetitionMode:196579158]: WHODAMAGEDWHOWITHGUNS:LF-03 Avaria Mk11_1:253.0:PLAID AIF-42C3R LRP
[BDArmory.BDACompetitionMode:196579158]: WHODAMAGEDWHOWITHGUNS:PLAID AIF-42C3R LRP:8574.3:LF-03 Avaria Mk11_1:241.6:LF-03 Avaria Mk11
[BDArmory.BDACompetitionMode:196579158]: WHODAMAGEDWHOWITHGUNS:PLAID AIF-42C3R LRP_1:4833.7:LF-03 Avaria Mk11
[BDArmory.BDACompetitionMode:196579158]: WHOHITWHOWITHMISSILES:PLAID AIF-42C3R LRP:1:LF-03 Avaria Mk11_1
[BDArmory.BDACompetitionMode:196579158]: WHOHITWHOWITHMISSILES:PLAID AIF-42C3R LRP_1:1:LF-03 Avaria Mk11:1:LF-03 Avaria Mk11_1
[BDArmory.BDACompetitionMode:196579158]: WHOPARTSHITWHOWITHMISSILES:PLAID AIF-42C3R LRP:59:LF-03 Avaria Mk11_1
[BDArmory.BDACompetitionMode:196579158]: WHOPARTSHITWHOWITHMISSILES:PLAID AIF-42C3R LRP_1:81:LF-03 Avaria Mk11:11:LF-03 Avaria Mk11_1
[BDArmory.BDACompetitionMode:196579158]: WHODAMAGEDWHOWITHMISSILES:PLAID AIF-42C3R LRP:65629.6:LF-03 Avaria Mk11_1
[BDArmory.BDACompetitionMode:196579158]: WHODAMAGEDWHOWITHMISSILES:PLAID AIF-42C3R LRP_1:2852.9:LF-03 Avaria Mk11_1
[BDArmory.BDACompetitionMode:196579158]: WHODAMAGEDWHOWITHBATTLEDAMAGE:LF-03 Avaria Mk11_1:50.1:PLAID AIF-42C3R LRP
[BDArmory.BDACompetitionMode:196579158]: WHODAMAGEDWHOWITHBATTLEDAMAGE:PLAID AIF-42C3R LRP:297.5:LF-03 Avaria Mk11_1:3.8:LF-03 Avaria Mk11
[BDArmory.BDACompetitionMode:196579158]: WHODAMAGEDWHOWITHBATTLEDAMAGE:PLAID AIF-42C3R LRP_1:22.6:LF-03 Avaria Mk11:9253.2:PLAID AIF-42C3R LRP_1
[BDArmory.BDACompetitionMode:196579158]: GMKILL:PLAID AIF-42C3R LRP_1:LandedTooLong
[BDArmory.BDACompetitionMode:196579158]: KILLSTEALMISSILES:PLAID AIF-42C3R LRP:LF-03 Avaria Mk11_1
[BDArmory.BDACompetitionMode:196579158]: HPLEFT:LF-03 Avaria Mk11:100
[BDArmory.BDACompetitionMode:196579158]: HPLEFT:LF-03 Avaria Mk11_1:100
[BDArmory.BDACompetitionMode:196579158]: HPLEFT:PLAID AIF-42C3R LRP:0
[BDArmory.BDACompetitionMode:196579158]: HPLEFT:PLAID AIF-42C3R LRP_1:0
[BDArmory.BDACompetitionMode:196579158]: ACCURACY:LF-03 Avaria Mk11:18/223:0/0
[BDArmory.BDACompetitionMode:196579158]: ACCURACY:LF-03 Avaria Mk11_1:52/122:0/0
[BDArmory.BDACompetitionMode:196579158]: ACCURACY:PLAID AIF-42C3R LRP:1/86:0/0
[BDArmory.BDACompetitionMode:196579158]: ACCURACY:PLAID AIF-42C3R LRP_1:0/0:0/0
