[BDArmory.BDACompetitionMode:196580771]: Dumping Results after 86s (of 0s) at 2026-03-25 05:48:54 -04:00
[BDArmory.BDACompetitionMode:196580771]: RESULT:Win:{"team": "PLAID AIF-27 VVVV", "members": ["PLAID AIF-27 VVVV", "PLAID AIF-27 VVVV_1", "PLAID AIF-27 VVVV_2", "PLAID AIF-27 VVVV_3"]}
[BDArmory.BDACompetitionMode:196580771]: DEADTEAMS:[{"team": "AS-124 (tony flares)", "members": ["AS-124 (tony flares)", "AS-124 (tony flares)_1", "AS-124 (tony flares)_2", "AS-124 (tony flares)_3"]}]
[BDArmory.BDACompetitionMode:196580771]: ALIVE:PLAID AIF-27 VVVV
[BDArmory.BDACompetitionMode:196580771]: ALIVE:PLAID AIF-27 VVVV_1
[BDArmory.BDACompetitionMode:196580771]: ALIVE:PLAID AIF-27 VVVV_2
[BDArmory.BDACompetitionMode:196580771]: ALIVE:PLAID AIF-27 VVVV_3
[BDArmory.BDACompetitionMode:196580771]: DEAD:1:72.0:AS-124 (tony flares)
[BDArmory.BDACompetitionMode:196580771]: DEAD:0:64.0:AS-124 (tony flares)_1
[BDArmory.BDACompetitionMode:196580771]: DEAD:2:74.0:AS-124 (tony flares)_2
[BDArmory.BDACompetitionMode:196580771]: DEAD:3:75.0:AS-124 (tony flares)_3
[BDArmory.BDACompetitionMode:196580771]: WHOSHOTWHOWITHGUNS:AS-124 (tony flares):8:PLAID AIF-27 VVVV_2
[BDArmory.BDACompetitionMode:196580771]: WHOSHOTWHOWITHGUNS:AS-124 (tony flares)_2:7:PLAID AIF-27 VVVV_3
[BDArmory.BDACompetitionMode:196580771]: WHOSHOTWHOWITHGUNS:AS-124 (tony flares)_3:2:PLAID AIF-27 VVVV
[BDArmory.BDACompetitionMode:196580771]: WHODAMAGEDWHOWITHGUNS:AS-124 (tony flares):1744.1:PLAID AIF-27 VVVV_2
[BDArmory.BDACompetitionMode:196580771]: WHODAMAGEDWHOWITHGUNS:AS-124 (tony flares)_2:2097.6:PLAID AIF-27 VVVV_3
[BDArmory.BDACompetitionMode:196580771]: WHODAMAGEDWHOWITHGUNS:AS-124 (tony flares)_3:200.2:PLAID AIF-27 VVVV
[BDArmory.BDACompetitionMode:196580771]: WHOHITWHOWITHMISSILES:AS-124 (tony flares):1:PLAID AIF-27 VVVV_2
[BDArmory.BDACompetitionMode:196580771]: WHOHITWHOWITHMISSILES:AS-124 (tony flares)_1:1:PLAID AIF-27 VVVV_3
[BDArmory.BDACompetitionMode:196580771]: WHOHITWHOWITHMISSILES:AS-124 (tony flares)_3:1:PLAID AIF-27 VVVV_1
[BDArmory.BDACompetitionMode:196580771]: WHOHITWHOWITHMISSILES:PLAID AIF-27 VVVV_1:1:AS-124 (tony flares)_1:1:AS-124 (tony flares)_3
[BDArmory.BDACompetitionMode:196580771]: WHOPARTSHITWHOWITHMISSILES:AS-124 (tony flares):54:PLAID AIF-27 VVVV_2
[BDArmory.BDACompetitionMode:196580771]: WHOPARTSHITWHOWITHMISSILES:AS-124 (tony flares)_1:66:PLAID AIF-27 VVVV_3
[BDArmory.BDACompetitionMode:196580771]: WHOPARTSHITWHOWITHMISSILES:AS-124 (tony flares)_3:59:PLAID AIF-27 VVVV_1
[BDArmory.BDACompetitionMode:196580771]: WHOPARTSHITWHOWITHMISSILES:PLAID AIF-27 VVVV_1:144:AS-124 (tony flares)_1:137:AS-124 (tony flares)_3
[BDArmory.BDACompetitionMode:196580771]: WHODAMAGEDWHOWITHMISSILES:AS-124 (tony flares):7098.1:PLAID AIF-27 VVVV_2
[BDArmory.BDACompetitionMode:196580771]: WHODAMAGEDWHOWITHMISSILES:AS-124 (tony flares)_1:76246.4:PLAID AIF-27 VVVV_3
[BDArmory.BDACompetitionMode:196580771]: WHODAMAGEDWHOWITHMISSILES:AS-124 (tony flares)_3:6419.7:PLAID AIF-27 VVVV_1
[BDArmory.BDACompetitionMode:196580771]: WHODAMAGEDWHOWITHMISSILES:PLAID AIF-27 VVVV_1:26756.3:AS-124 (tony flares)_1
[BDArmory.BDACompetitionMode:196580771]: WHODAMAGEDWHOWITHBATTLEDAMAGE:AS-124 (tony flares):1.8:PLAID AIF-27 VVVV_2:3978.7:AS-124 (tony flares)
[BDArmory.BDACompetitionMode:196580771]: WHODAMAGEDWHOWITHBATTLEDAMAGE:AS-124 (tony flares)_2:11038.9:AS-124 (tony flares)_2:0.1:PLAID AIF-27 VVVV_3
[BDArmory.BDACompetitionMode:196580771]: WHODAMAGEDWHOWITHBATTLEDAMAGE:AS-124 (tony flares)_3:0.1:PLAID AIF-27 VVVV_1:0.1:PLAID AIF-27 VVVV
[BDArmory.BDACompetitionMode:196580771]: WHODAMAGEDWHOWITHBATTLEDAMAGE:PLAID AIF-27 VVVV_1:0.1:AS-124 (tony flares)_1
[BDArmory.BDACompetitionMode:196580771]: CLEANKILLGUNS:AS-124 (tony flares):PLAID AIF-27 VVVV_2
[BDArmory.BDACompetitionMode:196580771]: CLEANKILLMISSILES:AS-124 (tony flares)_1:PLAID AIF-27 VVVV_3
[BDArmory.BDACompetitionMode:196580771]: CLEANKILLGUNS:AS-124 (tony flares)_2:PLAID AIF-27 VVVV_3
[BDArmory.BDACompetitionMode:196580771]: KILLSTEALGUNS:AS-124 (tony flares)_3:PLAID AIF-27 VVVV
[BDArmory.BDACompetitionMode:196580771]: HPLEFT:AS-124 (tony flares):0
[BDArmory.BDACompetitionMode:196580771]: HPLEFT:AS-124 (tony flares)_1:0
[BDArmory.BDACompetitionMode:196580771]: HPLEFT:AS-124 (tony flares)_2:0
[BDArmory.BDACompetitionMode:196580771]: HPLEFT:AS-124 (tony flares)_3:0
[BDArmory.BDACompetitionMode:196580771]: HPLEFT:PLAID AIF-27 VVVV:100
[BDArmory.BDACompetitionMode:196580771]: HPLEFT:PLAID AIF-27 VVVV_1:81.7610062893082
[BDArmory.BDACompetitionMode:196580771]: HPLEFT:PLAID AIF-27 VVVV_2:100
[BDArmory.BDACompetitionMode:196580771]: HPLEFT:PLAID AIF-27 VVVV_3:100
[BDArmory.BDACompetitionMode:196580771]: ACCURACY:AS-124 (tony flares):0/0:0/0
[BDArmory.BDACompetitionMode:196580771]: ACCURACY:AS-124 (tony flares)_1:0/0:0/0
[BDArmory.BDACompetitionMode:196580771]: ACCURACY:AS-124 (tony flares)_2:0/6:0/0
[BDArmory.BDACompetitionMode:196580771]: ACCURACY:AS-124 (tony flares)_3:0/0:0/0
[BDArmory.BDACompetitionMode:196580771]: ACCURACY:PLAID AIF-27 VVVV:2/126:0/0
[BDArmory.BDACompetitionMode:196580771]: ACCURACY:PLAID AIF-27 VVVV_1:0/0:0/0
[BDArmory.BDACompetitionMode:196580771]: ACCURACY:PLAID AIF-27 VVVV_2:8/76:0/0
[BDArmory.BDACompetitionMode:196580771]: ACCURACY:PLAID AIF-27 VVVV_3:7/85:0/0
