[BDArmory.BDACompetitionMode:196828448]: Dumping Results after -383s (of 0s) at 2026-03-28 02:36:44 -04:00
[BDArmory.BDACompetitionMode:196828448]: RESULT:Mutual Annihilation
[BDArmory.BDACompetitionMode:196828448]: DEADTEAMS:[{"team": "LF-03 Avaria Mk11", "members": ["LF-03 Avaria Mk11", "LF-03 Avaria Mk11_1", "LF-03 Avaria Mk11_2", "LF-03 Avaria Mk11_3", "LF-03 Avaria Mk11_4"]}, {"team": "PLAID AIF-42C5B LRP", "members": ["PLAID AIF-42C5B LRP", "PLAID AIF-42C5B LRP_1", "PLAID AIF-42C5B LRP_2", "PLAID AIF-42C5B LRP_3", "PLAID AIF-42C5B LRP_4"]}]
[BDArmory.BDACompetitionMode:196828448]: MIA:LF-03 Avaria Mk11
[BDArmory.BDACompetitionMode:196828448]: DEAD:0:64.0:LF-03 Avaria Mk11_1
[BDArmory.BDACompetitionMode:196828448]: MIA:LF-03 Avaria Mk11_2
[BDArmory.BDACompetitionMode:196828448]: DEAD:1:74.0:LF-03 Avaria Mk11_3
[BDArmory.BDACompetitionMode:196828448]: DEAD:3:80.0:LF-03 Avaria Mk11_4
[BDArmory.BDACompetitionMode:196828448]: DEAD:5:94.0:PLAID AIF-42C5B LRP
[BDArmory.BDACompetitionMode:196828448]: MIA:PLAID AIF-42C5B LRP_1
[BDArmory.BDACompetitionMode:196828448]: MIA:PLAID AIF-42C5B LRP_2
[BDArmory.BDACompetitionMode:196828448]: DEAD:4:89.0:PLAID AIF-42C5B LRP_3
[BDArmory.BDACompetitionMode:196828448]: DEAD:2:79.0:PLAID AIF-42C5B LRP_4
[BDArmory.BDACompetitionMode:196828448]: WHOSHOTWHOWITHGUNS:LF-03 Avaria Mk11:3:PLAID AIF-42C5B LRP_4
[BDArmory.BDACompetitionMode:196828448]: WHOSHOTWHOWITHGUNS:LF-03 Avaria Mk11_2:1:PLAID AIF-42C5B LRP
[BDArmory.BDACompetitionMode:196828448]: WHOSHOTWHOWITHGUNS:LF-03 Avaria Mk11_4:4:PLAID AIF-42C5B LRP
[BDArmory.BDACompetitionMode:196828448]: WHOSHOTWHOWITHGUNS:PLAID AIF-42C5B LRP:28:LF-03 Avaria Mk11_2
[BDArmory.BDACompetitionMode:196828448]: WHOSHOTWHOWITHGUNS:PLAID AIF-42C5B LRP_2:2:LF-03 Avaria Mk11_4:30:LF-03 Avaria Mk11_2
[BDArmory.BDACompetitionMode:196828448]: WHODAMAGEDWHOWITHGUNS:LF-03 Avaria Mk11:1283.4:PLAID AIF-42C5B LRP_4
[BDArmory.BDACompetitionMode:196828448]: WHODAMAGEDWHOWITHGUNS:LF-03 Avaria Mk11_2:264.6:PLAID AIF-42C5B LRP
[BDArmory.BDACompetitionMode:196828448]: WHODAMAGEDWHOWITHGUNS:LF-03 Avaria Mk11_4:721.7:PLAID AIF-42C5B LRP
[BDArmory.BDACompetitionMode:196828448]: WHODAMAGEDWHOWITHGUNS:PLAID AIF-42C5B LRP:6211.3:LF-03 Avaria Mk11_2
[BDArmory.BDACompetitionMode:196828448]: WHODAMAGEDWHOWITHGUNS:PLAID AIF-42C5B LRP_2:538.2:LF-03 Avaria Mk11_4:5091.5:LF-03 Avaria Mk11_2
[BDArmory.BDACompetitionMode:196828448]: WHOHITWHOWITHMISSILES:LF-03 Avaria Mk11:2:PLAID AIF-42C5B LRP_4
[BDArmory.BDACompetitionMode:196828448]: WHOHITWHOWITHMISSILES:LF-03 Avaria Mk11_1:1:PLAID AIF-42C5B LRP_2:1:PLAID AIF-42C5B LRP_3
[BDArmory.BDACompetitionMode:196828448]: WHOHITWHOWITHMISSILES:LF-03 Avaria Mk11_2:1:PLAID AIF-42C5B LRP_4
[BDArmory.BDACompetitionMode:196828448]: WHOHITWHOWITHMISSILES:LF-03 Avaria Mk11_3:1:PLAID AIF-42C5B LRP_1:1:PLAID AIF-42C5B LRP
[BDArmory.BDACompetitionMode:196828448]: WHOHITWHOWITHMISSILES:LF-03 Avaria Mk11_4:1:PLAID AIF-42C5B LRP_2
[BDArmory.BDACompetitionMode:196828448]: WHOHITWHOWITHMISSILES:PLAID AIF-42C5B LRP:1:LF-03 Avaria Mk11:1:LF-03 Avaria Mk11_2
[BDArmory.BDACompetitionMode:196828448]: WHOHITWHOWITHMISSILES:PLAID AIF-42C5B LRP_1:1:LF-03 Avaria Mk11_2
[BDArmory.BDACompetitionMode:196828448]: WHOHITWHOWITHMISSILES:PLAID AIF-42C5B LRP_3:1:LF-03 Avaria Mk11:2:LF-03 Avaria Mk11_4
[BDArmory.BDACompetitionMode:196828448]: WHOPARTSHITWHOWITHMISSILES:LF-03 Avaria Mk11:100:PLAID AIF-42C5B LRP_4
[BDArmory.BDACompetitionMode:196828448]: WHOPARTSHITWHOWITHMISSILES:LF-03 Avaria Mk11_1:50:PLAID AIF-42C5B LRP_2:48:PLAID AIF-42C5B LRP_3
[BDArmory.BDACompetitionMode:196828448]: WHOPARTSHITWHOWITHMISSILES:LF-03 Avaria Mk11_2:51:PLAID AIF-42C5B LRP_4
[BDArmory.BDACompetitionMode:196828448]: WHOPARTSHITWHOWITHMISSILES:LF-03 Avaria Mk11_3:49:PLAID AIF-42C5B LRP_1:33:PLAID AIF-42C5B LRP
[BDArmory.BDACompetitionMode:196828448]: WHOPARTSHITWHOWITHMISSILES:LF-03 Avaria Mk11_4:43:PLAID AIF-42C5B LRP_2
[BDArmory.BDACompetitionMode:196828448]: WHOPARTSHITWHOWITHMISSILES:PLAID AIF-42C5B LRP:65:LF-03 Avaria Mk11:48:LF-03 Avaria Mk11_2
[BDArmory.BDACompetitionMode:196828448]: WHOPARTSHITWHOWITHMISSILES:PLAID AIF-42C5B LRP_1:71:LF-03 Avaria Mk11_2
[BDArmory.BDACompetitionMode:196828448]: WHOPARTSHITWHOWITHMISSILES:PLAID AIF-42C5B LRP_3:72:LF-03 Avaria Mk11:138:LF-03 Avaria Mk11_4
[BDArmory.BDACompetitionMode:196828448]: WHODAMAGEDWHOWITHMISSILES:LF-03 Avaria Mk11:21820.1:PLAID AIF-42C5B LRP_4
[BDArmory.BDACompetitionMode:196828448]: WHODAMAGEDWHOWITHMISSILES:LF-03 Avaria Mk11_1:12498.9:PLAID AIF-42C5B LRP_3
[BDArmory.BDACompetitionMode:196828448]: WHODAMAGEDWHOWITHMISSILES:LF-03 Avaria Mk11_3:9931.5:PLAID AIF-42C5B LRP_1:8238.5:PLAID AIF-42C5B LRP
[BDArmory.BDACompetitionMode:196828448]: WHODAMAGEDWHOWITHMISSILES:LF-03 Avaria Mk11_4:56319.2:PLAID AIF-42C5B LRP_2
[BDArmory.BDACompetitionMode:196828448]: WHODAMAGEDWHOWITHMISSILES:PLAID AIF-42C5B LRP:9788.4:LF-03 Avaria Mk11:15792.3:LF-03 Avaria Mk11_2
[BDArmory.BDACompetitionMode:196828448]: WHODAMAGEDWHOWITHMISSILES:PLAID AIF-42C5B LRP_1:22278.9:LF-03 Avaria Mk11_2
[BDArmory.BDACompetitionMode:196828448]: WHODAMAGEDWHOWITHMISSILES:PLAID AIF-42C5B LRP_3:74966.9:LF-03 Avaria Mk11_4
[BDArmory.BDACompetitionMode:196828448]: WHORAMMEDWHO:LF-03 Avaria Mk11:4:PLAID AIF-42C5B LRP
[BDArmory.BDACompetitionMode:196828448]: WHODAMAGEDWHOWITHBATTLEDAMAGE:LF-03 Avaria Mk11_4:0.3:PLAID AIF-42C5B LRP:20857.2:PLAID AIF-42C5B LRP_2
[BDArmory.BDACompetitionMode:196828448]: WHODAMAGEDWHOWITHBATTLEDAMAGE:PLAID AIF-42C5B LRP:394.2:LF-03 Avaria Mk11_2:15387.4:PLAID AIF-42C5B LRP
[BDArmory.BDACompetitionMode:196828448]: WHODAMAGEDWHOWITHBATTLEDAMAGE:PLAID AIF-42C5B LRP_2:250.4:LF-03 Avaria Mk11_4:312.0:LF-03 Avaria Mk11_2:5261.9:PLAID AIF-42C5B LRP_2
[BDArmory.BDACompetitionMode:196828448]: KILLSTEALGUNS:LF-03 Avaria Mk11_4:PLAID AIF-42C5B LRP
[BDArmory.BDACompetitionMode:196828448]: KILLSTEALGUNS:PLAID AIF-42C5B LRP:LF-03 Avaria Mk11_2
[BDArmory.BDACompetitionMode:196828448]: HPLEFT:LF-03 Avaria Mk11:0
[BDArmory.BDACompetitionMode:196828448]: HPLEFT:LF-03 Avaria Mk11_1:0
[BDArmory.BDACompetitionMode:196828448]: HPLEFT:LF-03 Avaria Mk11_2:0
[BDArmory.BDACompetitionMode:196828448]: HPLEFT:LF-03 Avaria Mk11_3:0
[BDArmory.BDACompetitionMode:196828448]: HPLEFT:LF-03 Avaria Mk11_4:0
[BDArmory.BDACompetitionMode:196828448]: HPLEFT:PLAID AIF-42C5B LRP:0
[BDArmory.BDACompetitionMode:196828448]: HPLEFT:PLAID AIF-42C5B LRP_1:0
[BDArmory.BDACompetitionMode:196828448]: HPLEFT:PLAID AIF-42C5B LRP_2:0
[BDArmory.BDACompetitionMode:196828448]: HPLEFT:PLAID AIF-42C5B LRP_3:0
[BDArmory.BDACompetitionMode:196828448]: HPLEFT:PLAID AIF-42C5B LRP_4:0
[BDArmory.BDACompetitionMode:196828448]: ACCURACY:LF-03 Avaria Mk11:0/17:0/0
[BDArmory.BDACompetitionMode:196828448]: ACCURACY:LF-03 Avaria Mk11_1:0/0:0/0
[BDArmory.BDACompetitionMode:196828448]: ACCURACY:LF-03 Avaria Mk11_2:58/241:0/0
[BDArmory.BDACompetitionMode:196828448]: ACCURACY:LF-03 Avaria Mk11_3:0/0:0/0
[BDArmory.BDACompetitionMode:196828448]: ACCURACY:LF-03 Avaria Mk11_4:2/40:0/0
[BDArmory.BDACompetitionMode:196828448]: ACCURACY:PLAID AIF-42C5B LRP:5/64:0/0
[BDArmory.BDACompetitionMode:196828448]: ACCURACY:PLAID AIF-42C5B LRP_1:0/0:0/0
[BDArmory.BDACompetitionMode:196828448]: ACCURACY:PLAID AIF-42C5B LRP_2:0/86:0/0
[BDArmory.BDACompetitionMode:196828448]: ACCURACY:PLAID AIF-42C5B LRP_3:0/0:0/0
[BDArmory.BDACompetitionMode:196828448]: ACCURACY:PLAID AIF-42C5B LRP_4:3/16:0/0
