[BDArmory.BDACompetitionMode:196828277]: Dumping Results after 122s (of 0s) at 2026-03-28 02:33:36 -04:00
[BDArmory.BDACompetitionMode:196828277]: RESULT:Win:{"team": "PLAID AIF-42C5B LRP", "members": ["PLAID AIF-42C5B LRP", "PLAID AIF-42C5B LRP_1", "PLAID AIF-42C5B LRP_2"]}
[BDArmory.BDACompetitionMode:196828277]: DEADTEAMS:[{"team": "LF-03 Avaria Mk11", "members": ["LF-03 Avaria Mk11", "LF-03 Avaria Mk11_1", "LF-03 Avaria Mk11_2"]}]
[BDArmory.BDACompetitionMode:196828277]: ALIVE:PLAID AIF-42C5B LRP
[BDArmory.BDACompetitionMode:196828277]: ALIVE:PLAID AIF-42C5B LRP_1
[BDArmory.BDACompetitionMode:196828277]: MIA:PLAID AIF-42C5B LRP_2
[BDArmory.BDACompetitionMode:196828277]: DEAD:2:111.0:LF-03 Avaria Mk11
[BDArmory.BDACompetitionMode:196828277]: DEAD:0:62.0:LF-03 Avaria Mk11_1
[BDArmory.BDACompetitionMode:196828277]: DEAD:1:94.0:LF-03 Avaria Mk11_2
[BDArmory.BDACompetitionMode:196828277]: WHOSHOTWHOWITHGUNS:PLAID AIF-42C5B LRP:8:LF-03 Avaria Mk11
[BDArmory.BDACompetitionMode:196828277]: WHOSHOTWHOWITHGUNS:PLAID AIF-42C5B LRP_1:40:LF-03 Avaria Mk11_2
[BDArmory.BDACompetitionMode:196828277]: WHOSHOTWHOWITHGUNS:PLAID AIF-42C5B LRP_2:3:LF-03 Avaria Mk11_2
[BDArmory.BDACompetitionMode:196828277]: WHOSHOTWHOWITHGUNS:LF-03 Avaria Mk11:20:PLAID AIF-42C5B LRP_1:7:PLAID AIF-42C5B LRP
[BDArmory.BDACompetitionMode:196828277]: WHOSHOTWHOWITHGUNS:LF-03 Avaria Mk11_2:15:PLAID AIF-42C5B LRP
[BDArmory.BDACompetitionMode:196828277]: WHODAMAGEDWHOWITHGUNS:PLAID AIF-42C5B LRP:2355.1:LF-03 Avaria Mk11
[BDArmory.BDACompetitionMode:196828277]: WHODAMAGEDWHOWITHGUNS:PLAID AIF-42C5B LRP_1:4730.7:LF-03 Avaria Mk11_2
[BDArmory.BDACompetitionMode:196828277]: WHODAMAGEDWHOWITHGUNS:PLAID AIF-42C5B LRP_2:169.7:LF-03 Avaria Mk11_2
[BDArmory.BDACompetitionMode:196828277]: WHODAMAGEDWHOWITHGUNS:LF-03 Avaria Mk11:5160.7:PLAID AIF-42C5B LRP_1:2930.3:PLAID AIF-42C5B LRP
[BDArmory.BDACompetitionMode:196828277]: WHODAMAGEDWHOWITHGUNS:LF-03 Avaria Mk11_2:3475.4:PLAID AIF-42C5B LRP
[BDArmory.BDACompetitionMode:196828277]: WHOHITWHOWITHMISSILES:PLAID AIF-42C5B LRP_2:2:LF-03 Avaria Mk11_2:1:LF-03 Avaria Mk11
[BDArmory.BDACompetitionMode:196828277]: WHOHITWHOWITHMISSILES:LF-03 Avaria Mk11:1:PLAID AIF-42C5B LRP_1
[BDArmory.BDACompetitionMode:196828277]: WHOHITWHOWITHMISSILES:LF-03 Avaria Mk11_1:3:PLAID AIF-42C5B LRP_1:3:PLAID AIF-42C5B LRP
[BDArmory.BDACompetitionMode:196828277]: WHOPARTSHITWHOWITHMISSILES:PLAID AIF-42C5B LRP_2:141:LF-03 Avaria Mk11_2:7:LF-03 Avaria Mk11
[BDArmory.BDACompetitionMode:196828277]: WHOPARTSHITWHOWITHMISSILES:LF-03 Avaria Mk11:41:PLAID AIF-42C5B LRP_1
[BDArmory.BDACompetitionMode:196828277]: WHOPARTSHITWHOWITHMISSILES:LF-03 Avaria Mk11_1:114:PLAID AIF-42C5B LRP_1:101:PLAID AIF-42C5B LRP
[BDArmory.BDACompetitionMode:196828277]: WHODAMAGEDWHOWITHMISSILES:PLAID AIF-42C5B LRP_2:60104.0:LF-03 Avaria Mk11_2:1263.9:LF-03 Avaria Mk11
[BDArmory.BDACompetitionMode:196828277]: WHODAMAGEDWHOWITHMISSILES:LF-03 Avaria Mk11:700.0:PLAID AIF-42C5B LRP_1
[BDArmory.BDACompetitionMode:196828277]: WHODAMAGEDWHOWITHMISSILES:LF-03 Avaria Mk11_1:15674.9:PLAID AIF-42C5B LRP_1:22181.0:PLAID AIF-42C5B LRP
[BDArmory.BDACompetitionMode:196828277]: WHODAMAGEDWHOWITHBATTLEDAMAGE:PLAID AIF-42C5B LRP:253.8:LF-03 Avaria Mk11
[BDArmory.BDACompetitionMode:196828277]: WHODAMAGEDWHOWITHBATTLEDAMAGE:PLAID AIF-42C5B LRP_1:211.8:LF-03 Avaria Mk11_2
[BDArmory.BDACompetitionMode:196828277]: WHODAMAGEDWHOWITHBATTLEDAMAGE:LF-03 Avaria Mk11:166.8:PLAID AIF-42C5B LRP_1:17.6:PLAID AIF-42C5B LRP:197.5:LF-03 Avaria Mk11
[BDArmory.BDACompetitionMode:196828277]: WHODAMAGEDWHOWITHBATTLEDAMAGE:LF-03 Avaria Mk11_2:194.3:PLAID AIF-42C5B LRP:24719.8:LF-03 Avaria Mk11_2
[BDArmory.BDACompetitionMode:196828277]: KILLSTEALMISSILES:LF-03 Avaria Mk11_1:PLAID AIF-42C5B LRP
[BDArmory.BDACompetitionMode:196828277]: CLEANKILLGUNS:LF-03 Avaria Mk11_2:PLAID AIF-42C5B LRP
[BDArmory.BDACompetitionMode:196828277]: HPLEFT:PLAID AIF-42C5B LRP:96.25
[BDArmory.BDACompetitionMode:196828277]: HPLEFT:PLAID AIF-42C5B LRP_1:87.5
[BDArmory.BDACompetitionMode:196828277]: HPLEFT:PLAID AIF-42C5B LRP_2:12.5
[BDArmory.BDACompetitionMode:196828277]: HPLEFT:LF-03 Avaria Mk11:0
[BDArmory.BDACompetitionMode:196828277]: HPLEFT:LF-03 Avaria Mk11_1:0
[BDArmory.BDACompetitionMode:196828277]: HPLEFT:LF-03 Avaria Mk11_2:0
[BDArmory.BDACompetitionMode:196828277]: ACCURACY:PLAID AIF-42C5B LRP:22/336:0/0
[BDArmory.BDACompetitionMode:196828277]: ACCURACY:PLAID AIF-42C5B LRP_1:20/318:0/0
[BDArmory.BDACompetitionMode:196828277]: ACCURACY:PLAID AIF-42C5B LRP_2:0/0:0/0
[BDArmory.BDACompetitionMode:196828277]: ACCURACY:LF-03 Avaria Mk11:8/57:0/0
[BDArmory.BDACompetitionMode:196828277]: ACCURACY:LF-03 Avaria Mk11_1:0/0:0/0
[BDArmory.BDACompetitionMode:196828277]: ACCURACY:LF-03 Avaria Mk11_2:43/292:0/0
