[BDArmory.BDACompetitionMode:196831558]: Dumping Results after -172s (of 0s) at 2026-03-28 03:29:45 -04:00
[BDArmory.BDACompetitionMode:196831558]: RESULT:Win:{"team": "PLAID AIF-42C5B LRP", "members": ["PLAID AIF-42C5B LRP", "PLAID AIF-42C5B LRP_1", "PLAID AIF-42C5B LRP_2", "PLAID AIF-42C5B LRP_3", "PLAID AIF-42C5B LRP_4"]}
[BDArmory.BDACompetitionMode:196831558]: DEADTEAMS:[{"team": "F-42H-20 Corsair NF", "members": ["F-42H-20 Corsair NF", "F-42H-20 Corsair NF_1", "F-42H-20 Corsair NF_2", "F-42H-20 Corsair NF_3", "F-42H-20 Corsair NF_4"]}]
[BDArmory.BDACompetitionMode:196831558]: ALIVE:PLAID AIF-42C5B LRP
[BDArmory.BDACompetitionMode:196831558]: ALIVE:PLAID AIF-42C5B LRP_1
[BDArmory.BDACompetitionMode:196831558]: ALIVE:PLAID AIF-42C5B LRP_3
[BDArmory.BDACompetitionMode:196831558]: ALIVE:PLAID AIF-42C5B LRP_4
[BDArmory.BDACompetitionMode:196831558]: DEAD:2:99.0:F-42H-20 Corsair NF
[BDArmory.BDACompetitionMode:196831558]: DEAD:4:126.0:F-42H-20 Corsair NF_1
[BDArmory.BDACompetitionMode:196831558]: DEAD:1:92.0:F-42H-20 Corsair NF_2
[BDArmory.BDACompetitionMode:196831558]: DEAD:0:88.0:F-42H-20 Corsair NF_3
[BDArmory.BDACompetitionMode:196831558]: DEAD:3:121.0:F-42H-20 Corsair NF_4
[BDArmory.BDACompetitionMode:196831558]: MIA:PLAID AIF-42C5B LRP_2
[BDArmory.BDACompetitionMode:196831558]: WHOSHOTWHOWITHGUNS:F-42H-20 Corsair NF:6:PLAID AIF-42C5B LRP_2:5:PLAID AIF-42C5B LRP_1:3:PLAID AIF-42C5B LRP:5:PLAID AIF-42C5B LRP_3
[BDArmory.BDACompetitionMode:196831558]: WHOSHOTWHOWITHGUNS:F-42H-20 Corsair NF_1:1:PLAID AIF-42C5B LRP_1:2:PLAID AIF-42C5B LRP_3
[BDArmory.BDACompetitionMode:196831558]: WHOSHOTWHOWITHGUNS:F-42H-20 Corsair NF_2:14:PLAID AIF-42C5B LRP
[BDArmory.BDACompetitionMode:196831558]: WHODAMAGEDWHOWITHGUNS:F-42H-20 Corsair NF:2885.5:PLAID AIF-42C5B LRP_2:1944.5:PLAID AIF-42C5B LRP_1:469.0:PLAID AIF-42C5B LRP:970.4:PLAID AIF-42C5B LRP_3
[BDArmory.BDACompetitionMode:196831558]: WHODAMAGEDWHOWITHGUNS:F-42H-20 Corsair NF_1:67.9:PLAID AIF-42C5B LRP_1:319.5:PLAID AIF-42C5B LRP_3
[BDArmory.BDACompetitionMode:196831558]: WHODAMAGEDWHOWITHGUNS:F-42H-20 Corsair NF_2:5575.0:PLAID AIF-42C5B LRP
[BDArmory.BDACompetitionMode:196831558]: WHOHITWHOWITHMISSILES:F-42H-20 Corsair NF:1:PLAID AIF-42C5B LRP_1
[BDArmory.BDACompetitionMode:196831558]: WHOHITWHOWITHMISSILES:F-42H-20 Corsair NF_1:1:PLAID AIF-42C5B LRP_4:1:PLAID AIF-42C5B LRP_2:1:PLAID AIF-42C5B LRP_1
[BDArmory.BDACompetitionMode:196831558]: WHOHITWHOWITHMISSILES:F-42H-20 Corsair NF_2:1:PLAID AIF-42C5B LRP_3
[BDArmory.BDACompetitionMode:196831558]: WHOHITWHOWITHMISSILES:F-42H-20 Corsair NF_3:1:PLAID AIF-42C5B LRP_3:1:PLAID AIF-42C5B LRP_2
[BDArmory.BDACompetitionMode:196831558]: WHOHITWHOWITHMISSILES:F-42H-20 Corsair NF_4:2:PLAID AIF-42C5B LRP_1:1:PLAID AIF-42C5B LRP_4:1:PLAID AIF-42C5B LRP_3:1:PLAID AIF-42C5B LRP_2:1:PLAID AIF-42C5B LRP
[BDArmory.BDACompetitionMode:196831558]: WHOPARTSHITWHOWITHMISSILES:F-42H-20 Corsair NF:99:PLAID AIF-42C5B LRP_1
[BDArmory.BDACompetitionMode:196831558]: WHOPARTSHITWHOWITHMISSILES:F-42H-20 Corsair NF_1:107:PLAID AIF-42C5B LRP_4:8:PLAID AIF-42C5B LRP_2:8:PLAID AIF-42C5B LRP_1
[BDArmory.BDACompetitionMode:196831558]: WHOPARTSHITWHOWITHMISSILES:F-42H-20 Corsair NF_2:6:PLAID AIF-42C5B LRP_3
[BDArmory.BDACompetitionMode:196831558]: WHOPARTSHITWHOWITHMISSILES:F-42H-20 Corsair NF_3:106:PLAID AIF-42C5B LRP_3:9:PLAID AIF-42C5B LRP_2
[BDArmory.BDACompetitionMode:196831558]: WHOPARTSHITWHOWITHMISSILES:F-42H-20 Corsair NF_4:138:PLAID AIF-42C5B LRP_1:33:PLAID AIF-42C5B LRP_4:30:PLAID AIF-42C5B LRP_3:30:PLAID AIF-42C5B LRP_2:10:PLAID AIF-42C5B LRP
[BDArmory.BDACompetitionMode:196831558]: WHODAMAGEDWHOWITHMISSILES:F-42H-20 Corsair NF:19442.9:PLAID AIF-42C5B LRP_1
[BDArmory.BDACompetitionMode:196831558]: WHODAMAGEDWHOWITHMISSILES:F-42H-20 Corsair NF_1:143630.5:PLAID AIF-42C5B LRP_4:3104.5:PLAID AIF-42C5B LRP_2:894.2:PLAID AIF-42C5B LRP_1
[BDArmory.BDACompetitionMode:196831558]: WHODAMAGEDWHOWITHMISSILES:F-42H-20 Corsair NF_2:11362.1:PLAID AIF-42C5B LRP_3
[BDArmory.BDACompetitionMode:196831558]: WHODAMAGEDWHOWITHMISSILES:F-42H-20 Corsair NF_3:105899.1:PLAID AIF-42C5B LRP_3:26893.4:PLAID AIF-42C5B LRP_2
[BDArmory.BDACompetitionMode:196831558]: WHODAMAGEDWHOWITHMISSILES:F-42H-20 Corsair NF_4:176150.4:PLAID AIF-42C5B LRP_1:3182.4:PLAID AIF-42C5B LRP_4:736.8:PLAID AIF-42C5B LRP_3:3908.4:PLAID AIF-42C5B LRP_2:1455.8:PLAID AIF-42C5B LRP
[BDArmory.BDACompetitionMode:196831558]: WHODAMAGEDWHOWITHBATTLEDAMAGE:F-42H-20 Corsair NF:114.5:PLAID AIF-42C5B LRP_2:85.7:PLAID AIF-42C5B LRP_1:18.0:PLAID AIF-42C5B LRP:1.8:PLAID AIF-42C5B LRP_3
[BDArmory.BDACompetitionMode:196831558]: WHODAMAGEDWHOWITHBATTLEDAMAGE:F-42H-20 Corsair NF_1:3.2:PLAID AIF-42C5B LRP_3
[BDArmory.BDACompetitionMode:196831558]: WHODAMAGEDWHOWITHBATTLEDAMAGE:F-42H-20 Corsair NF_2:16828.0:PLAID AIF-42C5B LRP:770.4:F-42H-20 Corsair NF_2
[BDArmory.BDACompetitionMode:196831558]: WHODAMAGEDWHOWITHBATTLEDAMAGE:F-42H-20 Corsair NF_4:2839.5:PLAID AIF-42C5B LRP
[BDArmory.BDACompetitionMode:196831558]: KILLSTEALGUNS:F-42H-20 Corsair NF:PLAID AIF-42C5B LRP_3
[BDArmory.BDACompetitionMode:196831558]: KILLSTEALMISSILES:F-42H-20 Corsair NF_1:PLAID AIF-42C5B LRP_1
[BDArmory.BDACompetitionMode:196831558]: KILLSTEALMISSILES:F-42H-20 Corsair NF_2:PLAID AIF-42C5B LRP_3
[BDArmory.BDACompetitionMode:196831558]: KILLSTEALMISSILES:F-42H-20 Corsair NF_3:PLAID AIF-42C5B LRP_2
[BDArmory.BDACompetitionMode:196831558]: KILLSTEALMISSILES:F-42H-20 Corsair NF_4:PLAID AIF-42C5B LRP
[BDArmory.BDACompetitionMode:196831558]: HPLEFT:F-42H-20 Corsair NF:0
[BDArmory.BDACompetitionMode:196831558]: HPLEFT:F-42H-20 Corsair NF_1:0
[BDArmory.BDACompetitionMode:196831558]: HPLEFT:F-42H-20 Corsair NF_2:0
[BDArmory.BDACompetitionMode:196831558]: HPLEFT:F-42H-20 Corsair NF_3:0
[BDArmory.BDACompetitionMode:196831558]: HPLEFT:F-42H-20 Corsair NF_4:0
[BDArmory.BDACompetitionMode:196831558]: HPLEFT:PLAID AIF-42C5B LRP:100
[BDArmory.BDACompetitionMode:196831558]: HPLEFT:PLAID AIF-42C5B LRP_1:100
[BDArmory.BDACompetitionMode:196831558]: HPLEFT:PLAID AIF-42C5B LRP_2:0
[BDArmory.BDACompetitionMode:196831558]: HPLEFT:PLAID AIF-42C5B LRP_3:100
[BDArmory.BDACompetitionMode:196831558]: HPLEFT:PLAID AIF-42C5B LRP_4:100
[BDArmory.BDACompetitionMode:196831558]: ACCURACY:F-42H-20 Corsair NF:0/0:0/0
[BDArmory.BDACompetitionMode:196831558]: ACCURACY:F-42H-20 Corsair NF_1:0/0:0/0
[BDArmory.BDACompetitionMode:196831558]: ACCURACY:F-42H-20 Corsair NF_2:0/0:0/0
[BDArmory.BDACompetitionMode:196831558]: ACCURACY:F-42H-20 Corsair NF_3:0/0:0/0
[BDArmory.BDACompetitionMode:196831558]: ACCURACY:F-42H-20 Corsair NF_4:0/0:0/0
[BDArmory.BDACompetitionMode:196831558]: ACCURACY:PLAID AIF-42C5B LRP:17/110:0/0
[BDArmory.BDACompetitionMode:196831558]: ACCURACY:PLAID AIF-42C5B LRP_1:6/88:0/0
[BDArmory.BDACompetitionMode:196831558]: ACCURACY:PLAID AIF-42C5B LRP_2:6/64:0/0
[BDArmory.BDACompetitionMode:196831558]: ACCURACY:PLAID AIF-42C5B LRP_3:7/25:0/0
[BDArmory.BDACompetitionMode:196831558]: ACCURACY:PLAID AIF-42C5B LRP_4:0/0:0/0
