[BDArmory.BDACompetitionMode:196835760]: Dumping Results after -341s (of 0s) at 2026-03-28 04:36:13 -04:00
[BDArmory.BDACompetitionMode:196835760]: RESULT:Draw:[{"team": "PLAID AIF-42C5C LRP", "members": ["PLAID AIF-42C5C LRP", "PLAID AIF-42C5C LRP_1", "PLAID AIF-42C5C LRP_2", "PLAID AIF-42C5C LRP_3"]}, {"team": "PLAID AIF-42C5B LRP", "members": ["PLAID AIF-42C5B LRP", "PLAID AIF-42C5B LRP_1", "PLAID AIF-42C5B LRP_2", "PLAID AIF-42C5B LRP_3"]}]
[BDArmory.BDACompetitionMode:196835760]: DEADTEAMS:[]
[BDArmory.BDACompetitionMode:196835760]: ALIVE:PLAID AIF-42C5C LRP_1
[BDArmory.BDACompetitionMode:196835760]: ALIVE:PLAID AIF-42C5C LRP_3
[BDArmory.BDACompetitionMode:196835760]: ALIVE:PLAID AIF-42C5B LRP
[BDArmory.BDACompetitionMode:196835760]: ALIVE:PLAID AIF-42C5B LRP_1
[BDArmory.BDACompetitionMode:196835760]: MIA:PLAID AIF-42C5C LRP
[BDArmory.BDACompetitionMode:196835760]: MIA:PLAID AIF-42C5C LRP_2
[BDArmory.BDACompetitionMode:196835760]: MIA:PLAID AIF-42C5B LRP_2
[BDArmory.BDACompetitionMode:196835760]: MIA:PLAID AIF-42C5B LRP_3
[BDArmory.BDACompetitionMode:196835760]: HPLEFT:PLAID AIF-42C5C LRP:0
[BDArmory.BDACompetitionMode:196835760]: HPLEFT:PLAID AIF-42C5C LRP_1:100
[BDArmory.BDACompetitionMode:196835760]: HPLEFT:PLAID AIF-42C5C LRP_2:0
[BDArmory.BDACompetitionMode:196835760]: HPLEFT:PLAID AIF-42C5C LRP_3:100
[BDArmory.BDACompetitionMode:196835760]: HPLEFT:PLAID AIF-42C5B LRP:100
[BDArmory.BDACompetitionMode:196835760]: HPLEFT:PLAID AIF-42C5B LRP_1:100
[BDArmory.BDACompetitionMode:196835760]: HPLEFT:PLAID AIF-42C5B LRP_2:0
[BDArmory.BDACompetitionMode:196835760]: HPLEFT:PLAID AIF-42C5B LRP_3:0
[BDArmory.BDACompetitionMode:196835760]: ACCURACY:PLAID AIF-42C5C LRP:0/0:0/0
[BDArmory.BDACompetitionMode:196835760]: ACCURACY:PLAID AIF-42C5C LRP_1:0/0:0/0
[BDArmory.BDACompetitionMode:196835760]: ACCURACY:PLAID AIF-42C5C LRP_2:0/0:0/0
[BDArmory.BDACompetitionMode:196835760]: ACCURACY:PLAID AIF-42C5C LRP_3:0/0:0/0
[BDArmory.BDACompetitionMode:196835760]: ACCURACY:PLAID AIF-42C5B LRP:0/0:0/0
[BDArmory.BDACompetitionMode:196835760]: ACCURACY:PLAID AIF-42C5B LRP_1:0/0:0/0
[BDArmory.BDACompetitionMode:196835760]: ACCURACY:PLAID AIF-42C5B LRP_2:0/0:0/0
[BDArmory.BDACompetitionMode:196835760]: ACCURACY:PLAID AIF-42C5B LRP_3:0/0:0/0
