[BDArmory.BDACompetitionMode:196832102]: Dumping Results after -69s (of 0s) at 2026-03-28 03:37:50 -04:00
[BDArmory.BDACompetitionMode:196832102]: RESULT:Mutual Annihilation
[BDArmory.BDACompetitionMode:196832102]: DEADTEAMS:[{"team": "LF-03 Avaria Mk11", "members": ["LF-03 Avaria Mk11", "LF-03 Avaria Mk11_1", "LF-03 Avaria Mk11_2", "LF-03 Avaria Mk11_3", "LF-03 Avaria Mk11_4"]}, {"team": "PLAID AIF-42C5B LRP", "members": ["PLAID AIF-42C5B LRP", "PLAID AIF-42C5B LRP_1", "PLAID AIF-42C5B LRP_2", "PLAID AIF-42C5B LRP_3", "PLAID AIF-42C5B LRP_4"]}]
[BDArmory.BDACompetitionMode:196832102]: DEAD:1:97.0:LF-03 Avaria Mk11
[BDArmory.BDACompetitionMode:196832102]: DEAD:3:104.0:LF-03 Avaria Mk11_1
[BDArmory.BDACompetitionMode:196832102]: DEAD:4:118.0:LF-03 Avaria Mk11_2
[BDArmory.BDACompetitionMode:196832102]: DEAD:0:96.0:LF-03 Avaria Mk11_3
[BDArmory.BDACompetitionMode:196832102]: DEAD:2:97.0:LF-03 Avaria Mk11_4
[BDArmory.BDACompetitionMode:196832102]: MIA:PLAID AIF-42C5B LRP
[BDArmory.BDACompetitionMode:196832102]: MIA:PLAID AIF-42C5B LRP_1
[BDArmory.BDACompetitionMode:196832102]: MIA:PLAID AIF-42C5B LRP_2
[BDArmory.BDACompetitionMode:196832102]: MIA:PLAID AIF-42C5B LRP_3
[BDArmory.BDACompetitionMode:196832102]: MIA:PLAID AIF-42C5B LRP_4
[BDArmory.BDACompetitionMode:196832102]: WHOSHOTWHOWITHGUNS:LF-03 Avaria Mk11:17:PLAID AIF-42C5B LRP:1:PLAID AIF-42C5B LRP_2
[BDArmory.BDACompetitionMode:196832102]: WHOSHOTWHOWITHGUNS:LF-03 Avaria Mk11_1:13:PLAID AIF-42C5B LRP_1:5:PLAID AIF-42C5B LRP_4:9:PLAID AIF-42C5B LRP_2
[BDArmory.BDACompetitionMode:196832102]: WHOSHOTWHOWITHGUNS:LF-03 Avaria Mk11_2:1:PLAID AIF-42C5B LRP:1:PLAID AIF-42C5B LRP_3:7:PLAID AIF-42C5B LRP_2
[BDArmory.BDACompetitionMode:196832102]: WHODAMAGEDWHOWITHGUNS:LF-03 Avaria Mk11:3490.5:PLAID AIF-42C5B LRP:314.7:PLAID AIF-42C5B LRP_2
[BDArmory.BDACompetitionMode:196832102]: WHODAMAGEDWHOWITHGUNS:LF-03 Avaria Mk11_1:2733.6:PLAID AIF-42C5B LRP_1:1298.2:PLAID AIF-42C5B LRP_4:1886.4:PLAID AIF-42C5B LRP_2
[BDArmory.BDACompetitionMode:196832102]: WHODAMAGEDWHOWITHGUNS:LF-03 Avaria Mk11_2:261.2:PLAID AIF-42C5B LRP:21.6:PLAID AIF-42C5B LRP_3:1507.2:PLAID AIF-42C5B LRP_2
[BDArmory.BDACompetitionMode:196832102]: WHOHITWHOWITHMISSILES:LF-03 Avaria Mk11:1:PLAID AIF-42C5B LRP:1:PLAID AIF-42C5B LRP_2
[BDArmory.BDACompetitionMode:196832102]: WHOHITWHOWITHMISSILES:LF-03 Avaria Mk11_1:1:PLAID AIF-42C5B LRP_1:1:PLAID AIF-42C5B LRP_4:1:PLAID AIF-42C5B LRP
[BDArmory.BDACompetitionMode:196832102]: WHOHITWHOWITHMISSILES:LF-03 Avaria Mk11_2:1:PLAID AIF-42C5B LRP_3
[BDArmory.BDACompetitionMode:196832102]: WHOHITWHOWITHMISSILES:LF-03 Avaria Mk11_3:3:PLAID AIF-42C5B LRP_2:3:PLAID AIF-42C5B LRP_4
[BDArmory.BDACompetitionMode:196832102]: WHOHITWHOWITHMISSILES:LF-03 Avaria Mk11_4:1:PLAID AIF-42C5B LRP_1
[BDArmory.BDACompetitionMode:196832102]: WHOHITWHOWITHMISSILES:PLAID AIF-42C5B LRP_3:2:LF-03 Avaria Mk11:1:LF-03 Avaria Mk11_3
[BDArmory.BDACompetitionMode:196832102]: WHOPARTSHITWHOWITHMISSILES:LF-03 Avaria Mk11:39:PLAID AIF-42C5B LRP:38:PLAID AIF-42C5B LRP_2
[BDArmory.BDACompetitionMode:196832102]: WHOPARTSHITWHOWITHMISSILES:LF-03 Avaria Mk11_1:40:PLAID AIF-42C5B LRP_1:33:PLAID AIF-42C5B LRP_4:16:PLAID AIF-42C5B LRP
[BDArmory.BDACompetitionMode:196832102]: WHOPARTSHITWHOWITHMISSILES:LF-03 Avaria Mk11_2:46:PLAID AIF-42C5B LRP_3
[BDArmory.BDACompetitionMode:196832102]: WHOPARTSHITWHOWITHMISSILES:LF-03 Avaria Mk11_3:100:PLAID AIF-42C5B LRP_2:119:PLAID AIF-42C5B LRP_4
[BDArmory.BDACompetitionMode:196832102]: WHOPARTSHITWHOWITHMISSILES:LF-03 Avaria Mk11_4:46:PLAID AIF-42C5B LRP_1
[BDArmory.BDACompetitionMode:196832102]: WHOPARTSHITWHOWITHMISSILES:PLAID AIF-42C5B LRP_3:128:LF-03 Avaria Mk11:47:LF-03 Avaria Mk11_3
[BDArmory.BDACompetitionMode:196832102]: WHODAMAGEDWHOWITHMISSILES:LF-03 Avaria Mk11:6440.3:PLAID AIF-42C5B LRP:3332.5:PLAID AIF-42C5B LRP_2
[BDArmory.BDACompetitionMode:196832102]: WHODAMAGEDWHOWITHMISSILES:LF-03 Avaria Mk11_1:18650.2:PLAID AIF-42C5B LRP_1:27906.2:PLAID AIF-42C5B LRP_4:2002.3:PLAID AIF-42C5B LRP
[BDArmory.BDACompetitionMode:196832102]: WHODAMAGEDWHOWITHMISSILES:LF-03 Avaria Mk11_2:11710.2:PLAID AIF-42C5B LRP_3
[BDArmory.BDACompetitionMode:196832102]: WHODAMAGEDWHOWITHMISSILES:LF-03 Avaria Mk11_3:25336.3:PLAID AIF-42C5B LRP_4:9818.3:PLAID AIF-42C5B LRP_2
[BDArmory.BDACompetitionMode:196832102]: WHODAMAGEDWHOWITHMISSILES:LF-03 Avaria Mk11_4:13457.1:PLAID AIF-42C5B LRP_1
[BDArmory.BDACompetitionMode:196832102]: WHODAMAGEDWHOWITHMISSILES:PLAID AIF-42C5B LRP_3:41665.2:LF-03 Avaria Mk11
[BDArmory.BDACompetitionMode:196832102]: WHODAMAGEDWHOWITHBATTLEDAMAGE:LF-03 Avaria Mk11:0.1:PLAID AIF-42C5B LRP
[BDArmory.BDACompetitionMode:196832102]: WHODAMAGEDWHOWITHBATTLEDAMAGE:LF-03 Avaria Mk11_1:50.1:PLAID AIF-42C5B LRP_1:0.4:PLAID AIF-42C5B LRP_2
[BDArmory.BDACompetitionMode:196832102]: WHODAMAGEDWHOWITHBATTLEDAMAGE:LF-03 Avaria Mk11_2:5.2:PLAID AIF-42C5B LRP_2
[BDArmory.BDACompetitionMode:196832102]: KILLSTEALGUNS:LF-03 Avaria Mk11:PLAID AIF-42C5B LRP_2
[BDArmory.BDACompetitionMode:196832102]: KILLSTEALGUNS:LF-03 Avaria Mk11_1:PLAID AIF-42C5B LRP_2
[BDArmory.BDACompetitionMode:196832102]: KILLSTEALGUNS:LF-03 Avaria Mk11_2:PLAID AIF-42C5B LRP_2
[BDArmory.BDACompetitionMode:196832102]: HPLEFT:LF-03 Avaria Mk11:0
[BDArmory.BDACompetitionMode:196832102]: HPLEFT:LF-03 Avaria Mk11_1:0
[BDArmory.BDACompetitionMode:196832102]: HPLEFT:LF-03 Avaria Mk11_2:0
[BDArmory.BDACompetitionMode:196832102]: HPLEFT:LF-03 Avaria Mk11_3:0
[BDArmory.BDACompetitionMode:196832102]: HPLEFT:LF-03 Avaria Mk11_4:0
[BDArmory.BDACompetitionMode:196832102]: HPLEFT:PLAID AIF-42C5B LRP:0
[BDArmory.BDACompetitionMode:196832102]: HPLEFT:PLAID AIF-42C5B LRP_1:0
[BDArmory.BDACompetitionMode:196832102]: HPLEFT:PLAID AIF-42C5B LRP_2:0
[BDArmory.BDACompetitionMode:196832102]: HPLEFT:PLAID AIF-42C5B LRP_3:0
[BDArmory.BDACompetitionMode:196832102]: HPLEFT:PLAID AIF-42C5B LRP_4:0
[BDArmory.BDACompetitionMode:196832102]: ACCURACY:LF-03 Avaria Mk11:0/38:0/0
[BDArmory.BDACompetitionMode:196832102]: ACCURACY:LF-03 Avaria Mk11_1:0/25:0/0
[BDArmory.BDACompetitionMode:196832102]: ACCURACY:LF-03 Avaria Mk11_2:0/9:0/0
[BDArmory.BDACompetitionMode:196832102]: ACCURACY:LF-03 Avaria Mk11_3:0/0:0/0
[BDArmory.BDACompetitionMode:196832102]: ACCURACY:LF-03 Avaria Mk11_4:0/0:0/0
[BDArmory.BDACompetitionMode:196832102]: ACCURACY:PLAID AIF-42C5B LRP:18/179:0/0
[BDArmory.BDACompetitionMode:196832102]: ACCURACY:PLAID AIF-42C5B LRP_1:13/78:0/0
[BDArmory.BDACompetitionMode:196832102]: ACCURACY:PLAID AIF-42C5B LRP_2:17/174:0/0
[BDArmory.BDACompetitionMode:196832102]: ACCURACY:PLAID AIF-42C5B LRP_3:1/77:0/0
[BDArmory.BDACompetitionMode:196832102]: ACCURACY:PLAID AIF-42C5B LRP_4:5/55:0/0
