[BDArmory.BDACompetitionMode:196827995]: Dumping Results after 82s (of 0s) at 2026-03-28 02:28:01 -04:00
[BDArmory.BDACompetitionMode:196827995]: RESULT:Win:{"team": "PLAID AIF-42C5B LRP", "members": ["PLAID AIF-42C5B LRP", "PLAID AIF-42C5B LRP_1"]}
[BDArmory.BDACompetitionMode:196827995]: DEADTEAMS:[{"team": "LF-03 Avaria Mk11", "members": ["LF-03 Avaria Mk11", "LF-03 Avaria Mk11_1"]}]
[BDArmory.BDACompetitionMode:196827995]: ALIVE:PLAID AIF-42C5B LRP
[BDArmory.BDACompetitionMode:196827995]: ALIVE:PLAID AIF-42C5B LRP_1
[BDArmory.BDACompetitionMode:196827995]: DEAD:1:76.0:LF-03 Avaria Mk11
[BDArmory.BDACompetitionMode:196827995]: DEAD:0:58.0:LF-03 Avaria Mk11_1
[BDArmory.BDACompetitionMode:196827995]: WHOHITWHOWITHMISSILES:LF-03 Avaria Mk11:1:PLAID AIF-42C5B LRP
[BDArmory.BDACompetitionMode:196827995]: WHOHITWHOWITHMISSILES:LF-03 Avaria Mk11_1:1:PLAID AIF-42C5B LRP:1:PLAID AIF-42C5B LRP_1
[BDArmory.BDACompetitionMode:196827995]: WHOPARTSHITWHOWITHMISSILES:LF-03 Avaria Mk11:46:PLAID AIF-42C5B LRP
[BDArmory.BDACompetitionMode:196827995]: WHOPARTSHITWHOWITHMISSILES:LF-03 Avaria Mk11_1:47:PLAID AIF-42C5B LRP:50:PLAID AIF-42C5B LRP_1
[BDArmory.BDACompetitionMode:196827995]: WHODAMAGEDWHOWITHMISSILES:LF-03 Avaria Mk11:65320.0:PLAID AIF-42C5B LRP
[BDArmory.BDACompetitionMode:196827995]: WHODAMAGEDWHOWITHMISSILES:LF-03 Avaria Mk11_1:37674.3:PLAID AIF-42C5B LRP_1
[BDArmory.BDACompetitionMode:196827995]: WHODAMAGEDWHOWITHBATTLEDAMAGE:LF-03 Avaria Mk11_1:15325.2:PLAID AIF-42C5B LRP_1
[BDArmory.BDACompetitionMode:196827995]: KILLSTEALMISSILES:LF-03 Avaria Mk11_1:PLAID AIF-42C5B LRP_1
[BDArmory.BDACompetitionMode:196827995]: HPLEFT:LF-03 Avaria Mk11:0
[BDArmory.BDACompetitionMode:196827995]: HPLEFT:LF-03 Avaria Mk11_1:0
[BDArmory.BDACompetitionMode:196827995]: HPLEFT:PLAID AIF-42C5B LRP:100
[BDArmory.BDACompetitionMode:196827995]: HPLEFT:PLAID AIF-42C5B LRP_1:100
[BDArmory.BDACompetitionMode:196827995]: ACCURACY:LF-03 Avaria Mk11:0/0:0/0
[BDArmory.BDACompetitionMode:196827995]: ACCURACY:LF-03 Avaria Mk11_1:0/0:0/0
[BDArmory.BDACompetitionMode:196827995]: ACCURACY:PLAID AIF-42C5B LRP:0/0:0/0
[BDArmory.BDACompetitionMode:196827995]: ACCURACY:PLAID AIF-42C5B LRP_1:0/0:0/0
