[BDArmory.BDACompetitionMode:196829827]: Dumping Results after -35s (of 0s) at 2026-03-28 02:59:50 -04:00
[BDArmory.BDACompetitionMode:196829827]: RESULT:Mutual Annihilation
[BDArmory.BDACompetitionMode:196829827]: DEADTEAMS:[{"team": "PLAID AIF-42C5B LRP", "members": ["PLAID AIF-42C5B LRP", "PLAID AIF-42C5B LRP_1", "PLAID AIF-42C5B LRP_2", "PLAID AIF-42C5B LRP_3", "PLAID AIF-42C5B LRP_4"]}, {"team": "LF-03 Avaria Mk11", "members": ["LF-03 Avaria Mk11", "LF-03 Avaria Mk11_1", "LF-03 Avaria Mk11_2", "LF-03 Avaria Mk11_3", "LF-03 Avaria Mk11_4"]}]
[BDArmory.BDACompetitionMode:196829827]: MIA:PLAID AIF-42C5B LRP
[BDArmory.BDACompetitionMode:196829827]: MIA:PLAID AIF-42C5B LRP_1
[BDArmory.BDACompetitionMode:196829827]: MIA:PLAID AIF-42C5B LRP_2
[BDArmory.BDACompetitionMode:196829827]: DEAD:1:87.0:PLAID AIF-42C5B LRP_3
[BDArmory.BDACompetitionMode:196829827]: MIA:PLAID AIF-42C5B LRP_4
[BDArmory.BDACompetitionMode:196829827]: DEAD:4:98.0:LF-03 Avaria Mk11
[BDArmory.BDACompetitionMode:196829827]: DEAD:2:90.0:LF-03 Avaria Mk11_1
[BDArmory.BDACompetitionMode:196829827]: DEAD:3:94.0:LF-03 Avaria Mk11_2
[BDArmory.BDACompetitionMode:196829827]: DEAD:0:74.0:LF-03 Avaria Mk11_3
[BDArmory.BDACompetitionMode:196829827]: DEAD:5:101.0:LF-03 Avaria Mk11_4
[BDArmory.BDACompetitionMode:196829827]: WHOSHOTWHOWITHGUNS:PLAID AIF-42C5B LRP_3:21:LF-03 Avaria Mk11_4:6:LF-03 Avaria Mk11_2
[BDArmory.BDACompetitionMode:196829827]: WHOSHOTWHOWITHGUNS:LF-03 Avaria Mk11_1:1:PLAID AIF-42C5B LRP_2
[BDArmory.BDACompetitionMode:196829827]: WHOSHOTWHOWITHGUNS:LF-03 Avaria Mk11_2:25:PLAID AIF-42C5B LRP:5:PLAID AIF-42C5B LRP_1
[BDArmory.BDACompetitionMode:196829827]: WHOSHOTWHOWITHGUNS:LF-03 Avaria Mk11_4:2:PLAID AIF-42C5B LRP_1
[BDArmory.BDACompetitionMode:196829827]: WHODAMAGEDWHOWITHGUNS:PLAID AIF-42C5B LRP_3:4667.0:LF-03 Avaria Mk11_4:2136.4:LF-03 Avaria Mk11_2
[BDArmory.BDACompetitionMode:196829827]: WHODAMAGEDWHOWITHGUNS:LF-03 Avaria Mk11_1:359.4:PLAID AIF-42C5B LRP_2
[BDArmory.BDACompetitionMode:196829827]: WHODAMAGEDWHOWITHGUNS:LF-03 Avaria Mk11_2:6773.7:PLAID AIF-42C5B LRP:1300.6:PLAID AIF-42C5B LRP_1
[BDArmory.BDACompetitionMode:196829827]: WHODAMAGEDWHOWITHGUNS:LF-03 Avaria Mk11_4:486.7:PLAID AIF-42C5B LRP_1
[BDArmory.BDACompetitionMode:196829827]: WHOHITWHOWITHMISSILES:PLAID AIF-42C5B LRP_3:1:LF-03 Avaria Mk11_2:1:LF-03 Avaria Mk11_3:1:LF-03 Avaria Mk11_1
[BDArmory.BDACompetitionMode:196829827]: WHOHITWHOWITHMISSILES:LF-03 Avaria Mk11:5:PLAID AIF-42C5B LRP_4
[BDArmory.BDACompetitionMode:196829827]: WHOHITWHOWITHMISSILES:LF-03 Avaria Mk11_1:2:PLAID AIF-42C5B LRP_3:4:PLAID AIF-42C5B LRP_2
[BDArmory.BDACompetitionMode:196829827]: WHOHITWHOWITHMISSILES:LF-03 Avaria Mk11_2:1:PLAID AIF-42C5B LRP:2:PLAID AIF-42C5B LRP_1
[BDArmory.BDACompetitionMode:196829827]: WHOHITWHOWITHMISSILES:LF-03 Avaria Mk11_3:2:PLAID AIF-42C5B LRP:2:PLAID AIF-42C5B LRP_1
[BDArmory.BDACompetitionMode:196829827]: WHOHITWHOWITHMISSILES:LF-03 Avaria Mk11_4:1:LF-03 Avaria Mk11_1:1:PLAID AIF-42C5B LRP_1:1:PLAID AIF-42C5B LRP
[BDArmory.BDACompetitionMode:196829827]: WHOPARTSHITWHOWITHMISSILES:PLAID AIF-42C5B LRP_3:73:LF-03 Avaria Mk11_2:67:LF-03 Avaria Mk11_3:12:LF-03 Avaria Mk11_1
[BDArmory.BDACompetitionMode:196829827]: WHOPARTSHITWHOWITHMISSILES:LF-03 Avaria Mk11:156:PLAID AIF-42C5B LRP_4
[BDArmory.BDACompetitionMode:196829827]: WHOPARTSHITWHOWITHMISSILES:LF-03 Avaria Mk11_1:91:PLAID AIF-42C5B LRP_3:115:PLAID AIF-42C5B LRP_2
[BDArmory.BDACompetitionMode:196829827]: WHOPARTSHITWHOWITHMISSILES:LF-03 Avaria Mk11_2:36:PLAID AIF-42C5B LRP:29:PLAID AIF-42C5B LRP_1
[BDArmory.BDACompetitionMode:196829827]: WHOPARTSHITWHOWITHMISSILES:LF-03 Avaria Mk11_3:95:PLAID AIF-42C5B LRP:90:PLAID AIF-42C5B LRP_1
[BDArmory.BDACompetitionMode:196829827]: WHOPARTSHITWHOWITHMISSILES:LF-03 Avaria Mk11_4:47:LF-03 Avaria Mk11_1:19:PLAID AIF-42C5B LRP_1:8:PLAID AIF-42C5B LRP
[BDArmory.BDACompetitionMode:196829827]: WHODAMAGEDWHOWITHMISSILES:PLAID AIF-42C5B LRP_3:5219.0:LF-03 Avaria Mk11_1
[BDArmory.BDACompetitionMode:196829827]: WHODAMAGEDWHOWITHMISSILES:LF-03 Avaria Mk11:41706.4:PLAID AIF-42C5B LRP_4
[BDArmory.BDACompetitionMode:196829827]: WHODAMAGEDWHOWITHMISSILES:LF-03 Avaria Mk11_1:7607.7:PLAID AIF-42C5B LRP_3:56443.3:PLAID AIF-42C5B LRP_2
[BDArmory.BDACompetitionMode:196829827]: WHODAMAGEDWHOWITHMISSILES:LF-03 Avaria Mk11_2:8174.8:PLAID AIF-42C5B LRP:6877.1:PLAID AIF-42C5B LRP_1
[BDArmory.BDACompetitionMode:196829827]: WHODAMAGEDWHOWITHMISSILES:LF-03 Avaria Mk11_3:404.8:PLAID AIF-42C5B LRP:35221.4:PLAID AIF-42C5B LRP_1
[BDArmory.BDACompetitionMode:196829827]: WHODAMAGEDWHOWITHMISSILES:LF-03 Avaria Mk11_4:18957.9:LF-03 Avaria Mk11_1:3428.9:PLAID AIF-42C5B LRP_1:2550.9:PLAID AIF-42C5B LRP
[BDArmory.BDACompetitionMode:196829827]: WHODAMAGEDWHOWITHBATTLEDAMAGE:PLAID AIF-42C5B LRP_3:406.8:LF-03 Avaria Mk11_4:120.2:LF-03 Avaria Mk11_2:7052.6:PLAID AIF-42C5B LRP_3:13476.4:LF-03 Avaria Mk11_1
[BDArmory.BDACompetitionMode:196829827]: WHODAMAGEDWHOWITHBATTLEDAMAGE:LF-03 Avaria Mk11_1:24896.7:PLAID AIF-42C5B LRP_2
[BDArmory.BDACompetitionMode:196829827]: WHODAMAGEDWHOWITHBATTLEDAMAGE:LF-03 Avaria Mk11_2:101.3:PLAID AIF-42C5B LRP
[BDArmory.BDACompetitionMode:196829827]: KILLSTEALMISSILES:PLAID AIF-42C5B LRP_3:LF-03 Avaria Mk11_1
[BDArmory.BDACompetitionMode:196829827]: CLEANKILLMISSILES:LF-03 Avaria Mk11:PLAID AIF-42C5B LRP_4
[BDArmory.BDACompetitionMode:196829827]: HEADSHOTMISSILES:LF-03 Avaria Mk11_1:PLAID AIF-42C5B LRP_2
[BDArmory.BDACompetitionMode:196829827]: KILLSTEALMISSILES:LF-03 Avaria Mk11_2:PLAID AIF-42C5B LRP_1
[BDArmory.BDACompetitionMode:196829827]: KILLSTEALMISSILES:LF-03 Avaria Mk11_3:PLAID AIF-42C5B LRP_1
[BDArmory.BDACompetitionMode:196829827]: KILLSTEALMISSILES:LF-03 Avaria Mk11_4:PLAID AIF-42C5B LRP
[BDArmory.BDACompetitionMode:196829827]: HPLEFT:PLAID AIF-42C5B LRP:0
[BDArmory.BDACompetitionMode:196829827]: HPLEFT:PLAID AIF-42C5B LRP_1:0
[BDArmory.BDACompetitionMode:196829827]: HPLEFT:PLAID AIF-42C5B LRP_2:0
[BDArmory.BDACompetitionMode:196829827]: HPLEFT:PLAID AIF-42C5B LRP_3:0
[BDArmory.BDACompetitionMode:196829827]: HPLEFT:PLAID AIF-42C5B LRP_4:0
[BDArmory.BDACompetitionMode:196829827]: HPLEFT:LF-03 Avaria Mk11:0
[BDArmory.BDACompetitionMode:196829827]: HPLEFT:LF-03 Avaria Mk11_1:0
[BDArmory.BDACompetitionMode:196829827]: HPLEFT:LF-03 Avaria Mk11_2:0
[BDArmory.BDACompetitionMode:196829827]: HPLEFT:LF-03 Avaria Mk11_3:0
[BDArmory.BDACompetitionMode:196829827]: HPLEFT:LF-03 Avaria Mk11_4:0
[BDArmory.BDACompetitionMode:196829827]: ACCURACY:PLAID AIF-42C5B LRP:25/79:0/0
[BDArmory.BDACompetitionMode:196829827]: ACCURACY:PLAID AIF-42C5B LRP_1:7/80:0/0
[BDArmory.BDACompetitionMode:196829827]: ACCURACY:PLAID AIF-42C5B LRP_2:1/91:0/0
[BDArmory.BDACompetitionMode:196829827]: ACCURACY:PLAID AIF-42C5B LRP_3:0/0:0/0
[BDArmory.BDACompetitionMode:196829827]: ACCURACY:PLAID AIF-42C5B LRP_4:0/0:0/0
[BDArmory.BDACompetitionMode:196829827]: ACCURACY:LF-03 Avaria Mk11:0/63:0/0
[BDArmory.BDACompetitionMode:196829827]: ACCURACY:LF-03 Avaria Mk11_1:0/0:0/0
[BDArmory.BDACompetitionMode:196829827]: ACCURACY:LF-03 Avaria Mk11_2:6/67:0/0
[BDArmory.BDACompetitionMode:196829827]: ACCURACY:LF-03 Avaria Mk11_3:0/0:0/0
[BDArmory.BDACompetitionMode:196829827]: ACCURACY:LF-03 Avaria Mk11_4:21/154:0/0
