[BDArmory.BDACompetitionMode:196979381]: Dumping Results after 124s (of 0s) at 2026-03-29 20:32:28 -04:00
[BDArmory.BDACompetitionMode:196979381]: RESULT:Win:{"team": "Dark Bramble K", "members": ["Dark Bramble K", "Dark Bramble K_1", "Dark Bramble K_2", "Dark Bramble K_3"]}
[BDArmory.BDACompetitionMode:196979381]: DEADTEAMS:[{"team": "PLAID AIF-42C5B LRP", "members": ["PLAID AIF-42C5B LRP", "PLAID AIF-42C5B LRP_1", "PLAID AIF-42C5B LRP_2", "PLAID AIF-42C5B LRP_3"]}]
[BDArmory.BDACompetitionMode:196979381]: ALIVE:Dark Bramble K_2
[BDArmory.BDACompetitionMode:196979381]: DEAD:1:99.0:PLAID AIF-42C5B LRP
[BDArmory.BDACompetitionMode:196979381]: DEAD:6:114.0:PLAID AIF-42C5B LRP_1
[BDArmory.BDACompetitionMode:196979381]: DEAD:2:105.0:PLAID AIF-42C5B LRP_2
[BDArmory.BDACompetitionMode:196979381]: DEAD:3:105.3:PLAID AIF-42C5B LRP_3
[BDArmory.BDACompetitionMode:196979381]: DEAD:4:107.0:Dark Bramble K
[BDArmory.BDACompetitionMode:196979381]: DEAD:0:85.0:Dark Bramble K_1
[BDArmory.BDACompetitionMode:196979381]: DEAD:5:108.0:Dark Bramble K_3
[BDArmory.BDACompetitionMode:196979381]: WHOSHOTWHOWITHGUNS:PLAID AIF-42C5B LRP:12:Dark Bramble K_2:7:Dark Bramble K
[BDArmory.BDACompetitionMode:196979381]: WHOSHOTWHOWITHGUNS:PLAID AIF-42C5B LRP_3:3:Dark Bramble K
[BDArmory.BDACompetitionMode:196979381]: WHOSHOTWHOWITHGUNS:Dark Bramble K:1:PLAID AIF-42C5B LRP:1:PLAID AIF-42C5B LRP_3
[BDArmory.BDACompetitionMode:196979381]: WHOSHOTWHOWITHGUNS:Dark Bramble K_1:7:PLAID AIF-42C5B LRP_2
[BDArmory.BDACompetitionMode:196979381]: WHOSHOTWHOWITHGUNS:Dark Bramble K_2:6:PLAID AIF-42C5B LRP
[BDArmory.BDACompetitionMode:196979381]: WHOSHOTWHOWITHGUNS:Dark Bramble K_3:3:PLAID AIF-42C5B LRP
[BDArmory.BDACompetitionMode:196979381]: WHODAMAGEDWHOWITHGUNS:PLAID AIF-42C5B LRP:1278.1:Dark Bramble K_2:724.6:Dark Bramble K
[BDArmory.BDACompetitionMode:196979381]: WHODAMAGEDWHOWITHGUNS:PLAID AIF-42C5B LRP_3:334.6:Dark Bramble K
[BDArmory.BDACompetitionMode:196979381]: WHODAMAGEDWHOWITHGUNS:Dark Bramble K:462.6:PLAID AIF-42C5B LRP:289.5:PLAID AIF-42C5B LRP_3
[BDArmory.BDACompetitionMode:196979381]: WHODAMAGEDWHOWITHGUNS:Dark Bramble K_1:1758.3:PLAID AIF-42C5B LRP_2
[BDArmory.BDACompetitionMode:196979381]: WHODAMAGEDWHOWITHGUNS:Dark Bramble K_2:1856.1:PLAID AIF-42C5B LRP
[BDArmory.BDACompetitionMode:196979381]: WHODAMAGEDWHOWITHGUNS:Dark Bramble K_3:867.5:PLAID AIF-42C5B LRP
[BDArmory.BDACompetitionMode:196979381]: WHOHITWHOWITHMISSILES:PLAID AIF-42C5B LRP:2:Dark Bramble K_3
[BDArmory.BDACompetitionMode:196979381]: WHOHITWHOWITHMISSILES:PLAID AIF-42C5B LRP_1:1:Dark Bramble K_2
[BDArmory.BDACompetitionMode:196979381]: WHOHITWHOWITHMISSILES:PLAID AIF-42C5B LRP_2:2:Dark Bramble K_2
[BDArmory.BDACompetitionMode:196979381]: WHOHITWHOWITHMISSILES:PLAID AIF-42C5B LRP_3:1:Dark Bramble K
[BDArmory.BDACompetitionMode:196979381]: WHOHITWHOWITHMISSILES:Dark Bramble K_1:1:PLAID AIF-42C5B LRP_3:1:PLAID AIF-42C5B LRP_2
[BDArmory.BDACompetitionMode:196979381]: WHOHITWHOWITHMISSILES:Dark Bramble K_2:1:Dark Bramble K_3
[BDArmory.BDACompetitionMode:196979381]: WHOHITWHOWITHMISSILES:Dark Bramble K_3:1:PLAID AIF-42C5B LRP
[BDArmory.BDACompetitionMode:196979381]: WHOPARTSHITWHOWITHMISSILES:PLAID AIF-42C5B LRP:116:Dark Bramble K_3
[BDArmory.BDACompetitionMode:196979381]: WHOPARTSHITWHOWITHMISSILES:PLAID AIF-42C5B LRP_1:73:Dark Bramble K_2
[BDArmory.BDACompetitionMode:196979381]: WHOPARTSHITWHOWITHMISSILES:PLAID AIF-42C5B LRP_2:82:Dark Bramble K_2
[BDArmory.BDACompetitionMode:196979381]: WHOPARTSHITWHOWITHMISSILES:PLAID AIF-42C5B LRP_3:67:Dark Bramble K
[BDArmory.BDACompetitionMode:196979381]: WHOPARTSHITWHOWITHMISSILES:Dark Bramble K_1:26:PLAID AIF-42C5B LRP_3:38:PLAID AIF-42C5B LRP_2
[BDArmory.BDACompetitionMode:196979381]: WHOPARTSHITWHOWITHMISSILES:Dark Bramble K_2:7:Dark Bramble K_3
[BDArmory.BDACompetitionMode:196979381]: WHOPARTSHITWHOWITHMISSILES:Dark Bramble K_3:56:PLAID AIF-42C5B LRP
[BDArmory.BDACompetitionMode:196979381]: WHODAMAGEDWHOWITHMISSILES:PLAID AIF-42C5B LRP:56886.5:Dark Bramble K_3
[BDArmory.BDACompetitionMode:196979381]: WHODAMAGEDWHOWITHMISSILES:PLAID AIF-42C5B LRP_1:67089.7:Dark Bramble K_2
[BDArmory.BDACompetitionMode:196979381]: WHODAMAGEDWHOWITHMISSILES:PLAID AIF-42C5B LRP_2:26474.7:Dark Bramble K_2
[BDArmory.BDACompetitionMode:196979381]: WHODAMAGEDWHOWITHMISSILES:PLAID AIF-42C5B LRP_3:60886.5:Dark Bramble K
[BDArmory.BDACompetitionMode:196979381]: WHODAMAGEDWHOWITHMISSILES:Dark Bramble K_1:6179.7:PLAID AIF-42C5B LRP_3:12223.4:PLAID AIF-42C5B LRP_2
[BDArmory.BDACompetitionMode:196979381]: WHODAMAGEDWHOWITHMISSILES:Dark Bramble K_3:12445.2:PLAID AIF-42C5B LRP
[BDArmory.BDACompetitionMode:196979381]: WHORAMMEDWHO:PLAID AIF-42C5B LRP_3:16:Dark Bramble K
[BDArmory.BDACompetitionMode:196979381]: WHODAMAGEDWHOWITHBATTLEDAMAGE:PLAID AIF-42C5B LRP:146.3:Dark Bramble K_2:24.1:Dark Bramble K:39.6:PLAID AIF-42C5B LRP
[BDArmory.BDACompetitionMode:196979381]: WHODAMAGEDWHOWITHBATTLEDAMAGE:PLAID AIF-42C5B LRP_1:32426.0:Dark Bramble K_2
[BDArmory.BDACompetitionMode:196979381]: WHODAMAGEDWHOWITHBATTLEDAMAGE:Dark Bramble K:150.3:PLAID AIF-42C5B LRP
[BDArmory.BDACompetitionMode:196979381]: WHODAMAGEDWHOWITHBATTLEDAMAGE:Dark Bramble K_1:112.1:PLAID AIF-42C5B LRP_2
[BDArmory.BDACompetitionMode:196979381]: WHODAMAGEDWHOWITHBATTLEDAMAGE:Dark Bramble K_2:250.3:PLAID AIF-42C5B LRP:19.5:Dark Bramble K_3
[BDArmory.BDACompetitionMode:196979381]: WHODAMAGEDWHOWITHBATTLEDAMAGE:Dark Bramble K_3:100.1:PLAID AIF-42C5B LRP
[BDArmory.BDACompetitionMode:196979381]: KILLSTEALMISSILES:PLAID AIF-42C5B LRP:Dark Bramble K_3
[BDArmory.BDACompetitionMode:196979381]: CLEANKILLMISSILES:PLAID AIF-42C5B LRP_2:Dark Bramble K_2
[BDArmory.BDACompetitionMode:196979381]: CLEANKILLRAMMING:PLAID AIF-42C5B LRP_3:Dark Bramble K
[BDArmory.BDACompetitionMode:196979381]: HEADSHOTGUNS:Dark Bramble K:PLAID AIF-42C5B LRP_3
[BDArmory.BDACompetitionMode:196979381]: HPLEFT:PLAID AIF-42C5B LRP:0
[BDArmory.BDACompetitionMode:196979381]: HPLEFT:PLAID AIF-42C5B LRP_1:0
[BDArmory.BDACompetitionMode:196979381]: HPLEFT:PLAID AIF-42C5B LRP_2:0
[BDArmory.BDACompetitionMode:196979381]: HPLEFT:PLAID AIF-42C5B LRP_3:0
[BDArmory.BDACompetitionMode:196979381]: HPLEFT:Dark Bramble K:0
[BDArmory.BDACompetitionMode:196979381]: HPLEFT:Dark Bramble K_1:0
[BDArmory.BDACompetitionMode:196979381]: HPLEFT:Dark Bramble K_2:98.3606557377049
[BDArmory.BDACompetitionMode:196979381]: HPLEFT:Dark Bramble K_3:0
[BDArmory.BDACompetitionMode:196979381]: ACCURACY:PLAID AIF-42C5B LRP:10/120:0/0
[BDArmory.BDACompetitionMode:196979381]: ACCURACY:PLAID AIF-42C5B LRP_1:0/0:0/0
[BDArmory.BDACompetitionMode:196979381]: ACCURACY:PLAID AIF-42C5B LRP_2:7/54:0/0
[BDArmory.BDACompetitionMode:196979381]: ACCURACY:PLAID AIF-42C5B LRP_3:1/14:0/0
[BDArmory.BDACompetitionMode:196979381]: ACCURACY:Dark Bramble K:10/159:0/0
[BDArmory.BDACompetitionMode:196979381]: ACCURACY:Dark Bramble K_1:0/28:0/0
[BDArmory.BDACompetitionMode:196979381]: ACCURACY:Dark Bramble K_2:12/129:0/0
[BDArmory.BDACompetitionMode:196979381]: ACCURACY:Dark Bramble K_3:0/22:0/0
