[BDArmory.BDACompetitionMode:196999921]: Dumping Results after 118s (of 0s) at 2026-03-30 02:14:42 -04:00
[BDArmory.BDACompetitionMode:196999921]: RESULT:Win:{"team": "PLAID AIF-42C5B LRP", "members": ["PLAID AIF-42C5B LRP", "PLAID AIF-42C5B LRP_1", "PLAID AIF-42C5B LRP_2"]}
[BDArmory.BDACompetitionMode:196999921]: DEADTEAMS:[{"team": "F-42H-20 Corsair NF PLAID", "members": ["F-42H-20 Corsair NF PLAID", "F-42H-20 Corsair NF PLAID_1", "F-42H-20 Corsair NF PLAID_2"]}]
[BDArmory.BDACompetitionMode:196999921]: ALIVE:PLAID AIF-42C5B LRP
[BDArmory.BDACompetitionMode:196999921]: ALIVE:PLAID AIF-42C5B LRP_1
[BDArmory.BDACompetitionMode:196999921]: ALIVE:PLAID AIF-42C5B LRP_2
[BDArmory.BDACompetitionMode:196999921]: DEAD:2:107.0:F-42H-20 Corsair NF PLAID
[BDArmory.BDACompetitionMode:196999921]: DEAD:0:72.0:F-42H-20 Corsair NF PLAID_1
[BDArmory.BDACompetitionMode:196999921]: DEAD:1:101.0:F-42H-20 Corsair NF PLAID_2
[BDArmory.BDACompetitionMode:196999921]: WHOSHOTWHOWITHGUNS:F-42H-20 Corsair NF PLAID_2:17:PLAID AIF-42C5B LRP
[BDArmory.BDACompetitionMode:196999921]: WHODAMAGEDWHOWITHGUNS:F-42H-20 Corsair NF PLAID_2:8358.8:PLAID AIF-42C5B LRP
[BDArmory.BDACompetitionMode:196999921]: WHOHITWHOWITHMISSILES:PLAID AIF-42C5B LRP_2:2:F-42H-20 Corsair NF PLAID
[BDArmory.BDACompetitionMode:196999921]: WHOHITWHOWITHMISSILES:F-42H-20 Corsair NF PLAID:2:PLAID AIF-42C5B LRP:2:PLAID AIF-42C5B LRP_1
[BDArmory.BDACompetitionMode:196999921]: WHOHITWHOWITHMISSILES:F-42H-20 Corsair NF PLAID_1:1:PLAID AIF-42C5B LRP:1:PLAID AIF-42C5B LRP_1
[BDArmory.BDACompetitionMode:196999921]: WHOPARTSHITWHOWITHMISSILES:PLAID AIF-42C5B LRP_2:133:F-42H-20 Corsair NF PLAID
[BDArmory.BDACompetitionMode:196999921]: WHOPARTSHITWHOWITHMISSILES:F-42H-20 Corsair NF PLAID:99:PLAID AIF-42C5B LRP:185:PLAID AIF-42C5B LRP_1
[BDArmory.BDACompetitionMode:196999921]: WHOPARTSHITWHOWITHMISSILES:F-42H-20 Corsair NF PLAID_1:94:PLAID AIF-42C5B LRP:93:PLAID AIF-42C5B LRP_1
[BDArmory.BDACompetitionMode:196999921]: WHODAMAGEDWHOWITHMISSILES:PLAID AIF-42C5B LRP_2:66847.3:F-42H-20 Corsair NF PLAID
[BDArmory.BDACompetitionMode:196999921]: WHODAMAGEDWHOWITHMISSILES:F-42H-20 Corsair NF PLAID:1571.0:PLAID AIF-42C5B LRP:8511.5:PLAID AIF-42C5B LRP_1
[BDArmory.BDACompetitionMode:196999921]: WHODAMAGEDWHOWITHMISSILES:F-42H-20 Corsair NF PLAID_1:62471.5:PLAID AIF-42C5B LRP:1013.0:PLAID AIF-42C5B LRP_1
[BDArmory.BDACompetitionMode:196999921]: WHODAMAGEDWHOWITHBATTLEDAMAGE:F-42H-20 Corsair NF PLAID_2:16094.6:PLAID AIF-42C5B LRP:4628.9:F-42H-20 Corsair NF PLAID_2
[BDArmory.BDACompetitionMode:196999921]: HEADSHOTMISSILES:F-42H-20 Corsair NF PLAID:PLAID AIF-42C5B LRP
[BDArmory.BDACompetitionMode:196999921]: KILLSTEALMISSILES:F-42H-20 Corsair NF PLAID_1:PLAID AIF-42C5B LRP_1
[BDArmory.BDACompetitionMode:196999921]: CLEANKILLGUNS:F-42H-20 Corsair NF PLAID_2:PLAID AIF-42C5B LRP
[BDArmory.BDACompetitionMode:196999921]: HPLEFT:PLAID AIF-42C5B LRP:100
[BDArmory.BDACompetitionMode:196999921]: HPLEFT:PLAID AIF-42C5B LRP_1:100
[BDArmory.BDACompetitionMode:196999921]: HPLEFT:PLAID AIF-42C5B LRP_2:70
[BDArmory.BDACompetitionMode:196999921]: HPLEFT:F-42H-20 Corsair NF PLAID:0
[BDArmory.BDACompetitionMode:196999921]: HPLEFT:F-42H-20 Corsair NF PLAID_1:0
[BDArmory.BDACompetitionMode:196999921]: HPLEFT:F-42H-20 Corsair NF PLAID_2:0
[BDArmory.BDACompetitionMode:196999921]: ACCURACY:PLAID AIF-42C5B LRP:17/44:0/0
[BDArmory.BDACompetitionMode:196999921]: ACCURACY:PLAID AIF-42C5B LRP_1:0/2:0/0
[BDArmory.BDACompetitionMode:196999921]: ACCURACY:PLAID AIF-42C5B LRP_2:0/0:0/0
[BDArmory.BDACompetitionMode:196999921]: ACCURACY:F-42H-20 Corsair NF PLAID:0/0:0/0
[BDArmory.BDACompetitionMode:196999921]: ACCURACY:F-42H-20 Corsair NF PLAID_1:0/0:0/0
[BDArmory.BDACompetitionMode:196999921]: ACCURACY:F-42H-20 Corsair NF PLAID_2:0/0:0/0
