[BDArmory.BDACompetitionMode:196978970]: Dumping Results after 3s (of 0s) at 2026-03-29 20:22:59 -04:00
[BDArmory.BDACompetitionMode:196978970]: RESULT:Draw:[{"team": "AL-27 VVVV(3)", "members": ["AL-27 VVVV", "AL-27 VVVV_1", "AL-27 VVVV_2", "AL-27 VVVV_3"]}, {"team": "PLAID AIF-42C5B LRP", "members": ["PLAID AIF-42C5B LRP", "PLAID AIF-42C5B LRP_1", "PLAID AIF-42C5B LRP_2", "PLAID AIF-42C5B LRP_3"]}]
[BDArmory.BDACompetitionMode:196978970]: DEADTEAMS:[]
[BDArmory.BDACompetitionMode:196978970]: ALIVE:AL-27 VVVV
[BDArmory.BDACompetitionMode:196978970]: ALIVE:AL-27 VVVV_1
[BDArmory.BDACompetitionMode:196978970]: ALIVE:AL-27 VVVV_2
[BDArmory.BDACompetitionMode:196978970]: ALIVE:AL-27 VVVV_3
[BDArmory.BDACompetitionMode:196978970]: ALIVE:PLAID AIF-42C5B LRP
[BDArmory.BDACompetitionMode:196978970]: ALIVE:PLAID AIF-42C5B LRP_1
[BDArmory.BDACompetitionMode:196978970]: ALIVE:PLAID AIF-42C5B LRP_2
[BDArmory.BDACompetitionMode:196978970]: ALIVE:PLAID AIF-42C5B LRP_3
[BDArmory.BDACompetitionMode:196978970]: HPLEFT:AL-27 VVVV:100
[BDArmory.BDACompetitionMode:196978970]: HPLEFT:AL-27 VVVV_1:100
[BDArmory.BDACompetitionMode:196978970]: HPLEFT:AL-27 VVVV_2:100
[BDArmory.BDACompetitionMode:196978970]: HPLEFT:AL-27 VVVV_3:100
[BDArmory.BDACompetitionMode:196978970]: HPLEFT:PLAID AIF-42C5B LRP:100
[BDArmory.BDACompetitionMode:196978970]: HPLEFT:PLAID AIF-42C5B LRP_1:100
[BDArmory.BDACompetitionMode:196978970]: HPLEFT:PLAID AIF-42C5B LRP_2:100
[BDArmory.BDACompetitionMode:196978970]: HPLEFT:PLAID AIF-42C5B LRP_3:100
[BDArmory.BDACompetitionMode:196978970]: ACCURACY:AL-27 VVVV:0/0:0/0
[BDArmory.BDACompetitionMode:196978970]: ACCURACY:AL-27 VVVV_1:0/0:0/0
[BDArmory.BDACompetitionMode:196978970]: ACCURACY:AL-27 VVVV_2:0/0:0/0
[BDArmory.BDACompetitionMode:196978970]: ACCURACY:AL-27 VVVV_3:0/0:0/0
[BDArmory.BDACompetitionMode:196978970]: ACCURACY:PLAID AIF-42C5B LRP:0/0:0/0
[BDArmory.BDACompetitionMode:196978970]: ACCURACY:PLAID AIF-42C5B LRP_1:0/0:0/0
[BDArmory.BDACompetitionMode:196978970]: ACCURACY:PLAID AIF-42C5B LRP_2:0/0:0/0
[BDArmory.BDACompetitionMode:196978970]: ACCURACY:PLAID AIF-42C5B LRP_3:0/0:0/0
