[BDArmory.BDACompetitionMode:196998774]: Dumping Results after -227s (of 0s) at 2026-03-30 01:55:22 -04:00
[BDArmory.BDACompetitionMode:196998774]: RESULT:Win:{"team": "F-42H-20 Corsair NF", "members": ["F-42H-20 Corsair NF", "F-42H-20 Corsair NF_1", "F-42H-20 Corsair NF_2"]}
[BDArmory.BDACompetitionMode:196998774]: DEADTEAMS:[{"team": "PLAID AIF-42C5B LRP", "members": ["PLAID AIF-42C5B LRP", "PLAID AIF-42C5B LRP_1", "PLAID AIF-42C5B LRP_2"]}]
[BDArmory.BDACompetitionMode:196998774]: MIA:PLAID AIF-42C5B LRP
[BDArmory.BDACompetitionMode:196998774]: MIA:PLAID AIF-42C5B LRP_1
[BDArmory.BDACompetitionMode:196998774]: MIA:PLAID AIF-42C5B LRP_2
[BDArmory.BDACompetitionMode:196998774]: MIA:F-42H-20 Corsair NF
[BDArmory.BDACompetitionMode:196998774]: MIA:F-42H-20 Corsair NF_1
[BDArmory.BDACompetitionMode:196998774]: MIA:F-42H-20 Corsair NF_2
[BDArmory.BDACompetitionMode:196998774]: WHOSHOTWHOWITHGUNS:F-42H-20 Corsair NF:16:PLAID AIF-42C5B LRP
[BDArmory.BDACompetitionMode:196998774]: WHODAMAGEDWHOWITHGUNS:F-42H-20 Corsair NF:5373.1:PLAID AIF-42C5B LRP
[BDArmory.BDACompetitionMode:196998774]: WHOHITWHOWITHMISSILES:PLAID AIF-42C5B LRP_2:2:F-42H-20 Corsair NF
[BDArmory.BDACompetitionMode:196998774]: WHOHITWHOWITHMISSILES:F-42H-20 Corsair NF_1:1:PLAID AIF-42C5B LRP:1:PLAID AIF-42C5B LRP_1
[BDArmory.BDACompetitionMode:196998774]: WHOHITWHOWITHMISSILES:F-42H-20 Corsair NF_2:1:PLAID AIF-42C5B LRP_2:1:PLAID AIF-42C5B LRP_1
[BDArmory.BDACompetitionMode:196998774]: WHOPARTSHITWHOWITHMISSILES:PLAID AIF-42C5B LRP_2:133:F-42H-20 Corsair NF
[BDArmory.BDACompetitionMode:196998774]: WHOPARTSHITWHOWITHMISSILES:F-42H-20 Corsair NF_1:90:PLAID AIF-42C5B LRP:110:PLAID AIF-42C5B LRP_1
[BDArmory.BDACompetitionMode:196998774]: WHOPARTSHITWHOWITHMISSILES:F-42H-20 Corsair NF_2:100:PLAID AIF-42C5B LRP_2:59:PLAID AIF-42C5B LRP_1
[BDArmory.BDACompetitionMode:196998774]: WHODAMAGEDWHOWITHMISSILES:PLAID AIF-42C5B LRP_2:24302.8:F-42H-20 Corsair NF
[BDArmory.BDACompetitionMode:196998774]: WHODAMAGEDWHOWITHMISSILES:F-42H-20 Corsair NF_1:194950.9:PLAID AIF-42C5B LRP_1
[BDArmory.BDACompetitionMode:196998774]: WHODAMAGEDWHOWITHMISSILES:F-42H-20 Corsair NF_2:40466.1:PLAID AIF-42C5B LRP_2:48029.8:PLAID AIF-42C5B LRP_1
[BDArmory.BDACompetitionMode:196998774]: WHODAMAGEDWHOWITHBATTLEDAMAGE:PLAID AIF-42C5B LRP:1.9:PLAID AIF-42C5B LRP
[BDArmory.BDACompetitionMode:196998774]: WHODAMAGEDWHOWITHBATTLEDAMAGE:F-42H-20 Corsair NF:12887.4:PLAID AIF-42C5B LRP:12794.9:F-42H-20 Corsair NF
[BDArmory.BDACompetitionMode:196998774]: WHODAMAGEDWHOWITHBATTLEDAMAGE:F-42H-20 Corsair NF_1:23341.4:PLAID AIF-42C5B LRP_1
[BDArmory.BDACompetitionMode:196998774]: HPLEFT:PLAID AIF-42C5B LRP:0
[BDArmory.BDACompetitionMode:196998774]: HPLEFT:PLAID AIF-42C5B LRP_1:0
[BDArmory.BDACompetitionMode:196998774]: HPLEFT:PLAID AIF-42C5B LRP_2:0
[BDArmory.BDACompetitionMode:196998774]: HPLEFT:F-42H-20 Corsair NF:0
[BDArmory.BDACompetitionMode:196998774]: HPLEFT:F-42H-20 Corsair NF_1:11.1111111111111
[BDArmory.BDACompetitionMode:196998774]: HPLEFT:F-42H-20 Corsair NF_2:0
[BDArmory.BDACompetitionMode:196998774]: ACCURACY:PLAID AIF-42C5B LRP:16/114:0/0
[BDArmory.BDACompetitionMode:196998774]: ACCURACY:PLAID AIF-42C5B LRP_1:0/0:0/0
[BDArmory.BDACompetitionMode:196998774]: ACCURACY:PLAID AIF-42C5B LRP_2:0/0:0/0
[BDArmory.BDACompetitionMode:196998774]: ACCURACY:F-42H-20 Corsair NF:0/0:0/0
[BDArmory.BDACompetitionMode:196998774]: ACCURACY:F-42H-20 Corsair NF_1:0/0:0/0
[BDArmory.BDACompetitionMode:196998774]: ACCURACY:F-42H-20 Corsair NF_2:0/0:0/0
