[BDArmory.BDACompetitionMode:196998633]: Dumping Results after 68s (of 0s) at 2026-03-30 01:52:20 -04:00
[BDArmory.BDACompetitionMode:196998633]: RESULT:Draw:[{"team": "F-42H-20 Corsair NF", "members": ["F-42H-20 Corsair NF", "F-42H-20 Corsair NF_1", "F-42H-20 Corsair NF_2", "F-42H-20 Corsair NF_3"]}, {"team": "PLAID AIF-42C5B LRP", "members": ["PLAID AIF-42C5B LRP", "PLAID AIF-42C5B LRP_1", "PLAID AIF-42C5B LRP_2", "PLAID AIF-42C5B LRP_3"]}]
[BDArmory.BDACompetitionMode:196998633]: DEADTEAMS:[]
[BDArmory.BDACompetitionMode:196998633]: ALIVE:F-42H-20 Corsair NF_1
[BDArmory.BDACompetitionMode:196998633]: ALIVE:PLAID AIF-42C5B LRP
[BDArmory.BDACompetitionMode:196998633]: ALIVE:PLAID AIF-42C5B LRP_1
[BDArmory.BDACompetitionMode:196998633]: ALIVE:PLAID AIF-42C5B LRP_2
[BDArmory.BDACompetitionMode:196998633]: ALIVE:PLAID AIF-42C5B LRP_3
[BDArmory.BDACompetitionMode:196998633]: DEAD:0:24.0:F-42H-20 Corsair NF
[BDArmory.BDACompetitionMode:196998633]: DEAD:1:64.0:F-42H-20 Corsair NF_2
[BDArmory.BDACompetitionMode:196998633]: MIA:F-42H-20 Corsair NF_3
[BDArmory.BDACompetitionMode:196998633]: WHOHITWHOWITHMISSILES:F-42H-20 Corsair NF:1:PLAID AIF-42C5B LRP:1:PLAID AIF-42C5B LRP_1
[BDArmory.BDACompetitionMode:196998633]: WHOHITWHOWITHMISSILES:F-42H-20 Corsair NF_1:1:PLAID AIF-42C5B LRP_3
[BDArmory.BDACompetitionMode:196998633]: WHOHITWHOWITHMISSILES:F-42H-20 Corsair NF_2:3:PLAID AIF-42C5B LRP_2:2:PLAID AIF-42C5B LRP_1:1:PLAID AIF-42C5B LRP:1:PLAID AIF-42C5B LRP_3
[BDArmory.BDACompetitionMode:196998633]: WHOHITWHOWITHMISSILES:F-42H-20 Corsair NF_3:1:PLAID AIF-42C5B LRP_1
[BDArmory.BDACompetitionMode:196998633]: WHOHITWHOWITHMISSILES:PLAID AIF-42C5B LRP_3:1:F-42H-20 Corsair NF_3:1:F-42H-20 Corsair NF_2
[BDArmory.BDACompetitionMode:196998633]: WHOPARTSHITWHOWITHMISSILES:F-42H-20 Corsair NF:107:PLAID AIF-42C5B LRP:6:PLAID AIF-42C5B LRP_1
[BDArmory.BDACompetitionMode:196998633]: WHOPARTSHITWHOWITHMISSILES:F-42H-20 Corsair NF_1:108:PLAID AIF-42C5B LRP_3
[BDArmory.BDACompetitionMode:196998633]: WHOPARTSHITWHOWITHMISSILES:F-42H-20 Corsair NF_2:116:PLAID AIF-42C5B LRP_2:111:PLAID AIF-42C5B LRP_1:74:PLAID AIF-42C5B LRP:39:PLAID AIF-42C5B LRP_3
[BDArmory.BDACompetitionMode:196998633]: WHOPARTSHITWHOWITHMISSILES:F-42H-20 Corsair NF_3:102:PLAID AIF-42C5B LRP_1
[BDArmory.BDACompetitionMode:196998633]: WHOPARTSHITWHOWITHMISSILES:PLAID AIF-42C5B LRP_3:80:F-42H-20 Corsair NF_3:71:F-42H-20 Corsair NF_2
[BDArmory.BDACompetitionMode:196998633]: WHODAMAGEDWHOWITHMISSILES:F-42H-20 Corsair NF:189113.5:PLAID AIF-42C5B LRP:3349.8:PLAID AIF-42C5B LRP_1
[BDArmory.BDACompetitionMode:196998633]: WHODAMAGEDWHOWITHMISSILES:F-42H-20 Corsair NF_1:104945.1:PLAID AIF-42C5B LRP_3
[BDArmory.BDACompetitionMode:196998633]: WHODAMAGEDWHOWITHMISSILES:F-42H-20 Corsair NF_2:36737.5:PLAID AIF-42C5B LRP_1:34782.0:PLAID AIF-42C5B LRP:15196.4:PLAID AIF-42C5B LRP_3:2540.0:PLAID AIF-42C5B LRP_2
[BDArmory.BDACompetitionMode:196998633]: WHODAMAGEDWHOWITHMISSILES:F-42H-20 Corsair NF_3:164100.0:PLAID AIF-42C5B LRP_1
[BDArmory.BDACompetitionMode:196998633]: WHODAMAGEDWHOWITHMISSILES:PLAID AIF-42C5B LRP_3:1838.4:F-42H-20 Corsair NF_3:9556.0:F-42H-20 Corsair NF_2
[BDArmory.BDACompetitionMode:196998633]: WHODAMAGEDWHOWITHBATTLEDAMAGE:F-42H-20 Corsair NF:23602.1:PLAID AIF-42C5B LRP
[BDArmory.BDACompetitionMode:196998633]: WHODAMAGEDWHOWITHBATTLEDAMAGE:F-42H-20 Corsair NF_3:37051.8:PLAID AIF-42C5B LRP_1
[BDArmory.BDACompetitionMode:196998633]: WHODAMAGEDWHOWITHBATTLEDAMAGE:PLAID AIF-42C5B LRP_3:0.1:F-42H-20 Corsair NF_2
[BDArmory.BDACompetitionMode:196998633]: KILLSTEALMISSILES:F-42H-20 Corsair NF:PLAID AIF-42C5B LRP_1
[BDArmory.BDACompetitionMode:196998633]: KILLSTEALMISSILES:F-42H-20 Corsair NF_2:PLAID AIF-42C5B LRP_2
[BDArmory.BDACompetitionMode:196998633]: HPLEFT:F-42H-20 Corsair NF:0
[BDArmory.BDACompetitionMode:196998633]: HPLEFT:F-42H-20 Corsair NF_1:40
[BDArmory.BDACompetitionMode:196998633]: HPLEFT:F-42H-20 Corsair NF_2:0
[BDArmory.BDACompetitionMode:196998633]: HPLEFT:F-42H-20 Corsair NF_3:12.5925925925926
[BDArmory.BDACompetitionMode:196998633]: HPLEFT:PLAID AIF-42C5B LRP:100
[BDArmory.BDACompetitionMode:196998633]: HPLEFT:PLAID AIF-42C5B LRP_1:100
[BDArmory.BDACompetitionMode:196998633]: HPLEFT:PLAID AIF-42C5B LRP_2:100
[BDArmory.BDACompetitionMode:196998633]: HPLEFT:PLAID AIF-42C5B LRP_3:68.75
[BDArmory.BDACompetitionMode:196998633]: ACCURACY:F-42H-20 Corsair NF:0/0:0/0
[BDArmory.BDACompetitionMode:196998633]: ACCURACY:F-42H-20 Corsair NF_1:0/0:0/0
[BDArmory.BDACompetitionMode:196998633]: ACCURACY:F-42H-20 Corsair NF_2:0/0:0/0
[BDArmory.BDACompetitionMode:196998633]: ACCURACY:F-42H-20 Corsair NF_3:0/0:0/0
[BDArmory.BDACompetitionMode:196998633]: ACCURACY:PLAID AIF-42C5B LRP:0/0:0/0
[BDArmory.BDACompetitionMode:196998633]: ACCURACY:PLAID AIF-42C5B LRP_1:0/0:0/0
[BDArmory.BDACompetitionMode:196998633]: ACCURACY:PLAID AIF-42C5B LRP_2:0/4:0/0
[BDArmory.BDACompetitionMode:196998633]: ACCURACY:PLAID AIF-42C5B LRP_3:0/0:0/0
