[BDArmory.BDACompetitionMode:196999722]: Dumping Results after 131s (of 0s) at 2026-03-30 02:11:30 -04:00
[BDArmory.BDACompetitionMode:196999722]: RESULT:Win:{"team": "PLAID AIF-42C5B LRP", "members": ["PLAID AIF-42C5B LRP", "PLAID AIF-42C5B LRP_1", "PLAID AIF-42C5B LRP_2"]}
[BDArmory.BDACompetitionMode:196999722]: DEADTEAMS:[{"team": "F-42H-20 Corsair NF PLAID", "members": ["F-42H-20 Corsair NF PLAID", "F-42H-20 Corsair NF PLAID_1", "F-42H-20 Corsair NF PLAID_2"]}]
[BDArmory.BDACompetitionMode:196999722]: ALIVE:PLAID AIF-42C5B LRP
[BDArmory.BDACompetitionMode:196999722]: ALIVE:PLAID AIF-42C5B LRP_1
[BDArmory.BDACompetitionMode:196999722]: ALIVE:PLAID AIF-42C5B LRP_2
[BDArmory.BDACompetitionMode:196999722]: DEAD:2:121.0:F-42H-20 Corsair NF PLAID
[BDArmory.BDACompetitionMode:196999722]: DEAD:1:107.0:F-42H-20 Corsair NF PLAID_1
[BDArmory.BDACompetitionMode:196999722]: DEAD:0:71.0:F-42H-20 Corsair NF PLAID_2
[BDArmory.BDACompetitionMode:196999722]: WHOSHOTWHOWITHGUNS:F-42H-20 Corsair NF PLAID:18:PLAID AIF-42C5B LRP_2:2:PLAID AIF-42C5B LRP_1
[BDArmory.BDACompetitionMode:196999722]: WHOSHOTWHOWITHGUNS:F-42H-20 Corsair NF PLAID_1:3:PLAID AIF-42C5B LRP_2
[BDArmory.BDACompetitionMode:196999722]: WHODAMAGEDWHOWITHGUNS:F-42H-20 Corsair NF PLAID:4112.8:PLAID AIF-42C5B LRP_2:495.4:PLAID AIF-42C5B LRP_1
[BDArmory.BDACompetitionMode:196999722]: WHODAMAGEDWHOWITHGUNS:F-42H-20 Corsair NF PLAID_1:1802.9:PLAID AIF-42C5B LRP_2
[BDArmory.BDACompetitionMode:196999722]: WHOHITWHOWITHMISSILES:F-42H-20 Corsair NF PLAID:3:PLAID AIF-42C5B LRP_1
[BDArmory.BDACompetitionMode:196999722]: WHOHITWHOWITHMISSILES:F-42H-20 Corsair NF PLAID_1:4:PLAID AIF-42C5B LRP_2:1:PLAID AIF-42C5B LRP_1
[BDArmory.BDACompetitionMode:196999722]: WHOHITWHOWITHMISSILES:F-42H-20 Corsair NF PLAID_2:1:PLAID AIF-42C5B LRP:1:PLAID AIF-42C5B LRP_1
[BDArmory.BDACompetitionMode:196999722]: WHOPARTSHITWHOWITHMISSILES:F-42H-20 Corsair NF PLAID:139:PLAID AIF-42C5B LRP_1
[BDArmory.BDACompetitionMode:196999722]: WHOPARTSHITWHOWITHMISSILES:F-42H-20 Corsair NF PLAID_1:295:PLAID AIF-42C5B LRP_2:4:PLAID AIF-42C5B LRP_1
[BDArmory.BDACompetitionMode:196999722]: WHOPARTSHITWHOWITHMISSILES:F-42H-20 Corsair NF PLAID_2:99:PLAID AIF-42C5B LRP:101:PLAID AIF-42C5B LRP_1
[BDArmory.BDACompetitionMode:196999722]: WHODAMAGEDWHOWITHMISSILES:F-42H-20 Corsair NF PLAID:39236.7:PLAID AIF-42C5B LRP_1
[BDArmory.BDACompetitionMode:196999722]: WHODAMAGEDWHOWITHMISSILES:F-42H-20 Corsair NF PLAID_1:58856.9:PLAID AIF-42C5B LRP_2:7857.2:PLAID AIF-42C5B LRP_1
[BDArmory.BDACompetitionMode:196999722]: WHODAMAGEDWHOWITHMISSILES:F-42H-20 Corsair NF PLAID_2:21575.5:PLAID AIF-42C5B LRP:62243.9:PLAID AIF-42C5B LRP_1
[BDArmory.BDACompetitionMode:196999722]: WHODAMAGEDWHOWITHBATTLEDAMAGE:F-42H-20 Corsair NF PLAID:215.5:PLAID AIF-42C5B LRP_2:395.1:F-42H-20 Corsair NF PLAID
[BDArmory.BDACompetitionMode:196999722]: WHODAMAGEDWHOWITHBATTLEDAMAGE:F-42H-20 Corsair NF PLAID_1:12709.1:PLAID AIF-42C5B LRP_2:686.7:F-42H-20 Corsair NF PLAID_1
[BDArmory.BDACompetitionMode:196999722]: KILLSTEALGUNS:F-42H-20 Corsair NF PLAID:PLAID AIF-42C5B LRP_2
[BDArmory.BDACompetitionMode:196999722]: KILLSTEALMISSILES:F-42H-20 Corsair NF PLAID_1:PLAID AIF-42C5B LRP_1
[BDArmory.BDACompetitionMode:196999722]: KILLSTEALMISSILES:F-42H-20 Corsair NF PLAID_2:PLAID AIF-42C5B LRP_1
[BDArmory.BDACompetitionMode:196999722]: HPLEFT:F-42H-20 Corsair NF PLAID:0
[BDArmory.BDACompetitionMode:196999722]: HPLEFT:F-42H-20 Corsair NF PLAID_1:0
[BDArmory.BDACompetitionMode:196999722]: HPLEFT:F-42H-20 Corsair NF PLAID_2:0
[BDArmory.BDACompetitionMode:196999722]: HPLEFT:PLAID AIF-42C5B LRP:87.5
[BDArmory.BDACompetitionMode:196999722]: HPLEFT:PLAID AIF-42C5B LRP_1:100
[BDArmory.BDACompetitionMode:196999722]: HPLEFT:PLAID AIF-42C5B LRP_2:98.75
[BDArmory.BDACompetitionMode:196999722]: ACCURACY:F-42H-20 Corsair NF PLAID:0/0:0/0
[BDArmory.BDACompetitionMode:196999722]: ACCURACY:F-42H-20 Corsair NF PLAID_1:0/0:0/0
[BDArmory.BDACompetitionMode:196999722]: ACCURACY:F-42H-20 Corsair NF PLAID_2:0/0:0/0
[BDArmory.BDACompetitionMode:196999722]: ACCURACY:PLAID AIF-42C5B LRP:0/36:0/0
[BDArmory.BDACompetitionMode:196999722]: ACCURACY:PLAID AIF-42C5B LRP_1:2/27:0/0
[BDArmory.BDACompetitionMode:196999722]: ACCURACY:PLAID AIF-42C5B LRP_2:21/166:0/0
