[BDArmory.BDACompetitionMode:196980179]: Dumping Results after -135s (of 0s) at 2026-03-29 20:45:47 -04:00
[BDArmory.BDACompetitionMode:196980179]: RESULT:Win:{"team": "Dark Bramble K", "members": ["Dark Bramble K", "Dark Bramble K_1", "Dark Bramble K_2", "Dark Bramble K_3"]}
[BDArmory.BDACompetitionMode:196980179]: DEADTEAMS:[{"team": "PLAID AIF-42C5B1 LRP", "members": ["PLAID AIF-42C5B1 LRP", "PLAID AIF-42C5B1 LRP_1", "PLAID AIF-42C5B1 LRP_2", "PLAID AIF-42C5B1 LRP_3"]}]
[BDArmory.BDACompetitionMode:196980179]: ALIVE:Dark Bramble K_3
[BDArmory.BDACompetitionMode:196980179]: MIA:Dark Bramble K
[BDArmory.BDACompetitionMode:196980179]: DEAD:0:78.0:Dark Bramble K_1
[BDArmory.BDACompetitionMode:196980179]: DEAD:2:120.0:Dark Bramble K_2
[BDArmory.BDACompetitionMode:196980179]: DEAD:3:128.0:PLAID AIF-42C5B1 LRP
[BDArmory.BDACompetitionMode:196980179]: MIA:PLAID AIF-42C5B1 LRP_1
[BDArmory.BDACompetitionMode:196980179]: DEAD:1:108.0:PLAID AIF-42C5B1 LRP_2
[BDArmory.BDACompetitionMode:196980179]: MIA:PLAID AIF-42C5B1 LRP_3
[BDArmory.BDACompetitionMode:196980179]: WHOSHOTWHOWITHGUNS:Dark Bramble K:15:PLAID AIF-42C5B1 LRP_1
[BDArmory.BDACompetitionMode:196980179]: WHOSHOTWHOWITHGUNS:Dark Bramble K_3:9:PLAID AIF-42C5B1 LRP:9:PLAID AIF-42C5B1 LRP_2
[BDArmory.BDACompetitionMode:196980179]: WHOSHOTWHOWITHGUNS:PLAID AIF-42C5B1 LRP:6:Dark Bramble K_3
[BDArmory.BDACompetitionMode:196980179]: WHOSHOTWHOWITHGUNS:PLAID AIF-42C5B1 LRP_1:6:Dark Bramble K:9:Dark Bramble K_3
[BDArmory.BDACompetitionMode:196980179]: WHOSHOTWHOWITHGUNS:PLAID AIF-42C5B1 LRP_2:15:Dark Bramble K:13:Dark Bramble K_3
[BDArmory.BDACompetitionMode:196980179]: WHODAMAGEDWHOWITHGUNS:Dark Bramble K:4746.0:PLAID AIF-42C5B1 LRP_1
[BDArmory.BDACompetitionMode:196980179]: WHODAMAGEDWHOWITHGUNS:Dark Bramble K_3:3136.8:PLAID AIF-42C5B1 LRP:2126.3:PLAID AIF-42C5B1 LRP_2
[BDArmory.BDACompetitionMode:196980179]: WHODAMAGEDWHOWITHGUNS:PLAID AIF-42C5B1 LRP:757.7:Dark Bramble K_3
[BDArmory.BDACompetitionMode:196980179]: WHODAMAGEDWHOWITHGUNS:PLAID AIF-42C5B1 LRP_1:421.6:Dark Bramble K:1381.9:Dark Bramble K_3
[BDArmory.BDACompetitionMode:196980179]: WHODAMAGEDWHOWITHGUNS:PLAID AIF-42C5B1 LRP_2:1969.5:Dark Bramble K:2005.8:Dark Bramble K_3
[BDArmory.BDACompetitionMode:196980179]: WHOHITWHOWITHMISSILES:Dark Bramble K:1:PLAID AIF-42C5B1 LRP_3
[BDArmory.BDACompetitionMode:196980179]: WHOHITWHOWITHMISSILES:Dark Bramble K_1:1:PLAID AIF-42C5B1 LRP_3
[BDArmory.BDACompetitionMode:196980179]: WHOHITWHOWITHMISSILES:Dark Bramble K_2:1:PLAID AIF-42C5B1 LRP_3
[BDArmory.BDACompetitionMode:196980179]: WHOHITWHOWITHMISSILES:Dark Bramble K_3:1:Dark Bramble K
[BDArmory.BDACompetitionMode:196980179]: WHOHITWHOWITHMISSILES:PLAID AIF-42C5B1 LRP:2:Dark Bramble K
[BDArmory.BDACompetitionMode:196980179]: WHOHITWHOWITHMISSILES:PLAID AIF-42C5B1 LRP_1:1:Dark Bramble K_3
[BDArmory.BDACompetitionMode:196980179]: WHOHITWHOWITHMISSILES:PLAID AIF-42C5B1 LRP_3:1:Dark Bramble K
[BDArmory.BDACompetitionMode:196980179]: WHOPARTSHITWHOWITHMISSILES:Dark Bramble K:1:PLAID AIF-42C5B1 LRP_3
[BDArmory.BDACompetitionMode:196980179]: WHOPARTSHITWHOWITHMISSILES:Dark Bramble K_1:60:PLAID AIF-42C5B1 LRP_3
[BDArmory.BDACompetitionMode:196980179]: WHOPARTSHITWHOWITHMISSILES:Dark Bramble K_2:56:PLAID AIF-42C5B1 LRP_3
[BDArmory.BDACompetitionMode:196980179]: WHOPARTSHITWHOWITHMISSILES:Dark Bramble K_3:38:Dark Bramble K
[BDArmory.BDACompetitionMode:196980179]: WHOPARTSHITWHOWITHMISSILES:PLAID AIF-42C5B1 LRP:122:Dark Bramble K
[BDArmory.BDACompetitionMode:196980179]: WHOPARTSHITWHOWITHMISSILES:PLAID AIF-42C5B1 LRP_1:76:Dark Bramble K_3
[BDArmory.BDACompetitionMode:196980179]: WHOPARTSHITWHOWITHMISSILES:PLAID AIF-42C5B1 LRP_3:72:Dark Bramble K
[BDArmory.BDACompetitionMode:196980179]: WHODAMAGEDWHOWITHMISSILES:Dark Bramble K_1:24182.6:PLAID AIF-42C5B1 LRP_3
[BDArmory.BDACompetitionMode:196980179]: WHODAMAGEDWHOWITHMISSILES:Dark Bramble K_2:30445.6:PLAID AIF-42C5B1 LRP_3
[BDArmory.BDACompetitionMode:196980179]: WHODAMAGEDWHOWITHMISSILES:PLAID AIF-42C5B1 LRP:42994.2:Dark Bramble K
[BDArmory.BDACompetitionMode:196980179]: WHODAMAGEDWHOWITHMISSILES:PLAID AIF-42C5B1 LRP_1:18909.8:Dark Bramble K_3
[BDArmory.BDACompetitionMode:196980179]: WHODAMAGEDWHOWITHMISSILES:PLAID AIF-42C5B1 LRP_3:24449.9:Dark Bramble K
[BDArmory.BDACompetitionMode:196980179]: WHODAMAGEDWHOWITHBATTLEDAMAGE:Dark Bramble K:59.1:PLAID AIF-42C5B1 LRP_1:425.6:Dark Bramble K
[BDArmory.BDACompetitionMode:196980179]: WHODAMAGEDWHOWITHBATTLEDAMAGE:Dark Bramble K_3:0.5:PLAID AIF-42C5B1 LRP:50.1:PLAID AIF-42C5B1 LRP_2
[BDArmory.BDACompetitionMode:196980179]: WHODAMAGEDWHOWITHBATTLEDAMAGE:PLAID AIF-42C5B1 LRP:23936.6:Dark Bramble K_3
[BDArmory.BDACompetitionMode:196980179]: WHODAMAGEDWHOWITHBATTLEDAMAGE:PLAID AIF-42C5B1 LRP_1:153.4:Dark Bramble K_3:20795.1:PLAID AIF-42C5B1 LRP_1
[BDArmory.BDACompetitionMode:196980179]: WHODAMAGEDWHOWITHBATTLEDAMAGE:PLAID AIF-42C5B1 LRP_2:442.7:Dark Bramble K:209.1:Dark Bramble K_3
[BDArmory.BDACompetitionMode:196980179]: HEADSHOTGUNS:PLAID AIF-42C5B1 LRP:Dark Bramble K_3
[BDArmory.BDACompetitionMode:196980179]: HEADSHOTGUNS:PLAID AIF-42C5B1 LRP_2:Dark Bramble K_3
[BDArmory.BDACompetitionMode:196980179]: HPLEFT:Dark Bramble K:0
[BDArmory.BDACompetitionMode:196980179]: HPLEFT:Dark Bramble K_1:0
[BDArmory.BDACompetitionMode:196980179]: HPLEFT:Dark Bramble K_2:0
[BDArmory.BDACompetitionMode:196980179]: HPLEFT:Dark Bramble K_3:91.8032786885246
[BDArmory.BDACompetitionMode:196980179]: HPLEFT:PLAID AIF-42C5B1 LRP:0
[BDArmory.BDACompetitionMode:196980179]: HPLEFT:PLAID AIF-42C5B1 LRP_1:0
[BDArmory.BDACompetitionMode:196980179]: HPLEFT:PLAID AIF-42C5B1 LRP_2:0
[BDArmory.BDACompetitionMode:196980179]: HPLEFT:PLAID AIF-42C5B1 LRP_3:0
[BDArmory.BDACompetitionMode:196980179]: ACCURACY:Dark Bramble K:21/156:0/0
[BDArmory.BDACompetitionMode:196980179]: ACCURACY:Dark Bramble K_1:0/0:0/0
[BDArmory.BDACompetitionMode:196980179]: ACCURACY:Dark Bramble K_2:0/0:0/0
[BDArmory.BDACompetitionMode:196980179]: ACCURACY:Dark Bramble K_3:28/247:0/0
[BDArmory.BDACompetitionMode:196980179]: ACCURACY:PLAID AIF-42C5B1 LRP:9/48:0/0
[BDArmory.BDACompetitionMode:196980179]: ACCURACY:PLAID AIF-42C5B1 LRP_1:15/186:0/0
[BDArmory.BDACompetitionMode:196980179]: ACCURACY:PLAID AIF-42C5B1 LRP_2:9/118:0/0
[BDArmory.BDACompetitionMode:196980179]: ACCURACY:PLAID AIF-42C5B1 LRP_3:0/0:0/0
