[BDArmory.BDACompetitionMode:196979002]: Dumping Results after 126s (of 0s) at 2026-03-29 20:25:41 -04:00
[BDArmory.BDACompetitionMode:196979002]: RESULT:Win:{"team": "PLAID AIF-42C5B LRP", "members": ["PLAID AIF-42C5B LRP", "PLAID AIF-42C5B LRP_1", "PLAID AIF-42C5B LRP_2"]}
[BDArmory.BDACompetitionMode:196979002]: DEADTEAMS:[{"team": "Dark Bramble K", "members": ["Dark Bramble K", "Dark Bramble K_1", "Dark Bramble K_2"]}]
[BDArmory.BDACompetitionMode:196979002]: ALIVE:PLAID AIF-42C5B LRP_1
[BDArmory.BDACompetitionMode:196979002]: ALIVE:PLAID AIF-42C5B LRP_2
[BDArmory.BDACompetitionMode:196979002]: DEAD:3:117.0:PLAID AIF-42C5B LRP
[BDArmory.BDACompetitionMode:196979002]: DEAD:2:115.0:Dark Bramble K
[BDArmory.BDACompetitionMode:196979002]: DEAD:1:111.0:Dark Bramble K_1
[BDArmory.BDACompetitionMode:196979002]: DEAD:0:80.0:Dark Bramble K_2
[BDArmory.BDACompetitionMode:196979002]: WHOSHOTWHOWITHGUNS:Dark Bramble K:15:PLAID AIF-42C5B LRP_1:4:PLAID AIF-42C5B LRP:2:PLAID AIF-42C5B LRP_2
[BDArmory.BDACompetitionMode:196979002]: WHOSHOTWHOWITHGUNS:Dark Bramble K_1:1:PLAID AIF-42C5B LRP_2
[BDArmory.BDACompetitionMode:196979002]: WHODAMAGEDWHOWITHGUNS:Dark Bramble K:3202.9:PLAID AIF-42C5B LRP_1:1072.6:PLAID AIF-42C5B LRP:33.8:PLAID AIF-42C5B LRP_2
[BDArmory.BDACompetitionMode:196979002]: WHODAMAGEDWHOWITHGUNS:Dark Bramble K_1:245.0:PLAID AIF-42C5B LRP_2
[BDArmory.BDACompetitionMode:196979002]: WHOHITWHOWITHMISSILES:Dark Bramble K:2:PLAID AIF-42C5B LRP_2
[BDArmory.BDACompetitionMode:196979002]: WHOHITWHOWITHMISSILES:Dark Bramble K_1:2:PLAID AIF-42C5B LRP
[BDArmory.BDACompetitionMode:196979002]: WHOHITWHOWITHMISSILES:Dark Bramble K_2:1:PLAID AIF-42C5B LRP_2
[BDArmory.BDACompetitionMode:196979002]: WHOPARTSHITWHOWITHMISSILES:Dark Bramble K:86:PLAID AIF-42C5B LRP_2
[BDArmory.BDACompetitionMode:196979002]: WHOPARTSHITWHOWITHMISSILES:Dark Bramble K_1:77:PLAID AIF-42C5B LRP
[BDArmory.BDACompetitionMode:196979002]: WHOPARTSHITWHOWITHMISSILES:Dark Bramble K_2:61:PLAID AIF-42C5B LRP_2
[BDArmory.BDACompetitionMode:196979002]: WHODAMAGEDWHOWITHMISSILES:Dark Bramble K:21529.8:PLAID AIF-42C5B LRP_2
[BDArmory.BDACompetitionMode:196979002]: WHODAMAGEDWHOWITHMISSILES:Dark Bramble K_1:47539.4:PLAID AIF-42C5B LRP
[BDArmory.BDACompetitionMode:196979002]: WHODAMAGEDWHOWITHMISSILES:Dark Bramble K_2:25962.3:PLAID AIF-42C5B LRP_2
[BDArmory.BDACompetitionMode:196979002]: WHORAMMEDWHO:PLAID AIF-42C5B LRP:11:Dark Bramble K
[BDArmory.BDACompetitionMode:196979002]: WHODAMAGEDWHOWITHBATTLEDAMAGE:Dark Bramble K:11.0:PLAID AIF-42C5B LRP:50.1:PLAID AIF-42C5B LRP_1
[BDArmory.BDACompetitionMode:196979002]: WHODAMAGEDWHOWITHBATTLEDAMAGE:Dark Bramble K_2:990.7:PLAID AIF-42C5B LRP_2
[BDArmory.BDACompetitionMode:196979002]: HEADSHOTGUNS:Dark Bramble K:PLAID AIF-42C5B LRP_2
[BDArmory.BDACompetitionMode:196979002]: HPLEFT:PLAID AIF-42C5B LRP:0
[BDArmory.BDACompetitionMode:196979002]: HPLEFT:PLAID AIF-42C5B LRP_1:100
[BDArmory.BDACompetitionMode:196979002]: HPLEFT:PLAID AIF-42C5B LRP_2:100
[BDArmory.BDACompetitionMode:196979002]: HPLEFT:Dark Bramble K:0
[BDArmory.BDACompetitionMode:196979002]: HPLEFT:Dark Bramble K_1:0
[BDArmory.BDACompetitionMode:196979002]: HPLEFT:Dark Bramble K_2:0
[BDArmory.BDACompetitionMode:196979002]: ACCURACY:PLAID AIF-42C5B LRP:4/53:0/0
[BDArmory.BDACompetitionMode:196979002]: ACCURACY:PLAID AIF-42C5B LRP_1:15/133:0/0
[BDArmory.BDACompetitionMode:196979002]: ACCURACY:PLAID AIF-42C5B LRP_2:3/32:0/0
[BDArmory.BDACompetitionMode:196979002]: ACCURACY:Dark Bramble K:0/1:0/0
[BDArmory.BDACompetitionMode:196979002]: ACCURACY:Dark Bramble K_1:0/0:0/0
[BDArmory.BDACompetitionMode:196979002]: ACCURACY:Dark Bramble K_2:0/0:0/0
