[BDArmory.BDACompetitionMode:196999285]: Dumping Results after 116s (of 0s) at 2026-03-30 02:03:56 -04:00
[BDArmory.BDACompetitionMode:196999285]: RESULT:Win:{"team": "PLAID AIF-42C5B LRP", "members": ["PLAID AIF-42C5B LRP", "PLAID AIF-42C5B LRP_1", "PLAID AIF-42C5B LRP_2"]}
[BDArmory.BDACompetitionMode:196999285]: DEADTEAMS:[{"team": "F-42H-20 Corsair NF PLAID", "members": ["F-42H-20 Corsair NF PLAID", "F-42H-20 Corsair NF PLAID_1", "F-42H-20 Corsair NF PLAID_2"]}]
[BDArmory.BDACompetitionMode:196999285]: ALIVE:PLAID AIF-42C5B LRP
[BDArmory.BDACompetitionMode:196999285]: ALIVE:PLAID AIF-42C5B LRP_1
[BDArmory.BDACompetitionMode:196999285]: MIA:PLAID AIF-42C5B LRP_2
[BDArmory.BDACompetitionMode:196999285]: DEAD:2:113.0:F-42H-20 Corsair NF PLAID
[BDArmory.BDACompetitionMode:196999285]: DEAD:1:103.0:F-42H-20 Corsair NF PLAID_1
[BDArmory.BDACompetitionMode:196999285]: DEAD:0:87.0:F-42H-20 Corsair NF PLAID_2
[BDArmory.BDACompetitionMode:196999285]: WHOSHOTWHOWITHGUNS:F-42H-20 Corsair NF PLAID:7:PLAID AIF-42C5B LRP_1
[BDArmory.BDACompetitionMode:196999285]: WHODAMAGEDWHOWITHGUNS:F-42H-20 Corsair NF PLAID:1931.3:PLAID AIF-42C5B LRP_1
[BDArmory.BDACompetitionMode:196999285]: WHODAMAGEDWHOWITHGUNS:F-42H-20 Corsair NF PLAID_1:41.7:PLAID AIF-42C5B LRP
[BDArmory.BDACompetitionMode:196999285]: WHOHITWHOWITHMISSILES:PLAID AIF-42C5B LRP_2:1:F-42H-20 Corsair NF PLAID:1:F-42H-20 Corsair NF PLAID_1
[BDArmory.BDACompetitionMode:196999285]: WHOHITWHOWITHMISSILES:F-42H-20 Corsair NF PLAID_1:2:PLAID AIF-42C5B LRP_1:2:PLAID AIF-42C5B LRP
[BDArmory.BDACompetitionMode:196999285]: WHOHITWHOWITHMISSILES:F-42H-20 Corsair NF PLAID_2:1:PLAID AIF-42C5B LRP_2
[BDArmory.BDACompetitionMode:196999285]: WHOPARTSHITWHOWITHMISSILES:PLAID AIF-42C5B LRP_2:75:F-42H-20 Corsair NF PLAID:57:F-42H-20 Corsair NF PLAID_1
[BDArmory.BDACompetitionMode:196999285]: WHOPARTSHITWHOWITHMISSILES:F-42H-20 Corsair NF PLAID_1:185:PLAID AIF-42C5B LRP_1:195:PLAID AIF-42C5B LRP
[BDArmory.BDACompetitionMode:196999285]: WHOPARTSHITWHOWITHMISSILES:F-42H-20 Corsair NF PLAID_2:110:PLAID AIF-42C5B LRP_2
[BDArmory.BDACompetitionMode:196999285]: WHODAMAGEDWHOWITHMISSILES:PLAID AIF-42C5B LRP_2:21650.4:F-42H-20 Corsair NF PLAID:9918.0:F-42H-20 Corsair NF PLAID_1
[BDArmory.BDACompetitionMode:196999285]: WHODAMAGEDWHOWITHMISSILES:F-42H-20 Corsair NF PLAID_1:2907.5:PLAID AIF-42C5B LRP_1:49530.8:PLAID AIF-42C5B LRP
[BDArmory.BDACompetitionMode:196999285]: WHODAMAGEDWHOWITHMISSILES:F-42H-20 Corsair NF PLAID_2:152621.3:PLAID AIF-42C5B LRP_2
[BDArmory.BDACompetitionMode:196999285]: WHODAMAGEDWHOWITHBATTLEDAMAGE:F-42H-20 Corsair NF PLAID:3.3:PLAID AIF-42C5B LRP_1:3259.6:F-42H-20 Corsair NF PLAID
[BDArmory.BDACompetitionMode:196999285]: WHODAMAGEDWHOWITHBATTLEDAMAGE:F-42H-20 Corsair NF PLAID_1:3060.3:PLAID AIF-42C5B LRP:3265.1:F-42H-20 Corsair NF PLAID_1
[BDArmory.BDACompetitionMode:196999285]: CLEANKILLGUNS:F-42H-20 Corsair NF PLAID:PLAID AIF-42C5B LRP_1
[BDArmory.BDACompetitionMode:196999285]: KILLSTEALGUNS:F-42H-20 Corsair NF PLAID_1:PLAID AIF-42C5B LRP
[BDArmory.BDACompetitionMode:196999285]: CLEANKILLMISSILES:F-42H-20 Corsair NF PLAID_2:PLAID AIF-42C5B LRP_2
[BDArmory.BDACompetitionMode:196999285]: HPLEFT:PLAID AIF-42C5B LRP:100
[BDArmory.BDACompetitionMode:196999285]: HPLEFT:PLAID AIF-42C5B LRP_1:100
[BDArmory.BDACompetitionMode:196999285]: HPLEFT:PLAID AIF-42C5B LRP_2:20
[BDArmory.BDACompetitionMode:196999285]: HPLEFT:F-42H-20 Corsair NF PLAID:0
[BDArmory.BDACompetitionMode:196999285]: HPLEFT:F-42H-20 Corsair NF PLAID_1:0
[BDArmory.BDACompetitionMode:196999285]: HPLEFT:F-42H-20 Corsair NF PLAID_2:0
[BDArmory.BDACompetitionMode:196999285]: ACCURACY:PLAID AIF-42C5B LRP:0/79:0/0
[BDArmory.BDACompetitionMode:196999285]: ACCURACY:PLAID AIF-42C5B LRP_1:7/76:0/0
[BDArmory.BDACompetitionMode:196999285]: ACCURACY:PLAID AIF-42C5B LRP_2:0/0:0/0
[BDArmory.BDACompetitionMode:196999285]: ACCURACY:F-42H-20 Corsair NF PLAID:0/8:0/0
[BDArmory.BDACompetitionMode:196999285]: ACCURACY:F-42H-20 Corsair NF PLAID_1:0/0:0/0
[BDArmory.BDACompetitionMode:196999285]: ACCURACY:F-42H-20 Corsair NF PLAID_2:0/0:0/0
