[BDArmory.BDACompetitionMode:197000486]: Dumping Results after 128s (of 0s) at 2026-03-30 02:24:32 -04:00
[BDArmory.BDACompetitionMode:197000486]: RESULT:Draw:[{"team": "F-42H-20 Corsair NF PLAID", "members": ["F-42H-20 Corsair NF PLAID", "F-42H-20 Corsair NF PLAID_1", "F-42H-20 Corsair NF PLAID_2"]}, {"team": "F-42H-20 Corsair NF", "members": ["F-42H-20 Corsair NF", "F-42H-20 Corsair NF_1", "F-42H-20 Corsair NF_2"]}]
[BDArmory.BDACompetitionMode:197000486]: DEADTEAMS:[]
[BDArmory.BDACompetitionMode:197000486]: ALIVE:F-42H-20 Corsair NF PLAID
[BDArmory.BDACompetitionMode:197000486]: MIA:F-42H-20 Corsair NF PLAID_1
[BDArmory.BDACompetitionMode:197000486]: DEAD:0:93.0:F-42H-20 Corsair NF PLAID_2
[BDArmory.BDACompetitionMode:197000486]: DEAD:1:109.0:F-42H-20 Corsair NF
[BDArmory.BDACompetitionMode:197000486]: MIA:F-42H-20 Corsair NF_1
[BDArmory.BDACompetitionMode:197000486]: DEAD:2:120.0:F-42H-20 Corsair NF_2
[BDArmory.BDACompetitionMode:197000486]: WHOSHOTWHOWITHGUNS:F-42H-20 Corsair NF PLAID_1:6:F-42H-20 Corsair NF
[BDArmory.BDACompetitionMode:197000486]: WHOSHOTWHOWITHGUNS:F-42H-20 Corsair NF PLAID_2:20:F-42H-20 Corsair NF
[BDArmory.BDACompetitionMode:197000486]: WHOSHOTWHOWITHGUNS:F-42H-20 Corsair NF:21:F-42H-20 Corsair NF PLAID_1
[BDArmory.BDACompetitionMode:197000486]: WHOSHOTWHOWITHGUNS:F-42H-20 Corsair NF_2:13:F-42H-20 Corsair NF PLAID
[BDArmory.BDACompetitionMode:197000486]: WHODAMAGEDWHOWITHGUNS:F-42H-20 Corsair NF PLAID_1:1849.5:F-42H-20 Corsair NF
[BDArmory.BDACompetitionMode:197000486]: WHODAMAGEDWHOWITHGUNS:F-42H-20 Corsair NF PLAID_2:8662.7:F-42H-20 Corsair NF
[BDArmory.BDACompetitionMode:197000486]: WHODAMAGEDWHOWITHGUNS:F-42H-20 Corsair NF:5718.6:F-42H-20 Corsair NF PLAID_1
[BDArmory.BDACompetitionMode:197000486]: WHODAMAGEDWHOWITHGUNS:F-42H-20 Corsair NF_2:3384.2:F-42H-20 Corsair NF PLAID
[BDArmory.BDACompetitionMode:197000486]: WHOHITWHOWITHMISSILES:F-42H-20 Corsair NF PLAID:1:F-42H-20 Corsair NF
[BDArmory.BDACompetitionMode:197000486]: WHOHITWHOWITHMISSILES:F-42H-20 Corsair NF PLAID_1:1:F-42H-20 Corsair NF_2
[BDArmory.BDACompetitionMode:197000486]: WHOHITWHOWITHMISSILES:F-42H-20 Corsair NF PLAID_2:1:F-42H-20 Corsair NF
[BDArmory.BDACompetitionMode:197000486]: WHOHITWHOWITHMISSILES:F-42H-20 Corsair NF_1:2:F-42H-20 Corsair NF PLAID:1:F-42H-20 Corsair NF PLAID_1
[BDArmory.BDACompetitionMode:197000486]: WHOHITWHOWITHMISSILES:F-42H-20 Corsair NF_2:1:F-42H-20 Corsair NF PLAID_2
[BDArmory.BDACompetitionMode:197000486]: WHOPARTSHITWHOWITHMISSILES:F-42H-20 Corsair NF PLAID:86:F-42H-20 Corsair NF
[BDArmory.BDACompetitionMode:197000486]: WHOPARTSHITWHOWITHMISSILES:F-42H-20 Corsair NF PLAID_1:86:F-42H-20 Corsair NF_2
[BDArmory.BDACompetitionMode:197000486]: WHOPARTSHITWHOWITHMISSILES:F-42H-20 Corsair NF PLAID_2:93:F-42H-20 Corsair NF
[BDArmory.BDACompetitionMode:197000486]: WHOPARTSHITWHOWITHMISSILES:F-42H-20 Corsair NF_1:177:F-42H-20 Corsair NF PLAID:91:F-42H-20 Corsair NF PLAID_1
[BDArmory.BDACompetitionMode:197000486]: WHOPARTSHITWHOWITHMISSILES:F-42H-20 Corsair NF_2:107:F-42H-20 Corsair NF PLAID_2
[BDArmory.BDACompetitionMode:197000486]: WHODAMAGEDWHOWITHMISSILES:F-42H-20 Corsair NF_1:12379.5:F-42H-20 Corsair NF PLAID
[BDArmory.BDACompetitionMode:197000486]: WHODAMAGEDWHOWITHMISSILES:F-42H-20 Corsair NF_2:21996.1:F-42H-20 Corsair NF PLAID_2
[BDArmory.BDACompetitionMode:197000486]: WHODAMAGEDWHOWITHBATTLEDAMAGE:F-42H-20 Corsair NF PLAID_1:395.1:F-42H-20 Corsair NF:671.9:F-42H-20 Corsair NF PLAID_1
[BDArmory.BDACompetitionMode:197000486]: WHODAMAGEDWHOWITHBATTLEDAMAGE:F-42H-20 Corsair NF PLAID_2:70.3:F-42H-20 Corsair NF:3758.5:F-42H-20 Corsair NF PLAID_2
[BDArmory.BDACompetitionMode:197000486]: WHODAMAGEDWHOWITHBATTLEDAMAGE:F-42H-20 Corsair NF:884.1:F-42H-20 Corsair NF PLAID_1:22914.6:F-42H-20 Corsair NF
[BDArmory.BDACompetitionMode:197000486]: WHODAMAGEDWHOWITHBATTLEDAMAGE:F-42H-20 Corsair NF_2:85.1:F-42H-20 Corsair NF PLAID:3548.5:F-42H-20 Corsair NF_2
[BDArmory.BDACompetitionMode:197000486]: CLEANKILLGUNS:F-42H-20 Corsair NF PLAID_2:F-42H-20 Corsair NF
[BDArmory.BDACompetitionMode:197000486]: HEADSHOTGUNS:F-42H-20 Corsair NF_2:F-42H-20 Corsair NF PLAID
[BDArmory.BDACompetitionMode:197000486]: HPLEFT:F-42H-20 Corsair NF PLAID:100
[BDArmory.BDACompetitionMode:197000486]: HPLEFT:F-42H-20 Corsair NF PLAID_1:10.3703703703704
[BDArmory.BDACompetitionMode:197000486]: HPLEFT:F-42H-20 Corsair NF PLAID_2:0
[BDArmory.BDACompetitionMode:197000486]: HPLEFT:F-42H-20 Corsair NF:0
[BDArmory.BDACompetitionMode:197000486]: HPLEFT:F-42H-20 Corsair NF_1:12.5925925925926
[BDArmory.BDACompetitionMode:197000486]: HPLEFT:F-42H-20 Corsair NF_2:0
[BDArmory.BDACompetitionMode:197000486]: ACCURACY:F-42H-20 Corsair NF PLAID:13/42:0/0
[BDArmory.BDACompetitionMode:197000486]: ACCURACY:F-42H-20 Corsair NF PLAID_1:21/40:0/0
[BDArmory.BDACompetitionMode:197000486]: ACCURACY:F-42H-20 Corsair NF PLAID_2:0/0:0/0
[BDArmory.BDACompetitionMode:197000486]: ACCURACY:F-42H-20 Corsair NF:26/137:0/0
[BDArmory.BDACompetitionMode:197000486]: ACCURACY:F-42H-20 Corsair NF_1:0/0:0/0
[BDArmory.BDACompetitionMode:197000486]: ACCURACY:F-42H-20 Corsair NF_2:0/8:0/0
