[BDArmory.BDACompetitionMode:197000207]: Dumping Results after 152s (of 0s) at 2026-03-30 02:20:49 -04:00
[BDArmory.BDACompetitionMode:197000207]: RESULT:Win:{"team": "F-42H-20 Corsair NF", "members": ["F-42H-20 Corsair NF", "F-42H-20 Corsair NF_1", "F-42H-20 Corsair NF_2"]}
[BDArmory.BDACompetitionMode:197000207]: DEADTEAMS:[{"team": "F-42H-20 Corsair NF PLAID", "members": ["F-42H-20 Corsair NF PLAID", "F-42H-20 Corsair NF PLAID_1", "F-42H-20 Corsair NF PLAID_2"]}]
[BDArmory.BDACompetitionMode:197000207]: ALIVE:F-42H-20 Corsair NF
[BDArmory.BDACompetitionMode:197000207]: DEAD:2:142.0:F-42H-20 Corsair NF_1
[BDArmory.BDACompetitionMode:197000207]: DEAD:3:146.0:F-42H-20 Corsair NF_2
[BDArmory.BDACompetitionMode:197000207]: DEAD:0:120.0:F-42H-20 Corsair NF PLAID
[BDArmory.BDACompetitionMode:197000207]: DEAD:4:146.0:F-42H-20 Corsair NF PLAID_1
[BDArmory.BDACompetitionMode:197000207]: DEAD:1:141.0:F-42H-20 Corsair NF PLAID_2
[BDArmory.BDACompetitionMode:197000207]: WHOSHOTWHOWITHGUNS:F-42H-20 Corsair NF_1:12:F-42H-20 Corsair NF PLAID
[BDArmory.BDACompetitionMode:197000207]: WHOSHOTWHOWITHGUNS:F-42H-20 Corsair NF_2:12:F-42H-20 Corsair NF PLAID
[BDArmory.BDACompetitionMode:197000207]: WHOSHOTWHOWITHGUNS:F-42H-20 Corsair NF PLAID:21:F-42H-20 Corsair NF
[BDArmory.BDACompetitionMode:197000207]: WHOSHOTWHOWITHGUNS:F-42H-20 Corsair NF PLAID_1:10:F-42H-20 Corsair NF
[BDArmory.BDACompetitionMode:197000207]: WHOSHOTWHOWITHGUNS:F-42H-20 Corsair NF PLAID_2:2:F-42H-20 Corsair NF
[BDArmory.BDACompetitionMode:197000207]: WHODAMAGEDWHOWITHGUNS:F-42H-20 Corsair NF_1:4014.2:F-42H-20 Corsair NF PLAID
[BDArmory.BDACompetitionMode:197000207]: WHODAMAGEDWHOWITHGUNS:F-42H-20 Corsair NF_2:4045.6:F-42H-20 Corsair NF PLAID
[BDArmory.BDACompetitionMode:197000207]: WHODAMAGEDWHOWITHGUNS:F-42H-20 Corsair NF PLAID:5194.3:F-42H-20 Corsair NF
[BDArmory.BDACompetitionMode:197000207]: WHODAMAGEDWHOWITHGUNS:F-42H-20 Corsair NF PLAID_1:3774.6:F-42H-20 Corsair NF
[BDArmory.BDACompetitionMode:197000207]: WHODAMAGEDWHOWITHGUNS:F-42H-20 Corsair NF PLAID_2:672.2:F-42H-20 Corsair NF
[BDArmory.BDACompetitionMode:197000207]: WHOHITWHOWITHMISSILES:F-42H-20 Corsair NF PLAID_1:1:F-42H-20 Corsair NF_1
[BDArmory.BDACompetitionMode:197000207]: WHOPARTSHITWHOWITHMISSILES:F-42H-20 Corsair NF PLAID_1:5:F-42H-20 Corsair NF_1
[BDArmory.BDACompetitionMode:197000207]: WHODAMAGEDWHOWITHMISSILES:F-42H-20 Corsair NF PLAID_1:819.3:F-42H-20 Corsair NF_1
[BDArmory.BDACompetitionMode:197000207]: WHODAMAGEDWHOWITHBATTLEDAMAGE:F-42H-20 Corsair NF_1:267.3:F-42H-20 Corsair NF PLAID:6401.9:F-42H-20 Corsair NF_1
[BDArmory.BDACompetitionMode:197000207]: WHODAMAGEDWHOWITHBATTLEDAMAGE:F-42H-20 Corsair NF_2:740.0:F-42H-20 Corsair NF PLAID:6062.5:F-42H-20 Corsair NF_2
[BDArmory.BDACompetitionMode:197000207]: WHODAMAGEDWHOWITHBATTLEDAMAGE:F-42H-20 Corsair NF PLAID:102.1:F-42H-20 Corsair NF:17138.4:F-42H-20 Corsair NF PLAID
[BDArmory.BDACompetitionMode:197000207]: WHODAMAGEDWHOWITHBATTLEDAMAGE:F-42H-20 Corsair NF PLAID_1:374.2:F-42H-20 Corsair NF:579.1:F-42H-20 Corsair NF PLAID_1
[BDArmory.BDACompetitionMode:197000207]: WHODAMAGEDWHOWITHBATTLEDAMAGE:F-42H-20 Corsair NF PLAID_2:32.5:F-42H-20 Corsair NF:3070.2:F-42H-20 Corsair NF PLAID_2
[BDArmory.BDACompetitionMode:197000207]: CLEANKILLGUNS:F-42H-20 Corsair NF PLAID:F-42H-20 Corsair NF
[BDArmory.BDACompetitionMode:197000207]: HPLEFT:F-42H-20 Corsair NF:100
[BDArmory.BDACompetitionMode:197000207]: HPLEFT:F-42H-20 Corsair NF_1:0
[BDArmory.BDACompetitionMode:197000207]: HPLEFT:F-42H-20 Corsair NF_2:0
[BDArmory.BDACompetitionMode:197000207]: HPLEFT:F-42H-20 Corsair NF PLAID:0
[BDArmory.BDACompetitionMode:197000207]: HPLEFT:F-42H-20 Corsair NF PLAID_1:0
[BDArmory.BDACompetitionMode:197000207]: HPLEFT:F-42H-20 Corsair NF PLAID_2:0
[BDArmory.BDACompetitionMode:197000207]: ACCURACY:F-42H-20 Corsair NF:33/287:0/0
[BDArmory.BDACompetitionMode:197000207]: ACCURACY:F-42H-20 Corsair NF_1:0/63:0/0
[BDArmory.BDACompetitionMode:197000207]: ACCURACY:F-42H-20 Corsair NF_2:0/0:0/0
[BDArmory.BDACompetitionMode:197000207]: ACCURACY:F-42H-20 Corsair NF PLAID:24/127:0/0
[BDArmory.BDACompetitionMode:197000207]: ACCURACY:F-42H-20 Corsair NF PLAID_1:0/0:0/0
[BDArmory.BDACompetitionMode:197000207]: ACCURACY:F-42H-20 Corsair NF PLAID_2:0/5:0/0
