[BDArmory.BDACompetitionMode:197179398]: Dumping Results after 83s (of 0s) at 2026-04-01 04:04:50 -04:00
[BDArmory.BDACompetitionMode:197179398]: RESULT:Draw:[{"team": "Z-40C-25C(2)", "members": ["Z-40C-25C", "Z-40C-25C_1", "Z-40C-25C_2"]}, {"team": "PLAID AIF-42C5B LRP", "members": ["PLAID AIF-42C5B LRP", "PLAID AIF-42C5B LRP_1", "PLAID AIF-42C5B LRP_2"]}]
[BDArmory.BDACompetitionMode:197179398]: DEADTEAMS:[]
[BDArmory.BDACompetitionMode:197179398]: ALIVE:Z-40C-25C
[BDArmory.BDACompetitionMode:197179398]: ALIVE:PLAID AIF-42C5B LRP
[BDArmory.BDACompetitionMode:197179398]: ALIVE:PLAID AIF-42C5B LRP_1
[BDArmory.BDACompetitionMode:197179398]: ALIVE:PLAID AIF-42C5B LRP_2
[BDArmory.BDACompetitionMode:197179398]: MIA:Z-40C-25C_1
[BDArmory.BDACompetitionMode:197179398]: DEAD:0:58.0:Z-40C-25C_2
[BDArmory.BDACompetitionMode:197179398]: WHOHITWHOWITHMISSILES:Z-40C-25C_1:2:PLAID AIF-42C5B LRP_2
[BDArmory.BDACompetitionMode:197179398]: WHOHITWHOWITHMISSILES:Z-40C-25C_2:1:PLAID AIF-42C5B LRP:3:PLAID AIF-42C5B LRP_1
[BDArmory.BDACompetitionMode:197179398]: WHOHITWHOWITHMISSILES:PLAID AIF-42C5B LRP:1:Z-40C-25C_1
[BDArmory.BDACompetitionMode:197179398]: WHOPARTSHITWHOWITHMISSILES:Z-40C-25C_1:154:PLAID AIF-42C5B LRP_2
[BDArmory.BDACompetitionMode:197179398]: WHOPARTSHITWHOWITHMISSILES:Z-40C-25C_2:67:PLAID AIF-42C5B LRP:156:PLAID AIF-42C5B LRP_1
[BDArmory.BDACompetitionMode:197179398]: WHOPARTSHITWHOWITHMISSILES:PLAID AIF-42C5B LRP:70:Z-40C-25C_1
[BDArmory.BDACompetitionMode:197179398]: WHODAMAGEDWHOWITHMISSILES:Z-40C-25C_1:48080.2:PLAID AIF-42C5B LRP_2
[BDArmory.BDACompetitionMode:197179398]: WHODAMAGEDWHOWITHMISSILES:Z-40C-25C_2:20672.4:PLAID AIF-42C5B LRP:18532.3:PLAID AIF-42C5B LRP_1
[BDArmory.BDACompetitionMode:197179398]: WHODAMAGEDWHOWITHBATTLEDAMAGE:Z-40C-25C_1:11328.5:PLAID AIF-42C5B LRP_2
[BDArmory.BDACompetitionMode:197179398]: HEADSHOTMISSILES:Z-40C-25C_2:PLAID AIF-42C5B LRP_1
[BDArmory.BDACompetitionMode:197179398]: HPLEFT:Z-40C-25C:100
[BDArmory.BDACompetitionMode:197179398]: HPLEFT:Z-40C-25C_1:10.2272727272727
[BDArmory.BDACompetitionMode:197179398]: HPLEFT:Z-40C-25C_2:0
[BDArmory.BDACompetitionMode:197179398]: HPLEFT:PLAID AIF-42C5B LRP:100
[BDArmory.BDACompetitionMode:197179398]: HPLEFT:PLAID AIF-42C5B LRP_1:100
[BDArmory.BDACompetitionMode:197179398]: HPLEFT:PLAID AIF-42C5B LRP_2:100
[BDArmory.BDACompetitionMode:197179398]: ACCURACY:Z-40C-25C:0/0:0/0
[BDArmory.BDACompetitionMode:197179398]: ACCURACY:Z-40C-25C_1:0/0:0/0
[BDArmory.BDACompetitionMode:197179398]: ACCURACY:Z-40C-25C_2:0/0:0/0
[BDArmory.BDACompetitionMode:197179398]: ACCURACY:PLAID AIF-42C5B LRP:0/0:0/0
[BDArmory.BDACompetitionMode:197179398]: ACCURACY:PLAID AIF-42C5B LRP_1:0/0:0/0
[BDArmory.BDACompetitionMode:197179398]: ACCURACY:PLAID AIF-42C5B LRP_2:0/0:0/0
