[BDArmory.BDACompetitionMode:197170632]: Dumping Results after -265s (of 0s) at 2026-04-01 01:39:08 -04:00
[BDArmory.BDACompetitionMode:197170632]: RESULT:Mutual Annihilation
[BDArmory.BDACompetitionMode:197170632]: DEADTEAMS:[{"team": "F-42H-20 Corsair NF", "members": ["F-42H-20 Corsair NF", "F-42H-20 Corsair NF_1"]}, {"team": "F-42H-20 Corsair NF PLAID", "members": ["F-42H-20 Corsair NF PLAID", "F-42H-20 Corsair NF PLAID_1"]}]
[BDArmory.BDACompetitionMode:197170632]: DEAD:1:105.4:F-42H-20 Corsair NF
[BDArmory.BDACompetitionMode:197170632]: MIA:F-42H-20 Corsair NF_1
[BDArmory.BDACompetitionMode:197170632]: MIA:F-42H-20 Corsair NF PLAID
[BDArmory.BDACompetitionMode:197170632]: DEAD:0:101.0:F-42H-20 Corsair NF PLAID_1
[BDArmory.BDACompetitionMode:197170632]: WHOSHOTWHOWITHGUNS:F-42H-20 Corsair NF:14:F-42H-20 Corsair NF PLAID
[BDArmory.BDACompetitionMode:197170632]: WHOSHOTWHOWITHGUNS:F-42H-20 Corsair NF PLAID:15:F-42H-20 Corsair NF
[BDArmory.BDACompetitionMode:197170632]: WHOSHOTWHOWITHGUNS:F-42H-20 Corsair NF PLAID_1:23:F-42H-20 Corsair NF
[BDArmory.BDACompetitionMode:197170632]: WHODAMAGEDWHOWITHGUNS:F-42H-20 Corsair NF:6115.8:F-42H-20 Corsair NF PLAID
[BDArmory.BDACompetitionMode:197170632]: WHODAMAGEDWHOWITHGUNS:F-42H-20 Corsair NF PLAID:6939.9:F-42H-20 Corsair NF
[BDArmory.BDACompetitionMode:197170632]: WHODAMAGEDWHOWITHGUNS:F-42H-20 Corsair NF PLAID_1:9990.3:F-42H-20 Corsair NF
[BDArmory.BDACompetitionMode:197170632]: WHOHITWHOWITHMISSILES:F-42H-20 Corsair NF_1:1:F-42H-20 Corsair NF PLAID:1:F-42H-20 Corsair NF PLAID_1
[BDArmory.BDACompetitionMode:197170632]: WHOPARTSHITWHOWITHMISSILES:F-42H-20 Corsair NF_1:89:F-42H-20 Corsair NF PLAID:88:F-42H-20 Corsair NF PLAID_1
[BDArmory.BDACompetitionMode:197170632]: WHODAMAGEDWHOWITHMISSILES:F-42H-20 Corsair NF_1:17075.5:F-42H-20 Corsair NF PLAID_1
[BDArmory.BDACompetitionMode:197170632]: WHORAMMEDWHO:F-42H-20 Corsair NF:131:F-42H-20 Corsair NF PLAID
[BDArmory.BDACompetitionMode:197170632]: WHORAMMEDWHO:F-42H-20 Corsair NF PLAID:123:F-42H-20 Corsair NF
[BDArmory.BDACompetitionMode:197170632]: WHODAMAGEDWHOWITHBATTLEDAMAGE:F-42H-20 Corsair NF:48.0:F-42H-20 Corsair NF PLAID
[BDArmory.BDACompetitionMode:197170632]: WHODAMAGEDWHOWITHBATTLEDAMAGE:F-42H-20 Corsair NF PLAID:151.1:F-42H-20 Corsair NF:33.1:F-42H-20 Corsair NF PLAID
[BDArmory.BDACompetitionMode:197170632]: WHODAMAGEDWHOWITHBATTLEDAMAGE:F-42H-20 Corsair NF PLAID_1:99.8:F-42H-20 Corsair NF:3085.6:F-42H-20 Corsair NF PLAID_1
[BDArmory.BDACompetitionMode:197170632]: CLEANKILLRAMMING:F-42H-20 Corsair NF:F-42H-20 Corsair NF PLAID
[BDArmory.BDACompetitionMode:197170632]: CLEANKILLGUNS:F-42H-20 Corsair NF PLAID_1:F-42H-20 Corsair NF
[BDArmory.BDACompetitionMode:197170632]: HPLEFT:F-42H-20 Corsair NF:0
[BDArmory.BDACompetitionMode:197170632]: HPLEFT:F-42H-20 Corsair NF_1:0
[BDArmory.BDACompetitionMode:197170632]: HPLEFT:F-42H-20 Corsair NF PLAID:0
[BDArmory.BDACompetitionMode:197170632]: HPLEFT:F-42H-20 Corsair NF PLAID_1:0
[BDArmory.BDACompetitionMode:197170632]: ACCURACY:F-42H-20 Corsair NF:38/139:0/0
[BDArmory.BDACompetitionMode:197170632]: ACCURACY:F-42H-20 Corsair NF_1:0/0:0/0
[BDArmory.BDACompetitionMode:197170632]: ACCURACY:F-42H-20 Corsair NF PLAID:14/61:0/0
[BDArmory.BDACompetitionMode:197170632]: ACCURACY:F-42H-20 Corsair NF PLAID_1:0/0:0/0
