[BDArmory.BDACompetitionMode:197170955]: Dumping Results after 123s (of 0s) at 2026-04-01 01:44:49 -04:00
[BDArmory.BDACompetitionMode:197170955]: RESULT:Draw:[{"team": "F-42H-20 Corsair NF", "members": ["F-42H-20 Corsair NF", "F-42H-20 Corsair NF_1"]}, {"team": "F-42H-20 Corsair NF PLAID", "members": ["F-42H-20 Corsair NF PLAID", "F-42H-20 Corsair NF PLAID_1"]}]
[BDArmory.BDACompetitionMode:197170955]: DEADTEAMS:[]
[BDArmory.BDACompetitionMode:197170955]: ALIVE:F-42H-20 Corsair NF
[BDArmory.BDACompetitionMode:197170955]: MIA:F-42H-20 Corsair NF_1
[BDArmory.BDACompetitionMode:197170955]: MIA:F-42H-20 Corsair NF PLAID
[BDArmory.BDACompetitionMode:197170955]: MIA:F-42H-20 Corsair NF PLAID_1
[BDArmory.BDACompetitionMode:197170955]: WHOSHOTWHOWITHGUNS:F-42H-20 Corsair NF_1:7:F-42H-20 Corsair NF PLAID
[BDArmory.BDACompetitionMode:197170955]: WHOSHOTWHOWITHGUNS:F-42H-20 Corsair NF PLAID:3:F-42H-20 Corsair NF_1
[BDArmory.BDACompetitionMode:197170955]: WHOSHOTWHOWITHGUNS:F-42H-20 Corsair NF PLAID_1:4:F-42H-20 Corsair NF
[BDArmory.BDACompetitionMode:197170955]: WHODAMAGEDWHOWITHGUNS:F-42H-20 Corsair NF_1:3374.1:F-42H-20 Corsair NF PLAID
[BDArmory.BDACompetitionMode:197170955]: WHODAMAGEDWHOWITHGUNS:F-42H-20 Corsair NF PLAID:1574.6:F-42H-20 Corsair NF_1
[BDArmory.BDACompetitionMode:197170955]: WHODAMAGEDWHOWITHGUNS:F-42H-20 Corsair NF PLAID_1:1710.5:F-42H-20 Corsair NF
[BDArmory.BDACompetitionMode:197170955]: WHOHITWHOWITHMISSILES:F-42H-20 Corsair NF_1:1:F-42H-20 Corsair NF PLAID_1
[BDArmory.BDACompetitionMode:197170955]: WHOHITWHOWITHMISSILES:F-42H-20 Corsair NF PLAID_1:1:F-42H-20 Corsair NF
[BDArmory.BDACompetitionMode:197170955]: WHOPARTSHITWHOWITHMISSILES:F-42H-20 Corsair NF_1:39:F-42H-20 Corsair NF PLAID_1
[BDArmory.BDACompetitionMode:197170955]: WHOPARTSHITWHOWITHMISSILES:F-42H-20 Corsair NF PLAID_1:99:F-42H-20 Corsair NF
[BDArmory.BDACompetitionMode:197170955]: WHODAMAGEDWHOWITHMISSILES:F-42H-20 Corsair NF_1:6588.2:F-42H-20 Corsair NF PLAID_1
[BDArmory.BDACompetitionMode:197170955]: WHODAMAGEDWHOWITHBATTLEDAMAGE:F-42H-20 Corsair NF_1:680.1:F-42H-20 Corsair NF PLAID:9594.4:F-42H-20 Corsair NF_1
[BDArmory.BDACompetitionMode:197170955]: WHODAMAGEDWHOWITHBATTLEDAMAGE:F-42H-20 Corsair NF PLAID:350.8:F-42H-20 Corsair NF_1:3795.6:F-42H-20 Corsair NF PLAID
[BDArmory.BDACompetitionMode:197170955]: WHODAMAGEDWHOWITHBATTLEDAMAGE:F-42H-20 Corsair NF PLAID_1:699.9:F-42H-20 Corsair NF:1010.7:F-42H-20 Corsair NF PLAID_1
[BDArmory.BDACompetitionMode:197170955]: HPLEFT:F-42H-20 Corsair NF:100
[BDArmory.BDACompetitionMode:197170955]: HPLEFT:F-42H-20 Corsair NF_1:22.962962962963
[BDArmory.BDACompetitionMode:197170955]: HPLEFT:F-42H-20 Corsair NF PLAID:14.2857142857143
[BDArmory.BDACompetitionMode:197170955]: HPLEFT:F-42H-20 Corsair NF PLAID_1:13.5338345864662
[BDArmory.BDACompetitionMode:197170955]: ACCURACY:F-42H-20 Corsair NF:4/120:0/0
[BDArmory.BDACompetitionMode:197170955]: ACCURACY:F-42H-20 Corsair NF_1:3/65:0/0
[BDArmory.BDACompetitionMode:197170955]: ACCURACY:F-42H-20 Corsair NF PLAID:7/102:0/0
[BDArmory.BDACompetitionMode:197170955]: ACCURACY:F-42H-20 Corsair NF PLAID_1:0/0:0/0
