[BDArmory.BDACompetitionMode:197170485]: Dumping Results after 118s (of 0s) at 2026-04-01 01:36:51 -04:00
[BDArmory.BDACompetitionMode:197170485]: RESULT:Draw:[{"team": "F-42H-20 Corsair NF PLAID", "members": ["F-42H-20 Corsair NF PLAID", "F-42H-20 Corsair NF PLAID_1"]}, {"team": "F-42H-20 Corsair NF", "members": ["F-42H-20 Corsair NF", "F-42H-20 Corsair NF_1"]}]
[BDArmory.BDACompetitionMode:197170485]: DEADTEAMS:[]
[BDArmory.BDACompetitionMode:197170485]: ALIVE:F-42H-20 Corsair NF
[BDArmory.BDACompetitionMode:197170485]: ALIVE:F-42H-20 Corsair NF_1
[BDArmory.BDACompetitionMode:197170485]: DEAD:0:107.0:F-42H-20 Corsair NF PLAID
[BDArmory.BDACompetitionMode:197170485]: MIA:F-42H-20 Corsair NF PLAID_1
[BDArmory.BDACompetitionMode:197170485]: WHOSHOTWHOWITHGUNS:F-42H-20 Corsair NF PLAID:9:F-42H-20 Corsair NF
[BDArmory.BDACompetitionMode:197170485]: WHODAMAGEDWHOWITHGUNS:F-42H-20 Corsair NF PLAID:2694.5:F-42H-20 Corsair NF
[BDArmory.BDACompetitionMode:197170485]: WHOHITWHOWITHMISSILES:F-42H-20 Corsair NF PLAID_1:2:F-42H-20 Corsair NF:1:F-42H-20 Corsair NF_1
[BDArmory.BDACompetitionMode:197170485]: WHOHITWHOWITHMISSILES:F-42H-20 Corsair NF_1:1:F-42H-20 Corsair NF PLAID_1
[BDArmory.BDACompetitionMode:197170485]: WHOPARTSHITWHOWITHMISSILES:F-42H-20 Corsair NF PLAID_1:174:F-42H-20 Corsair NF:96:F-42H-20 Corsair NF_1
[BDArmory.BDACompetitionMode:197170485]: WHOPARTSHITWHOWITHMISSILES:F-42H-20 Corsair NF_1:88:F-42H-20 Corsair NF PLAID_1
[BDArmory.BDACompetitionMode:197170485]: WHODAMAGEDWHOWITHMISSILES:F-42H-20 Corsair NF PLAID_1:50783.1:F-42H-20 Corsair NF:10834.5:F-42H-20 Corsair NF_1
[BDArmory.BDACompetitionMode:197170485]: WHODAMAGEDWHOWITHMISSILES:F-42H-20 Corsair NF_1:10614.2:F-42H-20 Corsair NF PLAID_1
[BDArmory.BDACompetitionMode:197170485]: WHODAMAGEDWHOWITHBATTLEDAMAGE:F-42H-20 Corsair NF PLAID:188.4:F-42H-20 Corsair NF:7317.9:F-42H-20 Corsair NF PLAID
[BDArmory.BDACompetitionMode:197170485]: WHODAMAGEDWHOWITHBATTLEDAMAGE:F-42H-20 Corsair NF PLAID_1:0.1:F-42H-20 Corsair NF_1
[BDArmory.BDACompetitionMode:197170485]: CLEANKILLGUNS:F-42H-20 Corsair NF PLAID:F-42H-20 Corsair NF
[BDArmory.BDACompetitionMode:197170485]: HPLEFT:F-42H-20 Corsair NF PLAID:0
[BDArmory.BDACompetitionMode:197170485]: HPLEFT:F-42H-20 Corsair NF PLAID_1:53.4351145038168
[BDArmory.BDACompetitionMode:197170485]: HPLEFT:F-42H-20 Corsair NF:100
[BDArmory.BDACompetitionMode:197170485]: HPLEFT:F-42H-20 Corsair NF_1:83.7037037037037
[BDArmory.BDACompetitionMode:197170485]: ACCURACY:F-42H-20 Corsair NF PLAID:0/0:0/0
[BDArmory.BDACompetitionMode:197170485]: ACCURACY:F-42H-20 Corsair NF PLAID_1:0/0:0/0
[BDArmory.BDACompetitionMode:197170485]: ACCURACY:F-42H-20 Corsair NF:9/126:0/0
[BDArmory.BDACompetitionMode:197170485]: ACCURACY:F-42H-20 Corsair NF_1:0/0:0/0
