[BDArmory.BDACompetitionMode:197171729]: Dumping Results after 111s (of 0s) at 2026-04-01 01:57:31 -04:00
[BDArmory.BDACompetitionMode:197171729]: RESULT:Draw:[{"team": "F-42H-20 Corsair NF", "members": ["F-42H-20 Corsair NF", "F-42H-20 Corsair NF_1"]}, {"team": "F-42H-20 Corsair NF PLAID", "members": ["F-42H-20 Corsair NF PLAID", "F-42H-20 Corsair NF PLAID_1"]}]
[BDArmory.BDACompetitionMode:197171729]: DEADTEAMS:[]
[BDArmory.BDACompetitionMode:197171729]: ALIVE:F-42H-20 Corsair NF
[BDArmory.BDACompetitionMode:197171729]: MIA:F-42H-20 Corsair NF_1
[BDArmory.BDACompetitionMode:197171729]: MIA:F-42H-20 Corsair NF PLAID
[BDArmory.BDACompetitionMode:197171729]: DEAD:0:110.0:F-42H-20 Corsair NF PLAID_1
[BDArmory.BDACompetitionMode:197171729]: WHOSHOTWHOWITHGUNS:F-42H-20 Corsair NF_1:5:F-42H-20 Corsair NF PLAID
[BDArmory.BDACompetitionMode:197171729]: WHOSHOTWHOWITHGUNS:F-42H-20 Corsair NF PLAID:13:F-42H-20 Corsair NF:1:F-42H-20 Corsair NF_1
[BDArmory.BDACompetitionMode:197171729]: WHODAMAGEDWHOWITHGUNS:F-42H-20 Corsair NF_1:1971.4:F-42H-20 Corsair NF PLAID
[BDArmory.BDACompetitionMode:197171729]: WHODAMAGEDWHOWITHGUNS:F-42H-20 Corsair NF PLAID:4023.1:F-42H-20 Corsair NF:183.2:F-42H-20 Corsair NF_1
[BDArmory.BDACompetitionMode:197171729]: WHOHITWHOWITHMISSILES:F-42H-20 Corsair NF PLAID:1:F-42H-20 Corsair NF
[BDArmory.BDACompetitionMode:197171729]: WHOHITWHOWITHMISSILES:F-42H-20 Corsair NF PLAID_1:1:F-42H-20 Corsair NF_1:1:F-42H-20 Corsair NF
[BDArmory.BDACompetitionMode:197171729]: WHOPARTSHITWHOWITHMISSILES:F-42H-20 Corsair NF PLAID:24:F-42H-20 Corsair NF
[BDArmory.BDACompetitionMode:197171729]: WHOPARTSHITWHOWITHMISSILES:F-42H-20 Corsair NF PLAID_1:100:F-42H-20 Corsair NF_1:77:F-42H-20 Corsair NF
[BDArmory.BDACompetitionMode:197171729]: WHODAMAGEDWHOWITHMISSILES:F-42H-20 Corsair NF PLAID:25365.0:F-42H-20 Corsair NF
[BDArmory.BDACompetitionMode:197171729]: WHODAMAGEDWHOWITHMISSILES:F-42H-20 Corsair NF PLAID_1:10817.7:F-42H-20 Corsair NF_1:35926.6:F-42H-20 Corsair NF
[BDArmory.BDACompetitionMode:197171729]: WHORAMMEDWHO:F-42H-20 Corsair NF_1:10:F-42H-20 Corsair NF PLAID
[BDArmory.BDACompetitionMode:197171729]: WHORAMMEDWHO:F-42H-20 Corsair NF PLAID:27:F-42H-20 Corsair NF_1
[BDArmory.BDACompetitionMode:197171729]: WHODAMAGEDWHOWITHBATTLEDAMAGE:F-42H-20 Corsair NF_1:627.4:F-42H-20 Corsair NF PLAID:4677.8:F-42H-20 Corsair NF_1
[BDArmory.BDACompetitionMode:197171729]: WHODAMAGEDWHOWITHBATTLEDAMAGE:F-42H-20 Corsair NF PLAID:625.5:F-42H-20 Corsair NF:47.7:F-42H-20 Corsair NF_1:10481.2:F-42H-20 Corsair NF PLAID
[BDArmory.BDACompetitionMode:197171729]: HPLEFT:F-42H-20 Corsair NF:100
[BDArmory.BDACompetitionMode:197171729]: HPLEFT:F-42H-20 Corsair NF_1:24.4444444444444
[BDArmory.BDACompetitionMode:197171729]: HPLEFT:F-42H-20 Corsair NF PLAID:22.5563909774436
[BDArmory.BDACompetitionMode:197171729]: HPLEFT:F-42H-20 Corsair NF PLAID_1:0
[BDArmory.BDACompetitionMode:197171729]: ACCURACY:F-42H-20 Corsair NF:13/114:0/0
[BDArmory.BDACompetitionMode:197171729]: ACCURACY:F-42H-20 Corsair NF_1:1/13:0/0
[BDArmory.BDACompetitionMode:197171729]: ACCURACY:F-42H-20 Corsair NF PLAID:5/62:0/0
[BDArmory.BDACompetitionMode:197171729]: ACCURACY:F-42H-20 Corsair NF PLAID_1:0/0:0/0
