[BDArmory.BDACompetitionMode:197179512]: Dumping Results after 104s (of 0s) at 2026-04-01 04:07:06 -04:00
[BDArmory.BDACompetitionMode:197179512]: RESULT:Win:{"team": "PLAID AIF-42C5B LRP", "members": ["PLAID AIF-42C5B LRP", "PLAID AIF-42C5B LRP_1", "PLAID AIF-42C5B LRP_2"]}
[BDArmory.BDACompetitionMode:197179512]: DEADTEAMS:[{"team": "Z-40C-25C(2)", "members": ["Z-40C-25C", "Z-40C-25C_1", "Z-40C-25C_2"]}]
[BDArmory.BDACompetitionMode:197179512]: ALIVE:PLAID AIF-42C5B LRP
[BDArmory.BDACompetitionMode:197179512]: DEAD:3:77.0:PLAID AIF-42C5B LRP_1
[BDArmory.BDACompetitionMode:197179512]: DEAD:2:76.7:PLAID AIF-42C5B LRP_2
[BDArmory.BDACompetitionMode:197179512]: DEAD:1:63.0:Z-40C-25C
[BDArmory.BDACompetitionMode:197179512]: DEAD:4:100.0:Z-40C-25C_1
[BDArmory.BDACompetitionMode:197179512]: DEAD:0:62.0:Z-40C-25C_2
[BDArmory.BDACompetitionMode:197179512]: WHOSHOTWHOWITHGUNS:Z-40C-25C_1:8:PLAID AIF-42C5B LRP
[BDArmory.BDACompetitionMode:197179512]: WHODAMAGEDWHOWITHGUNS:Z-40C-25C_1:1516.7:PLAID AIF-42C5B LRP
[BDArmory.BDACompetitionMode:197179512]: WHOHITWHOWITHMISSILES:PLAID AIF-42C5B LRP_2:1:Z-40C-25C_1
[BDArmory.BDACompetitionMode:197179512]: WHOHITWHOWITHMISSILES:Z-40C-25C:1:PLAID AIF-42C5B LRP_1
[BDArmory.BDACompetitionMode:197179512]: WHOHITWHOWITHMISSILES:Z-40C-25C_1:1:PLAID AIF-42C5B LRP_1:1:PLAID AIF-42C5B LRP
[BDArmory.BDACompetitionMode:197179512]: WHOHITWHOWITHMISSILES:Z-40C-25C_2:1:PLAID AIF-42C5B LRP_2
[BDArmory.BDACompetitionMode:197179512]: WHOPARTSHITWHOWITHMISSILES:PLAID AIF-42C5B LRP_2:75:Z-40C-25C_1
[BDArmory.BDACompetitionMode:197179512]: WHOPARTSHITWHOWITHMISSILES:Z-40C-25C:76:PLAID AIF-42C5B LRP_1
[BDArmory.BDACompetitionMode:197179512]: WHOPARTSHITWHOWITHMISSILES:Z-40C-25C_1:77:PLAID AIF-42C5B LRP_1:74:PLAID AIF-42C5B LRP
[BDArmory.BDACompetitionMode:197179512]: WHOPARTSHITWHOWITHMISSILES:Z-40C-25C_2:69:PLAID AIF-42C5B LRP_2
[BDArmory.BDACompetitionMode:197179512]: WHODAMAGEDWHOWITHMISSILES:PLAID AIF-42C5B LRP_2:6355.4:Z-40C-25C_1
[BDArmory.BDACompetitionMode:197179512]: WHODAMAGEDWHOWITHMISSILES:Z-40C-25C:34957.7:PLAID AIF-42C5B LRP_1
[BDArmory.BDACompetitionMode:197179512]: WHODAMAGEDWHOWITHMISSILES:Z-40C-25C_1:27268.6:PLAID AIF-42C5B LRP
[BDArmory.BDACompetitionMode:197179512]: WHODAMAGEDWHOWITHMISSILES:Z-40C-25C_2:121315.5:PLAID AIF-42C5B LRP_2
[BDArmory.BDACompetitionMode:197179512]: WHODAMAGEDWHOWITHBATTLEDAMAGE:Z-40C-25C:0.2:PLAID AIF-42C5B LRP_1
[BDArmory.BDACompetitionMode:197179512]: WHODAMAGEDWHOWITHBATTLEDAMAGE:Z-40C-25C_2:33908.8:PLAID AIF-42C5B LRP_2
[BDArmory.BDACompetitionMode:197179512]: GMKILL:PLAID AIF-42C5B LRP_1:BigRedButton
[BDArmory.BDACompetitionMode:197179512]: GMKILL:PLAID AIF-42C5B LRP_2:BigRedButton
[BDArmory.BDACompetitionMode:197179512]: HEADSHOTGUNS:Z-40C-25C_1:PLAID AIF-42C5B LRP
[BDArmory.BDACompetitionMode:197179512]: CLEANKILLMISSILES:Z-40C-25C_2:PLAID AIF-42C5B LRP_2
[BDArmory.BDACompetitionMode:197179512]: HPLEFT:PLAID AIF-42C5B LRP:100
[BDArmory.BDACompetitionMode:197179512]: HPLEFT:PLAID AIF-42C5B LRP_1:0
[BDArmory.BDACompetitionMode:197179512]: HPLEFT:PLAID AIF-42C5B LRP_2:0
[BDArmory.BDACompetitionMode:197179512]: HPLEFT:Z-40C-25C:0
[BDArmory.BDACompetitionMode:197179512]: HPLEFT:Z-40C-25C_1:0
[BDArmory.BDACompetitionMode:197179512]: HPLEFT:Z-40C-25C_2:0
[BDArmory.BDACompetitionMode:197179512]: ACCURACY:PLAID AIF-42C5B LRP:8/125:0/0
[BDArmory.BDACompetitionMode:197179512]: ACCURACY:PLAID AIF-42C5B LRP_1:0/0:0/0
[BDArmory.BDACompetitionMode:197179512]: ACCURACY:PLAID AIF-42C5B LRP_2:0/0:0/0
[BDArmory.BDACompetitionMode:197179512]: ACCURACY:Z-40C-25C:0/0:0/0
[BDArmory.BDACompetitionMode:197179512]: ACCURACY:Z-40C-25C_1:0/0:0/0
[BDArmory.BDACompetitionMode:197179512]: ACCURACY:Z-40C-25C_2:0/0:0/0
