[BDArmory.BDACompetitionMode:197171110]: Dumping Results after -140s (of 0s) at 2026-04-01 01:47:17 -04:00
[BDArmory.BDACompetitionMode:197171110]: RESULT:Win:{"team": "F-42H-20 Corsair NF PLAID", "members": ["F-42H-20 Corsair NF PLAID", "F-42H-20 Corsair NF PLAID_1"]}
[BDArmory.BDACompetitionMode:197171110]: DEADTEAMS:[{"team": "F-42H-20 Corsair NF", "members": ["F-42H-20 Corsair NF", "F-42H-20 Corsair NF_1"]}]
[BDArmory.BDACompetitionMode:197171110]: MIA:F-42H-20 Corsair NF PLAID
[BDArmory.BDACompetitionMode:197171110]: DEAD:0:101.0:F-42H-20 Corsair NF PLAID_1
[BDArmory.BDACompetitionMode:197171110]: DEAD:2:118.0:F-42H-20 Corsair NF
[BDArmory.BDACompetitionMode:197171110]: DEAD:1:101.0:F-42H-20 Corsair NF_1
[BDArmory.BDACompetitionMode:197171110]: WHOSHOTWHOWITHGUNS:F-42H-20 Corsair NF PLAID:2:F-42H-20 Corsair NF
[BDArmory.BDACompetitionMode:197171110]: WHOSHOTWHOWITHGUNS:F-42H-20 Corsair NF PLAID_1:13:F-42H-20 Corsair NF
[BDArmory.BDACompetitionMode:197171110]: WHOSHOTWHOWITHGUNS:F-42H-20 Corsair NF:12:F-42H-20 Corsair NF PLAID
[BDArmory.BDACompetitionMode:197171110]: WHODAMAGEDWHOWITHGUNS:F-42H-20 Corsair NF PLAID:770.5:F-42H-20 Corsair NF
[BDArmory.BDACompetitionMode:197171110]: WHODAMAGEDWHOWITHGUNS:F-42H-20 Corsair NF PLAID_1:4645.4:F-42H-20 Corsair NF
[BDArmory.BDACompetitionMode:197171110]: WHODAMAGEDWHOWITHGUNS:F-42H-20 Corsair NF:4970.8:F-42H-20 Corsair NF PLAID
[BDArmory.BDACompetitionMode:197171110]: WHOHITWHOWITHMISSILES:F-42H-20 Corsair NF PLAID_1:1:F-42H-20 Corsair NF
[BDArmory.BDACompetitionMode:197171110]: WHOHITWHOWITHMISSILES:F-42H-20 Corsair NF:1:F-42H-20 Corsair NF PLAID
[BDArmory.BDACompetitionMode:197171110]: WHOHITWHOWITHMISSILES:F-42H-20 Corsair NF_1:1:F-42H-20 Corsair NF PLAID:1:F-42H-20 Corsair NF PLAID_1
[BDArmory.BDACompetitionMode:197171110]: WHOPARTSHITWHOWITHMISSILES:F-42H-20 Corsair NF PLAID_1:99:F-42H-20 Corsair NF
[BDArmory.BDACompetitionMode:197171110]: WHOPARTSHITWHOWITHMISSILES:F-42H-20 Corsair NF:4:F-42H-20 Corsair NF PLAID
[BDArmory.BDACompetitionMode:197171110]: WHOPARTSHITWHOWITHMISSILES:F-42H-20 Corsair NF_1:89:F-42H-20 Corsair NF PLAID:65:F-42H-20 Corsair NF PLAID_1
[BDArmory.BDACompetitionMode:197171110]: WHODAMAGEDWHOWITHMISSILES:F-42H-20 Corsair NF PLAID_1:8657.3:F-42H-20 Corsair NF
[BDArmory.BDACompetitionMode:197171110]: WHODAMAGEDWHOWITHMISSILES:F-42H-20 Corsair NF:13846.2:F-42H-20 Corsair NF PLAID
[BDArmory.BDACompetitionMode:197171110]: WHODAMAGEDWHOWITHMISSILES:F-42H-20 Corsair NF_1:38259.8:F-42H-20 Corsair NF PLAID:62341.4:F-42H-20 Corsair NF PLAID_1
[BDArmory.BDACompetitionMode:197171110]: WHORAMMEDWHO:F-42H-20 Corsair NF:64:F-42H-20 Corsair NF PLAID
[BDArmory.BDACompetitionMode:197171110]: WHODAMAGEDWHOWITHBATTLEDAMAGE:F-42H-20 Corsair NF PLAID:400.4:F-42H-20 Corsair NF:395.4:F-42H-20 Corsair NF PLAID
[BDArmory.BDACompetitionMode:197171110]: WHODAMAGEDWHOWITHBATTLEDAMAGE:F-42H-20 Corsair NF PLAID_1:46.7:F-42H-20 Corsair NF
[BDArmory.BDACompetitionMode:197171110]: WHODAMAGEDWHOWITHBATTLEDAMAGE:F-42H-20 Corsair NF:768.8:F-42H-20 Corsair NF PLAID:9061.2:F-42H-20 Corsair NF
[BDArmory.BDACompetitionMode:197171110]: WHODAMAGEDWHOWITHBATTLEDAMAGE:F-42H-20 Corsair NF_1:29158.8:F-42H-20 Corsair NF PLAID_1
[BDArmory.BDACompetitionMode:197171110]: CLEANKILLGUNS:F-42H-20 Corsair NF PLAID_1:F-42H-20 Corsair NF
[BDArmory.BDACompetitionMode:197171110]: CLEANKILLMISSILES:F-42H-20 Corsair NF:F-42H-20 Corsair NF PLAID
[BDArmory.BDACompetitionMode:197171110]: KILLSTEALMISSILES:F-42H-20 Corsair NF_1:F-42H-20 Corsair NF PLAID_1
[BDArmory.BDACompetitionMode:197171110]: HPLEFT:F-42H-20 Corsair NF PLAID:10.5263157894737
[BDArmory.BDACompetitionMode:197171110]: HPLEFT:F-42H-20 Corsair NF PLAID_1:0
[BDArmory.BDACompetitionMode:197171110]: HPLEFT:F-42H-20 Corsair NF:0
[BDArmory.BDACompetitionMode:197171110]: HPLEFT:F-42H-20 Corsair NF_1:0
[BDArmory.BDACompetitionMode:197171110]: ACCURACY:F-42H-20 Corsair NF PLAID:12/127:0/0
[BDArmory.BDACompetitionMode:197171110]: ACCURACY:F-42H-20 Corsair NF PLAID_1:0/7:0/0
[BDArmory.BDACompetitionMode:197171110]: ACCURACY:F-42H-20 Corsair NF:15/197:0/0
[BDArmory.BDACompetitionMode:197171110]: ACCURACY:F-42H-20 Corsair NF_1:0/0:0/0
