[BDArmory.BDACompetitionMode:197191212]: Dumping Results after 81s (of 0s) at 2026-04-01 07:21:52 -04:00
[BDArmory.BDACompetitionMode:197191212]: RESULT:Draw:[{"team": "PLAID AIF-42C5D LRP", "members": ["PLAID AIF-42C5D LRP", "PLAID AIF-42C5D LRP_1", "PLAID AIF-42C5D LRP_2", "PLAID AIF-42C5D LRP_3"]}, {"team": "PLAID AIF-42C5B LRP", "members": ["PLAID AIF-42C5B LRP", "PLAID AIF-42C5B LRP_1", "PLAID AIF-42C5B LRP_2", "PLAID AIF-42C5B LRP_3"]}]
[BDArmory.BDACompetitionMode:197191212]: DEADTEAMS:[]
[BDArmory.BDACompetitionMode:197191212]: ALIVE:PLAID AIF-42C5D LRP
[BDArmory.BDACompetitionMode:197191212]: ALIVE:PLAID AIF-42C5D LRP_1
[BDArmory.BDACompetitionMode:197191212]: ALIVE:PLAID AIF-42C5D LRP_2
[BDArmory.BDACompetitionMode:197191212]: MIA:PLAID AIF-42C5D LRP_3
[BDArmory.BDACompetitionMode:197191212]: DEAD:2:64.0:PLAID AIF-42C5B LRP
[BDArmory.BDACompetitionMode:197191212]: DEAD:0:28.0:PLAID AIF-42C5B LRP_1
[BDArmory.BDACompetitionMode:197191212]: DEAD:1:28.0:PLAID AIF-42C5B LRP_2
[BDArmory.BDACompetitionMode:197191212]: MIA:PLAID AIF-42C5B LRP_3
[BDArmory.BDACompetitionMode:197191212]: WHOSHOTWHOWITHGUNS:PLAID AIF-42C5D LRP_1:3:PLAID AIF-42C5B LRP
[BDArmory.BDACompetitionMode:197191212]: WHOSHOTWHOWITHGUNS:PLAID AIF-42C5B LRP:8:PLAID AIF-42C5D LRP:9:PLAID AIF-42C5D LRP_2
[BDArmory.BDACompetitionMode:197191212]: WHODAMAGEDWHOWITHGUNS:PLAID AIF-42C5D LRP_1:417.4:PLAID AIF-42C5B LRP
[BDArmory.BDACompetitionMode:197191212]: WHODAMAGEDWHOWITHGUNS:PLAID AIF-42C5B LRP:2261.0:PLAID AIF-42C5D LRP:2171.1:PLAID AIF-42C5D LRP_2
[BDArmory.BDACompetitionMode:197191212]: WHOHITWHOWITHMISSILES:PLAID AIF-42C5D LRP_1:1:PLAID AIF-42C5B LRP_1
[BDArmory.BDACompetitionMode:197191212]: WHOHITWHOWITHMISSILES:PLAID AIF-42C5D LRP_3:2:PLAID AIF-42C5B LRP
[BDArmory.BDACompetitionMode:197191212]: WHOHITWHOWITHMISSILES:PLAID AIF-42C5B LRP:1:PLAID AIF-42C5D LRP_3:1:PLAID AIF-42C5D LRP:2:PLAID AIF-42C5D LRP_2
[BDArmory.BDACompetitionMode:197191212]: WHOHITWHOWITHMISSILES:PLAID AIF-42C5B LRP_1:1:PLAID AIF-42C5D LRP_3
[BDArmory.BDACompetitionMode:197191212]: WHOHITWHOWITHMISSILES:PLAID AIF-42C5B LRP_2:1:PLAID AIF-42C5D LRP_2
[BDArmory.BDACompetitionMode:197191212]: WHOHITWHOWITHMISSILES:PLAID AIF-42C5B LRP_3:1:PLAID AIF-42C5D LRP
[BDArmory.BDACompetitionMode:197191212]: WHOPARTSHITWHOWITHMISSILES:PLAID AIF-42C5D LRP_1:64:PLAID AIF-42C5B LRP_1
[BDArmory.BDACompetitionMode:197191212]: WHOPARTSHITWHOWITHMISSILES:PLAID AIF-42C5D LRP_3:139:PLAID AIF-42C5B LRP
[BDArmory.BDACompetitionMode:197191212]: WHOPARTSHITWHOWITHMISSILES:PLAID AIF-42C5B LRP:77:PLAID AIF-42C5D LRP_3:72:PLAID AIF-42C5D LRP:121:PLAID AIF-42C5D LRP_2
[BDArmory.BDACompetitionMode:197191212]: WHOPARTSHITWHOWITHMISSILES:PLAID AIF-42C5B LRP_1:75:PLAID AIF-42C5D LRP_3
[BDArmory.BDACompetitionMode:197191212]: WHOPARTSHITWHOWITHMISSILES:PLAID AIF-42C5B LRP_2:71:PLAID AIF-42C5D LRP_2
[BDArmory.BDACompetitionMode:197191212]: WHOPARTSHITWHOWITHMISSILES:PLAID AIF-42C5B LRP_3:74:PLAID AIF-42C5D LRP
[BDArmory.BDACompetitionMode:197191212]: WHODAMAGEDWHOWITHMISSILES:PLAID AIF-42C5D LRP_3:10776.1:PLAID AIF-42C5B LRP
[BDArmory.BDACompetitionMode:197191212]: WHODAMAGEDWHOWITHMISSILES:PLAID AIF-42C5B LRP:4289.9:PLAID AIF-42C5D LRP_3:21923.2:PLAID AIF-42C5D LRP_2
[BDArmory.BDACompetitionMode:197191212]: WHODAMAGEDWHOWITHMISSILES:PLAID AIF-42C5B LRP_1:82232.8:PLAID AIF-42C5D LRP_3
[BDArmory.BDACompetitionMode:197191212]: WHODAMAGEDWHOWITHMISSILES:PLAID AIF-42C5B LRP_2:56216.6:PLAID AIF-42C5D LRP_2
[BDArmory.BDACompetitionMode:197191212]: WHODAMAGEDWHOWITHMISSILES:PLAID AIF-42C5B LRP_3:26370.2:PLAID AIF-42C5D LRP
[BDArmory.BDACompetitionMode:197191212]: WHODAMAGEDWHOWITHBATTLEDAMAGE:PLAID AIF-42C5B LRP:43.3:PLAID AIF-42C5D LRP:10.1:PLAID AIF-42C5D LRP_2:8814.2:PLAID AIF-42C5B LRP
[BDArmory.BDACompetitionMode:197191212]: WHODAMAGEDWHOWITHBATTLEDAMAGE:PLAID AIF-42C5B LRP_1:64659.9:PLAID AIF-42C5D LRP_3
[BDArmory.BDACompetitionMode:197191212]: WHODAMAGEDWHOWITHBATTLEDAMAGE:PLAID AIF-42C5B LRP_3:0.1:PLAID AIF-42C5D LRP
[BDArmory.BDACompetitionMode:197191212]: KILLSTEALGUNS:PLAID AIF-42C5B LRP:PLAID AIF-42C5D LRP_2
[BDArmory.BDACompetitionMode:197191212]: CLEANKILLMISSILES:PLAID AIF-42C5B LRP_1:PLAID AIF-42C5D LRP_3
[BDArmory.BDACompetitionMode:197191212]: CLEANKILLMISSILES:PLAID AIF-42C5B LRP_2:PLAID AIF-42C5D LRP_2
[BDArmory.BDACompetitionMode:197191212]: HPLEFT:PLAID AIF-42C5D LRP:100
[BDArmory.BDACompetitionMode:197191212]: HPLEFT:PLAID AIF-42C5D LRP_1:100
[BDArmory.BDACompetitionMode:197191212]: HPLEFT:PLAID AIF-42C5D LRP_2:100
[BDArmory.BDACompetitionMode:197191212]: HPLEFT:PLAID AIF-42C5D LRP_3:14.4736842105263
[BDArmory.BDACompetitionMode:197191212]: HPLEFT:PLAID AIF-42C5B LRP:0
[BDArmory.BDACompetitionMode:197191212]: HPLEFT:PLAID AIF-42C5B LRP_1:0
[BDArmory.BDACompetitionMode:197191212]: HPLEFT:PLAID AIF-42C5B LRP_2:0
[BDArmory.BDACompetitionMode:197191212]: HPLEFT:PLAID AIF-42C5B LRP_3:16.25
[BDArmory.BDACompetitionMode:197191212]: ACCURACY:PLAID AIF-42C5D LRP:8/29:0/0
[BDArmory.BDACompetitionMode:197191212]: ACCURACY:PLAID AIF-42C5D LRP_1:0/0:0/0
[BDArmory.BDACompetitionMode:197191212]: ACCURACY:PLAID AIF-42C5D LRP_2:9/24:0/0
[BDArmory.BDACompetitionMode:197191212]: ACCURACY:PLAID AIF-42C5D LRP_3:0/0:0/0
[BDArmory.BDACompetitionMode:197191212]: ACCURACY:PLAID AIF-42C5B LRP:3/81:0/0
[BDArmory.BDACompetitionMode:197191212]: ACCURACY:PLAID AIF-42C5B LRP_1:0/0:0/0
[BDArmory.BDACompetitionMode:197191212]: ACCURACY:PLAID AIF-42C5B LRP_2:0/0:0/0
[BDArmory.BDACompetitionMode:197191212]: ACCURACY:PLAID AIF-42C5B LRP_3:0/0:0/0
