[BDArmory.BDACompetitionMode:197169755]: Dumping Results after 122s (of 0s) at 2026-04-01 01:25:01 -04:00
[BDArmory.BDACompetitionMode:197169755]: RESULT:Win:{"team": "F-42H-20 Corsair NF PLAID", "members": ["F-42H-20 Corsair NF PLAID", "F-42H-20 Corsair NF PLAID_1", "F-42H-20 Corsair NF PLAID_2"]}
[BDArmory.BDACompetitionMode:197169755]: DEADTEAMS:[{"team": "F-42H-20 Corsair NF", "members": ["F-42H-20 Corsair NF", "F-42H-20 Corsair NF_1", "F-42H-20 Corsair NF_2"]}]
[BDArmory.BDACompetitionMode:197169755]: ALIVE:F-42H-20 Corsair NF PLAID
[BDArmory.BDACompetitionMode:197169755]: ALIVE:F-42H-20 Corsair NF PLAID_1
[BDArmory.BDACompetitionMode:197169755]: ALIVE:F-42H-20 Corsair NF PLAID_2
[BDArmory.BDACompetitionMode:197169755]: DEAD:2:120.0:F-42H-20 Corsair NF
[BDArmory.BDACompetitionMode:197169755]: DEAD:0:72.0:F-42H-20 Corsair NF_1
[BDArmory.BDACompetitionMode:197169755]: DEAD:1:101.0:F-42H-20 Corsair NF_2
[BDArmory.BDACompetitionMode:197169755]: WHOSHOTWHOWITHGUNS:F-42H-20 Corsair NF:13:F-42H-20 Corsair NF PLAID:5:F-42H-20 Corsair NF PLAID_2
[BDArmory.BDACompetitionMode:197169755]: WHOSHOTWHOWITHGUNS:F-42H-20 Corsair NF_2:9:F-42H-20 Corsair NF PLAID
[BDArmory.BDACompetitionMode:197169755]: WHODAMAGEDWHOWITHGUNS:F-42H-20 Corsair NF:3250.0:F-42H-20 Corsair NF PLAID:895.0:F-42H-20 Corsair NF PLAID_2
[BDArmory.BDACompetitionMode:197169755]: WHODAMAGEDWHOWITHGUNS:F-42H-20 Corsair NF_2:2619.8:F-42H-20 Corsair NF PLAID
[BDArmory.BDACompetitionMode:197169755]: WHODAMAGEDWHOWITHGUNS:F-42H-20 Corsair NF PLAID_2:0.0:F-42H-20 Corsair NF PLAID
[BDArmory.BDACompetitionMode:197169755]: WHOHITWHOWITHMISSILES:F-42H-20 Corsair NF:1:F-42H-20 Corsair NF PLAID:1:F-42H-20 Corsair NF PLAID_2
[BDArmory.BDACompetitionMode:197169755]: WHOHITWHOWITHMISSILES:F-42H-20 Corsair NF_1:1:F-42H-20 Corsair NF PLAID:1:F-42H-20 Corsair NF PLAID_2
[BDArmory.BDACompetitionMode:197169755]: WHOHITWHOWITHMISSILES:F-42H-20 Corsair NF PLAID_1:1:F-42H-20 Corsair NF
[BDArmory.BDACompetitionMode:197169755]: WHOPARTSHITWHOWITHMISSILES:F-42H-20 Corsair NF:32:F-42H-20 Corsair NF PLAID:91:F-42H-20 Corsair NF PLAID_2
[BDArmory.BDACompetitionMode:197169755]: WHOPARTSHITWHOWITHMISSILES:F-42H-20 Corsair NF_1:107:F-42H-20 Corsair NF PLAID:18:F-42H-20 Corsair NF PLAID_2
[BDArmory.BDACompetitionMode:197169755]: WHOPARTSHITWHOWITHMISSILES:F-42H-20 Corsair NF PLAID_1:97:F-42H-20 Corsair NF
[BDArmory.BDACompetitionMode:197169755]: WHODAMAGEDWHOWITHMISSILES:F-42H-20 Corsair NF_1:33399.7:F-42H-20 Corsair NF PLAID
[BDArmory.BDACompetitionMode:197169755]: WHODAMAGEDWHOWITHMISSILES:F-42H-20 Corsair NF PLAID_1:60992.6:F-42H-20 Corsair NF
[BDArmory.BDACompetitionMode:197169755]: WHODAMAGEDWHOWITHBATTLEDAMAGE:F-42H-20 Corsair NF:523.2:F-42H-20 Corsair NF PLAID:9497.1:F-42H-20 Corsair NF
[BDArmory.BDACompetitionMode:197169755]: WHODAMAGEDWHOWITHBATTLEDAMAGE:F-42H-20 Corsair NF_2:35.1:F-42H-20 Corsair NF PLAID
[BDArmory.BDACompetitionMode:197169755]: HEADSHOTGUNS:F-42H-20 Corsair NF:F-42H-20 Corsair NF PLAID
[BDArmory.BDACompetitionMode:197169755]: CLEANKILLGUNS:F-42H-20 Corsair NF_2:F-42H-20 Corsair NF PLAID
[BDArmory.BDACompetitionMode:197169755]: HPLEFT:F-42H-20 Corsair NF:0
[BDArmory.BDACompetitionMode:197169755]: HPLEFT:F-42H-20 Corsair NF_1:0
[BDArmory.BDACompetitionMode:197169755]: HPLEFT:F-42H-20 Corsair NF_2:0
[BDArmory.BDACompetitionMode:197169755]: HPLEFT:F-42H-20 Corsair NF PLAID:100
[BDArmory.BDACompetitionMode:197169755]: HPLEFT:F-42H-20 Corsair NF PLAID_1:49.618320610687
[BDArmory.BDACompetitionMode:197169755]: HPLEFT:F-42H-20 Corsair NF PLAID_2:100
[BDArmory.BDACompetitionMode:197169755]: ACCURACY:F-42H-20 Corsair NF:0/0:0/0
[BDArmory.BDACompetitionMode:197169755]: ACCURACY:F-42H-20 Corsair NF_1:0/0:0/0
[BDArmory.BDACompetitionMode:197169755]: ACCURACY:F-42H-20 Corsair NF_2:0/0:0/0
[BDArmory.BDACompetitionMode:197169755]: ACCURACY:F-42H-20 Corsair NF PLAID:22/253:0/0
[BDArmory.BDACompetitionMode:197169755]: ACCURACY:F-42H-20 Corsair NF PLAID_1:0/0:0/0
[BDArmory.BDACompetitionMode:197169755]: ACCURACY:F-42H-20 Corsair NF PLAID_2:5/15:0/0
