[BDArmory.BDACompetitionMode:197170326]: Dumping Results after 129s (of 0s) at 2026-04-01 01:34:24 -04:00
[BDArmory.BDACompetitionMode:197170326]: RESULT:Win:{"team": "F-42H-20 Corsair NF PLAID", "members": ["F-42H-20 Corsair NF PLAID", "F-42H-20 Corsair NF PLAID_1"]}
[BDArmory.BDACompetitionMode:197170326]: DEADTEAMS:[{"team": "F-42H-20 Corsair NF", "members": ["F-42H-20 Corsair NF", "F-42H-20 Corsair NF_1"]}]
[BDArmory.BDACompetitionMode:197170326]: ALIVE:F-42H-20 Corsair NF PLAID_1
[BDArmory.BDACompetitionMode:197170326]: DEAD:2:126.0:F-42H-20 Corsair NF PLAID
[BDArmory.BDACompetitionMode:197170326]: DEAD:1:125.0:F-42H-20 Corsair NF
[BDArmory.BDACompetitionMode:197170326]: DEAD:0:103.0:F-42H-20 Corsair NF_1
[BDArmory.BDACompetitionMode:197170326]: WHOSHOTWHOWITHGUNS:F-42H-20 Corsair NF PLAID_1:1:F-42H-20 Corsair NF
[BDArmory.BDACompetitionMode:197170326]: WHOSHOTWHOWITHGUNS:F-42H-20 Corsair NF:11:F-42H-20 Corsair NF PLAID
[BDArmory.BDACompetitionMode:197170326]: WHODAMAGEDWHOWITHGUNS:F-42H-20 Corsair NF PLAID_1:314.6:F-42H-20 Corsair NF
[BDArmory.BDACompetitionMode:197170326]: WHODAMAGEDWHOWITHGUNS:F-42H-20 Corsair NF:4014.6:F-42H-20 Corsair NF PLAID
[BDArmory.BDACompetitionMode:197170326]: WHOHITWHOWITHMISSILES:F-42H-20 Corsair NF_1:1:F-42H-20 Corsair NF PLAID:1:F-42H-20 Corsair NF PLAID_1
[BDArmory.BDACompetitionMode:197170326]: WHOPARTSHITWHOWITHMISSILES:F-42H-20 Corsair NF_1:90:F-42H-20 Corsair NF PLAID:66:F-42H-20 Corsair NF PLAID_1
[BDArmory.BDACompetitionMode:197170326]: WHODAMAGEDWHOWITHMISSILES:F-42H-20 Corsair NF_1:4988.8:F-42H-20 Corsair NF PLAID:28177.2:F-42H-20 Corsair NF PLAID_1
[BDArmory.BDACompetitionMode:197170326]: WHODAMAGEDWHOWITHBATTLEDAMAGE:F-42H-20 Corsair NF PLAID_1:77.3:F-42H-20 Corsair NF
[BDArmory.BDACompetitionMode:197170326]: WHODAMAGEDWHOWITHBATTLEDAMAGE:F-42H-20 Corsair NF:658.6:F-42H-20 Corsair NF PLAID:13041.4:F-42H-20 Corsair NF
[BDArmory.BDACompetitionMode:197170326]: WHODAMAGEDWHOWITHBATTLEDAMAGE:F-42H-20 Corsair NF_1:15757.6:F-42H-20 Corsair NF PLAID_1
[BDArmory.BDACompetitionMode:197170326]: KILLSTEALMISSILES:F-42H-20 Corsair NF_1:F-42H-20 Corsair NF PLAID_1
[BDArmory.BDACompetitionMode:197170326]: HPLEFT:F-42H-20 Corsair NF PLAID:0
[BDArmory.BDACompetitionMode:197170326]: HPLEFT:F-42H-20 Corsair NF PLAID_1:99.236641221374
[BDArmory.BDACompetitionMode:197170326]: HPLEFT:F-42H-20 Corsair NF:0
[BDArmory.BDACompetitionMode:197170326]: HPLEFT:F-42H-20 Corsair NF_1:0
[BDArmory.BDACompetitionMode:197170326]: ACCURACY:F-42H-20 Corsair NF PLAID:11/88:0/0
[BDArmory.BDACompetitionMode:197170326]: ACCURACY:F-42H-20 Corsair NF PLAID_1:0/138:0/0
[BDArmory.BDACompetitionMode:197170326]: ACCURACY:F-42H-20 Corsair NF:1/52:0/0
[BDArmory.BDACompetitionMode:197170326]: ACCURACY:F-42H-20 Corsair NF_1:0/0:0/0
