[BDArmory.BDACompetitionMode:197608661]: Dumping Results after 280s (of 0s) at 2026-04-06 03:23:06 -04:00
[BDArmory.BDACompetitionMode:197608661]: RESULT:Draw:[{"team": "New folder (2)", "members": ["PLAID MBT-42F3 \"NAVAJO\"", "PLAID MBT-42F3 \"NAVAJO\"_1", "PLAID MBT-42F3 \"NAVAJO\"_2"]}, {"team": "New folder", "members": ["PLAID CFV-11F \"HAKORI\""]}]
[BDArmory.BDACompetitionMode:197608661]: DEADTEAMS:[]
[BDArmory.BDACompetitionMode:197608661]: ALIVE:PLAID MBT-42F3 "NAVAJO"_2
[BDArmory.BDACompetitionMode:197608661]: ALIVE:PLAID CFV-11F "HAKORI"
[BDArmory.BDACompetitionMode:197608661]: DEAD:0:120.6:PLAID MBT-42F3 "NAVAJO"
[BDArmory.BDACompetitionMode:197608661]: DEAD:1:193.9:PLAID MBT-42F3 "NAVAJO"_1
[BDArmory.BDACompetitionMode:197608661]: WHOHITWHOWITHMISSILES:PLAID MBT-42F3 "NAVAJO":1:PLAID CFV-11F "HAKORI"
[BDArmory.BDACompetitionMode:197608661]: WHOHITWHOWITHMISSILES:PLAID MBT-42F3 "NAVAJO"_1:2:PLAID CFV-11F "HAKORI"
[BDArmory.BDACompetitionMode:197608661]: WHOHITWHOWITHMISSILES:PLAID MBT-42F3 "NAVAJO"_2:2:PLAID CFV-11F "HAKORI"
[BDArmory.BDACompetitionMode:197608661]: WHOPARTSHITWHOWITHMISSILES:PLAID MBT-42F3 "NAVAJO":196:PLAID CFV-11F "HAKORI"
[BDArmory.BDACompetitionMode:197608661]: WHOPARTSHITWHOWITHMISSILES:PLAID MBT-42F3 "NAVAJO"_1:383:PLAID CFV-11F "HAKORI"
[BDArmory.BDACompetitionMode:197608661]: WHOPARTSHITWHOWITHMISSILES:PLAID MBT-42F3 "NAVAJO"_2:288:PLAID CFV-11F "HAKORI"
[BDArmory.BDACompetitionMode:197608661]: WHODAMAGEDWHOWITHMISSILES:PLAID MBT-42F3 "NAVAJO":312852.0:PLAID CFV-11F "HAKORI"
[BDArmory.BDACompetitionMode:197608661]: WHODAMAGEDWHOWITHMISSILES:PLAID MBT-42F3 "NAVAJO"_1:160584.0:PLAID CFV-11F "HAKORI"
[BDArmory.BDACompetitionMode:197608661]: GMKILL:PLAID MBT-42F3 "NAVAJO":GM
[BDArmory.BDACompetitionMode:197608661]: GMKILL:PLAID MBT-42F3 "NAVAJO"_1:GM
[BDArmory.BDACompetitionMode:197608661]: HPLEFT:PLAID MBT-42F3 "NAVAJO":0
[BDArmory.BDACompetitionMode:197608661]: HPLEFT:PLAID MBT-42F3 "NAVAJO"_1:0
[BDArmory.BDACompetitionMode:197608661]: HPLEFT:PLAID MBT-42F3 "NAVAJO"_2:101.546391752577
[BDArmory.BDACompetitionMode:197608661]: HPLEFT:PLAID CFV-11F "HAKORI":101.807228915663
[BDArmory.BDACompetitionMode:197608661]: ACCURACY:PLAID MBT-42F3 "NAVAJO":0/55:0/0
[BDArmory.BDACompetitionMode:197608661]: ACCURACY:PLAID MBT-42F3 "NAVAJO"_1:0/125:0/0
[BDArmory.BDACompetitionMode:197608661]: ACCURACY:PLAID MBT-42F3 "NAVAJO"_2:0/223:0/0
[BDArmory.BDACompetitionMode:197608661]: ACCURACY:PLAID CFV-11F "HAKORI":0/0:0/0
