[BDArmory.BDACompetitionMode:198015233]: Dumping Results after -70s (of 0s) at 2026-04-10 20:15:33 -04:00
[BDArmory.BDACompetitionMode:198015233]: RESULT:Win:{"team": "AIF-37A", "members": ["AIF-37A", "AIF-37A_1"]}
[BDArmory.BDACompetitionMode:198015233]: DEADTEAMS:[{"team": "PLAID AIF-42C5B LRP", "members": ["PLAID AIF-42C5B LRP", "PLAID AIF-42C5B LRP_1"]}]
[BDArmory.BDACompetitionMode:198015233]: ALIVE:AIF-37A_1
[BDArmory.BDACompetitionMode:198015233]: MIA:AIF-37A
[BDArmory.BDACompetitionMode:198015233]: MIA:PLAID AIF-42C5B LRP
[BDArmory.BDACompetitionMode:198015233]: MIA:PLAID AIF-42C5B LRP_1
[BDArmory.BDACompetitionMode:198015233]: WHOSHOTWHOWITHGUNS:AIF-37A:10:PLAID AIF-42C5B LRP
[BDArmory.BDACompetitionMode:198015233]: WHODAMAGEDWHOWITHGUNS:AIF-37A:4263.5:PLAID AIF-42C5B LRP
[BDArmory.BDACompetitionMode:198015233]: WHOHITWHOWITHMISSILES:AIF-37A_1:1:PLAID AIF-42C5B LRP_1
[BDArmory.BDACompetitionMode:198015233]: WHOPARTSHITWHOWITHMISSILES:AIF-37A_1:80:PLAID AIF-42C5B LRP_1
[BDArmory.BDACompetitionMode:198015233]: WHODAMAGEDWHOWITHMISSILES:AIF-37A_1:21394.9:PLAID AIF-42C5B LRP_1
[BDArmory.BDACompetitionMode:198015233]: WHODAMAGEDWHOWITHBATTLEDAMAGE:AIF-37A:74.0:PLAID AIF-42C5B LRP:57523.6:AIF-37A
[BDArmory.BDACompetitionMode:198015233]: HPLEFT:AIF-37A:0
[BDArmory.BDACompetitionMode:198015233]: HPLEFT:AIF-37A_1:66.6666666666667
[BDArmory.BDACompetitionMode:198015233]: HPLEFT:PLAID AIF-42C5B LRP:0
[BDArmory.BDACompetitionMode:198015233]: HPLEFT:PLAID AIF-42C5B LRP_1:0
[BDArmory.BDACompetitionMode:198015233]: ACCURACY:AIF-37A:0/0:0/0
[BDArmory.BDACompetitionMode:198015233]: ACCURACY:AIF-37A_1:0/0:0/0
[BDArmory.BDACompetitionMode:198015233]: ACCURACY:PLAID AIF-42C5B LRP:10/76:0/0
[BDArmory.BDACompetitionMode:198015233]: ACCURACY:PLAID AIF-42C5B LRP_1:0/0:0/0
