[BDArmory.BDACompetitionMode:198012993]: Dumping Results after -198s (of 0s) at 2026-04-10 19:38:24 -04:00
[BDArmory.BDACompetitionMode:198012993]: RESULT:Win:{"team": "AIF-37A", "members": ["AIF-37A", "AIF-37A_1"]}
[BDArmory.BDACompetitionMode:198012993]: DEADTEAMS:[{"team": "PLAID AIF-42C5B LRP", "members": ["PLAID AIF-42C5B LRP", "PLAID AIF-42C5B LRP_1"]}]
[BDArmory.BDACompetitionMode:198012993]: ALIVE:AIF-37A_1
[BDArmory.BDACompetitionMode:198012993]: MIA:AIF-37A
[BDArmory.BDACompetitionMode:198012993]: DEAD:0:93.0:PLAID AIF-42C5B LRP
[BDArmory.BDACompetitionMode:198012993]: DEAD:1:105.0:PLAID AIF-42C5B LRP_1
[BDArmory.BDACompetitionMode:198012993]: WHOSHOTWHOWITHGUNS:PLAID AIF-42C5B LRP:19:AIF-37A_1
[BDArmory.BDACompetitionMode:198012993]: WHOSHOTWHOWITHGUNS:PLAID AIF-42C5B LRP_1:1:AIF-37A
[BDArmory.BDACompetitionMode:198012993]: WHODAMAGEDWHOWITHGUNS:PLAID AIF-42C5B LRP:3622.5:AIF-37A_1
[BDArmory.BDACompetitionMode:198012993]: WHODAMAGEDWHOWITHGUNS:PLAID AIF-42C5B LRP_1:219.7:AIF-37A
[BDArmory.BDACompetitionMode:198012993]: WHOHITWHOWITHMISSILES:PLAID AIF-42C5B LRP:2:AIF-37A_1
[BDArmory.BDACompetitionMode:198012993]: WHOHITWHOWITHMISSILES:PLAID AIF-42C5B LRP_1:1:AIF-37A
[BDArmory.BDACompetitionMode:198012993]: WHOPARTSHITWHOWITHMISSILES:PLAID AIF-42C5B LRP:128:AIF-37A_1
[BDArmory.BDACompetitionMode:198012993]: WHOPARTSHITWHOWITHMISSILES:PLAID AIF-42C5B LRP_1:73:AIF-37A
[BDArmory.BDACompetitionMode:198012993]: WHODAMAGEDWHOWITHMISSILES:PLAID AIF-42C5B LRP:56306.0:AIF-37A_1
[BDArmory.BDACompetitionMode:198012993]: WHODAMAGEDWHOWITHMISSILES:PLAID AIF-42C5B LRP_1:22427.9:AIF-37A
[BDArmory.BDACompetitionMode:198012993]: WHODAMAGEDWHOWITHBATTLEDAMAGE:PLAID AIF-42C5B LRP:324.4:AIF-37A_1:19817.2:PLAID AIF-42C5B LRP
[BDArmory.BDACompetitionMode:198012993]: CLEANKILLGUNS:PLAID AIF-42C5B LRP:AIF-37A_1
[BDArmory.BDACompetitionMode:198012993]: HPLEFT:AIF-37A:0
[BDArmory.BDACompetitionMode:198012993]: HPLEFT:AIF-37A_1:100
[BDArmory.BDACompetitionMode:198012993]: HPLEFT:PLAID AIF-42C5B LRP:0
[BDArmory.BDACompetitionMode:198012993]: HPLEFT:PLAID AIF-42C5B LRP_1:0
[BDArmory.BDACompetitionMode:198012993]: ACCURACY:AIF-37A:1/128:0/0
[BDArmory.BDACompetitionMode:198012993]: ACCURACY:AIF-37A_1:19/242:0/0
[BDArmory.BDACompetitionMode:198012993]: ACCURACY:PLAID AIF-42C5B LRP:0/4:0/0
[BDArmory.BDACompetitionMode:198012993]: ACCURACY:PLAID AIF-42C5B LRP_1:0/0:0/0
