[BDArmory.BDACompetitionMode:198014200]: Dumping Results after 113s (of 0s) at 2026-04-10 19:58:37 -04:00
[BDArmory.BDACompetitionMode:198014200]: RESULT:Draw:[{"team": "PLAID AIF-42C5B LRP", "members": ["PLAID AIF-42C5B LRP", "PLAID AIF-42C5B LRP_1"]}, {"team": "AIF-37A", "members": ["AIF-37A", "AIF-37A_1"]}]
[BDArmory.BDACompetitionMode:198014200]: DEADTEAMS:[]
[BDArmory.BDACompetitionMode:198014200]: ALIVE:AIF-37A
[BDArmory.BDACompetitionMode:198014200]: ALIVE:AIF-37A_1
[BDArmory.BDACompetitionMode:198014200]: MIA:PLAID AIF-42C5B LRP
[BDArmory.BDACompetitionMode:198014200]: DEAD:0:84.0:PLAID AIF-42C5B LRP_1
[BDArmory.BDACompetitionMode:198014200]: WHOSHOTWHOWITHGUNS:AIF-37A:1:PLAID AIF-42C5B LRP
[BDArmory.BDACompetitionMode:198014200]: WHODAMAGEDWHOWITHGUNS:AIF-37A:380.0:PLAID AIF-42C5B LRP
[BDArmory.BDACompetitionMode:198014200]: WHOHITWHOWITHMISSILES:PLAID AIF-42C5B LRP:2:AIF-37A
[BDArmory.BDACompetitionMode:198014200]: WHOHITWHOWITHMISSILES:PLAID AIF-42C5B LRP_1:3:AIF-37A_1
[BDArmory.BDACompetitionMode:198014200]: WHOPARTSHITWHOWITHMISSILES:PLAID AIF-42C5B LRP:81:AIF-37A
[BDArmory.BDACompetitionMode:198014200]: WHOPARTSHITWHOWITHMISSILES:PLAID AIF-42C5B LRP_1:137:AIF-37A_1
[BDArmory.BDACompetitionMode:198014200]: WHODAMAGEDWHOWITHMISSILES:PLAID AIF-42C5B LRP:61321.0:AIF-37A
[BDArmory.BDACompetitionMode:198014200]: WHODAMAGEDWHOWITHMISSILES:PLAID AIF-42C5B LRP_1:61835.3:AIF-37A_1
[BDArmory.BDACompetitionMode:198014200]: WHODAMAGEDWHOWITHBATTLEDAMAGE:PLAID AIF-42C5B LRP_1:15425.9:AIF-37A_1
[BDArmory.BDACompetitionMode:198014200]: WHODAMAGEDWHOWITHBATTLEDAMAGE:AIF-37A:87.8:PLAID AIF-42C5B LRP
[BDArmory.BDACompetitionMode:198014200]: CLEANKILLMISSILES:PLAID AIF-42C5B LRP_1:AIF-37A_1
[BDArmory.BDACompetitionMode:198014200]: HPLEFT:PLAID AIF-42C5B LRP:8.75
[BDArmory.BDACompetitionMode:198014200]: HPLEFT:PLAID AIF-42C5B LRP_1:0
[BDArmory.BDACompetitionMode:198014200]: HPLEFT:AIF-37A:98.8095238095238
[BDArmory.BDACompetitionMode:198014200]: HPLEFT:AIF-37A_1:100
[BDArmory.BDACompetitionMode:198014200]: ACCURACY:PLAID AIF-42C5B LRP:1/9:0/0
[BDArmory.BDACompetitionMode:198014200]: ACCURACY:PLAID AIF-42C5B LRP_1:0/0:0/0
[BDArmory.BDACompetitionMode:198014200]: ACCURACY:AIF-37A:0/5:0/0
[BDArmory.BDACompetitionMode:198014200]: ACCURACY:AIF-37A_1:0/2:0/0
