[BDArmory.BDACompetitionMode:198014460]: Dumping Results after 106s (of 0s) at 2026-04-10 20:02:53 -04:00
[BDArmory.BDACompetitionMode:198014460]: RESULT:Draw:[{"team": "AIF-37A", "members": ["AIF-37A", "AIF-37A_1"]}, {"team": "PLAID AIF-42C5B LRP", "members": ["PLAID AIF-42C5B LRP", "PLAID AIF-42C5B LRP_1"]}]
[BDArmory.BDACompetitionMode:198014460]: DEADTEAMS:[]
[BDArmory.BDACompetitionMode:198014460]: ALIVE:AIF-37A
[BDArmory.BDACompetitionMode:198014460]: ALIVE:PLAID AIF-42C5B LRP
[BDArmory.BDACompetitionMode:198014460]: DEAD:0:87.0:AIF-37A_1
[BDArmory.BDACompetitionMode:198014460]: DEAD:1:93.0:PLAID AIF-42C5B LRP_1
[BDArmory.BDACompetitionMode:198014460]: WHOSHOTWHOWITHGUNS:AIF-37A:12:PLAID AIF-42C5B LRP_1:1:PLAID AIF-42C5B LRP
[BDArmory.BDACompetitionMode:198014460]: WHOSHOTWHOWITHGUNS:AIF-37A_1:7:PLAID AIF-42C5B LRP
[BDArmory.BDACompetitionMode:198014460]: WHODAMAGEDWHOWITHGUNS:AIF-37A:3504.0:PLAID AIF-42C5B LRP_1:241.2:PLAID AIF-42C5B LRP
[BDArmory.BDACompetitionMode:198014460]: WHODAMAGEDWHOWITHGUNS:AIF-37A_1:2945.9:PLAID AIF-42C5B LRP
[BDArmory.BDACompetitionMode:198014460]: WHOHITWHOWITHMISSILES:AIF-37A:1:PLAID AIF-42C5B LRP_1
[BDArmory.BDACompetitionMode:198014460]: WHOHITWHOWITHMISSILES:AIF-37A_1:2:PLAID AIF-42C5B LRP
[BDArmory.BDACompetitionMode:198014460]: WHOHITWHOWITHMISSILES:PLAID AIF-42C5B LRP_1:1:AIF-37A
[BDArmory.BDACompetitionMode:198014460]: WHOPARTSHITWHOWITHMISSILES:AIF-37A:77:PLAID AIF-42C5B LRP_1
[BDArmory.BDACompetitionMode:198014460]: WHOPARTSHITWHOWITHMISSILES:AIF-37A_1:162:PLAID AIF-42C5B LRP
[BDArmory.BDACompetitionMode:198014460]: WHOPARTSHITWHOWITHMISSILES:PLAID AIF-42C5B LRP_1:73:AIF-37A
[BDArmory.BDACompetitionMode:198014460]: WHODAMAGEDWHOWITHMISSILES:AIF-37A:37142.0:PLAID AIF-42C5B LRP_1
[BDArmory.BDACompetitionMode:198014460]: WHODAMAGEDWHOWITHMISSILES:AIF-37A_1:1096.7:PLAID AIF-42C5B LRP
[BDArmory.BDACompetitionMode:198014460]: WHODAMAGEDWHOWITHMISSILES:PLAID AIF-42C5B LRP_1:16872.7:AIF-37A
[BDArmory.BDACompetitionMode:198014460]: WHODAMAGEDWHOWITHBATTLEDAMAGE:AIF-37A:71.0:PLAID AIF-42C5B LRP_1:12485.1:AIF-37A
[BDArmory.BDACompetitionMode:198014460]: WHODAMAGEDWHOWITHBATTLEDAMAGE:AIF-37A_1:17707.1:PLAID AIF-42C5B LRP:38829.5:AIF-37A_1
[BDArmory.BDACompetitionMode:198014460]: CLEANKILLGUNS:AIF-37A_1:PLAID AIF-42C5B LRP
[BDArmory.BDACompetitionMode:198014460]: HPLEFT:AIF-37A:41.6666666666667
[BDArmory.BDACompetitionMode:198014460]: HPLEFT:AIF-37A_1:0
[BDArmory.BDACompetitionMode:198014460]: HPLEFT:PLAID AIF-42C5B LRP:100
[BDArmory.BDACompetitionMode:198014460]: HPLEFT:PLAID AIF-42C5B LRP_1:0
[BDArmory.BDACompetitionMode:198014460]: ACCURACY:AIF-37A:0/17:0/0
[BDArmory.BDACompetitionMode:198014460]: ACCURACY:AIF-37A_1:0/0:0/0
[BDArmory.BDACompetitionMode:198014460]: ACCURACY:PLAID AIF-42C5B LRP:8/150:0/0
[BDArmory.BDACompetitionMode:198014460]: ACCURACY:PLAID AIF-42C5B LRP_1:12/90:0/0
