[BDArmory.BDACompetitionMode:198014064]: Dumping Results after 116s (of 0s) at 2026-04-10 19:56:25 -04:00
[BDArmory.BDACompetitionMode:198014064]: RESULT:Draw:[{"team": "AIF-37A", "members": ["AIF-37A", "AIF-37A_1"]}, {"team": "PLAID AIF-42C5B LRP", "members": ["PLAID AIF-42C5B LRP", "PLAID AIF-42C5B LRP_1"]}]
[BDArmory.BDACompetitionMode:198014064]: DEADTEAMS:[]
[BDArmory.BDACompetitionMode:198014064]: ALIVE:PLAID AIF-42C5B LRP_1
[BDArmory.BDACompetitionMode:198014064]: MIA:AIF-37A
[BDArmory.BDACompetitionMode:198014064]: DEAD:1:105.0:AIF-37A_1
[BDArmory.BDACompetitionMode:198014064]: DEAD:0:78.0:PLAID AIF-42C5B LRP
[BDArmory.BDACompetitionMode:198014064]: WHOSHOTWHOWITHGUNS:AIF-37A:16:PLAID AIF-42C5B LRP_1
[BDArmory.BDACompetitionMode:198014064]: WHOSHOTWHOWITHGUNS:AIF-37A_1:12:PLAID AIF-42C5B LRP_1
[BDArmory.BDACompetitionMode:198014064]: WHOSHOTWHOWITHGUNS:PLAID AIF-42C5B LRP:22:AIF-37A
[BDArmory.BDACompetitionMode:198014064]: WHODAMAGEDWHOWITHGUNS:AIF-37A:4903.5:PLAID AIF-42C5B LRP_1
[BDArmory.BDACompetitionMode:198014064]: WHODAMAGEDWHOWITHGUNS:AIF-37A_1:4217.0:PLAID AIF-42C5B LRP_1
[BDArmory.BDACompetitionMode:198014064]: WHODAMAGEDWHOWITHGUNS:PLAID AIF-42C5B LRP:4262.8:AIF-37A
[BDArmory.BDACompetitionMode:198014064]: WHOHITWHOWITHMISSILES:AIF-37A:1:PLAID AIF-42C5B LRP_1
[BDArmory.BDACompetitionMode:198014064]: WHOHITWHOWITHMISSILES:AIF-37A_1:1:PLAID AIF-42C5B LRP
[BDArmory.BDACompetitionMode:198014064]: WHOPARTSHITWHOWITHMISSILES:AIF-37A:79:PLAID AIF-42C5B LRP_1
[BDArmory.BDACompetitionMode:198014064]: WHOPARTSHITWHOWITHMISSILES:AIF-37A_1:81:PLAID AIF-42C5B LRP
[BDArmory.BDACompetitionMode:198014064]: WHODAMAGEDWHOWITHMISSILES:AIF-37A:9957.7:PLAID AIF-42C5B LRP_1
[BDArmory.BDACompetitionMode:198014064]: WHODAMAGEDWHOWITHMISSILES:AIF-37A_1:1234.3:PLAID AIF-42C5B LRP
[BDArmory.BDACompetitionMode:198014064]: WHODAMAGEDWHOWITHBATTLEDAMAGE:AIF-37A:435.3:PLAID AIF-42C5B LRP_1
[BDArmory.BDACompetitionMode:198014064]: WHODAMAGEDWHOWITHBATTLEDAMAGE:AIF-37A_1:6.5:PLAID AIF-42C5B LRP_1
[BDArmory.BDACompetitionMode:198014064]: WHODAMAGEDWHOWITHBATTLEDAMAGE:PLAID AIF-42C5B LRP:110.2:AIF-37A:9775.6:PLAID AIF-42C5B LRP
[BDArmory.BDACompetitionMode:198014064]: HEADSHOTGUNS:AIF-37A_1:PLAID AIF-42C5B LRP_1
[BDArmory.BDACompetitionMode:198014064]: CLEANKILLGUNS:PLAID AIF-42C5B LRP:AIF-37A
[BDArmory.BDACompetitionMode:198014064]: HPLEFT:AIF-37A:57.1428571428571
[BDArmory.BDACompetitionMode:198014064]: HPLEFT:AIF-37A_1:0
[BDArmory.BDACompetitionMode:198014064]: HPLEFT:PLAID AIF-42C5B LRP:0
[BDArmory.BDACompetitionMode:198014064]: HPLEFT:PLAID AIF-42C5B LRP_1:100
[BDArmory.BDACompetitionMode:198014064]: ACCURACY:AIF-37A:22/250:0/0
[BDArmory.BDACompetitionMode:198014064]: ACCURACY:AIF-37A_1:0/187:0/0
[BDArmory.BDACompetitionMode:198014064]: ACCURACY:PLAID AIF-42C5B LRP:0/0:0/0
[BDArmory.BDACompetitionMode:198014064]: ACCURACY:PLAID AIF-42C5B LRP_1:28/172:0/0
