[BDArmory.BDACompetitionMode:198012889]: Dumping Results after 83s (of 0s) at 2026-04-10 19:36:17 -04:00
[BDArmory.BDACompetitionMode:198012889]: RESULT:Win:{"team": "PLAID AIF-42C5B LRP", "members": ["PLAID AIF-42C5B LRP", "PLAID AIF-42C5B LRP_1"]}
[BDArmory.BDACompetitionMode:198012889]: DEADTEAMS:[{"team": "AIF-37A", "members": ["AIF-37A", "AIF-37A_1"]}]
[BDArmory.BDACompetitionMode:198012889]: ALIVE:PLAID AIF-42C5B LRP
[BDArmory.BDACompetitionMode:198012889]: ALIVE:PLAID AIF-42C5B LRP_1
[BDArmory.BDACompetitionMode:198012889]: DEAD:0:79.0:AIF-37A
[BDArmory.BDACompetitionMode:198012889]: DEAD:1:81.0:AIF-37A_1
[BDArmory.BDACompetitionMode:198012889]: WHOSHOTWHOWITHGUNS:PLAID AIF-42C5B LRP:2:AIF-37A
[BDArmory.BDACompetitionMode:198012889]: WHOSHOTWHOWITHGUNS:AIF-37A:18:PLAID AIF-42C5B LRP_1
[BDArmory.BDACompetitionMode:198012889]: WHODAMAGEDWHOWITHGUNS:PLAID AIF-42C5B LRP:456.6:AIF-37A
[BDArmory.BDACompetitionMode:198012889]: WHODAMAGEDWHOWITHGUNS:AIF-37A:4264.0:PLAID AIF-42C5B LRP_1
[BDArmory.BDACompetitionMode:198012889]: WHOHITWHOWITHMISSILES:AIF-37A_1:4:PLAID AIF-42C5B LRP
[BDArmory.BDACompetitionMode:198012889]: WHOPARTSHITWHOWITHMISSILES:AIF-37A_1:247:PLAID AIF-42C5B LRP
[BDArmory.BDACompetitionMode:198012889]: WHODAMAGEDWHOWITHMISSILES:AIF-37A_1:69468.2:PLAID AIF-42C5B LRP
[BDArmory.BDACompetitionMode:198012889]: WHODAMAGEDWHOWITHBATTLEDAMAGE:PLAID AIF-42C5B LRP:103.7:AIF-37A:9802.5:PLAID AIF-42C5B LRP
[BDArmory.BDACompetitionMode:198012889]: WHODAMAGEDWHOWITHBATTLEDAMAGE:AIF-37A:58.4:PLAID AIF-42C5B LRP_1:52434.4:AIF-37A
[BDArmory.BDACompetitionMode:198012889]: WHODAMAGEDWHOWITHBATTLEDAMAGE:AIF-37A_1:17148.7:PLAID AIF-42C5B LRP
[BDArmory.BDACompetitionMode:198012889]: CLEANKILLGUNS:AIF-37A:PLAID AIF-42C5B LRP_1
[BDArmory.BDACompetitionMode:198012889]: CLEANKILLMISSILES:AIF-37A_1:PLAID AIF-42C5B LRP
[BDArmory.BDACompetitionMode:198012889]: HPLEFT:PLAID AIF-42C5B LRP:62.5
[BDArmory.BDACompetitionMode:198012889]: HPLEFT:PLAID AIF-42C5B LRP_1:100
[BDArmory.BDACompetitionMode:198012889]: HPLEFT:AIF-37A:0
[BDArmory.BDACompetitionMode:198012889]: HPLEFT:AIF-37A_1:0
[BDArmory.BDACompetitionMode:198012889]: ACCURACY:PLAID AIF-42C5B LRP:0/0:0/0
[BDArmory.BDACompetitionMode:198012889]: ACCURACY:PLAID AIF-42C5B LRP_1:18/102:0/0
[BDArmory.BDACompetitionMode:198012889]: ACCURACY:AIF-37A:2/147:0/0
[BDArmory.BDACompetitionMode:198012889]: ACCURACY:AIF-37A_1:0/2:0/0
