[BDArmory.BDACompetitionMode:198014332]: Dumping Results after 106s (of 0s) at 2026-04-10 20:00:45 -04:00
[BDArmory.BDACompetitionMode:198014332]: RESULT:Win:{"team": "AIF-37A", "members": ["AIF-37A", "AIF-37A_1"]}
[BDArmory.BDACompetitionMode:198014332]: DEADTEAMS:[{"team": "PLAID AIF-42C5B LRP", "members": ["PLAID AIF-42C5B LRP", "PLAID AIF-42C5B LRP_1"]}]
[BDArmory.BDACompetitionMode:198014332]: ALIVE:AIF-37A
[BDArmory.BDACompetitionMode:198014332]: ALIVE:AIF-37A_1
[BDArmory.BDACompetitionMode:198014332]: DEAD:0:91.0:PLAID AIF-42C5B LRP
[BDArmory.BDACompetitionMode:198014332]: DEAD:1:98.0:PLAID AIF-42C5B LRP_1
[BDArmory.BDACompetitionMode:198014332]: WHOSHOTWHOWITHGUNS:AIF-37A:1:PLAID AIF-42C5B LRP_1
[BDArmory.BDACompetitionMode:198014332]: WHOSHOTWHOWITHGUNS:PLAID AIF-42C5B LRP:19:AIF-37A
[BDArmory.BDACompetitionMode:198014332]: WHOSHOTWHOWITHGUNS:PLAID AIF-42C5B LRP_1:3:AIF-37A:17:AIF-37A_1
[BDArmory.BDACompetitionMode:198014332]: WHODAMAGEDWHOWITHGUNS:AIF-37A:295.2:PLAID AIF-42C5B LRP_1
[BDArmory.BDACompetitionMode:198014332]: WHODAMAGEDWHOWITHGUNS:PLAID AIF-42C5B LRP:3904.5:AIF-37A
[BDArmory.BDACompetitionMode:198014332]: WHODAMAGEDWHOWITHGUNS:PLAID AIF-42C5B LRP_1:890.4:AIF-37A:3397.2:AIF-37A_1
[BDArmory.BDACompetitionMode:198014332]: WHOHITWHOWITHMISSILES:AIF-37A:1:PLAID AIF-42C5B LRP_1
[BDArmory.BDACompetitionMode:198014332]: WHOHITWHOWITHMISSILES:PLAID AIF-42C5B LRP:2:AIF-37A
[BDArmory.BDACompetitionMode:198014332]: WHOHITWHOWITHMISSILES:PLAID AIF-42C5B LRP_1:1:AIF-37A_1
[BDArmory.BDACompetitionMode:198014332]: WHOPARTSHITWHOWITHMISSILES:AIF-37A:82:PLAID AIF-42C5B LRP_1
[BDArmory.BDACompetitionMode:198014332]: WHOPARTSHITWHOWITHMISSILES:PLAID AIF-42C5B LRP:77:AIF-37A
[BDArmory.BDACompetitionMode:198014332]: WHOPARTSHITWHOWITHMISSILES:PLAID AIF-42C5B LRP_1:69:AIF-37A_1
[BDArmory.BDACompetitionMode:198014332]: WHODAMAGEDWHOWITHMISSILES:PLAID AIF-42C5B LRP:47899.3:AIF-37A
[BDArmory.BDACompetitionMode:198014332]: WHODAMAGEDWHOWITHMISSILES:PLAID AIF-42C5B LRP_1:9112.0:AIF-37A_1
[BDArmory.BDACompetitionMode:198014332]: WHODAMAGEDWHOWITHBATTLEDAMAGE:AIF-37A:71.7:PLAID AIF-42C5B LRP_1:13609.1:AIF-37A
[BDArmory.BDACompetitionMode:198014332]: WHODAMAGEDWHOWITHBATTLEDAMAGE:PLAID AIF-42C5B LRP:16002.2:AIF-37A
[BDArmory.BDACompetitionMode:198014332]: WHODAMAGEDWHOWITHBATTLEDAMAGE:PLAID AIF-42C5B LRP_1:30.7:AIF-37A_1
[BDArmory.BDACompetitionMode:198014332]: CLEANKILLMISSILES:PLAID AIF-42C5B LRP:AIF-37A
[BDArmory.BDACompetitionMode:198014332]: KILLSTEALGUNS:PLAID AIF-42C5B LRP_1:AIF-37A_1
[BDArmory.BDACompetitionMode:198014332]: HPLEFT:AIF-37A:72.6190476190476
[BDArmory.BDACompetitionMode:198014332]: HPLEFT:AIF-37A_1:100
[BDArmory.BDACompetitionMode:198014332]: HPLEFT:PLAID AIF-42C5B LRP:0
[BDArmory.BDACompetitionMode:198014332]: HPLEFT:PLAID AIF-42C5B LRP_1:0
[BDArmory.BDACompetitionMode:198014332]: ACCURACY:AIF-37A:22/166:0/0
[BDArmory.BDACompetitionMode:198014332]: ACCURACY:AIF-37A_1:17/221:0/0
[BDArmory.BDACompetitionMode:198014332]: ACCURACY:PLAID AIF-42C5B LRP:0/4:0/0
[BDArmory.BDACompetitionMode:198014332]: ACCURACY:PLAID AIF-42C5B LRP_1:1/78:0/0
