[BDArmory.BDACompetitionMode:198014927]: Dumping Results after -11s (of 0s) at 2026-04-10 20:10:33 -04:00
[BDArmory.BDACompetitionMode:198014927]: RESULT:Mutual Annihilation
[BDArmory.BDACompetitionMode:198014927]: DEADTEAMS:[{"team": "AIF-37A", "members": ["AIF-37A", "AIF-37A_1"]}, {"team": "PLAID AIF-42C5B LRP", "members": ["PLAID AIF-42C5B LRP", "PLAID AIF-42C5B LRP_1"]}]
[BDArmory.BDACompetitionMode:198014927]: MIA:AIF-37A
[BDArmory.BDACompetitionMode:198014927]: DEAD:0:98.0:AIF-37A_1
[BDArmory.BDACompetitionMode:198014927]: MIA:PLAID AIF-42C5B LRP
[BDArmory.BDACompetitionMode:198014927]: MIA:PLAID AIF-42C5B LRP_1
[BDArmory.BDACompetitionMode:198014927]: WHOSHOTWHOWITHGUNS:AIF-37A:6:PLAID AIF-42C5B LRP_1
[BDArmory.BDACompetitionMode:198014927]: WHODAMAGEDWHOWITHGUNS:AIF-37A:1832.3:PLAID AIF-42C5B LRP_1
[BDArmory.BDACompetitionMode:198014927]: WHOHITWHOWITHMISSILES:AIF-37A:1:PLAID AIF-42C5B LRP_1
[BDArmory.BDACompetitionMode:198014927]: WHOHITWHOWITHMISSILES:AIF-37A_1:3:PLAID AIF-42C5B LRP
[BDArmory.BDACompetitionMode:198014927]: WHOPARTSHITWHOWITHMISSILES:AIF-37A:80:PLAID AIF-42C5B LRP_1
[BDArmory.BDACompetitionMode:198014927]: WHOPARTSHITWHOWITHMISSILES:AIF-37A_1:181:PLAID AIF-42C5B LRP
[BDArmory.BDACompetitionMode:198014927]: WHODAMAGEDWHOWITHMISSILES:AIF-37A_1:32310.0:PLAID AIF-42C5B LRP
[BDArmory.BDACompetitionMode:198014927]: WHODAMAGEDWHOWITHBATTLEDAMAGE:AIF-37A:36.0:PLAID AIF-42C5B LRP_1:63178.5:AIF-37A
[BDArmory.BDACompetitionMode:198014927]: GMKILL:AIF-37A_1:LandedTooLong
[BDArmory.BDACompetitionMode:198014927]: HPLEFT:AIF-37A:0
[BDArmory.BDACompetitionMode:198014927]: HPLEFT:AIF-37A_1:0
[BDArmory.BDACompetitionMode:198014927]: HPLEFT:PLAID AIF-42C5B LRP:0
[BDArmory.BDACompetitionMode:198014927]: HPLEFT:PLAID AIF-42C5B LRP_1:0
[BDArmory.BDACompetitionMode:198014927]: ACCURACY:AIF-37A:0/0:0/0
[BDArmory.BDACompetitionMode:198014927]: ACCURACY:AIF-37A_1:0/0:0/0
[BDArmory.BDACompetitionMode:198014927]: ACCURACY:PLAID AIF-42C5B LRP:0/54:0/0
[BDArmory.BDACompetitionMode:198014927]: ACCURACY:PLAID AIF-42C5B LRP_1:6/163:0/0
