[BDArmory.BDACompetitionMode:198014589]: Dumping Results after 108s (of 0s) at 2026-04-10 20:05:03 -04:00
[BDArmory.BDACompetitionMode:198014589]: RESULT:Draw:[{"team": "PLAID AIF-42C5B LRP", "members": ["PLAID AIF-42C5B LRP", "PLAID AIF-42C5B LRP_1"]}, {"team": "AIF-37A", "members": ["AIF-37A", "AIF-37A_1"]}]
[BDArmory.BDACompetitionMode:198014589]: DEADTEAMS:[]
[BDArmory.BDACompetitionMode:198014589]: ALIVE:PLAID AIF-42C5B LRP_1
[BDArmory.BDACompetitionMode:198014589]: MIA:PLAID AIF-42C5B LRP
[BDArmory.BDACompetitionMode:198014589]: DEAD:0:100.0:AIF-37A
[BDArmory.BDACompetitionMode:198014589]: MIA:AIF-37A_1
[BDArmory.BDACompetitionMode:198014589]: WHOSHOTWHOWITHGUNS:PLAID AIF-42C5B LRP_1:1:AIF-37A
[BDArmory.BDACompetitionMode:198014589]: WHOSHOTWHOWITHGUNS:AIF-37A:24:PLAID AIF-42C5B LRP_1
[BDArmory.BDACompetitionMode:198014589]: WHODAMAGEDWHOWITHGUNS:PLAID AIF-42C5B LRP_1:976.1:AIF-37A
[BDArmory.BDACompetitionMode:198014589]: WHODAMAGEDWHOWITHGUNS:AIF-37A:4916.3:PLAID AIF-42C5B LRP_1
[BDArmory.BDACompetitionMode:198014589]: WHOHITWHOWITHMISSILES:PLAID AIF-42C5B LRP:1:AIF-37A
[BDArmory.BDACompetitionMode:198014589]: WHOHITWHOWITHMISSILES:AIF-37A:1:PLAID AIF-42C5B LRP_1
[BDArmory.BDACompetitionMode:198014589]: WHOHITWHOWITHMISSILES:AIF-37A_1:1:PLAID AIF-42C5B LRP_1
[BDArmory.BDACompetitionMode:198014589]: WHOPARTSHITWHOWITHMISSILES:PLAID AIF-42C5B LRP:66:AIF-37A
[BDArmory.BDACompetitionMode:198014589]: WHOPARTSHITWHOWITHMISSILES:AIF-37A:76:PLAID AIF-42C5B LRP_1
[BDArmory.BDACompetitionMode:198014589]: WHOPARTSHITWHOWITHMISSILES:AIF-37A_1:82:PLAID AIF-42C5B LRP_1
[BDArmory.BDACompetitionMode:198014589]: WHODAMAGEDWHOWITHMISSILES:PLAID AIF-42C5B LRP:48744.9:AIF-37A
[BDArmory.BDACompetitionMode:198014589]: WHODAMAGEDWHOWITHMISSILES:AIF-37A:4656.9:PLAID AIF-42C5B LRP_1
[BDArmory.BDACompetitionMode:198014589]: WHODAMAGEDWHOWITHMISSILES:AIF-37A_1:132329.9:PLAID AIF-42C5B LRP_1
[BDArmory.BDACompetitionMode:198014589]: WHODAMAGEDWHOWITHBATTLEDAMAGE:PLAID AIF-42C5B LRP_1:20.1:AIF-37A
[BDArmory.BDACompetitionMode:198014589]: WHODAMAGEDWHOWITHBATTLEDAMAGE:AIF-37A:101.3:PLAID AIF-42C5B LRP_1:58553.5:AIF-37A
[BDArmory.BDACompetitionMode:198014589]: CLEANKILLGUNS:AIF-37A:PLAID AIF-42C5B LRP_1
[BDArmory.BDACompetitionMode:198014589]: HPLEFT:PLAID AIF-42C5B LRP:22.5
[BDArmory.BDACompetitionMode:198014589]: HPLEFT:PLAID AIF-42C5B LRP_1:98.75
[BDArmory.BDACompetitionMode:198014589]: HPLEFT:AIF-37A:0
[BDArmory.BDACompetitionMode:198014589]: HPLEFT:AIF-37A_1:33.3333333333333
[BDArmory.BDACompetitionMode:198014589]: ACCURACY:PLAID AIF-42C5B LRP:0/0:0/0
[BDArmory.BDACompetitionMode:198014589]: ACCURACY:PLAID AIF-42C5B LRP_1:24/150:0/0
[BDArmory.BDACompetitionMode:198014589]: ACCURACY:AIF-37A:1/59:0/0
[BDArmory.BDACompetitionMode:198014589]: ACCURACY:AIF-37A_1:0/0:0/0
