[BDArmory.BDACompetitionMode:198291572]: Dumping Results after 70s (of 0s) at 2026-04-14 01:01:00 -04:00
[BDArmory.BDACompetitionMode:198291572]: RESULT:Draw:[{"team": "PLAID AIF-42C5D1", "members": ["PLAID AIF-42C5D1", "PLAID AIF-42C5D1_1"]}, {"team": "AL-27 VVVV(3)", "members": ["AL-27 VVVV", "AL-27 VVVV_1"]}]
[BDArmory.BDACompetitionMode:198291572]: DEADTEAMS:[]
[BDArmory.BDACompetitionMode:198291572]: ALIVE:PLAID AIF-42C5D1
[BDArmory.BDACompetitionMode:198291572]: ALIVE:AL-27 VVVV
[BDArmory.BDACompetitionMode:198291572]: DEAD:0:56.0:PLAID AIF-42C5D1_1
[BDArmory.BDACompetitionMode:198291572]: MIA:AL-27 VVVV_1
[BDArmory.BDACompetitionMode:198291572]: WHOHITWHOWITHMISSILES:PLAID AIF-42C5D1:1:AL-27 VVVV_1
[BDArmory.BDACompetitionMode:198291572]: WHOHITWHOWITHMISSILES:PLAID AIF-42C5D1_1:2:AL-27 VVVV_1
[BDArmory.BDACompetitionMode:198291572]: WHOHITWHOWITHMISSILES:AL-27 VVVV:1:PLAID AIF-42C5D1_1
[BDArmory.BDACompetitionMode:198291572]: WHOHITWHOWITHMISSILES:AL-27 VVVV_1:1:PLAID AIF-42C5D1
[BDArmory.BDACompetitionMode:198291572]: WHOPARTSHITWHOWITHMISSILES:PLAID AIF-42C5D1:69:AL-27 VVVV_1
[BDArmory.BDACompetitionMode:198291572]: WHOPARTSHITWHOWITHMISSILES:PLAID AIF-42C5D1_1:132:AL-27 VVVV_1
[BDArmory.BDACompetitionMode:198291572]: WHOPARTSHITWHOWITHMISSILES:AL-27 VVVV:137:PLAID AIF-42C5D1_1
[BDArmory.BDACompetitionMode:198291572]: WHOPARTSHITWHOWITHMISSILES:AL-27 VVVV_1:130:PLAID AIF-42C5D1
[BDArmory.BDACompetitionMode:198291572]: WHODAMAGEDWHOWITHMISSILES:PLAID AIF-42C5D1:7789.9:AL-27 VVVV_1
[BDArmory.BDACompetitionMode:198291572]: WHODAMAGEDWHOWITHMISSILES:PLAID AIF-42C5D1_1:38894.4:AL-27 VVVV_1
[BDArmory.BDACompetitionMode:198291572]: WHODAMAGEDWHOWITHMISSILES:AL-27 VVVV:35088.9:PLAID AIF-42C5D1_1
[BDArmory.BDACompetitionMode:198291572]: WHODAMAGEDWHOWITHMISSILES:AL-27 VVVV_1:32386.3:PLAID AIF-42C5D1
[BDArmory.BDACompetitionMode:198291572]: WHODAMAGEDWHOWITHBATTLEDAMAGE:PLAID AIF-42C5D1:20.1:AL-27 VVVV_1:9909.6:PLAID AIF-42C5D1
[BDArmory.BDACompetitionMode:198291572]: CLEANKILLMISSILES:PLAID AIF-42C5D1_1:AL-27 VVVV_1
[BDArmory.BDACompetitionMode:198291572]: HPLEFT:PLAID AIF-42C5D1:51.25
[BDArmory.BDACompetitionMode:198291572]: HPLEFT:PLAID AIF-42C5D1_1:0
[BDArmory.BDACompetitionMode:198291572]: HPLEFT:AL-27 VVVV:43.3962264150943
[BDArmory.BDACompetitionMode:198291572]: HPLEFT:AL-27 VVVV_1:48.4276729559748
[BDArmory.BDACompetitionMode:198291572]: ACCURACY:PLAID AIF-42C5D1:0/0:0/0
[BDArmory.BDACompetitionMode:198291572]: ACCURACY:PLAID AIF-42C5D1_1:0/0:0/0
[BDArmory.BDACompetitionMode:198291572]: ACCURACY:AL-27 VVVV:0/0:0/0
[BDArmory.BDACompetitionMode:198291572]: ACCURACY:AL-27 VVVV_1:0/0:0/0
