[BDArmory.BDACompetitionMode:198290187]: Dumping Results after -117s (of 0s) at 2026-04-14 00:38:40 -04:00
[BDArmory.BDACompetitionMode:198290187]: RESULT:Win:{"team": "PLAID AIF-42C5D1", "members": ["PLAID AIF-42C5D1", "PLAID AIF-42C5D1_1"]}
[BDArmory.BDACompetitionMode:198290187]: DEADTEAMS:[{"team": "AL-27 VVVV(3)", "members": ["AL-27 VVVV", "AL-27 VVVV_1"]}]
[BDArmory.BDACompetitionMode:198290187]: ALIVE:PLAID AIF-42C5D1
[BDArmory.BDACompetitionMode:198290187]: ALIVE:PLAID AIF-42C5D1_1
[BDArmory.BDACompetitionMode:198290187]: DEAD:1:91.0:AL-27 VVVV
[BDArmory.BDACompetitionMode:198290187]: DEAD:0:68.0:AL-27 VVVV_1
[BDArmory.BDACompetitionMode:198290187]: WHOSHOTWHOWITHGUNS:AL-27 VVVV:13:PLAID AIF-42C5D1
[BDArmory.BDACompetitionMode:198290187]: WHODAMAGEDWHOWITHGUNS:AL-27 VVVV:3408.5:PLAID AIF-42C5D1
[BDArmory.BDACompetitionMode:198290187]: WHOHITWHOWITHMISSILES:AL-27 VVVV:2:PLAID AIF-42C5D1
[BDArmory.BDACompetitionMode:198290187]: WHOHITWHOWITHMISSILES:AL-27 VVVV_1:1:PLAID AIF-42C5D1_1
[BDArmory.BDACompetitionMode:198290187]: WHOHITWHOWITHMISSILES:PLAID AIF-42C5D1_1:1:AL-27 VVVV_1
[BDArmory.BDACompetitionMode:198290187]: WHOPARTSHITWHOWITHMISSILES:AL-27 VVVV:102:PLAID AIF-42C5D1
[BDArmory.BDACompetitionMode:198290187]: WHOPARTSHITWHOWITHMISSILES:AL-27 VVVV_1:133:PLAID AIF-42C5D1_1
[BDArmory.BDACompetitionMode:198290187]: WHOPARTSHITWHOWITHMISSILES:PLAID AIF-42C5D1_1:72:AL-27 VVVV_1
[BDArmory.BDACompetitionMode:198290187]: WHODAMAGEDWHOWITHMISSILES:AL-27 VVVV:144721.9:PLAID AIF-42C5D1
[BDArmory.BDACompetitionMode:198290187]: WHODAMAGEDWHOWITHMISSILES:AL-27 VVVV_1:31151.5:PLAID AIF-42C5D1_1
[BDArmory.BDACompetitionMode:198290187]: WHODAMAGEDWHOWITHBATTLEDAMAGE:AL-27 VVVV:285.2:PLAID AIF-42C5D1:15075.6:AL-27 VVVV
[BDArmory.BDACompetitionMode:198290187]: CLEANKILLGUNS:AL-27 VVVV:PLAID AIF-42C5D1
[BDArmory.BDACompetitionMode:198290187]: CLEANKILLMISSILES:AL-27 VVVV_1:PLAID AIF-42C5D1_1
[BDArmory.BDACompetitionMode:198290187]: HPLEFT:AL-27 VVVV:0
[BDArmory.BDACompetitionMode:198290187]: HPLEFT:AL-27 VVVV_1:0
[BDArmory.BDACompetitionMode:198290187]: HPLEFT:PLAID AIF-42C5D1:100
[BDArmory.BDACompetitionMode:198290187]: HPLEFT:PLAID AIF-42C5D1_1:100
[BDArmory.BDACompetitionMode:198290187]: ACCURACY:AL-27 VVVV:0/112:0/0
[BDArmory.BDACompetitionMode:198290187]: ACCURACY:AL-27 VVVV_1:0/0:0/0
[BDArmory.BDACompetitionMode:198290187]: ACCURACY:PLAID AIF-42C5D1:13/113:0/0
[BDArmory.BDACompetitionMode:198290187]: ACCURACY:PLAID AIF-42C5D1_1:0/11:0/0
