[BDArmory.BDACompetitionMode:198291681]: Dumping Results after -94s (of 0s) at 2026-04-14 01:02:36 -04:00
[BDArmory.BDACompetitionMode:198291681]: RESULT:Win:{"team": "PLAID AIF-42C5D1", "members": ["PLAID AIF-42C5D1", "PLAID AIF-42C5D1_1"]}
[BDArmory.BDACompetitionMode:198291681]: DEADTEAMS:[{"team": "AL-27 VVVV(3)", "members": ["AL-27 VVVV", "AL-27 VVVV_1"]}]
[BDArmory.BDACompetitionMode:198291681]: MIA:AL-27 VVVV
[BDArmory.BDACompetitionMode:198291681]: MIA:AL-27 VVVV_1
[BDArmory.BDACompetitionMode:198291681]: MIA:PLAID AIF-42C5D1
[BDArmory.BDACompetitionMode:198291681]: MIA:PLAID AIF-42C5D1_1
[BDArmory.BDACompetitionMode:198291681]: WHOHITWHOWITHMISSILES:PLAID AIF-42C5D1:1:AL-27 VVVV
[BDArmory.BDACompetitionMode:198291681]: WHOHITWHOWITHMISSILES:PLAID AIF-42C5D1_1:2:AL-27 VVVV:2:AL-27 VVVV_1
[BDArmory.BDACompetitionMode:198291681]: WHOPARTSHITWHOWITHMISSILES:PLAID AIF-42C5D1:73:AL-27 VVVV
[BDArmory.BDACompetitionMode:198291681]: WHOPARTSHITWHOWITHMISSILES:PLAID AIF-42C5D1_1:127:AL-27 VVVV:131:AL-27 VVVV_1
[BDArmory.BDACompetitionMode:198291681]: WHODAMAGEDWHOWITHMISSILES:PLAID AIF-42C5D1:26232.2:AL-27 VVVV
[BDArmory.BDACompetitionMode:198291681]: WHODAMAGEDWHOWITHMISSILES:PLAID AIF-42C5D1_1:33036.3:AL-27 VVVV:3153.0:AL-27 VVVV_1
[BDArmory.BDACompetitionMode:198291681]: HPLEFT:AL-27 VVVV:0
[BDArmory.BDACompetitionMode:198291681]: HPLEFT:AL-27 VVVV_1:0
[BDArmory.BDACompetitionMode:198291681]: HPLEFT:PLAID AIF-42C5D1:43.75
[BDArmory.BDACompetitionMode:198291681]: HPLEFT:PLAID AIF-42C5D1_1:67.5
[BDArmory.BDACompetitionMode:198291681]: ACCURACY:AL-27 VVVV:0/0:0/0
[BDArmory.BDACompetitionMode:198291681]: ACCURACY:AL-27 VVVV_1:0/0:0/0
[BDArmory.BDACompetitionMode:198291681]: ACCURACY:PLAID AIF-42C5D1:0/0:0/0
[BDArmory.BDACompetitionMode:198291681]: ACCURACY:PLAID AIF-42C5D1_1:0/0:0/0
