[BDArmory.BDACompetitionMode:198289561]: Dumping Results after 107s (of 0s) at 2026-04-14 00:28:33 -04:00
[BDArmory.BDACompetitionMode:198289561]: RESULT:Win:{"team": "AL-27 VVVV(3)", "members": ["AL-27 VVVV", "AL-27 VVVV_1", "AL-27 VVVV_2"]}
[BDArmory.BDACompetitionMode:198289561]: DEADTEAMS:[{"team": "PLAID AIF-42C5D1", "members": ["PLAID AIF-42C5D1", "PLAID AIF-42C5D1_1", "PLAID AIF-42C5D1_2"]}]
[BDArmory.BDACompetitionMode:198289561]: ALIVE:AL-27 VVVV
[BDArmory.BDACompetitionMode:198289561]: ALIVE:AL-27 VVVV_1
[BDArmory.BDACompetitionMode:198289561]: DEAD:1:96.0:PLAID AIF-42C5D1
[BDArmory.BDACompetitionMode:198289561]: DEAD:0:73.0:PLAID AIF-42C5D1_1
[BDArmory.BDACompetitionMode:198289561]: DEAD:3:101.0:PLAID AIF-42C5D1_2
[BDArmory.BDACompetitionMode:198289561]: DEAD:2:98.0:AL-27 VVVV_2
[BDArmory.BDACompetitionMode:198289561]: WHOSHOTWHOWITHGUNS:PLAID AIF-42C5D1:5:AL-27 VVVV_1
[BDArmory.BDACompetitionMode:198289561]: WHOSHOTWHOWITHGUNS:PLAID AIF-42C5D1_1:2:AL-27 VVVV_1
[BDArmory.BDACompetitionMode:198289561]: WHOSHOTWHOWITHGUNS:AL-27 VVVV:1:PLAID AIF-42C5D1_2
[BDArmory.BDACompetitionMode:198289561]: WHODAMAGEDWHOWITHGUNS:PLAID AIF-42C5D1:1786.9:AL-27 VVVV_1
[BDArmory.BDACompetitionMode:198289561]: WHODAMAGEDWHOWITHGUNS:PLAID AIF-42C5D1_1:633.2:AL-27 VVVV_1
[BDArmory.BDACompetitionMode:198289561]: WHODAMAGEDWHOWITHGUNS:AL-27 VVVV:331.1:PLAID AIF-42C5D1_2
[BDArmory.BDACompetitionMode:198289561]: WHOHITWHOWITHMISSILES:PLAID AIF-42C5D1:2:AL-27 VVVV_1:2:AL-27 VVVV_2
[BDArmory.BDACompetitionMode:198289561]: WHOHITWHOWITHMISSILES:PLAID AIF-42C5D1_1:3:AL-27 VVVV:1:AL-27 VVVV_1
[BDArmory.BDACompetitionMode:198289561]: WHOHITWHOWITHMISSILES:PLAID AIF-42C5D1_2:2:AL-27 VVVV_2:1:AL-27 VVVV
[BDArmory.BDACompetitionMode:198289561]: WHOHITWHOWITHMISSILES:AL-27 VVVV_2:1:PLAID AIF-42C5D1_1:1:PLAID AIF-42C5D1
[BDArmory.BDACompetitionMode:198289561]: WHOPARTSHITWHOWITHMISSILES:PLAID AIF-42C5D1:136:AL-27 VVVV_1:95:AL-27 VVVV_2
[BDArmory.BDACompetitionMode:198289561]: WHOPARTSHITWHOWITHMISSILES:PLAID AIF-42C5D1_1:214:AL-27 VVVV:59:AL-27 VVVV_1
[BDArmory.BDACompetitionMode:198289561]: WHOPARTSHITWHOWITHMISSILES:PLAID AIF-42C5D1_2:121:AL-27 VVVV_2:6:AL-27 VVVV
[BDArmory.BDACompetitionMode:198289561]: WHOPARTSHITWHOWITHMISSILES:AL-27 VVVV_2:140:PLAID AIF-42C5D1_1:127:PLAID AIF-42C5D1
[BDArmory.BDACompetitionMode:198289561]: WHODAMAGEDWHOWITHMISSILES:PLAID AIF-42C5D1:16514.7:AL-27 VVVV_1:25780.9:AL-27 VVVV_2
[BDArmory.BDACompetitionMode:198289561]: WHODAMAGEDWHOWITHMISSILES:PLAID AIF-42C5D1_1:7498.7:AL-27 VVVV
[BDArmory.BDACompetitionMode:198289561]: WHODAMAGEDWHOWITHMISSILES:PLAID AIF-42C5D1_2:58496.2:AL-27 VVVV_2:21134.9:AL-27 VVVV
[BDArmory.BDACompetitionMode:198289561]: WHODAMAGEDWHOWITHMISSILES:AL-27 VVVV_2:1374.4:PLAID AIF-42C5D1_1:122048.2:PLAID AIF-42C5D1
[BDArmory.BDACompetitionMode:198289561]: WHODAMAGEDWHOWITHBATTLEDAMAGE:PLAID AIF-42C5D1:134.0:AL-27 VVVV_1
[BDArmory.BDACompetitionMode:198289561]: WHODAMAGEDWHOWITHBATTLEDAMAGE:PLAID AIF-42C5D1_1:7.2:AL-27 VVVV_1
[BDArmory.BDACompetitionMode:198289561]: WHODAMAGEDWHOWITHBATTLEDAMAGE:AL-27 VVVV:20.1:PLAID AIF-42C5D1_2
[BDArmory.BDACompetitionMode:198289561]: KILLSTEALMISSILES:PLAID AIF-42C5D1:AL-27 VVVV_2
[BDArmory.BDACompetitionMode:198289561]: KILLSTEALMISSILES:PLAID AIF-42C5D1_1:AL-27 VVVV
[BDArmory.BDACompetitionMode:198289561]: HEADSHOTMISSILES:PLAID AIF-42C5D1_2:AL-27 VVVV
[BDArmory.BDACompetitionMode:198289561]: HEADSHOTMISSILES:AL-27 VVVV_2:PLAID AIF-42C5D1
[BDArmory.BDACompetitionMode:198289561]: HPLEFT:PLAID AIF-42C5D1:0
[BDArmory.BDACompetitionMode:198289561]: HPLEFT:PLAID AIF-42C5D1_1:0
[BDArmory.BDACompetitionMode:198289561]: HPLEFT:PLAID AIF-42C5D1_2:0
[BDArmory.BDACompetitionMode:198289561]: HPLEFT:AL-27 VVVV:100
[BDArmory.BDACompetitionMode:198289561]: HPLEFT:AL-27 VVVV_1:100
[BDArmory.BDACompetitionMode:198289561]: HPLEFT:AL-27 VVVV_2:0
[BDArmory.BDACompetitionMode:198289561]: ACCURACY:PLAID AIF-42C5D1:0/0:0/0
[BDArmory.BDACompetitionMode:198289561]: ACCURACY:PLAID AIF-42C5D1_1:0/0:0/0
[BDArmory.BDACompetitionMode:198289561]: ACCURACY:PLAID AIF-42C5D1_2:1/15:0/0
[BDArmory.BDACompetitionMode:198289561]: ACCURACY:AL-27 VVVV:0/165:0/0
[BDArmory.BDACompetitionMode:198289561]: ACCURACY:AL-27 VVVV_1:7/139:0/0
[BDArmory.BDACompetitionMode:198289561]: ACCURACY:AL-27 VVVV_2:0/48:0/0
