[BDArmory.BDACompetitionMode:198291002]: Dumping Results after -26s (of 0s) at 2026-04-14 00:51:26 -04:00
[BDArmory.BDACompetitionMode:198291002]: RESULT:Win:{"team": "PLAID AIF-42C5D1", "members": ["PLAID AIF-42C5D1", "PLAID AIF-42C5D1_1"]}
[BDArmory.BDACompetitionMode:198291002]: DEADTEAMS:[{"team": "AL-27 VVVV(3)", "members": ["AL-27 VVVV", "AL-27 VVVV_1"]}]
[BDArmory.BDACompetitionMode:198291002]: MIA:AL-27 VVVV
[BDArmory.BDACompetitionMode:198291002]: MIA:AL-27 VVVV_1
[BDArmory.BDACompetitionMode:198291002]: DEAD:0:64.0:PLAID AIF-42C5D1
[BDArmory.BDACompetitionMode:198291002]: MIA:PLAID AIF-42C5D1_1
[BDArmory.BDACompetitionMode:198291002]: WHOHITWHOWITHMISSILES:PLAID AIF-42C5D1:2:AL-27 VVVV:1:AL-27 VVVV_1
[BDArmory.BDACompetitionMode:198291002]: WHOHITWHOWITHMISSILES:PLAID AIF-42C5D1_1:2:AL-27 VVVV_1:2:AL-27 VVVV
[BDArmory.BDACompetitionMode:198291002]: WHOPARTSHITWHOWITHMISSILES:PLAID AIF-42C5D1:117:AL-27 VVVV:35:AL-27 VVVV_1
[BDArmory.BDACompetitionMode:198291002]: WHOPARTSHITWHOWITHMISSILES:PLAID AIF-42C5D1_1:79:AL-27 VVVV_1:13:AL-27 VVVV
[BDArmory.BDACompetitionMode:198291002]: WHODAMAGEDWHOWITHMISSILES:PLAID AIF-42C5D1:41343.7:AL-27 VVVV:1534.8:AL-27 VVVV_1
[BDArmory.BDACompetitionMode:198291002]: WHODAMAGEDWHOWITHMISSILES:PLAID AIF-42C5D1_1:33477.2:AL-27 VVVV_1
[BDArmory.BDACompetitionMode:198291002]: KILLSTEALMISSILES:PLAID AIF-42C5D1:AL-27 VVVV_1
[BDArmory.BDACompetitionMode:198291002]: HPLEFT:AL-27 VVVV:0
[BDArmory.BDACompetitionMode:198291002]: HPLEFT:AL-27 VVVV_1:0
[BDArmory.BDACompetitionMode:198291002]: HPLEFT:PLAID AIF-42C5D1:0
[BDArmory.BDACompetitionMode:198291002]: HPLEFT:PLAID AIF-42C5D1_1:12.5
[BDArmory.BDACompetitionMode:198291002]: ACCURACY:AL-27 VVVV:0/0:0/0
[BDArmory.BDACompetitionMode:198291002]: ACCURACY:AL-27 VVVV_1:0/0:0/0
[BDArmory.BDACompetitionMode:198291002]: ACCURACY:PLAID AIF-42C5D1:0/0:0/0
[BDArmory.BDACompetitionMode:198291002]: ACCURACY:PLAID AIF-42C5D1_1:0/0:0/0
