[BDArmory.BDACompetitionMode:198289510]: Dumping Results after 11s (of 0s) at 2026-04-14 00:25:28 -04:00
[BDArmory.BDACompetitionMode:198289510]: RESULT:Draw:[{"team": "PLAID AIF-42C5D1", "members": ["PLAID AIF-42C5D1", "PLAID AIF-42C5D1_1", "PLAID AIF-42C5D1_2"]}, {"team": "F-41E-10 Tigercat Balrog", "members": ["F-41E-10 Tigercat Balrog", "F-41E-10 Tigercat Balrog_1", "F-41E-10 Tigercat Balrog_2"]}]
[BDArmory.BDACompetitionMode:198289510]: DEADTEAMS:[]
[BDArmory.BDACompetitionMode:198289510]: ALIVE:PLAID AIF-42C5D1
[BDArmory.BDACompetitionMode:198289510]: ALIVE:PLAID AIF-42C5D1_1
[BDArmory.BDACompetitionMode:198289510]: ALIVE:PLAID AIF-42C5D1_2
[BDArmory.BDACompetitionMode:198289510]: ALIVE:F-41E-10 Tigercat Balrog
[BDArmory.BDACompetitionMode:198289510]: ALIVE:F-41E-10 Tigercat Balrog_1
[BDArmory.BDACompetitionMode:198289510]: ALIVE:F-41E-10 Tigercat Balrog_2
[BDArmory.BDACompetitionMode:198289510]: HPLEFT:PLAID AIF-42C5D1:100
[BDArmory.BDACompetitionMode:198289510]: HPLEFT:PLAID AIF-42C5D1_1:100
[BDArmory.BDACompetitionMode:198289510]: HPLEFT:PLAID AIF-42C5D1_2:100
[BDArmory.BDACompetitionMode:198289510]: HPLEFT:F-41E-10 Tigercat Balrog:100
[BDArmory.BDACompetitionMode:198289510]: HPLEFT:F-41E-10 Tigercat Balrog_1:100
[BDArmory.BDACompetitionMode:198289510]: HPLEFT:F-41E-10 Tigercat Balrog_2:100
[BDArmory.BDACompetitionMode:198289510]: ACCURACY:PLAID AIF-42C5D1:0/0:0/0
[BDArmory.BDACompetitionMode:198289510]: ACCURACY:PLAID AIF-42C5D1_1:0/0:0/0
[BDArmory.BDACompetitionMode:198289510]: ACCURACY:PLAID AIF-42C5D1_2:0/0:0/0
[BDArmory.BDACompetitionMode:198289510]: ACCURACY:F-41E-10 Tigercat Balrog:0/0:0/0
[BDArmory.BDACompetitionMode:198289510]: ACCURACY:F-41E-10 Tigercat Balrog_1:0/0:0/0
[BDArmory.BDACompetitionMode:198289510]: ACCURACY:F-41E-10 Tigercat Balrog_2:0/0:0/0
