[BDArmory.BDACompetitionMode:198289747]: Dumping Results after -570s (of 0s) at 2026-04-14 00:31:20 -04:00
[BDArmory.BDACompetitionMode:198289747]: RESULT:Mutual Annihilation
[BDArmory.BDACompetitionMode:198289747]: DEADTEAMS:[{"team": "AL-27 VVVV(3)", "members": ["AL-27 VVVV", "AL-27 VVVV_1", "AL-27 VVVV_2"]}, {"team": "PLAID AIF-42C5D1", "members": ["PLAID AIF-42C5D1", "PLAID AIF-42C5D1_1", "PLAID AIF-42C5D1_2"]}]
[BDArmory.BDACompetitionMode:198289747]: MIA:AL-27 VVVV
[BDArmory.BDACompetitionMode:198289747]: MIA:AL-27 VVVV_1
[BDArmory.BDACompetitionMode:198289747]: MIA:AL-27 VVVV_2
[BDArmory.BDACompetitionMode:198289747]: MIA:PLAID AIF-42C5D1
[BDArmory.BDACompetitionMode:198289747]: DEAD:0:55.0:PLAID AIF-42C5D1_1
[BDArmory.BDACompetitionMode:198289747]: DEAD:1:78.0:PLAID AIF-42C5D1_2
[BDArmory.BDACompetitionMode:198289747]: WHOSHOTWHOWITHGUNS:PLAID AIF-42C5D1:21:AL-27 VVVV_1
[BDArmory.BDACompetitionMode:198289747]: WHOSHOTWHOWITHGUNS:PLAID AIF-42C5D1_2:6:AL-27 VVVV_2
[BDArmory.BDACompetitionMode:198289747]: WHODAMAGEDWHOWITHGUNS:PLAID AIF-42C5D1:5238.2:AL-27 VVVV_1
[BDArmory.BDACompetitionMode:198289747]: WHODAMAGEDWHOWITHGUNS:PLAID AIF-42C5D1_2:1835.9:AL-27 VVVV_2
[BDArmory.BDACompetitionMode:198289747]: WHOHITWHOWITHMISSILES:PLAID AIF-42C5D1_1:2:AL-27 VVVV_1
[BDArmory.BDACompetitionMode:198289747]: WHOHITWHOWITHMISSILES:PLAID AIF-42C5D1_2:2:AL-27 VVVV_2
[BDArmory.BDACompetitionMode:198289747]: WHOPARTSHITWHOWITHMISSILES:PLAID AIF-42C5D1_1:129:AL-27 VVVV_1
[BDArmory.BDACompetitionMode:198289747]: WHOPARTSHITWHOWITHMISSILES:PLAID AIF-42C5D1_2:116:AL-27 VVVV_2
[BDArmory.BDACompetitionMode:198289747]: WHODAMAGEDWHOWITHMISSILES:PLAID AIF-42C5D1_1:55427.1:AL-27 VVVV_1
[BDArmory.BDACompetitionMode:198289747]: WHODAMAGEDWHOWITHMISSILES:PLAID AIF-42C5D1_2:39796.0:AL-27 VVVV_2
[BDArmory.BDACompetitionMode:198289747]: WHODAMAGEDWHOWITHBATTLEDAMAGE:PLAID AIF-42C5D1:348.3:AL-27 VVVV_1:6803.9:PLAID AIF-42C5D1
[BDArmory.BDACompetitionMode:198289747]: WHODAMAGEDWHOWITHBATTLEDAMAGE:PLAID AIF-42C5D1_2:0.6:AL-27 VVVV_2:10823.8:PLAID AIF-42C5D1_2
[BDArmory.BDACompetitionMode:198289747]: CLEANKILLMISSILES:PLAID AIF-42C5D1_1:AL-27 VVVV_1
[BDArmory.BDACompetitionMode:198289747]: CLEANKILLGUNS:PLAID AIF-42C5D1_2:AL-27 VVVV_2
[BDArmory.BDACompetitionMode:198289747]: HPLEFT:AL-27 VVVV:0
[BDArmory.BDACompetitionMode:198289747]: HPLEFT:AL-27 VVVV_1:0
[BDArmory.BDACompetitionMode:198289747]: HPLEFT:AL-27 VVVV_2:0
[BDArmory.BDACompetitionMode:198289747]: HPLEFT:PLAID AIF-42C5D1:0
[BDArmory.BDACompetitionMode:198289747]: HPLEFT:PLAID AIF-42C5D1_1:0
[BDArmory.BDACompetitionMode:198289747]: HPLEFT:PLAID AIF-42C5D1_2:0
[BDArmory.BDACompetitionMode:198289747]: ACCURACY:AL-27 VVVV:0/0:0/0
[BDArmory.BDACompetitionMode:198289747]: ACCURACY:AL-27 VVVV_1:21/146:0/0
[BDArmory.BDACompetitionMode:198289747]: ACCURACY:AL-27 VVVV_2:6/211:0/0
[BDArmory.BDACompetitionMode:198289747]: ACCURACY:PLAID AIF-42C5D1:0/0:0/0
[BDArmory.BDACompetitionMode:198289747]: ACCURACY:PLAID AIF-42C5D1_1:0/0:0/0
[BDArmory.BDACompetitionMode:198289747]: ACCURACY:PLAID AIF-42C5D1_2:0/0:0/0
