[BDArmory.BDACompetitionMode:198290501]: Dumping Results after 73s (of 0s) at 2026-04-14 00:43:13 -04:00
[BDArmory.BDACompetitionMode:198290501]: RESULT:Draw:[{"team": "PLAID AIF-42C5D1", "members": ["PLAID AIF-42C5D1", "PLAID AIF-42C5D1_1"]}, {"team": "AL-27 VVVV(3)", "members": ["AL-27 VVVV", "AL-27 VVVV_1"]}]
[BDArmory.BDACompetitionMode:198290501]: DEADTEAMS:[]
[BDArmory.BDACompetitionMode:198290501]: ALIVE:AL-27 VVVV_1
[BDArmory.BDACompetitionMode:198290501]: DEAD:0:44.0:PLAID AIF-42C5D1
[BDArmory.BDACompetitionMode:198290501]: MIA:PLAID AIF-42C5D1_1
[BDArmory.BDACompetitionMode:198290501]: MIA:AL-27 VVVV
[BDArmory.BDACompetitionMode:198290501]: WHOSHOTWHOWITHGUNS:PLAID AIF-42C5D1_1:1:AL-27 VVVV_1
[BDArmory.BDACompetitionMode:198290501]: WHODAMAGEDWHOWITHGUNS:PLAID AIF-42C5D1_1:62.5:AL-27 VVVV_1
[BDArmory.BDACompetitionMode:198290501]: WHOHITWHOWITHMISSILES:PLAID AIF-42C5D1:1:AL-27 VVVV:1:AL-27 VVVV_1
[BDArmory.BDACompetitionMode:198290501]: WHOHITWHOWITHMISSILES:PLAID AIF-42C5D1_1:2:AL-27 VVVV_1
[BDArmory.BDACompetitionMode:198290501]: WHOHITWHOWITHMISSILES:AL-27 VVVV:1:PLAID AIF-42C5D1
[BDArmory.BDACompetitionMode:198290501]: WHOPARTSHITWHOWITHMISSILES:PLAID AIF-42C5D1:77:AL-27 VVVV:62:AL-27 VVVV_1
[BDArmory.BDACompetitionMode:198290501]: WHOPARTSHITWHOWITHMISSILES:PLAID AIF-42C5D1_1:141:AL-27 VVVV_1
[BDArmory.BDACompetitionMode:198290501]: WHOPARTSHITWHOWITHMISSILES:AL-27 VVVV:136:PLAID AIF-42C5D1
[BDArmory.BDACompetitionMode:198290501]: WHODAMAGEDWHOWITHMISSILES:PLAID AIF-42C5D1:399.0:AL-27 VVVV:49031.5:AL-27 VVVV_1
[BDArmory.BDACompetitionMode:198290501]: WHODAMAGEDWHOWITHMISSILES:PLAID AIF-42C5D1_1:10255.1:AL-27 VVVV_1
[BDArmory.BDACompetitionMode:198290501]: WHODAMAGEDWHOWITHMISSILES:AL-27 VVVV:41477.1:PLAID AIF-42C5D1
[BDArmory.BDACompetitionMode:198290501]: WHODAMAGEDWHOWITHBATTLEDAMAGE:PLAID AIF-42C5D1:63727.8:AL-27 VVVV_1
[BDArmory.BDACompetitionMode:198290501]: KILLSTEALMISSILES:PLAID AIF-42C5D1:AL-27 VVVV_1
[BDArmory.BDACompetitionMode:198290501]: HPLEFT:PLAID AIF-42C5D1:0
[BDArmory.BDACompetitionMode:198290501]: HPLEFT:PLAID AIF-42C5D1_1:20
[BDArmory.BDACompetitionMode:198290501]: HPLEFT:AL-27 VVVV:35.2201257861635
[BDArmory.BDACompetitionMode:198290501]: HPLEFT:AL-27 VVVV_1:100
[BDArmory.BDACompetitionMode:198290501]: ACCURACY:PLAID AIF-42C5D1:0/0:0/0
[BDArmory.BDACompetitionMode:198290501]: ACCURACY:PLAID AIF-42C5D1_1:0/0:0/0
[BDArmory.BDACompetitionMode:198290501]: ACCURACY:AL-27 VVVV:0/0:0/0
[BDArmory.BDACompetitionMode:198290501]: ACCURACY:AL-27 VVVV_1:1/3:0/0
