[BDArmory.BDACompetitionMode:198290060]: Dumping Results after 90s (of 0s) at 2026-04-14 00:36:06 -04:00
[BDArmory.BDACompetitionMode:198290060]: RESULT:Draw:[{"team": "PLAID AIF-42C5D1", "members": ["PLAID AIF-42C5D1", "PLAID AIF-42C5D1_1"]}, {"team": "AL-27 VVVV(3)", "members": ["AL-27 VVVV", "AL-27 VVVV_1"]}]
[BDArmory.BDACompetitionMode:198290060]: DEADTEAMS:[]
[BDArmory.BDACompetitionMode:198290060]: DEAD:0:85.0:PLAID AIF-42C5D1
[BDArmory.BDACompetitionMode:198290060]: MIA:PLAID AIF-42C5D1_1
[BDArmory.BDACompetitionMode:198290060]: MIA:AL-27 VVVV
[BDArmory.BDACompetitionMode:198290060]: MIA:AL-27 VVVV_1
[BDArmory.BDACompetitionMode:198290060]: WHOSHOTWHOWITHGUNS:PLAID AIF-42C5D1:22:AL-27 VVVV
[BDArmory.BDACompetitionMode:198290060]: WHOSHOTWHOWITHGUNS:AL-27 VVVV_1:11:PLAID AIF-42C5D1
[BDArmory.BDACompetitionMode:198290060]: WHODAMAGEDWHOWITHGUNS:PLAID AIF-42C5D1:3796.9:AL-27 VVVV
[BDArmory.BDACompetitionMode:198290060]: WHODAMAGEDWHOWITHGUNS:AL-27 VVVV_1:4661.2:PLAID AIF-42C5D1
[BDArmory.BDACompetitionMode:198290060]: WHOHITWHOWITHMISSILES:PLAID AIF-42C5D1:1:AL-27 VVVV_1:1:AL-27 VVVV
[BDArmory.BDACompetitionMode:198290060]: WHOHITWHOWITHMISSILES:PLAID AIF-42C5D1_1:2:AL-27 VVVV_1:1:AL-27 VVVV
[BDArmory.BDACompetitionMode:198290060]: WHOHITWHOWITHMISSILES:AL-27 VVVV:1:PLAID AIF-42C5D1
[BDArmory.BDACompetitionMode:198290060]: WHOHITWHOWITHMISSILES:AL-27 VVVV_1:1:PLAID AIF-42C5D1_1
[BDArmory.BDACompetitionMode:198290060]: WHOPARTSHITWHOWITHMISSILES:PLAID AIF-42C5D1:76:AL-27 VVVV_1:56:AL-27 VVVV
[BDArmory.BDACompetitionMode:198290060]: WHOPARTSHITWHOWITHMISSILES:PLAID AIF-42C5D1_1:80:AL-27 VVVV_1:37:AL-27 VVVV
[BDArmory.BDACompetitionMode:198290060]: WHOPARTSHITWHOWITHMISSILES:AL-27 VVVV:151:PLAID AIF-42C5D1
[BDArmory.BDACompetitionMode:198290060]: WHOPARTSHITWHOWITHMISSILES:AL-27 VVVV_1:137:PLAID AIF-42C5D1_1
[BDArmory.BDACompetitionMode:198290060]: WHODAMAGEDWHOWITHMISSILES:PLAID AIF-42C5D1:10780.2:AL-27 VVVV_1:57683.5:AL-27 VVVV
[BDArmory.BDACompetitionMode:198290060]: WHODAMAGEDWHOWITHMISSILES:PLAID AIF-42C5D1_1:60404.8:AL-27 VVVV_1:8434.0:AL-27 VVVV
[BDArmory.BDACompetitionMode:198290060]: WHODAMAGEDWHOWITHMISSILES:AL-27 VVVV:20490.5:PLAID AIF-42C5D1
[BDArmory.BDACompetitionMode:198290060]: WHODAMAGEDWHOWITHMISSILES:AL-27 VVVV_1:3583.7:PLAID AIF-42C5D1_1
[BDArmory.BDACompetitionMode:198290060]: WHODAMAGEDWHOWITHBATTLEDAMAGE:PLAID AIF-42C5D1:0.5:AL-27 VVVV_1:23.5:AL-27 VVVV:5885.4:PLAID AIF-42C5D1
[BDArmory.BDACompetitionMode:198290060]: WHODAMAGEDWHOWITHBATTLEDAMAGE:AL-27 VVVV_1:31498.2:PLAID AIF-42C5D1:20701.5:AL-27 VVVV_1
[BDArmory.BDACompetitionMode:198290060]: HEADSHOTGUNS:PLAID AIF-42C5D1:AL-27 VVVV
[BDArmory.BDACompetitionMode:198290060]: HPLEFT:PLAID AIF-42C5D1:0
[BDArmory.BDACompetitionMode:198290060]: HPLEFT:PLAID AIF-42C5D1_1:17.5
[BDArmory.BDACompetitionMode:198290060]: HPLEFT:AL-27 VVVV:89.3081761006289
[BDArmory.BDACompetitionMode:198290060]: HPLEFT:AL-27 VVVV_1:20.125786163522
[BDArmory.BDACompetitionMode:198290060]: ACCURACY:PLAID AIF-42C5D1:11/52:0/0
[BDArmory.BDACompetitionMode:198290060]: ACCURACY:PLAID AIF-42C5D1_1:0/0:0/0
[BDArmory.BDACompetitionMode:198290060]: ACCURACY:AL-27 VVVV:22/177:0/0
[BDArmory.BDACompetitionMode:198290060]: ACCURACY:AL-27 VVVV_1:0/0:0/0
