[BDArmory.BDACompetitionMode:198369128]: Dumping Results after 157s (of 0s) at 2026-04-14 22:34:52 -04:00
[BDArmory.BDACompetitionMode:198369128]: RESULT:Win:{"team": "PLAID AIF-42C5D1", "members": ["PLAID AIF-42C5D1", "PLAID AIF-42C5D1_1"]}
[BDArmory.BDACompetitionMode:198369128]: DEADTEAMS:[{"team": "AS-124 (tony flares)", "members": ["AS-124 (tony flares)", "AS-124 (tony flares)_1"]}]
[BDArmory.BDACompetitionMode:198369128]: ALIVE:PLAID AIF-42C5D1
[BDArmory.BDACompetitionMode:198369128]: DEAD:0:157.0:PLAID AIF-42C5D1_1
[BDArmory.BDACompetitionMode:198369128]: DEAD:1:157.0:AS-124 (tony flares)
[BDArmory.BDACompetitionMode:198369128]: DEAD:2:157.0:AS-124 (tony flares)_1
[BDArmory.BDACompetitionMode:198369128]: WHOSHOTWHOWITHGUNS:PLAID AIF-42C5D1:75:AS-124 (tony flares)
[BDArmory.BDACompetitionMode:198369128]: WHOSHOTWHOWITHGUNS:PLAID AIF-42C5D1_1:128:AS-124 (tony flares)_1
[BDArmory.BDACompetitionMode:198369128]: WHOSHOTWHOWITHGUNS:AS-124 (tony flares):14:PLAID AIF-42C5D1
[BDArmory.BDACompetitionMode:198369128]: WHOSHOTWHOWITHGUNS:AS-124 (tony flares)_1:40:PLAID AIF-42C5D1_1
[BDArmory.BDACompetitionMode:198369128]: WHOHITWHOWITHMISSILES:PLAID AIF-42C5D1:3:AS-124 (tony flares)
[BDArmory.BDACompetitionMode:198369128]: WHOHITWHOWITHMISSILES:PLAID AIF-42C5D1_1:1:AS-124 (tony flares)_1
[BDArmory.BDACompetitionMode:198369128]: WHOHITWHOWITHMISSILES:AS-124 (tony flares):4:PLAID AIF-42C5D1
[BDArmory.BDACompetitionMode:198369128]: WHOHITWHOWITHMISSILES:AS-124 (tony flares)_1:6:PLAID AIF-42C5D1_1
[BDArmory.BDACompetitionMode:198369128]: WHOPARTSHITWHOWITHMISSILES:PLAID AIF-42C5D1:207:AS-124 (tony flares)
[BDArmory.BDACompetitionMode:198369128]: WHOPARTSHITWHOWITHMISSILES:PLAID AIF-42C5D1_1:71:AS-124 (tony flares)_1
[BDArmory.BDACompetitionMode:198369128]: WHOPARTSHITWHOWITHMISSILES:AS-124 (tony flares):240:PLAID AIF-42C5D1
[BDArmory.BDACompetitionMode:198369128]: WHOPARTSHITWHOWITHMISSILES:AS-124 (tony flares)_1:349:PLAID AIF-42C5D1_1
[BDArmory.BDACompetitionMode:198369128]: CLEANKILLGUNS:PLAID AIF-42C5D1_1:AS-124 (tony flares)_1
[BDArmory.BDACompetitionMode:198369128]: HPLEFT:PLAID AIF-42C5D1:100
[BDArmory.BDACompetitionMode:198369128]: HPLEFT:PLAID AIF-42C5D1_1:0
[BDArmory.BDACompetitionMode:198369128]: HPLEFT:AS-124 (tony flares):0
[BDArmory.BDACompetitionMode:198369128]: HPLEFT:AS-124 (tony flares)_1:0
[BDArmory.BDACompetitionMode:198369128]: ACCURACY:PLAID AIF-42C5D1:14/411:0/0
[BDArmory.BDACompetitionMode:198369128]: ACCURACY:PLAID AIF-42C5D1_1:40/297:0/0
[BDArmory.BDACompetitionMode:198369128]: ACCURACY:AS-124 (tony flares):75/544:0/0
[BDArmory.BDACompetitionMode:198369128]: ACCURACY:AS-124 (tony flares)_1:128/642:0/0
