[BDArmory.BDACompetitionMode:198902358]: Dumping Results after 125s (of 0s) at 2026-04-21 02:41:47 -04:00
[BDArmory.BDACompetitionMode:198902358]: RESULT:Draw:[{"team": "F-52F-20 Kargadan KWS PLAID", "members": ["F-52F-20 Kargadan KWS PLAID", "F-52F-20 Kargadan KWS PLAID_1"]}, {"team": "PLAID AIF-42C5D1", "members": ["PLAID AIF-42C5D1", "PLAID AIF-42C5D1_1"]}]
[BDArmory.BDACompetitionMode:198902358]: DEADTEAMS:[]
[BDArmory.BDACompetitionMode:198902358]: ALIVE:F-52F-20 Kargadan KWS PLAID
[BDArmory.BDACompetitionMode:198902358]: MIA:F-52F-20 Kargadan KWS PLAID_1
[BDArmory.BDACompetitionMode:198902358]: DEAD:0:101.0:PLAID AIF-42C5D1
[BDArmory.BDACompetitionMode:198902358]: MIA:PLAID AIF-42C5D1_1
[BDArmory.BDACompetitionMode:198902358]: WHOSHOTWHOWITHGUNS:PLAID AIF-42C5D1:20:F-52F-20 Kargadan KWS PLAID
[BDArmory.BDACompetitionMode:198902358]: WHOSHOTWHOWITHGUNS:PLAID AIF-42C5D1_1:1:F-52F-20 Kargadan KWS PLAID
[BDArmory.BDACompetitionMode:198902358]: WHODAMAGEDWHOWITHGUNS:PLAID AIF-42C5D1:5214.7:F-52F-20 Kargadan KWS PLAID
[BDArmory.BDACompetitionMode:198902358]: WHODAMAGEDWHOWITHGUNS:PLAID AIF-42C5D1_1:180.4:F-52F-20 Kargadan KWS PLAID
[BDArmory.BDACompetitionMode:198902358]: WHOHITWHOWITHMISSILES:F-52F-20 Kargadan KWS PLAID_1:1:PLAID AIF-42C5D1_1
[BDArmory.BDACompetitionMode:198902358]: WHOHITWHOWITHMISSILES:PLAID AIF-42C5D1:3:F-52F-20 Kargadan KWS PLAID_1
[BDArmory.BDACompetitionMode:198902358]: WHOHITWHOWITHMISSILES:PLAID AIF-42C5D1_1:1:F-52F-20 Kargadan KWS PLAID
[BDArmory.BDACompetitionMode:198902358]: WHOPARTSHITWHOWITHMISSILES:F-52F-20 Kargadan KWS PLAID_1:76:PLAID AIF-42C5D1_1
[BDArmory.BDACompetitionMode:198902358]: WHOPARTSHITWHOWITHMISSILES:PLAID AIF-42C5D1:184:F-52F-20 Kargadan KWS PLAID_1
[BDArmory.BDACompetitionMode:198902358]: WHOPARTSHITWHOWITHMISSILES:PLAID AIF-42C5D1_1:72:F-52F-20 Kargadan KWS PLAID
[BDArmory.BDACompetitionMode:198902358]: WHODAMAGEDWHOWITHMISSILES:F-52F-20 Kargadan KWS PLAID_1:10848.6:PLAID AIF-42C5D1_1
[BDArmory.BDACompetitionMode:198902358]: WHODAMAGEDWHOWITHMISSILES:PLAID AIF-42C5D1:37649.4:F-52F-20 Kargadan KWS PLAID_1
[BDArmory.BDACompetitionMode:198902358]: WHODAMAGEDWHOWITHMISSILES:PLAID AIF-42C5D1_1:62141.1:F-52F-20 Kargadan KWS PLAID
[BDArmory.BDACompetitionMode:198902358]: WHODAMAGEDWHOWITHBATTLEDAMAGE:PLAID AIF-42C5D1:393.1:F-52F-20 Kargadan KWS PLAID:11932.8:F-52F-20 Kargadan KWS PLAID_1
[BDArmory.BDACompetitionMode:198902358]: KILLSTEALMISSILES:PLAID AIF-42C5D1:F-52F-20 Kargadan KWS PLAID_1
[BDArmory.BDACompetitionMode:198902358]: HPLEFT:F-52F-20 Kargadan KWS PLAID:100
[BDArmory.BDACompetitionMode:198902358]: HPLEFT:F-52F-20 Kargadan KWS PLAID_1:78.4090909090909
[BDArmory.BDACompetitionMode:198902358]: HPLEFT:PLAID AIF-42C5D1:0
[BDArmory.BDACompetitionMode:198902358]: HPLEFT:PLAID AIF-42C5D1_1:18.75
[BDArmory.BDACompetitionMode:198902358]: ACCURACY:F-52F-20 Kargadan KWS PLAID:21/139:0/0
[BDArmory.BDACompetitionMode:198902358]: ACCURACY:F-52F-20 Kargadan KWS PLAID_1:0/1:0/0
[BDArmory.BDACompetitionMode:198902358]: ACCURACY:PLAID AIF-42C5D1:0/21:0/0
[BDArmory.BDACompetitionMode:198902358]: ACCURACY:PLAID AIF-42C5D1_1:0/0:0/0
