[BDArmory.BDACompetitionMode:198902710]: Dumping Results after -278s (of 0s) at 2026-04-21 02:46:53 -04:00
[BDArmory.BDACompetitionMode:198902710]: RESULT:Win:{"team": "F-52F-20 Kargadan KWS PLAID", "members": ["F-52F-20 Kargadan KWS PLAID", "F-52F-20 Kargadan KWS PLAID_1"]}
[BDArmory.BDACompetitionMode:198902710]: DEADTEAMS:[{"team": "PLAID AIF-42C5D1", "members": ["PLAID AIF-42C5D1", "PLAID AIF-42C5D1_1"]}]
[BDArmory.BDACompetitionMode:198902710]: ALIVE:F-52F-20 Kargadan KWS PLAID_1
[BDArmory.BDACompetitionMode:198902710]: MIA:F-52F-20 Kargadan KWS PLAID
[BDArmory.BDACompetitionMode:198902710]: DEAD:0:61.0:PLAID AIF-42C5D1
[BDArmory.BDACompetitionMode:198902710]: DEAD:1:82.0:PLAID AIF-42C5D1_1
[BDArmory.BDACompetitionMode:198902710]: WHOHITWHOWITHMISSILES:PLAID AIF-42C5D1:1:F-52F-20 Kargadan KWS PLAID_1
[BDArmory.BDACompetitionMode:198902710]: WHOHITWHOWITHMISSILES:PLAID AIF-42C5D1_1:2:F-52F-20 Kargadan KWS PLAID:1:F-52F-20 Kargadan KWS PLAID_1
[BDArmory.BDACompetitionMode:198902710]: WHOPARTSHITWHOWITHMISSILES:PLAID AIF-42C5D1:73:F-52F-20 Kargadan KWS PLAID_1
[BDArmory.BDACompetitionMode:198902710]: WHOPARTSHITWHOWITHMISSILES:PLAID AIF-42C5D1_1:125:F-52F-20 Kargadan KWS PLAID:56:F-52F-20 Kargadan KWS PLAID_1
[BDArmory.BDACompetitionMode:198902710]: WHODAMAGEDWHOWITHMISSILES:PLAID AIF-42C5D1:42642.1:F-52F-20 Kargadan KWS PLAID_1
[BDArmory.BDACompetitionMode:198902710]: WHODAMAGEDWHOWITHMISSILES:PLAID AIF-42C5D1_1:23919.9:F-52F-20 Kargadan KWS PLAID:12870.9:F-52F-20 Kargadan KWS PLAID_1
[BDArmory.BDACompetitionMode:198902710]: CLEANKILLMISSILES:PLAID AIF-42C5D1:F-52F-20 Kargadan KWS PLAID_1
[BDArmory.BDACompetitionMode:198902710]: HEADSHOTMISSILES:PLAID AIF-42C5D1_1:F-52F-20 Kargadan KWS PLAID_1
[BDArmory.BDACompetitionMode:198902710]: HPLEFT:F-52F-20 Kargadan KWS PLAID:0
[BDArmory.BDACompetitionMode:198902710]: HPLEFT:F-52F-20 Kargadan KWS PLAID_1:100
[BDArmory.BDACompetitionMode:198902710]: HPLEFT:PLAID AIF-42C5D1:0
[BDArmory.BDACompetitionMode:198902710]: HPLEFT:PLAID AIF-42C5D1_1:0
[BDArmory.BDACompetitionMode:198902710]: ACCURACY:F-52F-20 Kargadan KWS PLAID:0/0:0/0
[BDArmory.BDACompetitionMode:198902710]: ACCURACY:F-52F-20 Kargadan KWS PLAID_1:0/11:0/0
[BDArmory.BDACompetitionMode:198902710]: ACCURACY:PLAID AIF-42C5D1:0/0:0/0
[BDArmory.BDACompetitionMode:198902710]: ACCURACY:PLAID AIF-42C5D1_1:0/0:0/0
