[BDArmory.BDACompetitionMode:198903249]: Dumping Results after -126s (of 0s) at 2026-04-21 02:56:03 -04:00
[BDArmory.BDACompetitionMode:198903249]: RESULT:Draw:[{"team": "F-52F-20 Kargadan KWS PLAID", "members": ["F-52F-20 Kargadan KWS PLAID", "F-52F-20 Kargadan KWS PLAID_1"]}, {"team": "PLAID AIF-42C5D1", "members": ["PLAID AIF-42C5D1", "PLAID AIF-42C5D1_1"]}]
[BDArmory.BDACompetitionMode:198903249]: DEADTEAMS:[]
[BDArmory.BDACompetitionMode:198903249]: MIA:F-52F-20 Kargadan KWS PLAID
[BDArmory.BDACompetitionMode:198903249]: MIA:F-52F-20 Kargadan KWS PLAID_1
[BDArmory.BDACompetitionMode:198903249]: MIA:PLAID AIF-42C5D1
[BDArmory.BDACompetitionMode:198903249]: MIA:PLAID AIF-42C5D1_1
[BDArmory.BDACompetitionMode:198903249]: WHOHITWHOWITHMISSILES:F-52F-20 Kargadan KWS PLAID:1:PLAID AIF-42C5D1
[BDArmory.BDACompetitionMode:198903249]: WHOHITWHOWITHMISSILES:F-52F-20 Kargadan KWS PLAID_1:1:PLAID AIF-42C5D1
[BDArmory.BDACompetitionMode:198903249]: WHOHITWHOWITHMISSILES:PLAID AIF-42C5D1_1:1:F-52F-20 Kargadan KWS PLAID
[BDArmory.BDACompetitionMode:198903249]: WHOPARTSHITWHOWITHMISSILES:F-52F-20 Kargadan KWS PLAID:72:PLAID AIF-42C5D1
[BDArmory.BDACompetitionMode:198903249]: WHOPARTSHITWHOWITHMISSILES:F-52F-20 Kargadan KWS PLAID_1:73:PLAID AIF-42C5D1
[BDArmory.BDACompetitionMode:198903249]: WHOPARTSHITWHOWITHMISSILES:PLAID AIF-42C5D1_1:69:F-52F-20 Kargadan KWS PLAID
[BDArmory.BDACompetitionMode:198903249]: WHODAMAGEDWHOWITHMISSILES:F-52F-20 Kargadan KWS PLAID:7800.4:PLAID AIF-42C5D1
[BDArmory.BDACompetitionMode:198903249]: WHODAMAGEDWHOWITHMISSILES:F-52F-20 Kargadan KWS PLAID_1:13120.8:PLAID AIF-42C5D1
[BDArmory.BDACompetitionMode:198903249]: WHODAMAGEDWHOWITHMISSILES:PLAID AIF-42C5D1_1:16520.7:F-52F-20 Kargadan KWS PLAID
[BDArmory.BDACompetitionMode:198903249]: HPLEFT:F-52F-20 Kargadan KWS PLAID:0
[BDArmory.BDACompetitionMode:198903249]: HPLEFT:F-52F-20 Kargadan KWS PLAID_1:26.1363636363636
[BDArmory.BDACompetitionMode:198903249]: HPLEFT:PLAID AIF-42C5D1:0
[BDArmory.BDACompetitionMode:198903249]: HPLEFT:PLAID AIF-42C5D1_1:17.5
[BDArmory.BDACompetitionMode:198903249]: ACCURACY:F-52F-20 Kargadan KWS PLAID:0/0:0/0
[BDArmory.BDACompetitionMode:198903249]: ACCURACY:F-52F-20 Kargadan KWS PLAID_1:0/0:0/0
[BDArmory.BDACompetitionMode:198903249]: ACCURACY:PLAID AIF-42C5D1:0/4:0/0
[BDArmory.BDACompetitionMode:198903249]: ACCURACY:PLAID AIF-42C5D1_1:0/6:0/0
