[BDArmory.BDACompetitionMode:198904471]: Dumping Results after 79s (of 0s) at 2026-04-21 03:16:09 -04:00
[BDArmory.BDACompetitionMode:198904471]: RESULT:Draw:[{"team": "F-52F-20 Kargadan KWS PLAID", "members": ["F-52F-20 Kargadan KWS PLAID", "F-52F-20 Kargadan KWS PLAID_1"]}, {"team": "PLAID AIF-42C5D2", "members": ["PLAID AIF-42C5D2", "PLAID AIF-42C5D2_1"]}]
[BDArmory.BDACompetitionMode:198904471]: DEADTEAMS:[]
[BDArmory.BDACompetitionMode:198904471]: ALIVE:F-52F-20 Kargadan KWS PLAID
[BDArmory.BDACompetitionMode:198904471]: ALIVE:F-52F-20 Kargadan KWS PLAID_1
[BDArmory.BDACompetitionMode:198904471]: ALIVE:PLAID AIF-42C5D2
[BDArmory.BDACompetitionMode:198904471]: MIA:PLAID AIF-42C5D2_1
[BDArmory.BDACompetitionMode:198904471]: WHOSHOTWHOWITHGUNS:PLAID AIF-42C5D2:5:F-52F-20 Kargadan KWS PLAID:16:F-52F-20 Kargadan KWS PLAID_1
[BDArmory.BDACompetitionMode:198904471]: WHODAMAGEDWHOWITHGUNS:PLAID AIF-42C5D2:196.9:F-52F-20 Kargadan KWS PLAID:4680.4:F-52F-20 Kargadan KWS PLAID_1
[BDArmory.BDACompetitionMode:198904471]: WHOHITWHOWITHMISSILES:PLAID AIF-42C5D2:1:F-52F-20 Kargadan KWS PLAID_1
[BDArmory.BDACompetitionMode:198904471]: WHOHITWHOWITHMISSILES:PLAID AIF-42C5D2_1:1:F-52F-20 Kargadan KWS PLAID
[BDArmory.BDACompetitionMode:198904471]: WHOPARTSHITWHOWITHMISSILES:PLAID AIF-42C5D2:70:F-52F-20 Kargadan KWS PLAID_1
[BDArmory.BDACompetitionMode:198904471]: WHOPARTSHITWHOWITHMISSILES:PLAID AIF-42C5D2_1:72:F-52F-20 Kargadan KWS PLAID
[BDArmory.BDACompetitionMode:198904471]: WHODAMAGEDWHOWITHMISSILES:PLAID AIF-42C5D2:8695.8:F-52F-20 Kargadan KWS PLAID_1
[BDArmory.BDACompetitionMode:198904471]: WHODAMAGEDWHOWITHMISSILES:PLAID AIF-42C5D2_1:26556.9:F-52F-20 Kargadan KWS PLAID
[BDArmory.BDACompetitionMode:198904471]: WHODAMAGEDWHOWITHBATTLEDAMAGE:PLAID AIF-42C5D2:62.8:F-52F-20 Kargadan KWS PLAID:1.5:F-52F-20 Kargadan KWS PLAID_1:10142.6:PLAID AIF-42C5D2
[BDArmory.BDACompetitionMode:198904471]: HPLEFT:F-52F-20 Kargadan KWS PLAID:100
[BDArmory.BDACompetitionMode:198904471]: HPLEFT:F-52F-20 Kargadan KWS PLAID_1:100
[BDArmory.BDACompetitionMode:198904471]: HPLEFT:PLAID AIF-42C5D2:48.75
[BDArmory.BDACompetitionMode:198904471]: HPLEFT:PLAID AIF-42C5D2_1:20
[BDArmory.BDACompetitionMode:198904471]: ACCURACY:F-52F-20 Kargadan KWS PLAID:5/22:0/0
[BDArmory.BDACompetitionMode:198904471]: ACCURACY:F-52F-20 Kargadan KWS PLAID_1:16/69:0/0
[BDArmory.BDACompetitionMode:198904471]: ACCURACY:PLAID AIF-42C5D2:0/0:0/0
[BDArmory.BDACompetitionMode:198904471]: ACCURACY:PLAID AIF-42C5D2_1:0/0:0/0
