[BDArmory.BDACompetitionMode:198903108]: Dumping Results after 101s (of 0s) at 2026-04-21 02:53:47 -04:00
[BDArmory.BDACompetitionMode:198903108]: RESULT:Win:{"team": "PLAID AIF-42C5D1", "members": ["PLAID AIF-42C5D1", "PLAID AIF-42C5D1_1"]}
[BDArmory.BDACompetitionMode:198903108]: DEADTEAMS:[{"team": "F-52F-20 Kargadan KWS PLAID", "members": ["F-52F-20 Kargadan KWS PLAID", "F-52F-20 Kargadan KWS PLAID_1"]}]
[BDArmory.BDACompetitionMode:198903108]: ALIVE:PLAID AIF-42C5D1
[BDArmory.BDACompetitionMode:198903108]: ALIVE:PLAID AIF-42C5D1_1
[BDArmory.BDACompetitionMode:198903108]: DEAD:1:100.0:F-52F-20 Kargadan KWS PLAID
[BDArmory.BDACompetitionMode:198903108]: DEAD:0:90.0:F-52F-20 Kargadan KWS PLAID_1
[BDArmory.BDACompetitionMode:198903108]: WHOSHOTWHOWITHGUNS:F-52F-20 Kargadan KWS PLAID:14:PLAID AIF-42C5D1:1:PLAID AIF-42C5D1_1
[BDArmory.BDACompetitionMode:198903108]: WHOSHOTWHOWITHGUNS:F-52F-20 Kargadan KWS PLAID_1:23:PLAID AIF-42C5D1_1:10:PLAID AIF-42C5D1
[BDArmory.BDACompetitionMode:198903108]: WHODAMAGEDWHOWITHGUNS:F-52F-20 Kargadan KWS PLAID:3033.2:PLAID AIF-42C5D1:249.9:PLAID AIF-42C5D1_1
[BDArmory.BDACompetitionMode:198903108]: WHODAMAGEDWHOWITHGUNS:F-52F-20 Kargadan KWS PLAID_1:5243.5:PLAID AIF-42C5D1_1:2413.7:PLAID AIF-42C5D1
[BDArmory.BDACompetitionMode:198903108]: WHOHITWHOWITHMISSILES:F-52F-20 Kargadan KWS PLAID:1:PLAID AIF-42C5D1:1:PLAID AIF-42C5D1_1
[BDArmory.BDACompetitionMode:198903108]: WHOHITWHOWITHMISSILES:F-52F-20 Kargadan KWS PLAID_1:2:PLAID AIF-42C5D1
[BDArmory.BDACompetitionMode:198903108]: WHOPARTSHITWHOWITHMISSILES:F-52F-20 Kargadan KWS PLAID:76:PLAID AIF-42C5D1:9:PLAID AIF-42C5D1_1
[BDArmory.BDACompetitionMode:198903108]: WHOPARTSHITWHOWITHMISSILES:F-52F-20 Kargadan KWS PLAID_1:152:PLAID AIF-42C5D1
[BDArmory.BDACompetitionMode:198903108]: WHODAMAGEDWHOWITHMISSILES:F-52F-20 Kargadan KWS PLAID:40584.6:PLAID AIF-42C5D1:1494.7:PLAID AIF-42C5D1_1
[BDArmory.BDACompetitionMode:198903108]: WHODAMAGEDWHOWITHMISSILES:F-52F-20 Kargadan KWS PLAID_1:6997.8:PLAID AIF-42C5D1
[BDArmory.BDACompetitionMode:198903108]: WHODAMAGEDWHOWITHBATTLEDAMAGE:PLAID AIF-42C5D1:53.6:F-52F-20 Kargadan KWS PLAID_1
[BDArmory.BDACompetitionMode:198903108]: WHODAMAGEDWHOWITHBATTLEDAMAGE:F-52F-20 Kargadan KWS PLAID:0.1:PLAID AIF-42C5D1
[BDArmory.BDACompetitionMode:198903108]: WHODAMAGEDWHOWITHBATTLEDAMAGE:F-52F-20 Kargadan KWS PLAID_1:1139.3:PLAID AIF-42C5D1_1:21951.4:F-52F-20 Kargadan KWS PLAID_1:279.0:PLAID AIF-42C5D1
[BDArmory.BDACompetitionMode:198903108]: KILLSTEALGUNS:F-52F-20 Kargadan KWS PLAID:PLAID AIF-42C5D1_1
[BDArmory.BDACompetitionMode:198903108]: KILLSTEALGUNS:F-52F-20 Kargadan KWS PLAID_1:PLAID AIF-42C5D1_1
[BDArmory.BDACompetitionMode:198903108]: HPLEFT:PLAID AIF-42C5D1:100
[BDArmory.BDACompetitionMode:198903108]: HPLEFT:PLAID AIF-42C5D1_1:100
[BDArmory.BDACompetitionMode:198903108]: HPLEFT:F-52F-20 Kargadan KWS PLAID:0
[BDArmory.BDACompetitionMode:198903108]: HPLEFT:F-52F-20 Kargadan KWS PLAID_1:0
[BDArmory.BDACompetitionMode:198903108]: ACCURACY:PLAID AIF-42C5D1:24/140:0/0
[BDArmory.BDACompetitionMode:198903108]: ACCURACY:PLAID AIF-42C5D1_1:24/133:0/0
[BDArmory.BDACompetitionMode:198903108]: ACCURACY:F-52F-20 Kargadan KWS PLAID:0/0:0/0
[BDArmory.BDACompetitionMode:198903108]: ACCURACY:F-52F-20 Kargadan KWS PLAID_1:0/0:0/0
