[BDArmory.BDACompetitionMode:198904591]: Dumping Results after -103s (of 0s) at 2026-04-21 03:18:22 -04:00
[BDArmory.BDACompetitionMode:198904591]: RESULT:Mutual Annihilation
[BDArmory.BDACompetitionMode:198904591]: DEADTEAMS:[{"team": "F-52F-20 Kargadan KWS PLAID", "members": ["F-52F-20 Kargadan KWS PLAID", "F-52F-20 Kargadan KWS PLAID_1"]}, {"team": "PLAID AIF-42C5D2", "members": ["PLAID AIF-42C5D2", "PLAID AIF-42C5D2_1"]}]
[BDArmory.BDACompetitionMode:198904591]: DEAD:0:89.0:F-52F-20 Kargadan KWS PLAID
[BDArmory.BDACompetitionMode:198904591]: DEAD:1:92.0:F-52F-20 Kargadan KWS PLAID_1
[BDArmory.BDACompetitionMode:198904591]: MIA:PLAID AIF-42C5D2
[BDArmory.BDACompetitionMode:198904591]: MIA:PLAID AIF-42C5D2_1
[BDArmory.BDACompetitionMode:198904591]: WHOSHOTWHOWITHGUNS:F-52F-20 Kargadan KWS PLAID:1:PLAID AIF-42C5D2
[BDArmory.BDACompetitionMode:198904591]: WHOSHOTWHOWITHGUNS:F-52F-20 Kargadan KWS PLAID_1:41:PLAID AIF-42C5D2_1
[BDArmory.BDACompetitionMode:198904591]: WHODAMAGEDWHOWITHGUNS:F-52F-20 Kargadan KWS PLAID:310.6:PLAID AIF-42C5D2
[BDArmory.BDACompetitionMode:198904591]: WHODAMAGEDWHOWITHGUNS:F-52F-20 Kargadan KWS PLAID_1:9502.5:PLAID AIF-42C5D2_1
[BDArmory.BDACompetitionMode:198904591]: WHOHITWHOWITHMISSILES:F-52F-20 Kargadan KWS PLAID:3:PLAID AIF-42C5D2
[BDArmory.BDACompetitionMode:198904591]: WHOHITWHOWITHMISSILES:F-52F-20 Kargadan KWS PLAID_1:4:PLAID AIF-42C5D2_1:1:PLAID AIF-42C5D2
[BDArmory.BDACompetitionMode:198904591]: WHOPARTSHITWHOWITHMISSILES:F-52F-20 Kargadan KWS PLAID:167:PLAID AIF-42C5D2
[BDArmory.BDACompetitionMode:198904591]: WHOPARTSHITWHOWITHMISSILES:F-52F-20 Kargadan KWS PLAID_1:177:PLAID AIF-42C5D2_1:49:PLAID AIF-42C5D2
[BDArmory.BDACompetitionMode:198904591]: WHODAMAGEDWHOWITHMISSILES:F-52F-20 Kargadan KWS PLAID:24352.8:PLAID AIF-42C5D2
[BDArmory.BDACompetitionMode:198904591]: WHODAMAGEDWHOWITHMISSILES:F-52F-20 Kargadan KWS PLAID_1:34942.2:PLAID AIF-42C5D2_1:8396.6:PLAID AIF-42C5D2
[BDArmory.BDACompetitionMode:198904591]: WHODAMAGEDWHOWITHBATTLEDAMAGE:F-52F-20 Kargadan KWS PLAID:0.2:PLAID AIF-42C5D2
[BDArmory.BDACompetitionMode:198904591]: WHODAMAGEDWHOWITHBATTLEDAMAGE:F-52F-20 Kargadan KWS PLAID_1:51.2:PLAID AIF-42C5D2_1
[BDArmory.BDACompetitionMode:198904591]: CLEANKILLGUNS:F-52F-20 Kargadan KWS PLAID:PLAID AIF-42C5D2
[BDArmory.BDACompetitionMode:198904591]: HEADSHOTGUNS:F-52F-20 Kargadan KWS PLAID_1:PLAID AIF-42C5D2_1
[BDArmory.BDACompetitionMode:198904591]: HPLEFT:F-52F-20 Kargadan KWS PLAID:0
[BDArmory.BDACompetitionMode:198904591]: HPLEFT:F-52F-20 Kargadan KWS PLAID_1:0
[BDArmory.BDACompetitionMode:198904591]: HPLEFT:PLAID AIF-42C5D2:0
[BDArmory.BDACompetitionMode:198904591]: HPLEFT:PLAID AIF-42C5D2_1:0
[BDArmory.BDACompetitionMode:198904591]: ACCURACY:F-52F-20 Kargadan KWS PLAID:0/0:0/0
[BDArmory.BDACompetitionMode:198904591]: ACCURACY:F-52F-20 Kargadan KWS PLAID_1:0/0:0/0
[BDArmory.BDACompetitionMode:198904591]: ACCURACY:PLAID AIF-42C5D2:1/9:0/0
[BDArmory.BDACompetitionMode:198904591]: ACCURACY:PLAID AIF-42C5D2_1:41/154:0/0
