[BDArmory.BDACompetitionMode:198901038]: Dumping Results after 80s (of 0s) at 2026-04-21 02:18:51 -04:00
[BDArmory.BDACompetitionMode:198901038]: RESULT:Draw:[{"team": "PLAID AIF-42C5D1", "members": ["PLAID AIF-42C5D1", "PLAID AIF-42C5D1_1"]}, {"team": "K-73 NMX 5", "members": ["K-73 NMX 5", "K-73 NMX 5_1"]}]
[BDArmory.BDACompetitionMode:198901038]: DEADTEAMS:[]
[BDArmory.BDACompetitionMode:198901038]: ALIVE:K-73 NMX 5
[BDArmory.BDACompetitionMode:198901038]: DEAD:1:71.0:PLAID AIF-42C5D1
[BDArmory.BDACompetitionMode:198901038]: MIA:PLAID AIF-42C5D1_1
[BDArmory.BDACompetitionMode:198901038]: DEAD:0:44.0:K-73 NMX 5_1
[BDArmory.BDACompetitionMode:198901038]: WHOHITWHOWITHMISSILES:PLAID AIF-42C5D1:1:K-73 NMX 5
[BDArmory.BDACompetitionMode:198901038]: WHOHITWHOWITHMISSILES:PLAID AIF-42C5D1_1:2:K-73 NMX 5
[BDArmory.BDACompetitionMode:198901038]: WHOHITWHOWITHMISSILES:K-73 NMX 5:1:PLAID AIF-42C5D1
[BDArmory.BDACompetitionMode:198901038]: WHOHITWHOWITHMISSILES:K-73 NMX 5_1:1:PLAID AIF-42C5D1
[BDArmory.BDACompetitionMode:198901038]: WHOPARTSHITWHOWITHMISSILES:PLAID AIF-42C5D1:66:K-73 NMX 5
[BDArmory.BDACompetitionMode:198901038]: WHOPARTSHITWHOWITHMISSILES:PLAID AIF-42C5D1_1:78:K-73 NMX 5
[BDArmory.BDACompetitionMode:198901038]: WHOPARTSHITWHOWITHMISSILES:K-73 NMX 5:93:PLAID AIF-42C5D1
[BDArmory.BDACompetitionMode:198901038]: WHOPARTSHITWHOWITHMISSILES:K-73 NMX 5_1:96:PLAID AIF-42C5D1
[BDArmory.BDACompetitionMode:198901038]: WHODAMAGEDWHOWITHMISSILES:PLAID AIF-42C5D1:36427.5:K-73 NMX 5
[BDArmory.BDACompetitionMode:198901038]: WHODAMAGEDWHOWITHMISSILES:PLAID AIF-42C5D1_1:18239.0:K-73 NMX 5
[BDArmory.BDACompetitionMode:198901038]: WHODAMAGEDWHOWITHMISSILES:K-73 NMX 5_1:42390.2:PLAID AIF-42C5D1
[BDArmory.BDACompetitionMode:198901038]: WHODAMAGEDWHOWITHBATTLEDAMAGE:PLAID AIF-42C5D1:48480.6:K-73 NMX 5
[BDArmory.BDACompetitionMode:198901038]: CLEANKILLMISSILES:PLAID AIF-42C5D1:K-73 NMX 5
[BDArmory.BDACompetitionMode:198901038]: CLEANKILLMISSILES:K-73 NMX 5_1:PLAID AIF-42C5D1
[BDArmory.BDACompetitionMode:198901038]: HPLEFT:PLAID AIF-42C5D1:0
[BDArmory.BDACompetitionMode:198901038]: HPLEFT:PLAID AIF-42C5D1_1:20
[BDArmory.BDACompetitionMode:198901038]: HPLEFT:K-73 NMX 5:100
[BDArmory.BDACompetitionMode:198901038]: HPLEFT:K-73 NMX 5_1:0
[BDArmory.BDACompetitionMode:198901038]: ACCURACY:PLAID AIF-42C5D1:0/0:0/0
[BDArmory.BDACompetitionMode:198901038]: ACCURACY:PLAID AIF-42C5D1_1:0/0:0/0
[BDArmory.BDACompetitionMode:198901038]: ACCURACY:K-73 NMX 5:0/0:0/0
[BDArmory.BDACompetitionMode:198901038]: ACCURACY:K-73 NMX 5_1:0/0:0/0
