[BDArmory.BDACompetitionMode:199424096]: Dumping Results after 55s (of 0s) at 2026-04-27 03:36:37 -04:00
[BDArmory.BDACompetitionMode:199424096]: RESULT:Draw:[{"team": "AL-34 Cooker V_VVVVdev", "members": ["AL-34 Cooker V/VVVVdev", "AL-34 Cooker V/VVVVdev_1"]}, {"team": "AIF-38", "members": ["AIF-38", "AIF-38_1"]}]
[BDArmory.BDACompetitionMode:199424096]: DEADTEAMS:[]
[BDArmory.BDACompetitionMode:199424096]: ALIVE:AL-34 Cooker V/VVVVdev
[BDArmory.BDACompetitionMode:199424096]: ALIVE:AIF-38_1
[BDArmory.BDACompetitionMode:199424096]: DEAD:0:47.0:AL-34 Cooker V/VVVVdev_1
[BDArmory.BDACompetitionMode:199424096]: DEAD:1:51.0:AIF-38
[BDArmory.BDACompetitionMode:199424096]: WHOHITWHOWITHMISSILES:AL-34 Cooker V/VVVVdev:2:AIF-38_1:1:AIF-38
[BDArmory.BDACompetitionMode:199424096]: WHOHITWHOWITHMISSILES:AL-34 Cooker V/VVVVdev_1:1:AIF-38:1:AIF-38_1
[BDArmory.BDACompetitionMode:199424096]: WHOHITWHOWITHMISSILES:AIF-38:1:AL-34 Cooker V/VVVVdev
[BDArmory.BDACompetitionMode:199424096]: WHOPARTSHITWHOWITHMISSILES:AL-34 Cooker V/VVVVdev:193:AIF-38_1:104:AIF-38
[BDArmory.BDACompetitionMode:199424096]: WHOPARTSHITWHOWITHMISSILES:AL-34 Cooker V/VVVVdev_1:118:AIF-38:76:AIF-38_1
[BDArmory.BDACompetitionMode:199424096]: WHOPARTSHITWHOWITHMISSILES:AIF-38:96:AL-34 Cooker V/VVVVdev
[BDArmory.BDACompetitionMode:199424096]: WHODAMAGEDWHOWITHMISSILES:AL-34 Cooker V/VVVVdev:19617.3:AIF-38_1:5467.0:AIF-38
[BDArmory.BDACompetitionMode:199424096]: WHODAMAGEDWHOWITHMISSILES:AL-34 Cooker V/VVVVdev_1:30843.9:AIF-38:12135.0:AIF-38_1
[BDArmory.BDACompetitionMode:199424096]: WHODAMAGEDWHOWITHMISSILES:AIF-38:57892.7:AL-34 Cooker V/VVVVdev
[BDArmory.BDACompetitionMode:199424096]: KILLSTEALMISSILES:AL-34 Cooker V/VVVVdev_1:AIF-38_1
[BDArmory.BDACompetitionMode:199424096]: CLEANKILLMISSILES:AIF-38:AL-34 Cooker V/VVVVdev
[BDArmory.BDACompetitionMode:199424096]: HPLEFT:AL-34 Cooker V/VVVVdev:70.6896551724138
[BDArmory.BDACompetitionMode:199424096]: HPLEFT:AL-34 Cooker V/VVVVdev_1:0
[BDArmory.BDACompetitionMode:199424096]: HPLEFT:AIF-38:0
[BDArmory.BDACompetitionMode:199424096]: HPLEFT:AIF-38_1:100
[BDArmory.BDACompetitionMode:199424096]: ACCURACY:AL-34 Cooker V/VVVVdev:0/0:0/0
[BDArmory.BDACompetitionMode:199424096]: ACCURACY:AL-34 Cooker V/VVVVdev_1:0/0:0/0
[BDArmory.BDACompetitionMode:199424096]: ACCURACY:AIF-38:0/0:0/0
[BDArmory.BDACompetitionMode:199424096]: ACCURACY:AIF-38_1:0/0:0/0
