[BDArmory.BDACompetitionMode:199403689]: Dumping Results after -8s (of 0s) at 2026-04-26 21:56:54 -04:00
[BDArmory.BDACompetitionMode:199403689]: RESULT:Draw:[{"team": "PLAID AIF-42C5D2", "members": ["PLAID AIF-42C5D2", "PLAID AIF-42C5D2_1"]}, {"team": "AIF-38", "members": ["AIF-38", "AIF-38_1"]}]
[BDArmory.BDACompetitionMode:199403689]: DEADTEAMS:[]
[BDArmory.BDACompetitionMode:199403689]: ALIVE:PLAID AIF-42C5D2
[BDArmory.BDACompetitionMode:199403689]: ALIVE:AIF-38
[BDArmory.BDACompetitionMode:199403689]: MIA:PLAID AIF-42C5D2_1
[BDArmory.BDACompetitionMode:199403689]: DEAD:0:57.0:AIF-38_1
[BDArmory.BDACompetitionMode:199403689]: WHOSHOTWHOWITHGUNS:AIF-38:12:PLAID AIF-42C5D2:13:PLAID AIF-42C5D2_1
[BDArmory.BDACompetitionMode:199403689]: WHODAMAGEDWHOWITHGUNS:AIF-38:3619.0:PLAID AIF-42C5D2:3330.4:PLAID AIF-42C5D2_1
[BDArmory.BDACompetitionMode:199403689]: WHOHITWHOWITHMISSILES:AIF-38:1:PLAID AIF-42C5D2
[BDArmory.BDACompetitionMode:199403689]: WHOHITWHOWITHMISSILES:AIF-38_1:1:PLAID AIF-42C5D2:1:PLAID AIF-42C5D2_1
[BDArmory.BDACompetitionMode:199403689]: WHOPARTSHITWHOWITHMISSILES:AIF-38:75:PLAID AIF-42C5D2
[BDArmory.BDACompetitionMode:199403689]: WHOPARTSHITWHOWITHMISSILES:AIF-38_1:82:PLAID AIF-42C5D2:10:PLAID AIF-42C5D2_1
[BDArmory.BDACompetitionMode:199403689]: WHODAMAGEDWHOWITHMISSILES:AIF-38_1:10595.4:PLAID AIF-42C5D2:5418.1:PLAID AIF-42C5D2_1
[BDArmory.BDACompetitionMode:199403689]: WHODAMAGEDWHOWITHBATTLEDAMAGE:AIF-38:209.6:PLAID AIF-42C5D2:245.4:PLAID AIF-42C5D2_1
[BDArmory.BDACompetitionMode:199403689]: HEADSHOTMISSILES:AIF-38_1:PLAID AIF-42C5D2_1
[BDArmory.BDACompetitionMode:199403689]: HPLEFT:PLAID AIF-42C5D2:100
[BDArmory.BDACompetitionMode:199403689]: HPLEFT:PLAID AIF-42C5D2_1:0
[BDArmory.BDACompetitionMode:199403689]: HPLEFT:AIF-38:77.9069767441861
[BDArmory.BDACompetitionMode:199403689]: HPLEFT:AIF-38_1:0
[BDArmory.BDACompetitionMode:199403689]: ACCURACY:PLAID AIF-42C5D2:12/64:0/0
[BDArmory.BDACompetitionMode:199403689]: ACCURACY:PLAID AIF-42C5D2_1:13/82:0/0
[BDArmory.BDACompetitionMode:199403689]: ACCURACY:AIF-38:0/0:0/0
[BDArmory.BDACompetitionMode:199403689]: ACCURACY:AIF-38_1:0/0:0/0
