[BDArmory.BDACompetitionMode:199425341]: Dumping Results after 57s (of 0s) at 2026-04-27 03:57:20 -04:00
[BDArmory.BDACompetitionMode:199425341]: RESULT:Win:{"team": "AIF-38", "members": ["AIF-38", "AIF-38_1"]}
[BDArmory.BDACompetitionMode:199425341]: DEADTEAMS:[{"team": "AL-34 Cooker V_VVVVdev", "members": ["AL-34 Cooker V/VVVVdev", "AL-34 Cooker V/VVVVdev_1"]}]
[BDArmory.BDACompetitionMode:199425341]: ALIVE:AIF-38
[BDArmory.BDACompetitionMode:199425341]: ALIVE:AIF-38_1
[BDArmory.BDACompetitionMode:199425341]: DEAD:0:47.0:AL-34 Cooker V/VVVVdev
[BDArmory.BDACompetitionMode:199425341]: DEAD:1:55.0:AL-34 Cooker V/VVVVdev_1
[BDArmory.BDACompetitionMode:199425341]: WHOHITWHOWITHMISSILES:AL-34 Cooker V/VVVVdev:1:AIF-38:1:AIF-38_1
[BDArmory.BDACompetitionMode:199425341]: WHOHITWHOWITHMISSILES:AL-34 Cooker V/VVVVdev_1:1:AIF-38:1:AIF-38_1
[BDArmory.BDACompetitionMode:199425341]: WHOHITWHOWITHMISSILES:AIF-38:1:AL-34 Cooker V/VVVVdev
[BDArmory.BDACompetitionMode:199425341]: WHOPARTSHITWHOWITHMISSILES:AL-34 Cooker V/VVVVdev:112:AIF-38:116:AIF-38_1
[BDArmory.BDACompetitionMode:199425341]: WHOPARTSHITWHOWITHMISSILES:AL-34 Cooker V/VVVVdev_1:108:AIF-38:108:AIF-38_1
[BDArmory.BDACompetitionMode:199425341]: WHOPARTSHITWHOWITHMISSILES:AIF-38:100:AL-34 Cooker V/VVVVdev
[BDArmory.BDACompetitionMode:199425341]: WHODAMAGEDWHOWITHMISSILES:AL-34 Cooker V/VVVVdev:18608.6:AIF-38:13467.7:AIF-38_1
[BDArmory.BDACompetitionMode:199425341]: WHODAMAGEDWHOWITHMISSILES:AL-34 Cooker V/VVVVdev_1:21873.9:AIF-38_1
[BDArmory.BDACompetitionMode:199425341]: KILLSTEALMISSILES:AL-34 Cooker V/VVVVdev:AIF-38_1
[BDArmory.BDACompetitionMode:199425341]: KILLSTEALMISSILES:AL-34 Cooker V/VVVVdev_1:AIF-38_1
[BDArmory.BDACompetitionMode:199425341]: HPLEFT:AL-34 Cooker V/VVVVdev:0
[BDArmory.BDACompetitionMode:199425341]: HPLEFT:AL-34 Cooker V/VVVVdev_1:0
[BDArmory.BDACompetitionMode:199425341]: HPLEFT:AIF-38:100
[BDArmory.BDACompetitionMode:199425341]: HPLEFT:AIF-38_1:100
[BDArmory.BDACompetitionMode:199425341]: ACCURACY:AL-34 Cooker V/VVVVdev:0/0:0/0
[BDArmory.BDACompetitionMode:199425341]: ACCURACY:AL-34 Cooker V/VVVVdev_1:0/0:0/0
[BDArmory.BDACompetitionMode:199425341]: ACCURACY:AIF-38:0/0:0/0
[BDArmory.BDACompetitionMode:199425341]: ACCURACY:AIF-38_1:0/0:0/0
