[BDArmory.BDACompetitionMode:199413239]: Dumping Results after -131s (of 0s) at 2026-04-27 00:36:29 -04:00
[BDArmory.BDACompetitionMode:199413239]: RESULT:Mutual Annihilation
[BDArmory.BDACompetitionMode:199413239]: DEADTEAMS:[{"team": "AIF-38", "members": ["AIF-38", "AIF-38_1"]}, {"team": "AL-27 VVVV", "members": ["AL-27 VVVV", "AL-27 VVVV_1"]}]
[BDArmory.BDACompetitionMode:199413239]: MIA:AIF-38
[BDArmory.BDACompetitionMode:199413239]: DEAD:0:50.0:AIF-38_1
[BDArmory.BDACompetitionMode:199413239]: DEAD:1:62.0:AL-27 VVVV
[BDArmory.BDACompetitionMode:199413239]: MIA:AL-27 VVVV_1
[BDArmory.BDACompetitionMode:199413239]: WHOSHOTWHOWITHGUNS:AIF-38:12:AL-27 VVVV_1
[BDArmory.BDACompetitionMode:199413239]: WHODAMAGEDWHOWITHGUNS:AIF-38:2451.7:AL-27 VVVV_1
[BDArmory.BDACompetitionMode:199413239]: WHOHITWHOWITHMISSILES:AIF-38_1:1:AL-27 VVVV
[BDArmory.BDACompetitionMode:199413239]: WHOHITWHOWITHMISSILES:AL-27 VVVV:2:AIF-38:1:AIF-38_1
[BDArmory.BDACompetitionMode:199413239]: WHOPARTSHITWHOWITHMISSILES:AIF-38_1:92:AL-27 VVVV
[BDArmory.BDACompetitionMode:199413239]: WHOPARTSHITWHOWITHMISSILES:AL-27 VVVV:182:AIF-38:141:AIF-38_1
[BDArmory.BDACompetitionMode:199413239]: WHODAMAGEDWHOWITHMISSILES:AIF-38_1:36743.5:AL-27 VVVV
[BDArmory.BDACompetitionMode:199413239]: WHODAMAGEDWHOWITHMISSILES:AL-27 VVVV:169611.1:AIF-38:9086.2:AIF-38_1
[BDArmory.BDACompetitionMode:199413239]: WHODAMAGEDWHOWITHBATTLEDAMAGE:AIF-38:921.8:AL-27 VVVV_1:10743.9:AIF-38
[BDArmory.BDACompetitionMode:199413239]: WHODAMAGEDWHOWITHBATTLEDAMAGE:AIF-38_1:30022.9:AL-27 VVVV
[BDArmory.BDACompetitionMode:199413239]: CLEANKILLMISSILES:AIF-38_1:AL-27 VVVV
[BDArmory.BDACompetitionMode:199413239]: HPLEFT:AIF-38:0
[BDArmory.BDACompetitionMode:199413239]: HPLEFT:AIF-38_1:0
[BDArmory.BDACompetitionMode:199413239]: HPLEFT:AL-27 VVVV:0
[BDArmory.BDACompetitionMode:199413239]: HPLEFT:AL-27 VVVV_1:0
[BDArmory.BDACompetitionMode:199413239]: ACCURACY:AIF-38:0/6:0/0
[BDArmory.BDACompetitionMode:199413239]: ACCURACY:AIF-38_1:0/0:0/0
[BDArmory.BDACompetitionMode:199413239]: ACCURACY:AL-27 VVVV:0/0:0/0
[BDArmory.BDACompetitionMode:199413239]: ACCURACY:AL-27 VVVV_1:12/380:0/0
