[BDArmory.BDACompetitionMode:199426332]: Dumping Results after 54s (of 0s) at 2026-04-27 04:14:16 -04:00
[BDArmory.BDACompetitionMode:199426332]: RESULT:Draw:[{"team": "AL-27 VVVV", "members": ["AL-27 VVVV", "AL-27 VVVV_1"]}, {"team": "AIF-38", "members": ["AIF-38", "AIF-38_1"]}]
[BDArmory.BDACompetitionMode:199426332]: DEADTEAMS:[]
[BDArmory.BDACompetitionMode:199426332]: ALIVE:AL-27 VVVV
[BDArmory.BDACompetitionMode:199426332]: ALIVE:AL-27 VVVV_1
[BDArmory.BDACompetitionMode:199426332]: ALIVE:AIF-38_1
[BDArmory.BDACompetitionMode:199426332]: MIA:AIF-38
[BDArmory.BDACompetitionMode:199426332]: WHOHITWHOWITHMISSILES:AIF-38:2:AL-27 VVVV_1
[BDArmory.BDACompetitionMode:199426332]: WHOHITWHOWITHMISSILES:AIF-38_1:1:AL-27 VVVV
[BDArmory.BDACompetitionMode:199426332]: WHOPARTSHITWHOWITHMISSILES:AIF-38:109:AL-27 VVVV_1
[BDArmory.BDACompetitionMode:199426332]: WHOPARTSHITWHOWITHMISSILES:AIF-38_1:95:AL-27 VVVV
[BDArmory.BDACompetitionMode:199426332]: WHODAMAGEDWHOWITHMISSILES:AIF-38:36938.4:AL-27 VVVV_1
[BDArmory.BDACompetitionMode:199426332]: WHODAMAGEDWHOWITHMISSILES:AIF-38_1:13187.1:AL-27 VVVV
[BDArmory.BDACompetitionMode:199426332]: WHODAMAGEDWHOWITHBATTLEDAMAGE:AIF-38:0.1:AL-27 VVVV_1
[BDArmory.BDACompetitionMode:199426332]: HPLEFT:AL-27 VVVV:100
[BDArmory.BDACompetitionMode:199426332]: HPLEFT:AL-27 VVVV_1:100
[BDArmory.BDACompetitionMode:199426332]: HPLEFT:AIF-38:12.8712871287129
[BDArmory.BDACompetitionMode:199426332]: HPLEFT:AIF-38_1:66.3366336633663
[BDArmory.BDACompetitionMode:199426332]: ACCURACY:AL-27 VVVV:0/40:0/0
[BDArmory.BDACompetitionMode:199426332]: ACCURACY:AL-27 VVVV_1:0/0:0/0
[BDArmory.BDACompetitionMode:199426332]: ACCURACY:AIF-38:0/0:0/0
[BDArmory.BDACompetitionMode:199426332]: ACCURACY:AIF-38_1:0/0:0/0
