[BDArmory.BDACompetitionMode:199406357]: Dumping Results after 86s (of 0s) at 2026-04-26 22:41:27 -04:00
[BDArmory.BDACompetitionMode:199406357]: RESULT:Draw:[{"team": "AIF-38", "members": ["AIF-38", "AIF-38_1"]}, {"team": "PLAID AIF-42C5D2", "members": ["PLAID AIF-42C5D2", "PLAID AIF-42C5D2_1"]}]
[BDArmory.BDACompetitionMode:199406357]: DEADTEAMS:[]
[BDArmory.BDACompetitionMode:199406357]: ALIVE:PLAID AIF-42C5D2_1
[BDArmory.BDACompetitionMode:199406357]: MIA:AIF-38
[BDArmory.BDACompetitionMode:199406357]: MIA:AIF-38_1
[BDArmory.BDACompetitionMode:199406357]: MIA:PLAID AIF-42C5D2
[BDArmory.BDACompetitionMode:199406357]: WHOSHOTWHOWITHGUNS:AIF-38:21:PLAID AIF-42C5D2_1:15:PLAID AIF-42C5D2
[BDArmory.BDACompetitionMode:199406357]: WHOSHOTWHOWITHGUNS:AIF-38_1:17:PLAID AIF-42C5D2_1
[BDArmory.BDACompetitionMode:199406357]: WHOSHOTWHOWITHGUNS:PLAID AIF-42C5D2_1:1:AIF-38_1
[BDArmory.BDACompetitionMode:199406357]: WHODAMAGEDWHOWITHGUNS:AIF-38:5806.2:PLAID AIF-42C5D2_1:3288.6:PLAID AIF-42C5D2
[BDArmory.BDACompetitionMode:199406357]: WHODAMAGEDWHOWITHGUNS:AIF-38_1:6486.7:PLAID AIF-42C5D2_1
[BDArmory.BDACompetitionMode:199406357]: WHODAMAGEDWHOWITHGUNS:PLAID AIF-42C5D2_1:173.7:AIF-38_1
[BDArmory.BDACompetitionMode:199406357]: WHOHITWHOWITHMISSILES:AIF-38:1:PLAID AIF-42C5D2:1:PLAID AIF-42C5D2_1
[BDArmory.BDACompetitionMode:199406357]: WHOHITWHOWITHMISSILES:PLAID AIF-42C5D2:2:AIF-38_1
[BDArmory.BDACompetitionMode:199406357]: WHOPARTSHITWHOWITHMISSILES:AIF-38:81:PLAID AIF-42C5D2:60:PLAID AIF-42C5D2_1
[BDArmory.BDACompetitionMode:199406357]: WHOPARTSHITWHOWITHMISSILES:PLAID AIF-42C5D2:134:AIF-38_1
[BDArmory.BDACompetitionMode:199406357]: WHODAMAGEDWHOWITHMISSILES:AIF-38:3319.4:PLAID AIF-42C5D2_1
[BDArmory.BDACompetitionMode:199406357]: WHODAMAGEDWHOWITHMISSILES:PLAID AIF-42C5D2:39443.6:AIF-38_1
[BDArmory.BDACompetitionMode:199406357]: WHODAMAGEDWHOWITHBATTLEDAMAGE:AIF-38:474.4:PLAID AIF-42C5D2_1:181.8:PLAID AIF-42C5D2
[BDArmory.BDACompetitionMode:199406357]: WHODAMAGEDWHOWITHBATTLEDAMAGE:AIF-38_1:925.0:PLAID AIF-42C5D2_1:1574.7:AIF-38_1
[BDArmory.BDACompetitionMode:199406357]: HPLEFT:AIF-38:60.9195402298851
[BDArmory.BDACompetitionMode:199406357]: HPLEFT:AIF-38_1:13.7931034482759
[BDArmory.BDACompetitionMode:199406357]: HPLEFT:PLAID AIF-42C5D2:76.25
[BDArmory.BDACompetitionMode:199406357]: HPLEFT:PLAID AIF-42C5D2_1:100
[BDArmory.BDACompetitionMode:199406357]: ACCURACY:AIF-38:0/4:0/0
[BDArmory.BDACompetitionMode:199406357]: ACCURACY:AIF-38_1:1/3:0/0
[BDArmory.BDACompetitionMode:199406357]: ACCURACY:PLAID AIF-42C5D2:15/76:0/0
[BDArmory.BDACompetitionMode:199406357]: ACCURACY:PLAID AIF-42C5D2_1:38/234:0/0
