[BDArmory.BDACompetitionMode:199420816]: Dumping Results after 121s (of 0s) at 2026-04-27 02:44:50 -04:00
[BDArmory.BDACompetitionMode:199420816]: RESULT:Win:{"team": "AIF-38", "members": ["AIF-38", "AIF-38_1", "AIF-38_2"]}
[BDArmory.BDACompetitionMode:199420816]: DEADTEAMS:[{"team": "AL-34 Cooker V_VVVVdev", "members": ["AL-34 Cooker V/VVVVdev", "AL-34 Cooker V/VVVVdev_1", "AL-34 Cooker V/VVVVdev_2"]}]
[BDArmory.BDACompetitionMode:199420816]: ALIVE:AIF-38
[BDArmory.BDACompetitionMode:199420816]: ALIVE:AIF-38_2
[BDArmory.BDACompetitionMode:199420816]: DEAD:2:113.0:AL-34 Cooker V/VVVVdev
[BDArmory.BDACompetitionMode:199420816]: DEAD:1:100.0:AL-34 Cooker V/VVVVdev_1
[BDArmory.BDACompetitionMode:199420816]: DEAD:0:48.0:AL-34 Cooker V/VVVVdev_2
[BDArmory.BDACompetitionMode:199420816]: MIA:AIF-38_1
[BDArmory.BDACompetitionMode:199420816]: WHOSHOTWHOWITHGUNS:AL-34 Cooker V/VVVVdev:21:AIF-38
[BDArmory.BDACompetitionMode:199420816]: WHOSHOTWHOWITHGUNS:AL-34 Cooker V/VVVVdev_1:3:AIF-38_1
[BDArmory.BDACompetitionMode:199420816]: WHODAMAGEDWHOWITHGUNS:AL-34 Cooker V/VVVVdev:9871.3:AIF-38
[BDArmory.BDACompetitionMode:199420816]: WHODAMAGEDWHOWITHGUNS:AL-34 Cooker V/VVVVdev_1:1872.1:AIF-38_1
[BDArmory.BDACompetitionMode:199420816]: WHOHITWHOWITHMISSILES:AL-34 Cooker V/VVVVdev:3:AIF-38:3:AIF-38_2
[BDArmory.BDACompetitionMode:199420816]: WHOHITWHOWITHMISSILES:AL-34 Cooker V/VVVVdev_1:3:AIF-38_2:1:AIF-38
[BDArmory.BDACompetitionMode:199420816]: WHOHITWHOWITHMISSILES:AL-34 Cooker V/VVVVdev_2:1:AIF-38
[BDArmory.BDACompetitionMode:199420816]: WHOHITWHOWITHMISSILES:AIF-38_1:2:AL-34 Cooker V/VVVVdev_1
[BDArmory.BDACompetitionMode:199420816]: WHOHITWHOWITHMISSILES:AIF-38_2:1:AL-34 Cooker V/VVVVdev_2
[BDArmory.BDACompetitionMode:199420816]: WHOPARTSHITWHOWITHMISSILES:AL-34 Cooker V/VVVVdev:215:AIF-38:65:AIF-38_2
[BDArmory.BDACompetitionMode:199420816]: WHOPARTSHITWHOWITHMISSILES:AL-34 Cooker V/VVVVdev_1:265:AIF-38_2:64:AIF-38
[BDArmory.BDACompetitionMode:199420816]: WHOPARTSHITWHOWITHMISSILES:AL-34 Cooker V/VVVVdev_2:115:AIF-38
[BDArmory.BDACompetitionMode:199420816]: WHOPARTSHITWHOWITHMISSILES:AIF-38_1:172:AL-34 Cooker V/VVVVdev_1
[BDArmory.BDACompetitionMode:199420816]: WHOPARTSHITWHOWITHMISSILES:AIF-38_2:92:AL-34 Cooker V/VVVVdev_2
[BDArmory.BDACompetitionMode:199420816]: WHODAMAGEDWHOWITHMISSILES:AL-34 Cooker V/VVVVdev:35813.3:AIF-38:17508.5:AIF-38_2
[BDArmory.BDACompetitionMode:199420816]: WHODAMAGEDWHOWITHMISSILES:AL-34 Cooker V/VVVVdev_1:27380.3:AIF-38_2:72036.8:AIF-38
[BDArmory.BDACompetitionMode:199420816]: WHODAMAGEDWHOWITHMISSILES:AL-34 Cooker V/VVVVdev_2:9696.4:AIF-38
[BDArmory.BDACompetitionMode:199420816]: WHODAMAGEDWHOWITHMISSILES:AIF-38_1:57098.2:AL-34 Cooker V/VVVVdev_1
[BDArmory.BDACompetitionMode:199420816]: WHODAMAGEDWHOWITHBATTLEDAMAGE:AL-34 Cooker V/VVVVdev:541.0:AIF-38
[BDArmory.BDACompetitionMode:199420816]: WHODAMAGEDWHOWITHBATTLEDAMAGE:AL-34 Cooker V/VVVVdev_1:350.4:AIF-38_1:18.7:AIF-38_2
[BDArmory.BDACompetitionMode:199420816]: KILLSTEALGUNS:AL-34 Cooker V/VVVVdev:AIF-38
[BDArmory.BDACompetitionMode:199420816]: KILLSTEALMISSILES:AL-34 Cooker V/VVVVdev_1:AIF-38
[BDArmory.BDACompetitionMode:199420816]: CLEANKILLMISSILES:AL-34 Cooker V/VVVVdev_2:AIF-38
[BDArmory.BDACompetitionMode:199420816]: HPLEFT:AL-34 Cooker V/VVVVdev:0
[BDArmory.BDACompetitionMode:199420816]: HPLEFT:AL-34 Cooker V/VVVVdev_1:0
[BDArmory.BDACompetitionMode:199420816]: HPLEFT:AL-34 Cooker V/VVVVdev_2:0
[BDArmory.BDACompetitionMode:199420816]: HPLEFT:AIF-38:100
[BDArmory.BDACompetitionMode:199420816]: HPLEFT:AIF-38_1:49.5049504950495
[BDArmory.BDACompetitionMode:199420816]: HPLEFT:AIF-38_2:100
[BDArmory.BDACompetitionMode:199420816]: ACCURACY:AL-34 Cooker V/VVVVdev:0/0:0/0
[BDArmory.BDACompetitionMode:199420816]: ACCURACY:AL-34 Cooker V/VVVVdev_1:0/7:0/0
[BDArmory.BDACompetitionMode:199420816]: ACCURACY:AL-34 Cooker V/VVVVdev_2:0/0:0/0
[BDArmory.BDACompetitionMode:199420816]: ACCURACY:AIF-38:21/116:0/0
[BDArmory.BDACompetitionMode:199420816]: ACCURACY:AIF-38_1:3/15:0/0
[BDArmory.BDACompetitionMode:199420816]: ACCURACY:AIF-38_2:0/10:0/0
