[BDArmory.BDACompetitionMode:199419282]: Dumping Results after -323s (of 0s) at 2026-04-27 02:17:47 -04:00
[BDArmory.BDACompetitionMode:199419282]: RESULT:Mutual Annihilation
[BDArmory.BDACompetitionMode:199419282]: DEADTEAMS:[{"team": "AIF-38", "members": ["AIF-38", "AIF-38_1", "AIF-38_2"]}, {"team": "AL-34 Cooker V_VVVVdev", "members": ["AL-34 Cooker V/VVVVdev", "AL-34 Cooker V/VVVVdev_1", "AL-34 Cooker V/VVVVdev_2"]}]
[BDArmory.BDACompetitionMode:199419282]: DEAD:3:70.0:AIF-38
[BDArmory.BDACompetitionMode:199419282]: DEAD:0:52.0:AIF-38_1
[BDArmory.BDACompetitionMode:199419282]: MIA:AIF-38_2
[BDArmory.BDACompetitionMode:199419282]: DEAD:1:58.0:AL-34 Cooker V/VVVVdev
[BDArmory.BDACompetitionMode:199419282]: DEAD:4:79.0:AL-34 Cooker V/VVVVdev_1
[BDArmory.BDACompetitionMode:199419282]: DEAD:2:58.0:AL-34 Cooker V/VVVVdev_2
[BDArmory.BDACompetitionMode:199419282]: WHOSHOTWHOWITHGUNS:AL-34 Cooker V/VVVVdev_1:20:AIF-38_2
[BDArmory.BDACompetitionMode:199419282]: WHODAMAGEDWHOWITHGUNS:AL-34 Cooker V/VVVVdev_1:8083.1:AIF-38_2
[BDArmory.BDACompetitionMode:199419282]: WHOHITWHOWITHMISSILES:AIF-38:1:AL-34 Cooker V/VVVVdev_1
[BDArmory.BDACompetitionMode:199419282]: WHOHITWHOWITHMISSILES:AIF-38_1:1:AL-34 Cooker V/VVVVdev_2:1:AL-34 Cooker V/VVVVdev_1
[BDArmory.BDACompetitionMode:199419282]: WHOHITWHOWITHMISSILES:AL-34 Cooker V/VVVVdev:1:AIF-38:1:AIF-38_2
[BDArmory.BDACompetitionMode:199419282]: WHOHITWHOWITHMISSILES:AL-34 Cooker V/VVVVdev_1:1:AIF-38_1
[BDArmory.BDACompetitionMode:199419282]: WHOHITWHOWITHMISSILES:AL-34 Cooker V/VVVVdev_2:1:AIF-38_1:1:AIF-38
[BDArmory.BDACompetitionMode:199419282]: WHOPARTSHITWHOWITHMISSILES:AIF-38:90:AL-34 Cooker V/VVVVdev_1
[BDArmory.BDACompetitionMode:199419282]: WHOPARTSHITWHOWITHMISSILES:AIF-38_1:98:AL-34 Cooker V/VVVVdev_2:16:AL-34 Cooker V/VVVVdev_1
[BDArmory.BDACompetitionMode:199419282]: WHOPARTSHITWHOWITHMISSILES:AL-34 Cooker V/VVVVdev:105:AIF-38:100:AIF-38_2
[BDArmory.BDACompetitionMode:199419282]: WHOPARTSHITWHOWITHMISSILES:AL-34 Cooker V/VVVVdev_1:100:AIF-38_1
[BDArmory.BDACompetitionMode:199419282]: WHOPARTSHITWHOWITHMISSILES:AL-34 Cooker V/VVVVdev_2:114:AIF-38_1:113:AIF-38
[BDArmory.BDACompetitionMode:199419282]: WHODAMAGEDWHOWITHMISSILES:AIF-38:33059.5:AL-34 Cooker V/VVVVdev_1
[BDArmory.BDACompetitionMode:199419282]: WHODAMAGEDWHOWITHMISSILES:AIF-38_1:56603.7:AL-34 Cooker V/VVVVdev_2:4107.5:AL-34 Cooker V/VVVVdev_1
[BDArmory.BDACompetitionMode:199419282]: WHODAMAGEDWHOWITHMISSILES:AL-34 Cooker V/VVVVdev:7948.2:AIF-38:25836.3:AIF-38_2
[BDArmory.BDACompetitionMode:199419282]: WHODAMAGEDWHOWITHMISSILES:AL-34 Cooker V/VVVVdev_2:16689.9:AIF-38
[BDArmory.BDACompetitionMode:199419282]: WHODAMAGEDWHOWITHBATTLEDAMAGE:AIF-38:12644.6:AL-34 Cooker V/VVVVdev_1
[BDArmory.BDACompetitionMode:199419282]: WHODAMAGEDWHOWITHBATTLEDAMAGE:AL-34 Cooker V/VVVVdev:0.2:AIF-38
[BDArmory.BDACompetitionMode:199419282]: WHODAMAGEDWHOWITHBATTLEDAMAGE:AL-34 Cooker V/VVVVdev_1:613.3:AIF-38_2:36410.0:AL-34 Cooker V/VVVVdev_1
[BDArmory.BDACompetitionMode:199419282]: CLEANKILLMISSILES:AIF-38:AL-34 Cooker V/VVVVdev_1
[BDArmory.BDACompetitionMode:199419282]: KILLSTEALMISSILES:AIF-38_1:AL-34 Cooker V/VVVVdev_1
[BDArmory.BDACompetitionMode:199419282]: KILLSTEALMISSILES:AL-34 Cooker V/VVVVdev:AIF-38_2
[BDArmory.BDACompetitionMode:199419282]: HEADSHOTGUNS:AL-34 Cooker V/VVVVdev_1:AIF-38_2
[BDArmory.BDACompetitionMode:199419282]: HEADSHOTMISSILES:AL-34 Cooker V/VVVVdev_2:AIF-38
[BDArmory.BDACompetitionMode:199419282]: HPLEFT:AIF-38:0
[BDArmory.BDACompetitionMode:199419282]: HPLEFT:AIF-38_1:0
[BDArmory.BDACompetitionMode:199419282]: HPLEFT:AIF-38_2:0
[BDArmory.BDACompetitionMode:199419282]: HPLEFT:AL-34 Cooker V/VVVVdev:0
[BDArmory.BDACompetitionMode:199419282]: HPLEFT:AL-34 Cooker V/VVVVdev_1:0
[BDArmory.BDACompetitionMode:199419282]: HPLEFT:AL-34 Cooker V/VVVVdev_2:0
[BDArmory.BDACompetitionMode:199419282]: ACCURACY:AIF-38:0/0:0/0
[BDArmory.BDACompetitionMode:199419282]: ACCURACY:AIF-38_1:0/0:0/0
[BDArmory.BDACompetitionMode:199419282]: ACCURACY:AIF-38_2:20/112:0/0
[BDArmory.BDACompetitionMode:199419282]: ACCURACY:AL-34 Cooker V/VVVVdev:0/0:0/0
[BDArmory.BDACompetitionMode:199419282]: ACCURACY:AL-34 Cooker V/VVVVdev_1:0/1:0/0
[BDArmory.BDACompetitionMode:199419282]: ACCURACY:AL-34 Cooker V/VVVVdev_2:0/0:0/0
