[BDArmory.BDACompetitionMode:199415573]: Dumping Results after 104s (of 0s) at 2026-04-27 01:16:20 -04:00
[BDArmory.BDACompetitionMode:199415573]: RESULT:Win:{"team": "Z-41D-2", "members": ["Z-41D-2", "Z-41D-2_1"]}
[BDArmory.BDACompetitionMode:199415573]: DEADTEAMS:[{"team": "AIF-38", "members": ["AIF-38", "AIF-38_1"]}]
[BDArmory.BDACompetitionMode:199415573]: ALIVE:Z-41D-2
[BDArmory.BDACompetitionMode:199415573]: ALIVE:Z-41D-2_1
[BDArmory.BDACompetitionMode:199415573]: DEAD:0:86.0:AIF-38
[BDArmory.BDACompetitionMode:199415573]: DEAD:1:102.0:AIF-38_1
[BDArmory.BDACompetitionMode:199415573]: WHOSHOTWHOWITHGUNS:AIF-38:7:Z-41D-2_1:16:Z-41D-2
[BDArmory.BDACompetitionMode:199415573]: WHODAMAGEDWHOWITHGUNS:AIF-38:5503.2:Z-41D-2_1:3471.7:Z-41D-2
[BDArmory.BDACompetitionMode:199415573]: WHOHITWHOWITHMISSILES:Z-41D-2:1:AIF-38_1
[BDArmory.BDACompetitionMode:199415573]: WHOHITWHOWITHMISSILES:AIF-38:1:Z-41D-2_1
[BDArmory.BDACompetitionMode:199415573]: WHOHITWHOWITHMISSILES:AIF-38_1:2:Z-41D-2_1:1:Z-41D-2
[BDArmory.BDACompetitionMode:199415573]: WHOPARTSHITWHOWITHMISSILES:Z-41D-2:129:AIF-38_1
[BDArmory.BDACompetitionMode:199415573]: WHOPARTSHITWHOWITHMISSILES:AIF-38:79:Z-41D-2_1
[BDArmory.BDACompetitionMode:199415573]: WHOPARTSHITWHOWITHMISSILES:AIF-38_1:152:Z-41D-2_1:8:Z-41D-2
[BDArmory.BDACompetitionMode:199415573]: WHODAMAGEDWHOWITHMISSILES:AIF-38:54005.8:Z-41D-2_1
[BDArmory.BDACompetitionMode:199415573]: WHODAMAGEDWHOWITHMISSILES:AIF-38_1:113267.3:Z-41D-2_1:12654.6:Z-41D-2
[BDArmory.BDACompetitionMode:199415573]: WHODAMAGEDWHOWITHBATTLEDAMAGE:Z-41D-2:13.8:Z-41D-2_1
[BDArmory.BDACompetitionMode:199415573]: WHODAMAGEDWHOWITHBATTLEDAMAGE:AIF-38:9691.0:Z-41D-2_1:270.6:Z-41D-2
[BDArmory.BDACompetitionMode:199415573]: HEADSHOTMISSILES:AIF-38:Z-41D-2_1
[BDArmory.BDACompetitionMode:199415573]: KILLSTEALMISSILES:AIF-38_1:Z-41D-2
[BDArmory.BDACompetitionMode:199415573]: HPLEFT:Z-41D-2:100
[BDArmory.BDACompetitionMode:199415573]: HPLEFT:Z-41D-2_1:100
[BDArmory.BDACompetitionMode:199415573]: HPLEFT:AIF-38:0
[BDArmory.BDACompetitionMode:199415573]: HPLEFT:AIF-38_1:0
[BDArmory.BDACompetitionMode:199415573]: ACCURACY:Z-41D-2:16/313:0/0
[BDArmory.BDACompetitionMode:199415573]: ACCURACY:Z-41D-2_1:7/306:0/0
[BDArmory.BDACompetitionMode:199415573]: ACCURACY:AIF-38:0/16:0/0
[BDArmory.BDACompetitionMode:199415573]: ACCURACY:AIF-38_1:0/0:0/0
