[BDArmory.BDACompetitionMode:199426523]: Dumping Results after 70s (of 0s) at 2026-04-27 04:17:39 -04:00
[BDArmory.BDACompetitionMode:199426523]: RESULT:Win:{"team": "AIF-38", "members": ["AIF-38", "AIF-38_1"]}
[BDArmory.BDACompetitionMode:199426523]: DEADTEAMS:[{"team": "AL-27 VVVV", "members": ["AL-27 VVVV", "AL-27 VVVV_1"]}]
[BDArmory.BDACompetitionMode:199426523]: ALIVE:AIF-38
[BDArmory.BDACompetitionMode:199426523]: ALIVE:AIF-38_1
[BDArmory.BDACompetitionMode:199426523]: DEAD:1:64.0:AL-27 VVVV
[BDArmory.BDACompetitionMode:199426523]: DEAD:0:62.0:AL-27 VVVV_1
[BDArmory.BDACompetitionMode:199426523]: WHOHITWHOWITHMISSILES:AIF-38:1:AL-27 VVVV_1
[BDArmory.BDACompetitionMode:199426523]: WHOHITWHOWITHMISSILES:AL-27 VVVV:3:AIF-38:2:AIF-38_1
[BDArmory.BDACompetitionMode:199426523]: WHOHITWHOWITHMISSILES:AL-27 VVVV_1:3:AIF-38_1:1:AIF-38
[BDArmory.BDACompetitionMode:199426523]: WHOPARTSHITWHOWITHMISSILES:AIF-38:96:AL-27 VVVV_1
[BDArmory.BDACompetitionMode:199426523]: WHOPARTSHITWHOWITHMISSILES:AL-27 VVVV:212:AIF-38:89:AIF-38_1
[BDArmory.BDACompetitionMode:199426523]: WHOPARTSHITWHOWITHMISSILES:AL-27 VVVV_1:303:AIF-38_1:77:AIF-38
[BDArmory.BDACompetitionMode:199426523]: WHODAMAGEDWHOWITHMISSILES:AL-27 VVVV:25722.7:AIF-38:61769.5:AIF-38_1
[BDArmory.BDACompetitionMode:199426523]: WHODAMAGEDWHOWITHMISSILES:AL-27 VVVV_1:29199.4:AIF-38_1
[BDArmory.BDACompetitionMode:199426523]: KILLSTEALMISSILES:AL-27 VVVV:AIF-38
[BDArmory.BDACompetitionMode:199426523]: HEADSHOTMISSILES:AL-27 VVVV_1:AIF-38_1
[BDArmory.BDACompetitionMode:199426523]: HPLEFT:AIF-38:100
[BDArmory.BDACompetitionMode:199426523]: HPLEFT:AIF-38_1:100
[BDArmory.BDACompetitionMode:199426523]: HPLEFT:AL-27 VVVV:0
[BDArmory.BDACompetitionMode:199426523]: HPLEFT:AL-27 VVVV_1:0
[BDArmory.BDACompetitionMode:199426523]: ACCURACY:AIF-38:0/0:0/0
[BDArmory.BDACompetitionMode:199426523]: ACCURACY:AIF-38_1:0/0:0/0
[BDArmory.BDACompetitionMode:199426523]: ACCURACY:AL-27 VVVV:0/0:0/0
[BDArmory.BDACompetitionMode:199426523]: ACCURACY:AL-27 VVVV_1:0/0:0/0
