[BDArmory.BDACompetitionMode:199425495]: Dumping Results after -105s (of 0s) at 2026-04-27 04:00:55 -04:00
[BDArmory.BDACompetitionMode:199425495]: RESULT:Win:{"team": "AIF-38", "members": ["AIF-38", "AIF-38_1"]}
[BDArmory.BDACompetitionMode:199425495]: DEADTEAMS:[{"team": "AL-34 Cooker V_VVVVdev", "members": ["AL-34 Cooker V/VVVVdev", "AL-34 Cooker V/VVVVdev_1"]}]
[BDArmory.BDACompetitionMode:199425495]: ALIVE:AIF-38
[BDArmory.BDACompetitionMode:199425495]: ALIVE:AIF-38_1
[BDArmory.BDACompetitionMode:199425495]: DEAD:1:80.0:AL-34 Cooker V/VVVVdev
[BDArmory.BDACompetitionMode:199425495]: DEAD:0:59.0:AL-34 Cooker V/VVVVdev_1
[BDArmory.BDACompetitionMode:199425495]: WHOSHOTWHOWITHGUNS:AL-34 Cooker V/VVVVdev:5:AIF-38:20:AIF-38_1
[BDArmory.BDACompetitionMode:199425495]: WHODAMAGEDWHOWITHGUNS:AL-34 Cooker V/VVVVdev:2394.7:AIF-38:4635.7:AIF-38_1
[BDArmory.BDACompetitionMode:199425495]: WHOHITWHOWITHMISSILES:AL-34 Cooker V/VVVVdev:2:AIF-38_1:4:AIF-38
[BDArmory.BDACompetitionMode:199425495]: WHOHITWHOWITHMISSILES:AL-34 Cooker V/VVVVdev_1:2:AIF-38_1
[BDArmory.BDACompetitionMode:199425495]: WHOPARTSHITWHOWITHMISSILES:AL-34 Cooker V/VVVVdev:218:AIF-38_1:445:AIF-38
[BDArmory.BDACompetitionMode:199425495]: WHOPARTSHITWHOWITHMISSILES:AL-34 Cooker V/VVVVdev_1:182:AIF-38_1
[BDArmory.BDACompetitionMode:199425495]: WHODAMAGEDWHOWITHMISSILES:AL-34 Cooker V/VVVVdev:1248.5:AIF-38_1:89898.1:AIF-38
[BDArmory.BDACompetitionMode:199425495]: WHODAMAGEDWHOWITHMISSILES:AL-34 Cooker V/VVVVdev_1:18605.8:AIF-38_1
[BDArmory.BDACompetitionMode:199425495]: WHODAMAGEDWHOWITHBATTLEDAMAGE:AL-34 Cooker V/VVVVdev:162.1:AIF-38:28014.3:AL-34 Cooker V/VVVVdev:11.4:AIF-38_1
[BDArmory.BDACompetitionMode:199425495]: HEADSHOTGUNS:AL-34 Cooker V/VVVVdev:AIF-38_1
[BDArmory.BDACompetitionMode:199425495]: CLEANKILLMISSILES:AL-34 Cooker V/VVVVdev_1:AIF-38_1
[BDArmory.BDACompetitionMode:199425495]: HPLEFT:AL-34 Cooker V/VVVVdev:0
[BDArmory.BDACompetitionMode:199425495]: HPLEFT:AL-34 Cooker V/VVVVdev_1:0
[BDArmory.BDACompetitionMode:199425495]: HPLEFT:AIF-38:100
[BDArmory.BDACompetitionMode:199425495]: HPLEFT:AIF-38_1:100
[BDArmory.BDACompetitionMode:199425495]: ACCURACY:AL-34 Cooker V/VVVVdev:0/0:0/0
[BDArmory.BDACompetitionMode:199425495]: ACCURACY:AL-34 Cooker V/VVVVdev_1:0/0:0/0
[BDArmory.BDACompetitionMode:199425495]: ACCURACY:AIF-38:5/28:0/0
[BDArmory.BDACompetitionMode:199425495]: ACCURACY:AIF-38_1:20/83:0/0
