[BDArmory.BDACompetitionMode:199414823]: Dumping Results after 164s (of 0s) at 2026-04-27 01:04:27 -04:00
[BDArmory.BDACompetitionMode:199414823]: RESULT:Draw:[{"team": "AIF-38", "members": ["AIF-38", "AIF-38_1"]}, {"team": "F-52F-20 Kargadan KWS Peace Penguin", "members": ["F-52F-20 Kargadan KWS Peace Penguin", "F-52F-20 Kargadan KWS Peace Penguin_1"]}]
[BDArmory.BDACompetitionMode:199414823]: DEADTEAMS:[]
[BDArmory.BDACompetitionMode:199414823]: ALIVE:AIF-38
[BDArmory.BDACompetitionMode:199414823]: ALIVE:F-52F-20 Kargadan KWS Peace Penguin
[BDArmory.BDACompetitionMode:199414823]: DEAD:1:132.0:AIF-38_1
[BDArmory.BDACompetitionMode:199414823]: DEAD:0:73.0:F-52F-20 Kargadan KWS Peace Penguin_1
[BDArmory.BDACompetitionMode:199414823]: WHOSHOTWHOWITHGUNS:AIF-38_1:29:F-52F-20 Kargadan KWS Peace Penguin
[BDArmory.BDACompetitionMode:199414823]: WHODAMAGEDWHOWITHGUNS:AIF-38_1:5799.2:F-52F-20 Kargadan KWS Peace Penguin
[BDArmory.BDACompetitionMode:199414823]: WHOHITWHOWITHMISSILES:AIF-38:1:F-52F-20 Kargadan KWS Peace Penguin_1:1:F-52F-20 Kargadan KWS Peace Penguin
[BDArmory.BDACompetitionMode:199414823]: WHOHITWHOWITHMISSILES:AIF-38_1:1:F-52F-20 Kargadan KWS Peace Penguin
[BDArmory.BDACompetitionMode:199414823]: WHOHITWHOWITHMISSILES:F-52F-20 Kargadan KWS Peace Penguin:1:AIF-38
[BDArmory.BDACompetitionMode:199414823]: WHOHITWHOWITHMISSILES:F-52F-20 Kargadan KWS Peace Penguin_1:1:AIF-38:2:AIF-38_1
[BDArmory.BDACompetitionMode:199414823]: WHOPARTSHITWHOWITHMISSILES:AIF-38:88:F-52F-20 Kargadan KWS Peace Penguin_1:74:F-52F-20 Kargadan KWS Peace Penguin
[BDArmory.BDACompetitionMode:199414823]: WHOPARTSHITWHOWITHMISSILES:AIF-38_1:87:F-52F-20 Kargadan KWS Peace Penguin
[BDArmory.BDACompetitionMode:199414823]: WHOPARTSHITWHOWITHMISSILES:F-52F-20 Kargadan KWS Peace Penguin:87:AIF-38
[BDArmory.BDACompetitionMode:199414823]: WHOPARTSHITWHOWITHMISSILES:F-52F-20 Kargadan KWS Peace Penguin_1:92:AIF-38:89:AIF-38_1
[BDArmory.BDACompetitionMode:199414823]: WHODAMAGEDWHOWITHMISSILES:AIF-38:17197.2:F-52F-20 Kargadan KWS Peace Penguin_1:21070.4:F-52F-20 Kargadan KWS Peace Penguin
[BDArmory.BDACompetitionMode:199414823]: WHODAMAGEDWHOWITHMISSILES:AIF-38_1:8884.1:F-52F-20 Kargadan KWS Peace Penguin
[BDArmory.BDACompetitionMode:199414823]: WHODAMAGEDWHOWITHMISSILES:F-52F-20 Kargadan KWS Peace Penguin:64252.4:AIF-38
[BDArmory.BDACompetitionMode:199414823]: WHODAMAGEDWHOWITHMISSILES:F-52F-20 Kargadan KWS Peace Penguin_1:13688.7:AIF-38:38763.3:AIF-38_1
[BDArmory.BDACompetitionMode:199414823]: WHODAMAGEDWHOWITHBATTLEDAMAGE:AIF-38:0.2:F-52F-20 Kargadan KWS Peace Penguin_1
[BDArmory.BDACompetitionMode:199414823]: WHODAMAGEDWHOWITHBATTLEDAMAGE:AIF-38_1:128.1:F-52F-20 Kargadan KWS Peace Penguin
[BDArmory.BDACompetitionMode:199414823]: WHODAMAGEDWHOWITHBATTLEDAMAGE:F-52F-20 Kargadan KWS Peace Penguin_1:0.2:AIF-38
[BDArmory.BDACompetitionMode:199414823]: GMKILL:AIF-38_1:LandedTooLong
[BDArmory.BDACompetitionMode:199414823]: HEADSHOTMISSILES:F-52F-20 Kargadan KWS Peace Penguin_1:AIF-38_1
[BDArmory.BDACompetitionMode:199414823]: HPLEFT:AIF-38:69.3877551020408
[BDArmory.BDACompetitionMode:199414823]: HPLEFT:AIF-38_1:0
[BDArmory.BDACompetitionMode:199414823]: HPLEFT:F-52F-20 Kargadan KWS Peace Penguin:82.8571428571429
[BDArmory.BDACompetitionMode:199414823]: HPLEFT:F-52F-20 Kargadan KWS Peace Penguin_1:0
[BDArmory.BDACompetitionMode:199414823]: ACCURACY:AIF-38:0/0:0/0
[BDArmory.BDACompetitionMode:199414823]: ACCURACY:AIF-38_1:0/0:0/0
[BDArmory.BDACompetitionMode:199414823]: ACCURACY:F-52F-20 Kargadan KWS Peace Penguin:29/183:0/0
[BDArmory.BDACompetitionMode:199414823]: ACCURACY:F-52F-20 Kargadan KWS Peace Penguin_1:0/0:0/0
