[BDArmory.BDACompetitionMode:199413011]: Dumping Results after 92s (of 0s) at 2026-04-27 00:33:00 -04:00
[BDArmory.BDACompetitionMode:199413011]: RESULT:Win:{"team": "AIF-38", "members": ["AIF-38", "AIF-38_1"]}
[BDArmory.BDACompetitionMode:199413011]: DEADTEAMS:[{"team": "AL-27 VVVV", "members": ["AL-27 VVVV", "AL-27 VVVV_1"]}]
[BDArmory.BDACompetitionMode:199413011]: ALIVE:AIF-38
[BDArmory.BDACompetitionMode:199413011]: DEAD:2:82.0:AL-27 VVVV
[BDArmory.BDACompetitionMode:199413011]: DEAD:0:43.0:AL-27 VVVV_1
[BDArmory.BDACompetitionMode:199413011]: DEAD:1:52.0:AIF-38_1
[BDArmory.BDACompetitionMode:199413011]: WHOSHOTWHOWITHGUNS:AL-27 VVVV:20:AIF-38
[BDArmory.BDACompetitionMode:199413011]: WHODAMAGEDWHOWITHGUNS:AL-27 VVVV:7253.2:AIF-38
[BDArmory.BDACompetitionMode:199413011]: WHOHITWHOWITHMISSILES:AL-27 VVVV_1:1:AIF-38_1:1:AIF-38
[BDArmory.BDACompetitionMode:199413011]: WHOHITWHOWITHMISSILES:AIF-38_1:1:AL-27 VVVV
[BDArmory.BDACompetitionMode:199413011]: WHOPARTSHITWHOWITHMISSILES:AL-27 VVVV_1:133:AIF-38_1:136:AIF-38
[BDArmory.BDACompetitionMode:199413011]: WHOPARTSHITWHOWITHMISSILES:AIF-38_1:92:AL-27 VVVV
[BDArmory.BDACompetitionMode:199413011]: WHODAMAGEDWHOWITHMISSILES:AL-27 VVVV_1:419.1:AIF-38_1:50477.7:AIF-38
[BDArmory.BDACompetitionMode:199413011]: WHODAMAGEDWHOWITHMISSILES:AIF-38_1:54330.8:AL-27 VVVV
[BDArmory.BDACompetitionMode:199413011]: WHODAMAGEDWHOWITHBATTLEDAMAGE:AL-27 VVVV:262.2:AIF-38:948.1:AL-27 VVVV
[BDArmory.BDACompetitionMode:199413011]: WHODAMAGEDWHOWITHBATTLEDAMAGE:AIF-38_1:9414.9:AL-27 VVVV
[BDArmory.BDACompetitionMode:199413011]: CLEANKILLGUNS:AL-27 VVVV:AIF-38
[BDArmory.BDACompetitionMode:199413011]: KILLSTEALMISSILES:AL-27 VVVV_1:AIF-38
[BDArmory.BDACompetitionMode:199413011]: CLEANKILLMISSILES:AIF-38_1:AL-27 VVVV
[BDArmory.BDACompetitionMode:199413011]: HPLEFT:AL-27 VVVV:0
[BDArmory.BDACompetitionMode:199413011]: HPLEFT:AL-27 VVVV_1:0
[BDArmory.BDACompetitionMode:199413011]: HPLEFT:AIF-38:100
[BDArmory.BDACompetitionMode:199413011]: HPLEFT:AIF-38_1:0
[BDArmory.BDACompetitionMode:199413011]: ACCURACY:AL-27 VVVV:0/166:0/0
[BDArmory.BDACompetitionMode:199413011]: ACCURACY:AL-27 VVVV_1:0/0:0/0
[BDArmory.BDACompetitionMode:199413011]: ACCURACY:AIF-38:20/109:0/0
[BDArmory.BDACompetitionMode:199413011]: ACCURACY:AIF-38_1:0/0:0/0
