[BDArmory.BDACompetitionMode:199411972]: Dumping Results after 82s (of 0s) at 2026-04-27 00:15:27 -04:00
[BDArmory.BDACompetitionMode:199411972]: RESULT:Win:{"team": "AL-27 VVVV", "members": ["AL-27 VVVV", "AL-27 VVVV_1"]}
[BDArmory.BDACompetitionMode:199411972]: DEADTEAMS:[{"team": "AIF-38", "members": ["AIF-38", "AIF-38_1"]}]
[BDArmory.BDACompetitionMode:199411972]: ALIVE:AL-27 VVVV
[BDArmory.BDACompetitionMode:199411972]: ALIVE:AL-27 VVVV_1
[BDArmory.BDACompetitionMode:199411972]: DEAD:1:74.0:AIF-38
[BDArmory.BDACompetitionMode:199411972]: DEAD:0:50.0:AIF-38_1
[BDArmory.BDACompetitionMode:199411972]: WHOSHOTWHOWITHGUNS:AIF-38:11:AL-27 VVVV_1
[BDArmory.BDACompetitionMode:199411972]: WHODAMAGEDWHOWITHGUNS:AIF-38:2364.5:AL-27 VVVV_1
[BDArmory.BDACompetitionMode:199411972]: WHOHITWHOWITHMISSILES:AL-27 VVVV:1:AIF-38_1:1:AIF-38
[BDArmory.BDACompetitionMode:199411972]: WHOHITWHOWITHMISSILES:AIF-38:4:AL-27 VVVV_1:1:AL-27 VVVV
[BDArmory.BDACompetitionMode:199411972]: WHOHITWHOWITHMISSILES:AIF-38_1:1:AL-27 VVVV
[BDArmory.BDACompetitionMode:199411972]: WHOPARTSHITWHOWITHMISSILES:AL-27 VVVV:140:AIF-38_1:115:AIF-38
[BDArmory.BDACompetitionMode:199411972]: WHOPARTSHITWHOWITHMISSILES:AIF-38:287:AL-27 VVVV_1:80:AL-27 VVVV
[BDArmory.BDACompetitionMode:199411972]: WHOPARTSHITWHOWITHMISSILES:AIF-38_1:84:AL-27 VVVV
[BDArmory.BDACompetitionMode:199411972]: WHODAMAGEDWHOWITHMISSILES:AL-27 VVVV:20413.5:AIF-38_1:676.1:AIF-38
[BDArmory.BDACompetitionMode:199411972]: WHODAMAGEDWHOWITHMISSILES:AIF-38:9501.1:AL-27 VVVV_1:110632.9:AL-27 VVVV
[BDArmory.BDACompetitionMode:199411972]: WHODAMAGEDWHOWITHMISSILES:AIF-38_1:68487.6:AL-27 VVVV
[BDArmory.BDACompetitionMode:199411972]: WHODAMAGEDWHOWITHBATTLEDAMAGE:AIF-38:0.6:AL-27 VVVV_1
[BDArmory.BDACompetitionMode:199411972]: WHODAMAGEDWHOWITHBATTLEDAMAGE:AIF-38_1:7861.8:AL-27 VVVV
[BDArmory.BDACompetitionMode:199411972]: HEADSHOTGUNS:AIF-38:AL-27 VVVV_1
[BDArmory.BDACompetitionMode:199411972]: CLEANKILLMISSILES:AIF-38_1:AL-27 VVVV
[BDArmory.BDACompetitionMode:199411972]: HPLEFT:AL-27 VVVV:90.5660377358491
[BDArmory.BDACompetitionMode:199411972]: HPLEFT:AL-27 VVVV_1:100
[BDArmory.BDACompetitionMode:199411972]: HPLEFT:AIF-38:0
[BDArmory.BDACompetitionMode:199411972]: HPLEFT:AIF-38_1:0
[BDArmory.BDACompetitionMode:199411972]: ACCURACY:AL-27 VVVV:0/0:0/0
[BDArmory.BDACompetitionMode:199411972]: ACCURACY:AL-27 VVVV_1:11/75:0/0
[BDArmory.BDACompetitionMode:199411972]: ACCURACY:AIF-38:0/0:0/0
[BDArmory.BDACompetitionMode:199411972]: ACCURACY:AIF-38_1:0/0:0/0
