[BDArmory.BDACompetitionMode:199934776]: Dumping Results after 150s (of 0s) at 2026-05-03 01:34:46 -04:00
[BDArmory.BDACompetitionMode:199934776]: RESULT:Draw:[{"team": "coward fucking IU i hope they die", "members": ["K-60 NWO 7 HARM", "K-73 NMX 6", "K-60 \"Caraxes\" NWO 7", "K-60 NWO 7 HARM_1", "K-73 NMX 6_1", "K-60 NWO 7 HARM_2", "K-60 NWO 7 HARM_3", "K-60 NWO 7 HARM_4"]}, {"team": "juche supersoldiers of the revolution", "members": ["AL-34 Arnika", "AL-34 Arnika_1", "AL-27 Kallistemon", "AL-27 Kallistemon_1", "AL-68 Proleska"]}]
[BDArmory.BDACompetitionMode:199934776]: DEADTEAMS:[]
[BDArmory.BDACompetitionMode:199934776]: ALIVE:K-60 NWO 7 HARM_2
[BDArmory.BDACompetitionMode:199934776]: ALIVE:AL-34 Arnika
[BDArmory.BDACompetitionMode:199934776]: ALIVE:AL-34 Arnika_1
[BDArmory.BDACompetitionMode:199934776]: DEAD:2:40.0:K-60 NWO 7 HARM
[BDArmory.BDACompetitionMode:199934776]: DEAD:6:125.0:K-73 NMX 6
[BDArmory.BDACompetitionMode:199934776]: DEAD:7:135.0:K-60 "Caraxes" NWO 7
[BDArmory.BDACompetitionMode:199934776]: MIA:K-60 NWO 7 HARM_1
[BDArmory.BDACompetitionMode:199934776]: DEAD:1:37.0:K-73 NMX 6_1
[BDArmory.BDACompetitionMode:199934776]: DEAD:3:54.0:K-60 NWO 7 HARM_3
[BDArmory.BDACompetitionMode:199934776]: DEAD:5:108.0:K-60 NWO 7 HARM_4
[BDArmory.BDACompetitionMode:199934776]: MIA:AL-27 Kallistemon
[BDArmory.BDACompetitionMode:199934776]: DEAD:4:54.0:AL-27 Kallistemon_1
[BDArmory.BDACompetitionMode:199934776]: DEAD:0:36.0:AL-68 Proleska
[BDArmory.BDACompetitionMode:199934776]: WHOSHOTWHOWITHGUNS:K-73 NMX 6:14:AL-27 Kallistemon:49:AL-34 Arnika
[BDArmory.BDACompetitionMode:199934776]: WHOSHOTWHOWITHGUNS:K-60 "Caraxes" NWO 7:23:AL-34 Arnika_1:17:AL-27 Kallistemon
[BDArmory.BDACompetitionMode:199934776]: WHOSHOTWHOWITHGUNS:K-60 NWO 7 HARM_4:28:AL-34 Arnika:33:AL-34 Arnika_1
[BDArmory.BDACompetitionMode:199934776]: WHOSHOTWHOWITHGUNS:AL-34 Arnika_1:18:K-73 NMX 6
[BDArmory.BDACompetitionMode:199934776]: WHOSHOTWHOWITHGUNS:AL-27 Kallistemon:22:K-60 "Caraxes" NWO 7
[BDArmory.BDACompetitionMode:199934776]: WHODAMAGEDWHOWITHGUNS:K-73 NMX 6:3074.6:AL-27 Kallistemon:12309.2:AL-34 Arnika
[BDArmory.BDACompetitionMode:199934776]: WHODAMAGEDWHOWITHGUNS:K-60 "Caraxes" NWO 7:5842.9:AL-34 Arnika_1:3916.1:AL-27 Kallistemon
[BDArmory.BDACompetitionMode:199934776]: WHODAMAGEDWHOWITHGUNS:K-60 NWO 7 HARM_4:7205.5:AL-34 Arnika:7699.1:AL-34 Arnika_1
[BDArmory.BDACompetitionMode:199934776]: WHODAMAGEDWHOWITHGUNS:AL-34 Arnika_1:1521.8:K-73 NMX 6
[BDArmory.BDACompetitionMode:199934776]: WHODAMAGEDWHOWITHGUNS:AL-27 Kallistemon:4156.5:K-60 "Caraxes" NWO 7
[BDArmory.BDACompetitionMode:199934776]: WHOHITWHOWITHMISSILES:K-60 NWO 7 HARM:2:AL-68 Proleska
[BDArmory.BDACompetitionMode:199934776]: WHOHITWHOWITHMISSILES:K-60 NWO 7 HARM_1:2:AL-68 Proleska:1:AL-27 Kallistemon_1
[BDArmory.BDACompetitionMode:199934776]: WHOHITWHOWITHMISSILES:K-73 NMX 6_1:1:AL-68 Proleska
[BDArmory.BDACompetitionMode:199934776]: WHOHITWHOWITHMISSILES:K-60 NWO 7 HARM_2:1:AL-68 Proleska
[BDArmory.BDACompetitionMode:199934776]: WHOHITWHOWITHMISSILES:K-60 NWO 7 HARM_3:1:AL-27 Kallistemon
[BDArmory.BDACompetitionMode:199934776]: WHOHITWHOWITHMISSILES:K-60 NWO 7 HARM_4:1:AL-68 Proleska
[BDArmory.BDACompetitionMode:199934776]: WHOHITWHOWITHMISSILES:AL-34 Arnika:1:K-73 NMX 6
[BDArmory.BDACompetitionMode:199934776]: WHOHITWHOWITHMISSILES:AL-27 Kallistemon:2:K-60 "Caraxes" NWO 7:1:K-73 NMX 6
[BDArmory.BDACompetitionMode:199934776]: WHOHITWHOWITHMISSILES:AL-27 Kallistemon_1:2:K-60 NWO 7 HARM_1:1:K-73 NMX 6
[BDArmory.BDACompetitionMode:199934776]: WHOHITWHOWITHMISSILES:AL-68 Proleska:1:K-73 NMX 6_1:1:K-60 NWO 7 HARM
[BDArmory.BDACompetitionMode:199934776]: WHOPARTSHITWHOWITHMISSILES:K-60 NWO 7 HARM:141:AL-68 Proleska
[BDArmory.BDACompetitionMode:199934776]: WHOPARTSHITWHOWITHMISSILES:K-60 NWO 7 HARM_1:83:AL-68 Proleska:66:AL-27 Kallistemon_1
[BDArmory.BDACompetitionMode:199934776]: WHOPARTSHITWHOWITHMISSILES:K-73 NMX 6_1:86:AL-68 Proleska
[BDArmory.BDACompetitionMode:199934776]: WHOPARTSHITWHOWITHMISSILES:K-60 NWO 7 HARM_2:80:AL-68 Proleska
[BDArmory.BDACompetitionMode:199934776]: WHOPARTSHITWHOWITHMISSILES:K-60 NWO 7 HARM_3:73:AL-27 Kallistemon
[BDArmory.BDACompetitionMode:199934776]: WHOPARTSHITWHOWITHMISSILES:K-60 NWO 7 HARM_4:6:AL-68 Proleska
[BDArmory.BDACompetitionMode:199934776]: WHOPARTSHITWHOWITHMISSILES:AL-34 Arnika:105:K-73 NMX 6
[BDArmory.BDACompetitionMode:199934776]: WHOPARTSHITWHOWITHMISSILES:AL-27 Kallistemon:189:K-60 "Caraxes" NWO 7:135:K-73 NMX 6
[BDArmory.BDACompetitionMode:199934776]: WHOPARTSHITWHOWITHMISSILES:AL-27 Kallistemon_1:188:K-60 NWO 7 HARM_1:36:K-73 NMX 6
[BDArmory.BDACompetitionMode:199934776]: WHOPARTSHITWHOWITHMISSILES:AL-68 Proleska:90:K-73 NMX 6_1:85:K-60 NWO 7 HARM
[BDArmory.BDACompetitionMode:199934776]: WHODAMAGEDWHOWITHMISSILES:K-60 NWO 7 HARM:34877.6:AL-68 Proleska
[BDArmory.BDACompetitionMode:199934776]: WHODAMAGEDWHOWITHMISSILES:K-60 NWO 7 HARM_1:3648.7:AL-68 Proleska
[BDArmory.BDACompetitionMode:199934776]: WHODAMAGEDWHOWITHMISSILES:K-73 NMX 6_1:10851.8:AL-68 Proleska
[BDArmory.BDACompetitionMode:199934776]: WHODAMAGEDWHOWITHMISSILES:K-60 NWO 7 HARM_2:26617.0:AL-68 Proleska
[BDArmory.BDACompetitionMode:199934776]: WHODAMAGEDWHOWITHMISSILES:K-60 NWO 7 HARM_3:29888.2:AL-27 Kallistemon
[BDArmory.BDACompetitionMode:199934776]: WHODAMAGEDWHOWITHMISSILES:AL-34 Arnika:1743.1:K-73 NMX 6
[BDArmory.BDACompetitionMode:199934776]: WHODAMAGEDWHOWITHMISSILES:AL-27 Kallistemon:2239.3:K-60 "Caraxes" NWO 7:4000.5:K-73 NMX 6
[BDArmory.BDACompetitionMode:199934776]: WHODAMAGEDWHOWITHMISSILES:AL-27 Kallistemon_1:78013.5:K-60 NWO 7 HARM_1:40431.5:K-73 NMX 6
[BDArmory.BDACompetitionMode:199934776]: WHODAMAGEDWHOWITHMISSILES:AL-68 Proleska:28154.5:K-60 NWO 7 HARM
[BDArmory.BDACompetitionMode:199934776]: WHODAMAGEDWHOWITHBATTLEDAMAGE:K-73 NMX 6:332.9:AL-27 Kallistemon:549.8:AL-34 Arnika:1109.2:K-73 NMX 6
[BDArmory.BDACompetitionMode:199934776]: WHODAMAGEDWHOWITHBATTLEDAMAGE:K-60 "Caraxes" NWO 7:450.6:AL-34 Arnika_1:1.0:AL-27 Kallistemon
[BDArmory.BDACompetitionMode:199934776]: WHODAMAGEDWHOWITHBATTLEDAMAGE:K-60 NWO 7 HARM_4:213.1:AL-34 Arnika:301.9:AL-34 Arnika_1
[BDArmory.BDACompetitionMode:199934776]: WHODAMAGEDWHOWITHBATTLEDAMAGE:AL-34 Arnika_1:200.2:K-73 NMX 6
[BDArmory.BDACompetitionMode:199934776]: WHODAMAGEDWHOWITHBATTLEDAMAGE:AL-27 Kallistemon:362.6:K-60 "Caraxes" NWO 7:13130.9:AL-27 Kallistemon
[BDArmory.BDACompetitionMode:199934776]: CLEANKILLMISSILES:K-60 NWO 7 HARM:AL-68 Proleska
[BDArmory.BDACompetitionMode:199934776]: HEADSHOTGUNS:K-60 "Caraxes" NWO 7:AL-27 Kallistemon
[BDArmory.BDACompetitionMode:199934776]: CLEANKILLMISSILES:K-60 NWO 7 HARM_3:AL-27 Kallistemon
[BDArmory.BDACompetitionMode:199934776]: HEADSHOTGUNS:K-60 NWO 7 HARM_4:AL-34 Arnika
[BDArmory.BDACompetitionMode:199934776]: KILLSTEALMISSILES:AL-27 Kallistemon_1:K-73 NMX 6
[BDArmory.BDACompetitionMode:199934776]: KILLSTEALMISSILES:AL-68 Proleska:K-60 NWO 7 HARM
[BDArmory.BDACompetitionMode:199934776]: HPLEFT:K-60 NWO 7 HARM:0
[BDArmory.BDACompetitionMode:199934776]: HPLEFT:K-73 NMX 6:0
[BDArmory.BDACompetitionMode:199934776]: HPLEFT:K-60 "Caraxes" NWO 7:0
[BDArmory.BDACompetitionMode:199934776]: HPLEFT:K-60 NWO 7 HARM_1:0
[BDArmory.BDACompetitionMode:199934776]: HPLEFT:K-73 NMX 6_1:0
[BDArmory.BDACompetitionMode:199934776]: HPLEFT:K-60 NWO 7 HARM_2:70
[BDArmory.BDACompetitionMode:199934776]: HPLEFT:K-60 NWO 7 HARM_3:0
[BDArmory.BDACompetitionMode:199934776]: HPLEFT:K-60 NWO 7 HARM_4:0
[BDArmory.BDACompetitionMode:199934776]: HPLEFT:AL-34 Arnika:99.1379310344828
[BDArmory.BDACompetitionMode:199934776]: HPLEFT:AL-34 Arnika_1:99.1379310344828
[BDArmory.BDACompetitionMode:199934776]: HPLEFT:AL-27 Kallistemon:0
[BDArmory.BDACompetitionMode:199934776]: HPLEFT:AL-27 Kallistemon_1:0
[BDArmory.BDACompetitionMode:199934776]: HPLEFT:AL-68 Proleska:0
[BDArmory.BDACompetitionMode:199934776]: ACCURACY:K-60 NWO 7 HARM:0/0:0/0
[BDArmory.BDACompetitionMode:199934776]: ACCURACY:K-73 NMX 6:18/195:0/0
[BDArmory.BDACompetitionMode:199934776]: ACCURACY:K-60 "Caraxes" NWO 7:22/328:0/0
[BDArmory.BDACompetitionMode:199934776]: ACCURACY:K-60 NWO 7 HARM_1:0/0:0/0
[BDArmory.BDACompetitionMode:199934776]: ACCURACY:K-73 NMX 6_1:0/0:0/0
[BDArmory.BDACompetitionMode:199934776]: ACCURACY:K-60 NWO 7 HARM_2:0/0:0/0
[BDArmory.BDACompetitionMode:199934776]: ACCURACY:K-60 NWO 7 HARM_3:0/0:0/0
[BDArmory.BDACompetitionMode:199934776]: ACCURACY:K-60 NWO 7 HARM_4:0/0:0/0
[BDArmory.BDACompetitionMode:199934776]: ACCURACY:AL-34 Arnika:77/550:0/0
[BDArmory.BDACompetitionMode:199934776]: ACCURACY:AL-34 Arnika_1:56/376:0/0
[BDArmory.BDACompetitionMode:199934776]: ACCURACY:AL-27 Kallistemon:31/110:0/0
[BDArmory.BDACompetitionMode:199934776]: ACCURACY:AL-27 Kallistemon_1:0/0:0/0
[BDArmory.BDACompetitionMode:199934776]: ACCURACY:AL-68 Proleska:0/0:0/0
