[BDArmory.BDACompetitionMode:200978676]: Dumping Results after -7s (of 0s) at 2026-05-15 03:30:33 -04:00
[BDArmory.BDACompetitionMode:200978676]: RESULT:Win:{"team": "AIF-38C", "members": ["AIF-38C", "AIF-38C_1"]}
[BDArmory.BDACompetitionMode:200978676]: DEADTEAMS:[{"team": "AL-27 Kallistemon", "members": ["AL-27 Kallistemon", "AL-27 Kallistemon_1"]}]
[BDArmory.BDACompetitionMode:200978676]: ALIVE:AIF-38C
[BDArmory.BDACompetitionMode:200978676]: ALIVE:AIF-38C_1
[BDArmory.BDACompetitionMode:200978676]: DEAD:1:184.0:AL-27 Kallistemon
[BDArmory.BDACompetitionMode:200978676]: DEAD:0:181.0:AL-27 Kallistemon_1
[BDArmory.BDACompetitionMode:200978676]: WHOSHOTWHOWITHGUNS:AIF-38C:32:AL-27 Kallistemon:20:AL-27 Kallistemon_1
[BDArmory.BDACompetitionMode:200978676]: WHOSHOTWHOWITHGUNS:AL-27 Kallistemon:3:AIF-38C:81:AIF-38C_1
[BDArmory.BDACompetitionMode:200978676]: WHOSHOTWHOWITHGUNS:AL-27 Kallistemon_1:25:AIF-38C_1:20:AIF-38C
[BDArmory.BDACompetitionMode:200978676]: WHODAMAGEDWHOWITHGUNS:AIF-38C:4423.3:AL-27 Kallistemon:2531.7:AL-27 Kallistemon_1
[BDArmory.BDACompetitionMode:200978676]: WHODAMAGEDWHOWITHGUNS:AL-27 Kallistemon:586.5:AIF-38C:25016.1:AIF-38C_1
[BDArmory.BDACompetitionMode:200978676]: WHODAMAGEDWHOWITHGUNS:AL-27 Kallistemon_1:11051.9:AIF-38C_1:5325.2:AIF-38C
[BDArmory.BDACompetitionMode:200978676]: WHOHITWHOWITHMISSILES:AIF-38C:1:AL-27 Kallistemon:1:AL-27 Kallistemon_1
[BDArmory.BDACompetitionMode:200978676]: WHOHITWHOWITHMISSILES:AIF-38C_1:1:AL-27 Kallistemon_1
[BDArmory.BDACompetitionMode:200978676]: WHOHITWHOWITHMISSILES:AL-27 Kallistemon:1:AIF-38C_1
[BDArmory.BDACompetitionMode:200978676]: WHOPARTSHITWHOWITHMISSILES:AIF-38C:98:AL-27 Kallistemon:104:AL-27 Kallistemon_1
[BDArmory.BDACompetitionMode:200978676]: WHOPARTSHITWHOWITHMISSILES:AIF-38C_1:102:AL-27 Kallistemon_1
[BDArmory.BDACompetitionMode:200978676]: WHOPARTSHITWHOWITHMISSILES:AL-27 Kallistemon:138:AIF-38C_1
[BDArmory.BDACompetitionMode:200978676]: WHODAMAGEDWHOWITHMISSILES:AIF-38C:8304.7:AL-27 Kallistemon_1
[BDArmory.BDACompetitionMode:200978676]: WHODAMAGEDWHOWITHMISSILES:AIF-38C_1:6575.0:AL-27 Kallistemon_1
[BDArmory.BDACompetitionMode:200978676]: WHODAMAGEDWHOWITHBATTLEDAMAGE:AIF-38C:300.4:AL-27 Kallistemon:300.6:AL-27 Kallistemon_1
[BDArmory.BDACompetitionMode:200978676]: WHODAMAGEDWHOWITHBATTLEDAMAGE:AL-27 Kallistemon:154.2:AIF-38C:1269.9:AIF-38C_1:21911.1:AL-27 Kallistemon
[BDArmory.BDACompetitionMode:200978676]: WHODAMAGEDWHOWITHBATTLEDAMAGE:AL-27 Kallistemon_1:18147.5:AIF-38C_1:21945.2:AL-27 Kallistemon_1:235.9:AIF-38C
[BDArmory.BDACompetitionMode:200978676]: HEADSHOTGUNS:AL-27 Kallistemon_1:AIF-38C
[BDArmory.BDACompetitionMode:200978676]: HPLEFT:AIF-38C:82.6923076923077
[BDArmory.BDACompetitionMode:200978676]: HPLEFT:AIF-38C_1:96.1538461538462
[BDArmory.BDACompetitionMode:200978676]: HPLEFT:AL-27 Kallistemon:0
[BDArmory.BDACompetitionMode:200978676]: HPLEFT:AL-27 Kallistemon_1:0
[BDArmory.BDACompetitionMode:200978676]: ACCURACY:AIF-38C:23/75:0/0
[BDArmory.BDACompetitionMode:200978676]: ACCURACY:AIF-38C_1:106/500:0/0
[BDArmory.BDACompetitionMode:200978676]: ACCURACY:AL-27 Kallistemon:32/366:0/0
[BDArmory.BDACompetitionMode:200978676]: ACCURACY:AL-27 Kallistemon_1:20/122:0/0
