[BDArmory.BDACompetitionMode:200977486]: Dumping Results after -8s (of 0s) at 2026-05-15 03:08:47 -04:00
[BDArmory.BDACompetitionMode:200977486]: RESULT:Mutual Annihilation
[BDArmory.BDACompetitionMode:200977486]: DEADTEAMS:[{"team": "AIF-38C", "members": ["AIF-38C", "AIF-38C_1"]}, {"team": "AL-27 Kallistemon", "members": ["AL-27 Kallistemon", "AL-27 Kallistemon_1"]}]
[BDArmory.BDACompetitionMode:200977486]: MIA:AIF-38C
[BDArmory.BDACompetitionMode:200977486]: MIA:AIF-38C_1
[BDArmory.BDACompetitionMode:200977486]: DEAD:0:104.0:AL-27 Kallistemon
[BDArmory.BDACompetitionMode:200977486]: DEAD:1:129.0:AL-27 Kallistemon_1
[BDArmory.BDACompetitionMode:200977486]: WHOSHOTWHOWITHGUNS:AIF-38C_1:6:AL-27 Kallistemon
[BDArmory.BDACompetitionMode:200977486]: WHOSHOTWHOWITHGUNS:AL-27 Kallistemon:22:AIF-38C_1
[BDArmory.BDACompetitionMode:200977486]: WHODAMAGEDWHOWITHGUNS:AIF-38C_1:863.8:AL-27 Kallistemon
[BDArmory.BDACompetitionMode:200977486]: WHODAMAGEDWHOWITHGUNS:AL-27 Kallistemon:7062.4:AIF-38C_1
[BDArmory.BDACompetitionMode:200977486]: WHOHITWHOWITHMISSILES:AIF-38C:2:AL-27 Kallistemon:1:AL-27 Kallistemon_1
[BDArmory.BDACompetitionMode:200977486]: WHOHITWHOWITHMISSILES:AL-27 Kallistemon:1:AIF-38C_1
[BDArmory.BDACompetitionMode:200977486]: WHOHITWHOWITHMISSILES:AL-27 Kallistemon_1:2:AIF-38C:2:AIF-38C_1
[BDArmory.BDACompetitionMode:200977486]: WHOPARTSHITWHOWITHMISSILES:AIF-38C:120:AL-27 Kallistemon:97:AL-27 Kallistemon_1
[BDArmory.BDACompetitionMode:200977486]: WHOPARTSHITWHOWITHMISSILES:AL-27 Kallistemon:136:AIF-38C_1
[BDArmory.BDACompetitionMode:200977486]: WHOPARTSHITWHOWITHMISSILES:AL-27 Kallistemon_1:178:AIF-38C:73:AIF-38C_1
[BDArmory.BDACompetitionMode:200977486]: WHODAMAGEDWHOWITHMISSILES:AIF-38C:66188.6:AL-27 Kallistemon_1:7730.4:AL-27 Kallistemon
[BDArmory.BDACompetitionMode:200977486]: WHODAMAGEDWHOWITHMISSILES:AL-27 Kallistemon:42787.0:AIF-38C_1
[BDArmory.BDACompetitionMode:200977486]: WHODAMAGEDWHOWITHMISSILES:AL-27 Kallistemon_1:181568.2:AIF-38C:27481.0:AIF-38C_1
[BDArmory.BDACompetitionMode:200977486]: WHODAMAGEDWHOWITHBATTLEDAMAGE:AIF-38C_1:3.3:AL-27 Kallistemon
[BDArmory.BDACompetitionMode:200977486]: WHODAMAGEDWHOWITHBATTLEDAMAGE:AL-27 Kallistemon:285.3:AIF-38C_1:11258.2:AL-27 Kallistemon
[BDArmory.BDACompetitionMode:200977486]: CLEANKILLGUNS:AL-27 Kallistemon:AIF-38C_1
[BDArmory.BDACompetitionMode:200977486]: HEADSHOTMISSILES:AL-27 Kallistemon_1:AIF-38C_1
[BDArmory.BDACompetitionMode:200977486]: HPLEFT:AIF-38C:0
[BDArmory.BDACompetitionMode:200977486]: HPLEFT:AIF-38C_1:0
[BDArmory.BDACompetitionMode:200977486]: HPLEFT:AL-27 Kallistemon:0
[BDArmory.BDACompetitionMode:200977486]: HPLEFT:AL-27 Kallistemon_1:0
[BDArmory.BDACompetitionMode:200977486]: ACCURACY:AIF-38C:0/0:0/0
[BDArmory.BDACompetitionMode:200977486]: ACCURACY:AIF-38C_1:22/195:0/0
[BDArmory.BDACompetitionMode:200977486]: ACCURACY:AL-27 Kallistemon:6/165:0/0
[BDArmory.BDACompetitionMode:200977486]: ACCURACY:AL-27 Kallistemon_1:0/0:0/0
