[BDArmory.BDACompetitionMode:201150402]: Dumping Results after 91s (of 0s) at 2026-05-17 03:09:00 -04:00
[BDArmory.BDACompetitionMode:201150402]: RESULT:Win:{"team": "AIF-38C", "members": ["AIF-38C", "AIF-38C_1"]}
[BDArmory.BDACompetitionMode:201150402]: DEADTEAMS:[{"team": "PLAID AIF-42C5D2", "members": ["PLAID AIF-42C5D2", "PLAID AIF-42C5D2_1"]}]
[BDArmory.BDACompetitionMode:201150402]: ALIVE:AIF-38C
[BDArmory.BDACompetitionMode:201150402]: ALIVE:AIF-38C_1
[BDArmory.BDACompetitionMode:201150402]: DEAD:1:88.0:PLAID AIF-42C5D2
[BDArmory.BDACompetitionMode:201150402]: DEAD:0:62.0:PLAID AIF-42C5D2_1
[BDArmory.BDACompetitionMode:201150402]: WHOSHOTWHOWITHGUNS:PLAID AIF-42C5D2:24:AIF-38C_1:4:AIF-38C
[BDArmory.BDACompetitionMode:201150402]: WHODAMAGEDWHOWITHGUNS:PLAID AIF-42C5D2:5283.5:AIF-38C_1:519.0:AIF-38C
[BDArmory.BDACompetitionMode:201150402]: WHOHITWHOWITHMISSILES:AIF-38C_1:1:PLAID AIF-42C5D2
[BDArmory.BDACompetitionMode:201150402]: WHOHITWHOWITHMISSILES:PLAID AIF-42C5D2:3:AIF-38C_1:1:AIF-38C
[BDArmory.BDACompetitionMode:201150402]: WHOHITWHOWITHMISSILES:PLAID AIF-42C5D2_1:1:AIF-38C:1:AIF-38C_1
[BDArmory.BDACompetitionMode:201150402]: WHOPARTSHITWHOWITHMISSILES:AIF-38C_1:88:PLAID AIF-42C5D2
[BDArmory.BDACompetitionMode:201150402]: WHOPARTSHITWHOWITHMISSILES:PLAID AIF-42C5D2:142:AIF-38C_1:73:AIF-38C
[BDArmory.BDACompetitionMode:201150402]: WHOPARTSHITWHOWITHMISSILES:PLAID AIF-42C5D2_1:68:AIF-38C:62:AIF-38C_1
[BDArmory.BDACompetitionMode:201150402]: WHODAMAGEDWHOWITHMISSILES:PLAID AIF-42C5D2:8766.3:AIF-38C:1388.1:AIF-38C_1
[BDArmory.BDACompetitionMode:201150402]: WHODAMAGEDWHOWITHMISSILES:PLAID AIF-42C5D2_1:14568.0:AIF-38C:2058.7:AIF-38C_1
[BDArmory.BDACompetitionMode:201150402]: WHODAMAGEDWHOWITHBATTLEDAMAGE:AIF-38C:10.2:AIF-38C
[BDArmory.BDACompetitionMode:201150402]: WHODAMAGEDWHOWITHBATTLEDAMAGE:PLAID AIF-42C5D2:76.6:AIF-38C_1
[BDArmory.BDACompetitionMode:201150402]: HEADSHOTGUNS:PLAID AIF-42C5D2:AIF-38C
[BDArmory.BDACompetitionMode:201150402]: KILLSTEALMISSILES:PLAID AIF-42C5D2_1:AIF-38C_1
[BDArmory.BDACompetitionMode:201150402]: HPLEFT:AIF-38C:100
[BDArmory.BDACompetitionMode:201150402]: HPLEFT:AIF-38C_1:100
[BDArmory.BDACompetitionMode:201150402]: HPLEFT:PLAID AIF-42C5D2:0
[BDArmory.BDACompetitionMode:201150402]: HPLEFT:PLAID AIF-42C5D2_1:0
[BDArmory.BDACompetitionMode:201150402]: ACCURACY:AIF-38C:4/106:0/0
[BDArmory.BDACompetitionMode:201150402]: ACCURACY:AIF-38C_1:24/89:0/0
[BDArmory.BDACompetitionMode:201150402]: ACCURACY:PLAID AIF-42C5D2:0/15:0/0
[BDArmory.BDACompetitionMode:201150402]: ACCURACY:PLAID AIF-42C5D2_1:0/0:0/0
