[BDArmory.BDACompetitionMode:201150782]: Dumping Results after -254s (of 0s) at 2026-05-17 03:15:04 -04:00
[BDArmory.BDACompetitionMode:201150782]: RESULT:Mutual Annihilation
[BDArmory.BDACompetitionMode:201150782]: DEADTEAMS:[{"team": "AIF-38C", "members": ["AIF-38C", "AIF-38C_1"]}, {"team": "PLAID AIF-42C5D2", "members": ["PLAID AIF-42C5D2", "PLAID AIF-42C5D2_1"]}]
[BDArmory.BDACompetitionMode:201150782]: MIA:AIF-38C
[BDArmory.BDACompetitionMode:201150782]: DEAD:1:73.0:AIF-38C_1
[BDArmory.BDACompetitionMode:201150782]: MIA:PLAID AIF-42C5D2
[BDArmory.BDACompetitionMode:201150782]: DEAD:0:63.0:PLAID AIF-42C5D2_1
[BDArmory.BDACompetitionMode:201150782]: WHOHITWHOWITHMISSILES:AIF-38C_1:1:PLAID AIF-42C5D2
[BDArmory.BDACompetitionMode:201150782]: WHOHITWHOWITHMISSILES:PLAID AIF-42C5D2:2:AIF-38C_1
[BDArmory.BDACompetitionMode:201150782]: WHOHITWHOWITHMISSILES:PLAID AIF-42C5D2_1:1:AIF-38C_1
[BDArmory.BDACompetitionMode:201150782]: WHOPARTSHITWHOWITHMISSILES:AIF-38C_1:92:PLAID AIF-42C5D2
[BDArmory.BDACompetitionMode:201150782]: WHOPARTSHITWHOWITHMISSILES:PLAID AIF-42C5D2:77:AIF-38C_1
[BDArmory.BDACompetitionMode:201150782]: WHOPARTSHITWHOWITHMISSILES:PLAID AIF-42C5D2_1:74:AIF-38C_1
[BDArmory.BDACompetitionMode:201150782]: WHODAMAGEDWHOWITHMISSILES:AIF-38C_1:69426.2:PLAID AIF-42C5D2
[BDArmory.BDACompetitionMode:201150782]: WHODAMAGEDWHOWITHMISSILES:PLAID AIF-42C5D2:98286.0:AIF-38C_1
[BDArmory.BDACompetitionMode:201150782]: WHODAMAGEDWHOWITHMISSILES:PLAID AIF-42C5D2_1:81200.5:AIF-38C_1
[BDArmory.BDACompetitionMode:201150782]: WHODAMAGEDWHOWITHBATTLEDAMAGE:AIF-38C_1:14529.4:PLAID AIF-42C5D2
[BDArmory.BDACompetitionMode:201150782]: CLEANKILLMISSILES:AIF-38C_1:PLAID AIF-42C5D2
[BDArmory.BDACompetitionMode:201150782]: CLEANKILLMISSILES:PLAID AIF-42C5D2_1:AIF-38C_1
[BDArmory.BDACompetitionMode:201150782]: HPLEFT:AIF-38C:0
[BDArmory.BDACompetitionMode:201150782]: HPLEFT:AIF-38C_1:0
[BDArmory.BDACompetitionMode:201150782]: HPLEFT:PLAID AIF-42C5D2:0
[BDArmory.BDACompetitionMode:201150782]: HPLEFT:PLAID AIF-42C5D2_1:0
[BDArmory.BDACompetitionMode:201150782]: ACCURACY:AIF-38C:0/0:0/0
[BDArmory.BDACompetitionMode:201150782]: ACCURACY:AIF-38C_1:0/0:0/0
[BDArmory.BDACompetitionMode:201150782]: ACCURACY:PLAID AIF-42C5D2:0/0:0/0
[BDArmory.BDACompetitionMode:201150782]: ACCURACY:PLAID AIF-42C5D2_1:0/0:0/0
