[BDArmory.BDACompetitionMode:201150566]: Dumping Results after 141s (of 0s) at 2026-05-17 03:12:36 -04:00
[BDArmory.BDACompetitionMode:201150566]: RESULT:Draw:[{"team": "PLAID AIF-42C5D2", "members": ["PLAID AIF-42C5D2", "PLAID AIF-42C5D2_1"]}, {"team": "AIF-38C", "members": ["AIF-38C", "AIF-38C_1"]}]
[BDArmory.BDACompetitionMode:201150566]: DEADTEAMS:[]
[BDArmory.BDACompetitionMode:201150566]: ALIVE:AIF-38C
[BDArmory.BDACompetitionMode:201150566]: MIA:PLAID AIF-42C5D2
[BDArmory.BDACompetitionMode:201150566]: DEAD:0:53.0:PLAID AIF-42C5D2_1
[BDArmory.BDACompetitionMode:201150566]: MIA:AIF-38C_1
[BDArmory.BDACompetitionMode:201150566]: WHOSHOTWHOWITHGUNS:PLAID AIF-42C5D2:44:AIF-38C
[BDArmory.BDACompetitionMode:201150566]: WHOSHOTWHOWITHGUNS:AIF-38C:14:PLAID AIF-42C5D2
[BDArmory.BDACompetitionMode:201150566]: WHODAMAGEDWHOWITHGUNS:PLAID AIF-42C5D2:12481.2:AIF-38C
[BDArmory.BDACompetitionMode:201150566]: WHODAMAGEDWHOWITHGUNS:AIF-38C:4390.8:PLAID AIF-42C5D2
[BDArmory.BDACompetitionMode:201150566]: WHOHITWHOWITHMISSILES:PLAID AIF-42C5D2_1:1:AIF-38C:1:AIF-38C_1
[BDArmory.BDACompetitionMode:201150566]: WHOHITWHOWITHMISSILES:AIF-38C:1:PLAID AIF-42C5D2_1
[BDArmory.BDACompetitionMode:201150566]: WHOHITWHOWITHMISSILES:AIF-38C_1:1:PLAID AIF-42C5D2
[BDArmory.BDACompetitionMode:201150566]: WHOPARTSHITWHOWITHMISSILES:PLAID AIF-42C5D2_1:66:AIF-38C:66:AIF-38C_1
[BDArmory.BDACompetitionMode:201150566]: WHOPARTSHITWHOWITHMISSILES:AIF-38C:97:PLAID AIF-42C5D2_1
[BDArmory.BDACompetitionMode:201150566]: WHOPARTSHITWHOWITHMISSILES:AIF-38C_1:98:PLAID AIF-42C5D2
[BDArmory.BDACompetitionMode:201150566]: WHODAMAGEDWHOWITHMISSILES:PLAID AIF-42C5D2_1:16815.7:AIF-38C:3920.2:AIF-38C_1
[BDArmory.BDACompetitionMode:201150566]: WHODAMAGEDWHOWITHMISSILES:AIF-38C_1:26381.6:PLAID AIF-42C5D2
[BDArmory.BDACompetitionMode:201150566]: WHODAMAGEDWHOWITHBATTLEDAMAGE:PLAID AIF-42C5D2:496.0:AIF-38C
[BDArmory.BDACompetitionMode:201150566]: WHODAMAGEDWHOWITHBATTLEDAMAGE:AIF-38C:350.6:PLAID AIF-42C5D2
[BDArmory.BDACompetitionMode:201150566]: KILLSTEALMISSILES:PLAID AIF-42C5D2_1:AIF-38C_1
[BDArmory.BDACompetitionMode:201150566]: HPLEFT:PLAID AIF-42C5D2:12.5
[BDArmory.BDACompetitionMode:201150566]: HPLEFT:PLAID AIF-42C5D2_1:0
[BDArmory.BDACompetitionMode:201150566]: HPLEFT:AIF-38C:94.2307692307692
[BDArmory.BDACompetitionMode:201150566]: HPLEFT:AIF-38C_1:38.4615384615385
[BDArmory.BDACompetitionMode:201150566]: ACCURACY:PLAID AIF-42C5D2:14/232:0/0
[BDArmory.BDACompetitionMode:201150566]: ACCURACY:PLAID AIF-42C5D2_1:0/0:0/0
[BDArmory.BDACompetitionMode:201150566]: ACCURACY:AIF-38C:44/519:0/0
[BDArmory.BDACompetitionMode:201150566]: ACCURACY:AIF-38C_1:0/0:0/0
