[BDArmory.BDACompetitionMode:201147366]: Dumping Results after -28s (of 0s) at 2026-05-17 02:20:18 -04:00
[BDArmory.BDACompetitionMode:201147366]: RESULT:Win:{"team": "AIF-38C", "members": ["AIF-38C", "AIF-38C_1"]}
[BDArmory.BDACompetitionMode:201147366]: DEADTEAMS:[{"team": "F_A-27BN Voron", "members": ["F/A-27BN Voron", "F/A-27BN Voron_1"]}]
[BDArmory.BDACompetitionMode:201147366]: ALIVE:AIF-38C
[BDArmory.BDACompetitionMode:201147366]: MIA:AIF-38C_1
[BDArmory.BDACompetitionMode:201147366]: DEAD:1:174.0:F/A-27BN Voron
[BDArmory.BDACompetitionMode:201147366]: DEAD:0:159.0:F/A-27BN Voron_1
[BDArmory.BDACompetitionMode:201147366]: WHOSHOTWHOWITHGUNS:AIF-38C:3:F/A-27BN Voron_1:2:F/A-27BN Voron
[BDArmory.BDACompetitionMode:201147366]: WHOSHOTWHOWITHGUNS:F/A-27BN Voron:10:AIF-38C:7:AIF-38C_1
[BDArmory.BDACompetitionMode:201147366]: WHOSHOTWHOWITHGUNS:F/A-27BN Voron_1:5:AIF-38C_1:28:AIF-38C
[BDArmory.BDACompetitionMode:201147366]: WHODAMAGEDWHOWITHGUNS:AIF-38C:1048.6:F/A-27BN Voron_1:1232.5:F/A-27BN Voron
[BDArmory.BDACompetitionMode:201147366]: WHODAMAGEDWHOWITHGUNS:F/A-27BN Voron:2937.2:AIF-38C:1859.7:AIF-38C_1
[BDArmory.BDACompetitionMode:201147366]: WHODAMAGEDWHOWITHGUNS:F/A-27BN Voron_1:938.8:AIF-38C_1:6835.1:AIF-38C
[BDArmory.BDACompetitionMode:201147366]: WHOHITWHOWITHMISSILES:AIF-38C:1:F/A-27BN Voron
[BDArmory.BDACompetitionMode:201147366]: WHOHITWHOWITHMISSILES:AIF-38C_1:1:F/A-27BN Voron
[BDArmory.BDACompetitionMode:201147366]: WHOHITWHOWITHMISSILES:F/A-27BN Voron:1:AIF-38C_1
[BDArmory.BDACompetitionMode:201147366]: WHOHITWHOWITHMISSILES:F/A-27BN Voron_1:1:AIF-38C:1:AIF-38C_1
[BDArmory.BDACompetitionMode:201147366]: WHOPARTSHITWHOWITHMISSILES:AIF-38C:93:F/A-27BN Voron
[BDArmory.BDACompetitionMode:201147366]: WHOPARTSHITWHOWITHMISSILES:AIF-38C_1:93:F/A-27BN Voron
[BDArmory.BDACompetitionMode:201147366]: WHOPARTSHITWHOWITHMISSILES:F/A-27BN Voron:77:AIF-38C_1
[BDArmory.BDACompetitionMode:201147366]: WHOPARTSHITWHOWITHMISSILES:F/A-27BN Voron_1:76:AIF-38C:62:AIF-38C_1
[BDArmory.BDACompetitionMode:201147366]: WHODAMAGEDWHOWITHMISSILES:AIF-38C:28224.8:F/A-27BN Voron
[BDArmory.BDACompetitionMode:201147366]: WHODAMAGEDWHOWITHMISSILES:AIF-38C_1:17368.3:F/A-27BN Voron
[BDArmory.BDACompetitionMode:201147366]: WHODAMAGEDWHOWITHMISSILES:F/A-27BN Voron_1:5656.3:AIF-38C:1317.1:AIF-38C_1
[BDArmory.BDACompetitionMode:201147366]: WHODAMAGEDWHOWITHBATTLEDAMAGE:AIF-38C:100.2:F/A-27BN Voron_1
[BDArmory.BDACompetitionMode:201147366]: WHODAMAGEDWHOWITHBATTLEDAMAGE:AIF-38C_1:500.3:AIF-38C_1
[BDArmory.BDACompetitionMode:201147366]: WHODAMAGEDWHOWITHBATTLEDAMAGE:F/A-27BN Voron:699.1:AIF-38C:6337.9:AIF-38C_1
[BDArmory.BDACompetitionMode:201147366]: WHODAMAGEDWHOWITHBATTLEDAMAGE:F/A-27BN Voron_1:201.5:AIF-38C:5.2:AIF-38C_1
[BDArmory.BDACompetitionMode:201147366]: KILLSTEALGUNS:F/A-27BN Voron:AIF-38C_1
[BDArmory.BDACompetitionMode:201147366]: KILLSTEALGUNS:F/A-27BN Voron_1:AIF-38C
[BDArmory.BDACompetitionMode:201147366]: HPLEFT:AIF-38C:83.6538461538462
[BDArmory.BDACompetitionMode:201147366]: HPLEFT:AIF-38C_1:50
[BDArmory.BDACompetitionMode:201147366]: HPLEFT:F/A-27BN Voron:0
[BDArmory.BDACompetitionMode:201147366]: HPLEFT:F/A-27BN Voron_1:0
[BDArmory.BDACompetitionMode:201147366]: ACCURACY:AIF-38C:38/131:0/0
[BDArmory.BDACompetitionMode:201147366]: ACCURACY:AIF-38C_1:12/237:0/0
[BDArmory.BDACompetitionMode:201147366]: ACCURACY:F/A-27BN Voron:2/200:0/0
[BDArmory.BDACompetitionMode:201147366]: ACCURACY:F/A-27BN Voron_1:3/47:0/0
