[BDArmory.BDACompetitionMode:201150046]: Dumping Results after -124s (of 0s) at 2026-05-17 03:04:08 -04:00
[BDArmory.BDACompetitionMode:201150046]: RESULT:Win:{"team": "AIF-38C", "members": ["AIF-38C", "AIF-38C_1"]}
[BDArmory.BDACompetitionMode:201150046]: DEADTEAMS:[{"team": "F_A-27BN Voron", "members": ["F/A-27BN Voron", "F/A-27BN Voron_1"]}]
[BDArmory.BDACompetitionMode:201150046]: ALIVE:AIF-38C_1
[BDArmory.BDACompetitionMode:201150046]: DEAD:1:124.0:F/A-27BN Voron
[BDArmory.BDACompetitionMode:201150046]: DEAD:0:118.0:F/A-27BN Voron_1
[BDArmory.BDACompetitionMode:201150046]: MIA:AIF-38C
[BDArmory.BDACompetitionMode:201150046]: WHOSHOTWHOWITHGUNS:F/A-27BN Voron:20:AIF-38C_1
[BDArmory.BDACompetitionMode:201150046]: WHOSHOTWHOWITHGUNS:F/A-27BN Voron_1:22:AIF-38C_1
[BDArmory.BDACompetitionMode:201150046]: WHOSHOTWHOWITHGUNS:AIF-38C_1:16:F/A-27BN Voron
[BDArmory.BDACompetitionMode:201150046]: WHODAMAGEDWHOWITHGUNS:F/A-27BN Voron:6149.9:AIF-38C_1
[BDArmory.BDACompetitionMode:201150046]: WHODAMAGEDWHOWITHGUNS:F/A-27BN Voron_1:5623.6:AIF-38C_1
[BDArmory.BDACompetitionMode:201150046]: WHODAMAGEDWHOWITHGUNS:AIF-38C_1:3767.3:F/A-27BN Voron
[BDArmory.BDACompetitionMode:201150046]: WHOHITWHOWITHMISSILES:F/A-27BN Voron_1:1:AIF-38C_1
[BDArmory.BDACompetitionMode:201150046]: WHOHITWHOWITHMISSILES:AIF-38C:1:F/A-27BN Voron_1
[BDArmory.BDACompetitionMode:201150046]: WHOPARTSHITWHOWITHMISSILES:F/A-27BN Voron_1:77:AIF-38C_1
[BDArmory.BDACompetitionMode:201150046]: WHOPARTSHITWHOWITHMISSILES:AIF-38C:96:F/A-27BN Voron_1
[BDArmory.BDACompetitionMode:201150046]: WHODAMAGEDWHOWITHMISSILES:AIF-38C:43489.3:F/A-27BN Voron_1
[BDArmory.BDACompetitionMode:201150046]: WHODAMAGEDWHOWITHBATTLEDAMAGE:F/A-27BN Voron:99.9:AIF-38C_1
[BDArmory.BDACompetitionMode:201150046]: WHODAMAGEDWHOWITHBATTLEDAMAGE:F/A-27BN Voron_1:43.7:AIF-38C_1
[BDArmory.BDACompetitionMode:201150046]: WHODAMAGEDWHOWITHBATTLEDAMAGE:AIF-38C_1:50.1:F/A-27BN Voron:8.5:AIF-38C_1
[BDArmory.BDACompetitionMode:201150046]: CLEANKILLGUNS:F/A-27BN Voron:AIF-38C_1
[BDArmory.BDACompetitionMode:201150046]: CLEANKILLGUNS:F/A-27BN Voron_1:AIF-38C_1
[BDArmory.BDACompetitionMode:201150046]: HPLEFT:F/A-27BN Voron:0
[BDArmory.BDACompetitionMode:201150046]: HPLEFT:F/A-27BN Voron_1:0
[BDArmory.BDACompetitionMode:201150046]: HPLEFT:AIF-38C:26.9230769230769
[BDArmory.BDACompetitionMode:201150046]: HPLEFT:AIF-38C_1:96.1538461538462
[BDArmory.BDACompetitionMode:201150046]: ACCURACY:F/A-27BN Voron:16/130:0/0
[BDArmory.BDACompetitionMode:201150046]: ACCURACY:F/A-27BN Voron_1:0/3:0/0
[BDArmory.BDACompetitionMode:201150046]: ACCURACY:AIF-38C:0/0:0/0
[BDArmory.BDACompetitionMode:201150046]: ACCURACY:AIF-38C_1:42/234:0/0
