[BDArmory.BDACompetitionMode:201148888]: Dumping Results after 119s (of 0s) at 2026-05-17 02:44:33 -04:00
[BDArmory.BDACompetitionMode:201148888]: RESULT:Win:{"team": "AIF-38C", "members": ["AIF-38C", "AIF-38C_1"]}
[BDArmory.BDACompetitionMode:201148888]: DEADTEAMS:[{"team": "F_A-27BN Voron", "members": ["F/A-27BN Voron", "F/A-27BN Voron_1"]}]
[BDArmory.BDACompetitionMode:201148888]: ALIVE:AIF-38C
[BDArmory.BDACompetitionMode:201148888]: ALIVE:AIF-38C_1
[BDArmory.BDACompetitionMode:201148888]: DEAD:1:109.0:F/A-27BN Voron
[BDArmory.BDACompetitionMode:201148888]: DEAD:0:97.0:F/A-27BN Voron_1
[BDArmory.BDACompetitionMode:201148888]: WHOSHOTWHOWITHGUNS:F/A-27BN Voron:10:AIF-38C
[BDArmory.BDACompetitionMode:201148888]: WHODAMAGEDWHOWITHGUNS:F/A-27BN Voron:3773.1:AIF-38C
[BDArmory.BDACompetitionMode:201148888]: WHOHITWHOWITHMISSILES:AIF-38C_1:1:F/A-27BN Voron
[BDArmory.BDACompetitionMode:201148888]: WHOHITWHOWITHMISSILES:F/A-27BN Voron_1:2:AIF-38C
[BDArmory.BDACompetitionMode:201148888]: WHOPARTSHITWHOWITHMISSILES:AIF-38C_1:94:F/A-27BN Voron
[BDArmory.BDACompetitionMode:201148888]: WHOPARTSHITWHOWITHMISSILES:F/A-27BN Voron_1:136:AIF-38C
[BDArmory.BDACompetitionMode:201148888]: WHODAMAGEDWHOWITHMISSILES:F/A-27BN Voron_1:35372.0:AIF-38C
[BDArmory.BDACompetitionMode:201148888]: WHODAMAGEDWHOWITHBATTLEDAMAGE:F/A-27BN Voron:135.1:AIF-38C:68.8:F/A-27BN Voron
[BDArmory.BDACompetitionMode:201148888]: WHODAMAGEDWHOWITHBATTLEDAMAGE:F/A-27BN Voron_1:29632.4:AIF-38C
[BDArmory.BDACompetitionMode:201148888]: CLEANKILLGUNS:F/A-27BN Voron:AIF-38C
[BDArmory.BDACompetitionMode:201148888]: CLEANKILLMISSILES:F/A-27BN Voron_1:AIF-38C
[BDArmory.BDACompetitionMode:201148888]: HPLEFT:AIF-38C:100
[BDArmory.BDACompetitionMode:201148888]: HPLEFT:AIF-38C_1:100
[BDArmory.BDACompetitionMode:201148888]: HPLEFT:F/A-27BN Voron:0
[BDArmory.BDACompetitionMode:201148888]: HPLEFT:F/A-27BN Voron_1:0
[BDArmory.BDACompetitionMode:201148888]: ACCURACY:AIF-38C:10/94:0/0
[BDArmory.BDACompetitionMode:201148888]: ACCURACY:AIF-38C_1:0/0:0/0
[BDArmory.BDACompetitionMode:201148888]: ACCURACY:F/A-27BN Voron:0/10:0/0
[BDArmory.BDACompetitionMode:201148888]: ACCURACY:F/A-27BN Voron_1:0/0:0/0
