[BDArmory.BDACompetitionMode:201148033]: Dumping Results after 113s (of 0s) at 2026-05-17 02:30:13 -04:00
[BDArmory.BDACompetitionMode:201148033]: RESULT:Win:{"team": "AIF-38C", "members": ["AIF-38C", "AIF-38C_1"]}
[BDArmory.BDACompetitionMode:201148033]: DEADTEAMS:[{"team": "F_A-27BN Voron", "members": ["F/A-27BN Voron", "F/A-27BN Voron_1"]}]
[BDArmory.BDACompetitionMode:201148033]: ALIVE:AIF-38C
[BDArmory.BDACompetitionMode:201148033]: ALIVE:AIF-38C_1
[BDArmory.BDACompetitionMode:201148033]: DEAD:0:104.0:F/A-27BN Voron
[BDArmory.BDACompetitionMode:201148033]: DEAD:1:109.0:F/A-27BN Voron_1
[BDArmory.BDACompetitionMode:201148033]: WHOSHOTWHOWITHGUNS:F/A-27BN Voron_1:5:AIF-38C
[BDArmory.BDACompetitionMode:201148033]: WHODAMAGEDWHOWITHGUNS:F/A-27BN Voron_1:1955.9:AIF-38C
[BDArmory.BDACompetitionMode:201148033]: WHOHITWHOWITHMISSILES:F/A-27BN Voron:2:AIF-38C_1
[BDArmory.BDACompetitionMode:201148033]: WHOHITWHOWITHMISSILES:F/A-27BN Voron_1:2:AIF-38C:1:AIF-38C_1
[BDArmory.BDACompetitionMode:201148033]: WHOPARTSHITWHOWITHMISSILES:F/A-27BN Voron:124:AIF-38C_1
[BDArmory.BDACompetitionMode:201148033]: WHOPARTSHITWHOWITHMISSILES:F/A-27BN Voron_1:145:AIF-38C:76:AIF-38C_1
[BDArmory.BDACompetitionMode:201148033]: WHODAMAGEDWHOWITHMISSILES:F/A-27BN Voron:22872.3:AIF-38C_1
[BDArmory.BDACompetitionMode:201148033]: WHODAMAGEDWHOWITHBATTLEDAMAGE:F/A-27BN Voron_1:33.9:AIF-38C:69.0:F/A-27BN Voron_1
[BDArmory.BDACompetitionMode:201148033]: CLEANKILLMISSILES:F/A-27BN Voron:AIF-38C_1
[BDArmory.BDACompetitionMode:201148033]: KILLSTEALGUNS:F/A-27BN Voron_1:AIF-38C
[BDArmory.BDACompetitionMode:201148033]: HPLEFT:AIF-38C:100
[BDArmory.BDACompetitionMode:201148033]: HPLEFT:AIF-38C_1:100
[BDArmory.BDACompetitionMode:201148033]: HPLEFT:F/A-27BN Voron:0
[BDArmory.BDACompetitionMode:201148033]: HPLEFT:F/A-27BN Voron_1:0
[BDArmory.BDACompetitionMode:201148033]: ACCURACY:AIF-38C:5/54:0/0
[BDArmory.BDACompetitionMode:201148033]: ACCURACY:AIF-38C_1:0/0:0/0
[BDArmory.BDACompetitionMode:201148033]: ACCURACY:F/A-27BN Voron:0/0:0/0
[BDArmory.BDACompetitionMode:201148033]: ACCURACY:F/A-27BN Voron_1:0/0:0/0
