[BDArmory.BDACompetitionMode:201146754]: Dumping Results after 109s (of 0s) at 2026-05-17 02:08:23 -04:00
[BDArmory.BDACompetitionMode:201146754]: RESULT:Win:{"team": "AIF-38C", "members": ["AIF-38C", "AIF-38C_1"]}
[BDArmory.BDACompetitionMode:201146754]: DEADTEAMS:[{"team": "F_A-27BN Voron", "members": ["F/A-27BN Voron", "F/A-27BN Voron_1"]}]
[BDArmory.BDACompetitionMode:201146754]: ALIVE:AIF-38C_1
[BDArmory.BDACompetitionMode:201146754]: MIA:AIF-38C
[BDArmory.BDACompetitionMode:201146754]: DEAD:0:74.0:F/A-27BN Voron
[BDArmory.BDACompetitionMode:201146754]: DEAD:1:106.0:F/A-27BN Voron_1
[BDArmory.BDACompetitionMode:201146754]: WHOSHOTWHOWITHGUNS:F/A-27BN Voron_1:12:AIF-38C_1
[BDArmory.BDACompetitionMode:201146754]: WHODAMAGEDWHOWITHGUNS:F/A-27BN Voron_1:3374.3:AIF-38C_1
[BDArmory.BDACompetitionMode:201146754]: WHOHITWHOWITHMISSILES:AIF-38C:2:F/A-27BN Voron
[BDArmory.BDACompetitionMode:201146754]: WHOHITWHOWITHMISSILES:F/A-27BN Voron:1:AIF-38C_1
[BDArmory.BDACompetitionMode:201146754]: WHOHITWHOWITHMISSILES:F/A-27BN Voron_1:2:AIF-38C_1
[BDArmory.BDACompetitionMode:201146754]: WHOPARTSHITWHOWITHMISSILES:AIF-38C:176:F/A-27BN Voron
[BDArmory.BDACompetitionMode:201146754]: WHOPARTSHITWHOWITHMISSILES:F/A-27BN Voron:73:AIF-38C_1
[BDArmory.BDACompetitionMode:201146754]: WHOPARTSHITWHOWITHMISSILES:F/A-27BN Voron_1:141:AIF-38C_1
[BDArmory.BDACompetitionMode:201146754]: WHODAMAGEDWHOWITHMISSILES:AIF-38C:23067.0:F/A-27BN Voron
[BDArmory.BDACompetitionMode:201146754]: WHODAMAGEDWHOWITHMISSILES:F/A-27BN Voron:81756.1:AIF-38C_1
[BDArmory.BDACompetitionMode:201146754]: WHODAMAGEDWHOWITHMISSILES:F/A-27BN Voron_1:14588.6:AIF-38C_1
[BDArmory.BDACompetitionMode:201146754]: WHODAMAGEDWHOWITHBATTLEDAMAGE:F/A-27BN Voron_1:239.0:AIF-38C_1:586.1:F/A-27BN Voron_1
[BDArmory.BDACompetitionMode:201146754]: CLEANKILLMISSILES:F/A-27BN Voron:AIF-38C_1
[BDArmory.BDACompetitionMode:201146754]: CLEANKILLGUNS:F/A-27BN Voron_1:AIF-38C_1
[BDArmory.BDACompetitionMode:201146754]: HPLEFT:AIF-38C:15.3846153846154
[BDArmory.BDACompetitionMode:201146754]: HPLEFT:AIF-38C_1:100
[BDArmory.BDACompetitionMode:201146754]: HPLEFT:F/A-27BN Voron:0
[BDArmory.BDACompetitionMode:201146754]: HPLEFT:F/A-27BN Voron_1:0
[BDArmory.BDACompetitionMode:201146754]: ACCURACY:AIF-38C:0/0:0/0
[BDArmory.BDACompetitionMode:201146754]: ACCURACY:AIF-38C_1:12/73:0/0
[BDArmory.BDACompetitionMode:201146754]: ACCURACY:F/A-27BN Voron:0/0:0/0
[BDArmory.BDACompetitionMode:201146754]: ACCURACY:F/A-27BN Voron_1:0/0:0/0
