[BDArmory.BDACompetitionMode:201147734]: Dumping Results after -9s (of 0s) at 2026-05-17 02:25:15 -04:00
[BDArmory.BDACompetitionMode:201147734]: RESULT:Win:{"team": "F_A-27BN Voron", "members": ["F/A-27BN Voron", "F/A-27BN Voron_1"]}
[BDArmory.BDACompetitionMode:201147734]: DEADTEAMS:[{"team": "AIF-38C", "members": ["AIF-38C", "AIF-38C_1"]}]
[BDArmory.BDACompetitionMode:201147734]: ALIVE:F/A-27BN Voron
[BDArmory.BDACompetitionMode:201147734]: ALIVE:F/A-27BN Voron_1
[BDArmory.BDACompetitionMode:201147734]: DEAD:0:120.0:AIF-38C
[BDArmory.BDACompetitionMode:201147734]: MIA:AIF-38C_1
[BDArmory.BDACompetitionMode:201147734]: WHOSHOTWHOWITHGUNS:AIF-38C:1:F/A-27BN Voron
[BDArmory.BDACompetitionMode:201147734]: WHODAMAGEDWHOWITHGUNS:AIF-38C:355.0:F/A-27BN Voron
[BDArmory.BDACompetitionMode:201147734]: WHOHITWHOWITHMISSILES:AIF-38C:2:F/A-27BN Voron_1:2:F/A-27BN Voron
[BDArmory.BDACompetitionMode:201147734]: WHOHITWHOWITHMISSILES:AIF-38C_1:1:F/A-27BN Voron_1
[BDArmory.BDACompetitionMode:201147734]: WHOHITWHOWITHMISSILES:F/A-27BN Voron:1:AIF-38C:1:AIF-38C_1
[BDArmory.BDACompetitionMode:201147734]: WHOHITWHOWITHMISSILES:F/A-27BN Voron_1:1:AIF-38C_1
[BDArmory.BDACompetitionMode:201147734]: WHOPARTSHITWHOWITHMISSILES:AIF-38C:160:F/A-27BN Voron_1:139:F/A-27BN Voron
[BDArmory.BDACompetitionMode:201147734]: WHOPARTSHITWHOWITHMISSILES:AIF-38C_1:91:F/A-27BN Voron_1
[BDArmory.BDACompetitionMode:201147734]: WHOPARTSHITWHOWITHMISSILES:F/A-27BN Voron:79:AIF-38C:80:AIF-38C_1
[BDArmory.BDACompetitionMode:201147734]: WHOPARTSHITWHOWITHMISSILES:F/A-27BN Voron_1:77:AIF-38C_1
[BDArmory.BDACompetitionMode:201147734]: WHODAMAGEDWHOWITHMISSILES:AIF-38C:19805.1:F/A-27BN Voron_1:17564.7:F/A-27BN Voron
[BDArmory.BDACompetitionMode:201147734]: WHODAMAGEDWHOWITHMISSILES:AIF-38C_1:77984.3:F/A-27BN Voron_1
[BDArmory.BDACompetitionMode:201147734]: WHODAMAGEDWHOWITHMISSILES:F/A-27BN Voron_1:8308.2:AIF-38C_1
[BDArmory.BDACompetitionMode:201147734]: WHODAMAGEDWHOWITHBATTLEDAMAGE:AIF-38C:0.1:F/A-27BN Voron
[BDArmory.BDACompetitionMode:201147734]: HEADSHOTGUNS:AIF-38C:F/A-27BN Voron
[BDArmory.BDACompetitionMode:201147734]: HPLEFT:AIF-38C:0
[BDArmory.BDACompetitionMode:201147734]: HPLEFT:AIF-38C_1:0
[BDArmory.BDACompetitionMode:201147734]: HPLEFT:F/A-27BN Voron:100
[BDArmory.BDACompetitionMode:201147734]: HPLEFT:F/A-27BN Voron_1:82.5581395348837
[BDArmory.BDACompetitionMode:201147734]: ACCURACY:AIF-38C:0/0:0/0
[BDArmory.BDACompetitionMode:201147734]: ACCURACY:AIF-38C_1:0/0:0/0
[BDArmory.BDACompetitionMode:201147734]: ACCURACY:F/A-27BN Voron:1/15:0/0
[BDArmory.BDACompetitionMode:201147734]: ACCURACY:F/A-27BN Voron_1:0/0:0/0
