[BDArmory.BDACompetitionMode:203046134]: Dumping Results after -57s (of 0s) at 2026-06-08 01:49:56 -04:00
[BDArmory.BDACompetitionMode:203046134]: RESULT:Draw:[{"team": "dastardly civilian killing imperials", "members": ["K-71PT A2B", "K-71PT A2B_1", "K-71PT A2B II"]}, {"team": "innocent buses full of civilians", "members": ["Irsmun High Power Combat Form", "Irsmun Peace Enforcement Balloon", "Irsmun High Power Combat Form_1", "Irsmun Moral Guidance Aerostat", "Irsmun High Power Combat Form_2", "Irsmun Civil Harmony Dirigible", "Irsmun Peace Enforcement Balloon_1", "Irsmun High Power Combat Form_3"]}]
[BDArmory.BDACompetitionMode:203046134]: DEADTEAMS:[]
[BDArmory.BDACompetitionMode:203046134]: ALIVE:K-71PT A2B
[BDArmory.BDACompetitionMode:203046134]: ALIVE:K-71PT A2B_1
[BDArmory.BDACompetitionMode:203046134]: ALIVE:Irsmun High Power Combat Form
[BDArmory.BDACompetitionMode:203046134]: ALIVE:Irsmun Peace Enforcement Balloon
[BDArmory.BDACompetitionMode:203046134]: ALIVE:Irsmun High Power Combat Form_1
[BDArmory.BDACompetitionMode:203046134]: ALIVE:Irsmun Moral Guidance Aerostat
[BDArmory.BDACompetitionMode:203046134]: ALIVE:Irsmun Peace Enforcement Balloon_1
[BDArmory.BDACompetitionMode:203046134]: MIA:K-71PT A2B II
[BDArmory.BDACompetitionMode:203046134]: DEAD:0:82.6:Irsmun High Power Combat Form_2
[BDArmory.BDACompetitionMode:203046134]: MIA:Irsmun Civil Harmony Dirigible
[BDArmory.BDACompetitionMode:203046134]: DEAD:1:86.0:Irsmun High Power Combat Form_3
[BDArmory.BDACompetitionMode:203046134]: WHOHITWHOWITHMISSILES:Irsmun High Power Combat Form_2:1:K-71PT A2B II
[BDArmory.BDACompetitionMode:203046134]: WHOHITWHOWITHMISSILES:Irsmun High Power Combat Form_3:1:K-71PT A2B II
[BDArmory.BDACompetitionMode:203046134]: WHOPARTSHITWHOWITHMISSILES:Irsmun High Power Combat Form_2:45:K-71PT A2B II
[BDArmory.BDACompetitionMode:203046134]: WHOPARTSHITWHOWITHMISSILES:Irsmun High Power Combat Form_3:43:K-71PT A2B II
[BDArmory.BDACompetitionMode:203046134]: WHODAMAGEDWHOWITHMISSILES:Irsmun High Power Combat Form_2:1811613.0:K-71PT A2B II
[BDArmory.BDACompetitionMode:203046134]: WHODAMAGEDWHOWITHMISSILES:Irsmun High Power Combat Form_3:690220.2:K-71PT A2B II
[BDArmory.BDACompetitionMode:203046134]: GMKILL:Irsmun High Power Combat Form_2:BigRedButton
[BDArmory.BDACompetitionMode:203046134]: HPLEFT:K-71PT A2B:100
[BDArmory.BDACompetitionMode:203046134]: HPLEFT:K-71PT A2B_1:100
[BDArmory.BDACompetitionMode:203046134]: HPLEFT:K-71PT A2B II:0
[BDArmory.BDACompetitionMode:203046134]: HPLEFT:Irsmun High Power Combat Form:100
[BDArmory.BDACompetitionMode:203046134]: HPLEFT:Irsmun Peace Enforcement Balloon:100
[BDArmory.BDACompetitionMode:203046134]: HPLEFT:Irsmun High Power Combat Form_1:100
[BDArmory.BDACompetitionMode:203046134]: HPLEFT:Irsmun Moral Guidance Aerostat:100
[BDArmory.BDACompetitionMode:203046134]: HPLEFT:Irsmun High Power Combat Form_2:0
[BDArmory.BDACompetitionMode:203046134]: HPLEFT:Irsmun Civil Harmony Dirigible:0
[BDArmory.BDACompetitionMode:203046134]: HPLEFT:Irsmun Peace Enforcement Balloon_1:100
[BDArmory.BDACompetitionMode:203046134]: HPLEFT:Irsmun High Power Combat Form_3:0
[BDArmory.BDACompetitionMode:203046134]: ACCURACY:K-71PT A2B:0/0:0/0
[BDArmory.BDACompetitionMode:203046134]: ACCURACY:K-71PT A2B_1:0/0:0/0
[BDArmory.BDACompetitionMode:203046134]: ACCURACY:K-71PT A2B II:0/0:0/0
[BDArmory.BDACompetitionMode:203046134]: ACCURACY:Irsmun High Power Combat Form:0/0:0/0
[BDArmory.BDACompetitionMode:203046134]: ACCURACY:Irsmun Peace Enforcement Balloon:0/44:0/0
[BDArmory.BDACompetitionMode:203046134]: ACCURACY:Irsmun High Power Combat Form_1:0/0:0/0
[BDArmory.BDACompetitionMode:203046134]: ACCURACY:Irsmun Moral Guidance Aerostat:0/49:0/0
[BDArmory.BDACompetitionMode:203046134]: ACCURACY:Irsmun High Power Combat Form_2:0/0:0/0
[BDArmory.BDACompetitionMode:203046134]: ACCURACY:Irsmun Civil Harmony Dirigible:0/56:0/0
[BDArmory.BDACompetitionMode:203046134]: ACCURACY:Irsmun Peace Enforcement Balloon_1:0/0:0/0
[BDArmory.BDACompetitionMode:203046134]: ACCURACY:Irsmun High Power Combat Form_3:0/0:0/0
