[BDArmory.BDACompetitionMode:203049894]: Dumping Results after 179s (of 0s) at 2026-06-08 02:53:40 -04:00
[BDArmory.BDACompetitionMode:203049894]: RESULT:Draw:[{"team": "desperate IU suicide mission", "members": ["K-73 NMX 19", "K-53A NWO 6", "K-53A NWO 6_1", "K-53A NWO 6_2", "K-73 NMX 19_1", "K-73 NMX 19_2"]}, {"team": "lion basil suicide mission", "members": ["AL-27 Kallistemon", "AL-34 Arnika", "AL-34 Arnika_1", "AL-34 Arnika_2", "AL-34 Arnika_3", "AL-27 Kallistemon_1"]}]
[BDArmory.BDACompetitionMode:203049894]: DEADTEAMS:[]
[BDArmory.BDACompetitionMode:203049894]: ALIVE:K-73 NMX 19
[BDArmory.BDACompetitionMode:203049894]: ALIVE:K-53A NWO 6
[BDArmory.BDACompetitionMode:203049894]: ALIVE:K-53A NWO 6_1
[BDArmory.BDACompetitionMode:203049894]: ALIVE:K-53A NWO 6_2
[BDArmory.BDACompetitionMode:203049894]: ALIVE:K-73 NMX 19_1
[BDArmory.BDACompetitionMode:203049894]: ALIVE:K-73 NMX 19_2
[BDArmory.BDACompetitionMode:203049894]: MIA:AL-27 Kallistemon
[BDArmory.BDACompetitionMode:203049894]: DEAD:0:69.0:AL-34 Arnika
[BDArmory.BDACompetitionMode:203049894]: DEAD:4:172.0:AL-34 Arnika_1
[BDArmory.BDACompetitionMode:203049894]: DEAD:2:111.0:AL-34 Arnika_2
[BDArmory.BDACompetitionMode:203049894]: DEAD:3:136.3:AL-34 Arnika_3
[BDArmory.BDACompetitionMode:203049894]: DEAD:1:72.0:AL-27 Kallistemon_1
[BDArmory.BDACompetitionMode:203049894]: WHOSHOTWHOWITHGUNS:K-53A NWO 6:7:AL-27 Kallistemon
[BDArmory.BDACompetitionMode:203049894]: WHOSHOTWHOWITHGUNS:K-53A NWO 6_2:14:AL-34 Arnika_2
[BDArmory.BDACompetitionMode:203049894]: WHOSHOTWHOWITHGUNS:K-73 NMX 19_1:4:AL-34 Arnika
[BDArmory.BDACompetitionMode:203049894]: WHOSHOTWHOWITHGUNS:AL-27 Kallistemon:42:K-73 NMX 19_1:8:K-73 NMX 19_2
[BDArmory.BDACompetitionMode:203049894]: WHOSHOTWHOWITHGUNS:AL-34 Arnika:12:K-73 NMX 19_1:4:K-73 NMX 19
[BDArmory.BDACompetitionMode:203049894]: WHOSHOTWHOWITHGUNS:AL-34 Arnika_1:18:K-73 NMX 19_2:17:K-53A NWO 6_2
[BDArmory.BDACompetitionMode:203049894]: WHOSHOTWHOWITHGUNS:AL-34 Arnika_2:44:K-53A NWO 6_1
[BDArmory.BDACompetitionMode:203049894]: WHODAMAGEDWHOWITHGUNS:K-53A NWO 6:1554.6:AL-27 Kallistemon
[BDArmory.BDACompetitionMode:203049894]: WHODAMAGEDWHOWITHGUNS:K-53A NWO 6_2:7879.1:AL-34 Arnika_2
[BDArmory.BDACompetitionMode:203049894]: WHODAMAGEDWHOWITHGUNS:K-73 NMX 19_1:452.8:AL-34 Arnika
[BDArmory.BDACompetitionMode:203049894]: WHODAMAGEDWHOWITHGUNS:AL-27 Kallistemon:9411.9:K-73 NMX 19_1:1533.3:K-73 NMX 19_2
[BDArmory.BDACompetitionMode:203049894]: WHODAMAGEDWHOWITHGUNS:AL-34 Arnika:4901.9:K-73 NMX 19_1:835.4:K-73 NMX 19
[BDArmory.BDACompetitionMode:203049894]: WHODAMAGEDWHOWITHGUNS:AL-34 Arnika_1:9786.2:K-73 NMX 19_2:3552.7:K-53A NWO 6_2
[BDArmory.BDACompetitionMode:203049894]: WHODAMAGEDWHOWITHGUNS:AL-34 Arnika_2:16608.1:K-53A NWO 6_1
[BDArmory.BDACompetitionMode:203049894]: WHOHITWHOWITHMISSILES:K-73 NMX 19_1:1:AL-27 Kallistemon
[BDArmory.BDACompetitionMode:203049894]: WHOHITWHOWITHMISSILES:K-73 NMX 19_2:1:AL-27 Kallistemon
[BDArmory.BDACompetitionMode:203049894]: WHOHITWHOWITHMISSILES:AL-27 Kallistemon:1:K-53A NWO 6:1:K-53A NWO 6_2:1:K-73 NMX 19_1:1:K-53A NWO 6_1
[BDArmory.BDACompetitionMode:203049894]: WHOHITWHOWITHMISSILES:AL-34 Arnika:1:K-53A NWO 6:1:K-53A NWO 6_2
[BDArmory.BDACompetitionMode:203049894]: WHOHITWHOWITHMISSILES:AL-34 Arnika_1:1:K-73 NMX 19_2:1:K-73 NMX 19:1:K-53A NWO 6:1:K-53A NWO 6_1
[BDArmory.BDACompetitionMode:203049894]: WHOHITWHOWITHMISSILES:AL-34 Arnika_2:1:K-73 NMX 19:2:K-73 NMX 19_1:1:K-53A NWO 6_2:1:K-73 NMX 19_2
[BDArmory.BDACompetitionMode:203049894]: WHOHITWHOWITHMISSILES:AL-34 Arnika_3:1:K-73 NMX 19_2:1:K-73 NMX 19
[BDArmory.BDACompetitionMode:203049894]: WHOHITWHOWITHMISSILES:AL-27 Kallistemon_1:1:K-53A NWO 6_1:1:K-53A NWO 6
[BDArmory.BDACompetitionMode:203049894]: WHOPARTSHITWHOWITHMISSILES:K-73 NMX 19_1:81:AL-27 Kallistemon
[BDArmory.BDACompetitionMode:203049894]: WHOPARTSHITWHOWITHMISSILES:K-73 NMX 19_2:79:AL-27 Kallistemon
[BDArmory.BDACompetitionMode:203049894]: WHOPARTSHITWHOWITHMISSILES:AL-27 Kallistemon:88:K-53A NWO 6:1:K-53A NWO 6_2:137:K-73 NMX 19_1:117:K-53A NWO 6_1
[BDArmory.BDACompetitionMode:203049894]: WHOPARTSHITWHOWITHMISSILES:AL-34 Arnika:39:K-53A NWO 6:38:K-53A NWO 6_2
[BDArmory.BDACompetitionMode:203049894]: WHOPARTSHITWHOWITHMISSILES:AL-34 Arnika_1:104:K-73 NMX 19_2:30:K-73 NMX 19:82:K-53A NWO 6:84:K-53A NWO 6_1
[BDArmory.BDACompetitionMode:203049894]: WHOPARTSHITWHOWITHMISSILES:AL-34 Arnika_2:105:K-73 NMX 19:184:K-73 NMX 19_1:101:K-53A NWO 6_2:60:K-73 NMX 19_2
[BDArmory.BDACompetitionMode:203049894]: WHOPARTSHITWHOWITHMISSILES:AL-34 Arnika_3:104:K-73 NMX 19_2:101:K-73 NMX 19
[BDArmory.BDACompetitionMode:203049894]: WHOPARTSHITWHOWITHMISSILES:AL-27 Kallistemon_1:138:K-53A NWO 6_1:1:K-53A NWO 6
[BDArmory.BDACompetitionMode:203049894]: WHODAMAGEDWHOWITHMISSILES:AL-27 Kallistemon:16864.8:K-73 NMX 19_1:17129.1:K-53A NWO 6_1
[BDArmory.BDACompetitionMode:203049894]: WHODAMAGEDWHOWITHMISSILES:AL-34 Arnika:24165.7:K-53A NWO 6
[BDArmory.BDACompetitionMode:203049894]: WHODAMAGEDWHOWITHMISSILES:AL-34 Arnika_1:29844.2:K-73 NMX 19_2:411.9:K-53A NWO 6:7980.2:K-53A NWO 6_1
[BDArmory.BDACompetitionMode:203049894]: WHODAMAGEDWHOWITHMISSILES:AL-34 Arnika_2:3188.2:K-73 NMX 19:9167.5:K-53A NWO 6_2
[BDArmory.BDACompetitionMode:203049894]: WHODAMAGEDWHOWITHMISSILES:AL-34 Arnika_3:405.8:K-73 NMX 19_2:18286.7:K-73 NMX 19
[BDArmory.BDACompetitionMode:203049894]: WHODAMAGEDWHOWITHMISSILES:AL-27 Kallistemon_1:34865.9:K-53A NWO 6_1:360.1:K-53A NWO 6
[BDArmory.BDACompetitionMode:203049894]: WHODAMAGEDWHOWITHBATTLEDAMAGE:K-53A NWO 6:159.0:AL-27 Kallistemon
[BDArmory.BDACompetitionMode:203049894]: WHODAMAGEDWHOWITHBATTLEDAMAGE:K-53A NWO 6_2:951.8:AL-34 Arnika_2
[BDArmory.BDACompetitionMode:203049894]: WHODAMAGEDWHOWITHBATTLEDAMAGE:K-73 NMX 19_1:50.1:AL-34 Arnika
[BDArmory.BDACompetitionMode:203049894]: WHODAMAGEDWHOWITHBATTLEDAMAGE:K-73 NMX 19_2:338.1:K-73 NMX 19_2
[BDArmory.BDACompetitionMode:203049894]: WHODAMAGEDWHOWITHBATTLEDAMAGE:AL-27 Kallistemon:23982.7:K-73 NMX 19_1:9317.9:AL-27 Kallistemon:50.1:K-73 NMX 19_2
[BDArmory.BDACompetitionMode:203049894]: WHODAMAGEDWHOWITHBATTLEDAMAGE:AL-34 Arnika:23830.3:K-73 NMX 19_1:6.0:K-73 NMX 19
[BDArmory.BDACompetitionMode:203049894]: WHODAMAGEDWHOWITHBATTLEDAMAGE:AL-34 Arnika_1:20329.6:K-73 NMX 19_2:417.8:K-53A NWO 6_2
[BDArmory.BDACompetitionMode:203049894]: WHODAMAGEDWHOWITHBATTLEDAMAGE:AL-34 Arnika_2:325.8:K-53A NWO 6_1
[BDArmory.BDACompetitionMode:203049894]: WHODAMAGEDWHOWITHBATTLEDAMAGE:AL-34 Arnika_3:0.1:K-73 NMX 19
[BDArmory.BDACompetitionMode:203049894]: WHODAMAGEDWHOWITHBATTLEDAMAGE:AL-27 Kallistemon_1:0.1:K-53A NWO 6_1
[BDArmory.BDACompetitionMode:203049894]: GMKILL:AL-34 Arnika_1:LandedTooLong
[BDArmory.BDACompetitionMode:203049894]: GMKILL:AL-34 Arnika_3:BigRedButton
[BDArmory.BDACompetitionMode:203049894]: KILLSTEALMISSILES:AL-34 Arnika:K-53A NWO 6_2
[BDArmory.BDACompetitionMode:203049894]: KILLSTEALGUNS:AL-34 Arnika_2:K-53A NWO 6_1
[BDArmory.BDACompetitionMode:203049894]: KILLSTEALMISSILES:AL-27 Kallistemon_1:K-53A NWO 6
[BDArmory.BDACompetitionMode:203049894]: HPLEFT:K-73 NMX 19:100
[BDArmory.BDACompetitionMode:203049894]: HPLEFT:K-53A NWO 6:68.6390532544379
[BDArmory.BDACompetitionMode:203049894]: HPLEFT:K-53A NWO 6_1:100
[BDArmory.BDACompetitionMode:203049894]: HPLEFT:K-53A NWO 6_2:94.0828402366864
[BDArmory.BDACompetitionMode:203049894]: HPLEFT:K-73 NMX 19_1:100
[BDArmory.BDACompetitionMode:203049894]: HPLEFT:K-73 NMX 19_2:100
[BDArmory.BDACompetitionMode:203049894]: HPLEFT:AL-27 Kallistemon:12.0805369127517
[BDArmory.BDACompetitionMode:203049894]: HPLEFT:AL-34 Arnika:0
[BDArmory.BDACompetitionMode:203049894]: HPLEFT:AL-34 Arnika_1:0
[BDArmory.BDACompetitionMode:203049894]: HPLEFT:AL-34 Arnika_2:0
[BDArmory.BDACompetitionMode:203049894]: HPLEFT:AL-34 Arnika_3:0
[BDArmory.BDACompetitionMode:203049894]: HPLEFT:AL-27 Kallistemon_1:0
[BDArmory.BDACompetitionMode:203049894]: ACCURACY:K-73 NMX 19:4/26:0/0
[BDArmory.BDACompetitionMode:203049894]: ACCURACY:K-53A NWO 6:0/21:0/0
[BDArmory.BDACompetitionMode:203049894]: ACCURACY:K-53A NWO 6_1:44/259:0/0
[BDArmory.BDACompetitionMode:203049894]: ACCURACY:K-53A NWO 6_2:17/105:0/0
[BDArmory.BDACompetitionMode:203049894]: ACCURACY:K-73 NMX 19_1:54/449:0/0
[BDArmory.BDACompetitionMode:203049894]: ACCURACY:K-73 NMX 19_2:26/296:0/0
[BDArmory.BDACompetitionMode:203049894]: ACCURACY:AL-27 Kallistemon:7/238:0/0
[BDArmory.BDACompetitionMode:203049894]: ACCURACY:AL-34 Arnika:4/55:0/0
[BDArmory.BDACompetitionMode:203049894]: ACCURACY:AL-34 Arnika_1:0/0:0/0
[BDArmory.BDACompetitionMode:203049894]: ACCURACY:AL-34 Arnika_2:14/258:0/0
[BDArmory.BDACompetitionMode:203049894]: ACCURACY:AL-34 Arnika_3:0/0:0/0
[BDArmory.BDACompetitionMode:203049894]: ACCURACY:AL-27 Kallistemon_1:0/0:0/0
