[BDArmory.BDACompetitionMode:203044605]: Dumping Results after 71s (of 0s) at 2026-06-08 01:20:43 -04:00
[BDArmory.BDACompetitionMode:203044605]: RESULT:Draw:[{"team": "dastardly civilian killing imperials", "members": ["K-71PT A2B", "K-71PT A2B II", "K-71PT A2B_1"]}, {"team": "innocent buses full of civilians", "members": ["Irsmun Peace Enforcement Balloon", "Irsmun Civil Harmony Dirigible", "Irsmun Moral Guidance Aerostat", "Irsmun Peace Enforcement Balloon_1"]}]
[BDArmory.BDACompetitionMode:203044605]: DEADTEAMS:[]
[BDArmory.BDACompetitionMode:203044605]: ALIVE:K-71PT A2B
[BDArmory.BDACompetitionMode:203044605]: ALIVE:K-71PT A2B II
[BDArmory.BDACompetitionMode:203044605]: ALIVE:K-71PT A2B_1
[BDArmory.BDACompetitionMode:203044605]: ALIVE:Irsmun Peace Enforcement Balloon
[BDArmory.BDACompetitionMode:203044605]: ALIVE:Irsmun Civil Harmony Dirigible
[BDArmory.BDACompetitionMode:203044605]: ALIVE:Irsmun Moral Guidance Aerostat
[BDArmory.BDACompetitionMode:203044605]: ALIVE:Irsmun Peace Enforcement Balloon_1
[BDArmory.BDACompetitionMode:203044605]: HPLEFT:K-71PT A2B:100
[BDArmory.BDACompetitionMode:203044605]: HPLEFT:K-71PT A2B II:100
[BDArmory.BDACompetitionMode:203044605]: HPLEFT:K-71PT A2B_1:100
[BDArmory.BDACompetitionMode:203044605]: HPLEFT:Irsmun Peace Enforcement Balloon:100
[BDArmory.BDACompetitionMode:203044605]: HPLEFT:Irsmun Civil Harmony Dirigible:100
[BDArmory.BDACompetitionMode:203044605]: HPLEFT:Irsmun Moral Guidance Aerostat:100
[BDArmory.BDACompetitionMode:203044605]: HPLEFT:Irsmun Peace Enforcement Balloon_1:100
[BDArmory.BDACompetitionMode:203044605]: ACCURACY:K-71PT A2B:0/0:0/0
[BDArmory.BDACompetitionMode:203044605]: ACCURACY:K-71PT A2B II:0/0:0/0
[BDArmory.BDACompetitionMode:203044605]: ACCURACY:K-71PT A2B_1:0/0:0/0
[BDArmory.BDACompetitionMode:203044605]: ACCURACY:Irsmun Peace Enforcement Balloon:0/0:0/0
[BDArmory.BDACompetitionMode:203044605]: ACCURACY:Irsmun Civil Harmony Dirigible:0/4:0/0
[BDArmory.BDACompetitionMode:203044605]: ACCURACY:Irsmun Moral Guidance Aerostat:0/0:0/0
[BDArmory.BDACompetitionMode:203044605]: ACCURACY:Irsmun Peace Enforcement Balloon_1:0/0:0/0
