[BDArmory.BDACompetitionMode:203475684]: Dumping Results after 44s (of 0s) at 2026-06-13 01:04:37 -04:00
[BDArmory.BDACompetitionMode:203475684]: RESULT:Draw:[{"team": "AIF-38D - Copy", "members": ["AIF-38D", "AIF-38D_1"]}, {"team": "AIF-38D", "members": ["AIF-38D_2", "AIF-38D_3"]}]
[BDArmory.BDACompetitionMode:203475684]: DEADTEAMS:[]
[BDArmory.BDACompetitionMode:203475684]: ALIVE:AIF-38D_1
[BDArmory.BDACompetitionMode:203475684]: ALIVE:AIF-38D_2
[BDArmory.BDACompetitionMode:203475684]: ALIVE:AIF-38D_3
[BDArmory.BDACompetitionMode:203475684]: MIA:AIF-38D
[BDArmory.BDACompetitionMode:203475684]: WHOSHOTWHOWITHGUNS:AIF-38D_1:1:AIF-38D_2
[BDArmory.BDACompetitionMode:203475684]: WHODAMAGEDWHOWITHGUNS:AIF-38D_1:672.4:AIF-38D_2
[BDArmory.BDACompetitionMode:203475684]: WHOHITWHOWITHMISSILES:AIF-38D:2:AIF-38D_3:1:AIF-38D_2
[BDArmory.BDACompetitionMode:203475684]: WHOHITWHOWITHMISSILES:AIF-38D_3:1:AIF-38D_1
[BDArmory.BDACompetitionMode:203475684]: WHOPARTSHITWHOWITHMISSILES:AIF-38D:128:AIF-38D_3:37:AIF-38D_2
[BDArmory.BDACompetitionMode:203475684]: WHOPARTSHITWHOWITHMISSILES:AIF-38D_3:103:AIF-38D_1
[BDArmory.BDACompetitionMode:203475684]: WHODAMAGEDWHOWITHMISSILES:AIF-38D:8133.5:AIF-38D_3:5615.8:AIF-38D_2
[BDArmory.BDACompetitionMode:203475684]: WHODAMAGEDWHOWITHMISSILES:AIF-38D_3:3315.5:AIF-38D_1
[BDArmory.BDACompetitionMode:203475684]: WHODAMAGEDWHOWITHBATTLEDAMAGE:AIF-38D_1:6.3:AIF-38D_2
[BDArmory.BDACompetitionMode:203475684]: HPLEFT:AIF-38D:23.8095238095238
[BDArmory.BDACompetitionMode:203475684]: HPLEFT:AIF-38D_1:98.0952380952381
[BDArmory.BDACompetitionMode:203475684]: HPLEFT:AIF-38D_2:100
[BDArmory.BDACompetitionMode:203475684]: HPLEFT:AIF-38D_3:98.0952380952381
[BDArmory.BDACompetitionMode:203475684]: ACCURACY:AIF-38D:0/0:0/0
[BDArmory.BDACompetitionMode:203475684]: ACCURACY:AIF-38D_1:0/0:0/0
[BDArmory.BDACompetitionMode:203475684]: ACCURACY:AIF-38D_2:1/14:0/0
[BDArmory.BDACompetitionMode:203475684]: ACCURACY:AIF-38D_3:0/0:0/0
