[BDArmory.BDACompetitionMode:203475572]: Dumping Results after 43s (of 0s) at 2026-06-13 01:00:56 -04:00
[BDArmory.BDACompetitionMode:203475572]: RESULT:Draw:[{"team": "AIF-38D", "members": ["AIF-38D", "AIF-38D_1"]}, {"team": "AIF-38D - Copy", "members": ["AIF-38D_2", "AIF-38D_3"]}]
[BDArmory.BDACompetitionMode:203475572]: DEADTEAMS:[]
[BDArmory.BDACompetitionMode:203475572]: ALIVE:AIF-38D
[BDArmory.BDACompetitionMode:203475572]: ALIVE:AIF-38D_1
[BDArmory.BDACompetitionMode:203475572]: ALIVE:AIF-38D_3
[BDArmory.BDACompetitionMode:203475572]: MIA:AIF-38D_2
[BDArmory.BDACompetitionMode:203475572]: WHOHITWHOWITHMISSILES:AIF-38D:1:AIF-38D_2
[BDArmory.BDACompetitionMode:203475572]: WHOHITWHOWITHMISSILES:AIF-38D_2:1:AIF-38D
[BDArmory.BDACompetitionMode:203475572]: WHOPARTSHITWHOWITHMISSILES:AIF-38D:102:AIF-38D_2
[BDArmory.BDACompetitionMode:203475572]: WHOPARTSHITWHOWITHMISSILES:AIF-38D_2:90:AIF-38D
[BDArmory.BDACompetitionMode:203475572]: WHODAMAGEDWHOWITHMISSILES:AIF-38D:840.3:AIF-38D_2
[BDArmory.BDACompetitionMode:203475572]: WHODAMAGEDWHOWITHMISSILES:AIF-38D_2:52671.1:AIF-38D
[BDArmory.BDACompetitionMode:203475572]: HPLEFT:AIF-38D:99.0476190476191
[BDArmory.BDACompetitionMode:203475572]: HPLEFT:AIF-38D_1:100
[BDArmory.BDACompetitionMode:203475572]: HPLEFT:AIF-38D_2:19.047619047619
[BDArmory.BDACompetitionMode:203475572]: HPLEFT:AIF-38D_3:100
[BDArmory.BDACompetitionMode:203475572]: ACCURACY:AIF-38D:0/0:0/0
[BDArmory.BDACompetitionMode:203475572]: ACCURACY:AIF-38D_1:0/0:0/0
[BDArmory.BDACompetitionMode:203475572]: ACCURACY:AIF-38D_2:0/0:0/0
[BDArmory.BDACompetitionMode:203475572]: ACCURACY:AIF-38D_3:0/0:0/0
