[BDArmory.BDACompetitionMode:203466489]: Dumping Results after 44s (of 0s) at 2026-06-12 22:29:07 -04:00
[BDArmory.BDACompetitionMode:203466489]: RESULT:Draw:[{"team": "AIF-38D", "members": ["AIF-38D", "AIF-38D_1"]}, {"team": "AIF-38C", "members": ["AIF-38C", "AIF-38C_1"]}]
[BDArmory.BDACompetitionMode:203466489]: DEADTEAMS:[]
[BDArmory.BDACompetitionMode:203466489]: ALIVE:AIF-38C
[BDArmory.BDACompetitionMode:203466489]: ALIVE:AIF-38C_1
[BDArmory.BDACompetitionMode:203466489]: MIA:AIF-38D
[BDArmory.BDACompetitionMode:203466489]: DEAD:0:43.0:AIF-38D_1
[BDArmory.BDACompetitionMode:203466489]: WHOHITWHOWITHMISSILES:AIF-38D:2:AIF-38C:2:AIF-38C_1
[BDArmory.BDACompetitionMode:203466489]: WHOHITWHOWITHMISSILES:AIF-38D_1:1:AIF-38C:2:AIF-38C_1
[BDArmory.BDACompetitionMode:203466489]: WHOPARTSHITWHOWITHMISSILES:AIF-38D:160:AIF-38C:159:AIF-38C_1
[BDArmory.BDACompetitionMode:203466489]: WHOPARTSHITWHOWITHMISSILES:AIF-38D_1:101:AIF-38C:116:AIF-38C_1
[BDArmory.BDACompetitionMode:203466489]: WHODAMAGEDWHOWITHMISSILES:AIF-38D:64871.7:AIF-38C:20334.7:AIF-38C_1
[BDArmory.BDACompetitionMode:203466489]: WHODAMAGEDWHOWITHMISSILES:AIF-38D_1:65527.2:AIF-38C:27670.7:AIF-38C_1
[BDArmory.BDACompetitionMode:203466489]: WHODAMAGEDWHOWITHBATTLEDAMAGE:AIF-38D:0.2:AIF-38C
[BDArmory.BDACompetitionMode:203466489]: HEADSHOTMISSILES:AIF-38D_1:AIF-38C_1
[BDArmory.BDACompetitionMode:203466489]: HPLEFT:AIF-38D:38.0952380952381
[BDArmory.BDACompetitionMode:203466489]: HPLEFT:AIF-38D_1:0
[BDArmory.BDACompetitionMode:203466489]: HPLEFT:AIF-38C:100
[BDArmory.BDACompetitionMode:203466489]: HPLEFT:AIF-38C_1:100
[BDArmory.BDACompetitionMode:203466489]: ACCURACY:AIF-38D:0/0:0/0
[BDArmory.BDACompetitionMode:203466489]: ACCURACY:AIF-38D_1:0/0:0/0
[BDArmory.BDACompetitionMode:203466489]: ACCURACY:AIF-38C:0/0:0/0
[BDArmory.BDACompetitionMode:203466489]: ACCURACY:AIF-38C_1:0/0:0/0
