[BDArmory.BDACompetitionMode:203464230]: Dumping Results after 75s (of 0s) at 2026-06-12 21:52:44 -04:00
[BDArmory.BDACompetitionMode:203464230]: RESULT:Win:{"team": "AIF-38C", "members": ["AIF-38C", "AIF-38C_1"]}
[BDArmory.BDACompetitionMode:203464230]: DEADTEAMS:[{"team": "AIF-38D", "members": ["AIF-38D", "AIF-38D_1"]}]
[BDArmory.BDACompetitionMode:203464230]: ALIVE:AIF-38C
[BDArmory.BDACompetitionMode:203464230]: ALIVE:AIF-38C_1
[BDArmory.BDACompetitionMode:203464230]: DEAD:1:71.0:AIF-38D
[BDArmory.BDACompetitionMode:203464230]: DEAD:0:63.0:AIF-38D_1
[BDArmory.BDACompetitionMode:203464230]: WHOSHOTWHOWITHGUNS:AIF-38C_1:1:AIF-38D
[BDArmory.BDACompetitionMode:203464230]: WHOSHOTWHOWITHGUNS:AIF-38D:7:AIF-38C:4:AIF-38C_1
[BDArmory.BDACompetitionMode:203464230]: WHODAMAGEDWHOWITHGUNS:AIF-38C_1:430.2:AIF-38D
[BDArmory.BDACompetitionMode:203464230]: WHODAMAGEDWHOWITHGUNS:AIF-38D:2039.5:AIF-38C:1211.5:AIF-38C_1
[BDArmory.BDACompetitionMode:203464230]: WHOHITWHOWITHMISSILES:AIF-38D:1:AIF-38C_1
[BDArmory.BDACompetitionMode:203464230]: WHOHITWHOWITHMISSILES:AIF-38D_1:3:AIF-38C_1:2:AIF-38C
[BDArmory.BDACompetitionMode:203464230]: WHOPARTSHITWHOWITHMISSILES:AIF-38D:101:AIF-38C_1
[BDArmory.BDACompetitionMode:203464230]: WHOPARTSHITWHOWITHMISSILES:AIF-38D_1:146:AIF-38C_1:55:AIF-38C
[BDArmory.BDACompetitionMode:203464230]: WHODAMAGEDWHOWITHMISSILES:AIF-38D:1391.3:AIF-38C_1
[BDArmory.BDACompetitionMode:203464230]: WHODAMAGEDWHOWITHMISSILES:AIF-38D_1:85139.9:AIF-38C_1:4403.1:AIF-38C
[BDArmory.BDACompetitionMode:203464230]: WHODAMAGEDWHOWITHBATTLEDAMAGE:AIF-38D:100.3:AIF-38C
[BDArmory.BDACompetitionMode:203464230]: KILLSTEALGUNS:AIF-38D:AIF-38C_1
[BDArmory.BDACompetitionMode:203464230]: HEADSHOTMISSILES:AIF-38D_1:AIF-38C_1
[BDArmory.BDACompetitionMode:203464230]: HPLEFT:AIF-38C:100
[BDArmory.BDACompetitionMode:203464230]: HPLEFT:AIF-38C_1:100
[BDArmory.BDACompetitionMode:203464230]: HPLEFT:AIF-38D:0
[BDArmory.BDACompetitionMode:203464230]: HPLEFT:AIF-38D_1:0
[BDArmory.BDACompetitionMode:203464230]: ACCURACY:AIF-38C:7/149:0/0
[BDArmory.BDACompetitionMode:203464230]: ACCURACY:AIF-38C_1:4/38:0/0
[BDArmory.BDACompetitionMode:203464230]: ACCURACY:AIF-38D:1/42:0/0
[BDArmory.BDACompetitionMode:203464230]: ACCURACY:AIF-38D_1:0/0:0/0
