[BDArmory.BDACompetitionMode:203464727]: Dumping Results after -34s (of 0s) at 2026-06-12 22:01:01 -04:00
[BDArmory.BDACompetitionMode:203464727]: RESULT:Win:{"team": "AIF-38C", "members": ["AIF-38C", "AIF-38C_1"]}
[BDArmory.BDACompetitionMode:203464727]: DEADTEAMS:[{"team": "AIF-38D", "members": ["AIF-38D", "AIF-38D_1"]}]
[BDArmory.BDACompetitionMode:203464727]: MIA:AIF-38D
[BDArmory.BDACompetitionMode:203464727]: MIA:AIF-38D_1
[BDArmory.BDACompetitionMode:203464727]: MIA:AIF-38C
[BDArmory.BDACompetitionMode:203464727]: MIA:AIF-38C_1
[BDArmory.BDACompetitionMode:203464727]: WHOSHOTWHOWITHGUNS:AIF-38D:29:AIF-38C_1:8:AIF-38C
[BDArmory.BDACompetitionMode:203464727]: WHOSHOTWHOWITHGUNS:AIF-38D_1:22:AIF-38C:10:AIF-38C_1
[BDArmory.BDACompetitionMode:203464727]: WHOSHOTWHOWITHGUNS:AIF-38C_1:1:AIF-38D
[BDArmory.BDACompetitionMode:203464727]: WHODAMAGEDWHOWITHGUNS:AIF-38D:8880.6:AIF-38C_1:1979.8:AIF-38C
[BDArmory.BDACompetitionMode:203464727]: WHODAMAGEDWHOWITHGUNS:AIF-38D_1:6210.7:AIF-38C:3316.7:AIF-38C_1
[BDArmory.BDACompetitionMode:203464727]: WHODAMAGEDWHOWITHGUNS:AIF-38C_1:272.9:AIF-38D
[BDArmory.BDACompetitionMode:203464727]: WHOHITWHOWITHMISSILES:AIF-38D_1:1:AIF-38C_1
[BDArmory.BDACompetitionMode:203464727]: WHOHITWHOWITHMISSILES:AIF-38C:1:AIF-38D
[BDArmory.BDACompetitionMode:203464727]: WHOPARTSHITWHOWITHMISSILES:AIF-38D_1:94:AIF-38C_1
[BDArmory.BDACompetitionMode:203464727]: WHOPARTSHITWHOWITHMISSILES:AIF-38C:99:AIF-38D
[BDArmory.BDACompetitionMode:203464727]: WHODAMAGEDWHOWITHMISSILES:AIF-38D_1:17115.3:AIF-38C_1
[BDArmory.BDACompetitionMode:203464727]: WHODAMAGEDWHOWITHBATTLEDAMAGE:AIF-38D:39.8:AIF-38C_1:10.2:AIF-38C
[BDArmory.BDACompetitionMode:203464727]: WHODAMAGEDWHOWITHBATTLEDAMAGE:AIF-38D_1:172.6:AIF-38C:205.6:AIF-38C_1
[BDArmory.BDACompetitionMode:203464727]: HPLEFT:AIF-38D:0
[BDArmory.BDACompetitionMode:203464727]: HPLEFT:AIF-38D_1:0
[BDArmory.BDACompetitionMode:203464727]: HPLEFT:AIF-38C:100
[BDArmory.BDACompetitionMode:203464727]: HPLEFT:AIF-38C_1:0
[BDArmory.BDACompetitionMode:203464727]: ACCURACY:AIF-38D:1/73:0/0
[BDArmory.BDACompetitionMode:203464727]: ACCURACY:AIF-38D_1:0/0:0/0
[BDArmory.BDACompetitionMode:203464727]: ACCURACY:AIF-38C:30/229:0/0
[BDArmory.BDACompetitionMode:203464727]: ACCURACY:AIF-38C_1:39/220:0/0
