[BDArmory.BDACompetitionMode:203464408]: Dumping Results after -101s (of 0s) at 2026-06-12 21:55:14 -04:00
[BDArmory.BDACompetitionMode:203464408]: RESULT:Mutual Annihilation
[BDArmory.BDACompetitionMode:203464408]: DEADTEAMS:[{"team": "AIF-38C", "members": ["AIF-38C", "AIF-38C_1"]}, {"team": "AIF-38D", "members": ["AIF-38D", "AIF-38D_1"]}]
[BDArmory.BDACompetitionMode:203464408]: MIA:AIF-38C
[BDArmory.BDACompetitionMode:203464408]: MIA:AIF-38C_1
[BDArmory.BDACompetitionMode:203464408]: MIA:AIF-38D
[BDArmory.BDACompetitionMode:203464408]: MIA:AIF-38D_1
[BDArmory.BDACompetitionMode:203464408]: WHOSHOTWHOWITHGUNS:AIF-38D:3:AIF-38C
[BDArmory.BDACompetitionMode:203464408]: WHODAMAGEDWHOWITHGUNS:AIF-38D:470.7:AIF-38C
[BDArmory.BDACompetitionMode:203464408]: WHOHITWHOWITHMISSILES:AIF-38C_1:4:AIF-38D:3:AIF-38D_1
[BDArmory.BDACompetitionMode:203464408]: WHOPARTSHITWHOWITHMISSILES:AIF-38C_1:214:AIF-38D:106:AIF-38D_1
[BDArmory.BDACompetitionMode:203464408]: WHODAMAGEDWHOWITHMISSILES:AIF-38C_1:149990.4:AIF-38D:9174.9:AIF-38D_1
[BDArmory.BDACompetitionMode:203464408]: WHODAMAGEDWHOWITHBATTLEDAMAGE:AIF-38C_1:0.1:AIF-38D_1
[BDArmory.BDACompetitionMode:203464408]: HPLEFT:AIF-38C:0
[BDArmory.BDACompetitionMode:203464408]: HPLEFT:AIF-38C_1:0
[BDArmory.BDACompetitionMode:203464408]: HPLEFT:AIF-38D:0
[BDArmory.BDACompetitionMode:203464408]: HPLEFT:AIF-38D_1:0
[BDArmory.BDACompetitionMode:203464408]: ACCURACY:AIF-38C:3/32:0/0
[BDArmory.BDACompetitionMode:203464408]: ACCURACY:AIF-38C_1:0/0:0/0
[BDArmory.BDACompetitionMode:203464408]: ACCURACY:AIF-38D:0/25:0/0
[BDArmory.BDACompetitionMode:203464408]: ACCURACY:AIF-38D_1:0/0:0/0
