[BDArmory.BDACompetitionMode:203547300]: Dumping Results after 46s (of 0s) at 2026-06-13 20:56:03 -04:00
[BDArmory.BDACompetitionMode:203547300]: RESULT:Draw:[{"team": "AIF-38D R27", "members": ["AIF-38D R27", "AIF-38D R27_1"]}, {"team": "AIF-38D FRAAAANCE", "members": ["AIF-38D FRAAAANCE", "AIF-38D FRAAAANCE_1"]}]
[BDArmory.BDACompetitionMode:203547300]: DEADTEAMS:[]
[BDArmory.BDACompetitionMode:203547300]: ALIVE:AIF-38D R27
[BDArmory.BDACompetitionMode:203547300]: ALIVE:AIF-38D R27_1
[BDArmory.BDACompetitionMode:203547300]: MIA:AIF-38D FRAAAANCE
[BDArmory.BDACompetitionMode:203547300]: MIA:AIF-38D FRAAAANCE_1
[BDArmory.BDACompetitionMode:203547300]: WHOHITWHOWITHMISSILES:AIF-38D FRAAAANCE:1:AIF-38D R27:1:AIF-38D R27_1
[BDArmory.BDACompetitionMode:203547300]: WHOHITWHOWITHMISSILES:AIF-38D FRAAAANCE_1:1:AIF-38D R27:1:AIF-38D R27_1
[BDArmory.BDACompetitionMode:203547300]: WHOPARTSHITWHOWITHMISSILES:AIF-38D FRAAAANCE:100:AIF-38D R27:99:AIF-38D R27_1
[BDArmory.BDACompetitionMode:203547300]: WHOPARTSHITWHOWITHMISSILES:AIF-38D FRAAAANCE_1:96:AIF-38D R27:98:AIF-38D R27_1
[BDArmory.BDACompetitionMode:203547300]: WHODAMAGEDWHOWITHMISSILES:AIF-38D FRAAAANCE:16724.8:AIF-38D R27
[BDArmory.BDACompetitionMode:203547300]: WHODAMAGEDWHOWITHMISSILES:AIF-38D FRAAAANCE_1:102579.1:AIF-38D R27:36714.1:AIF-38D R27_1
[BDArmory.BDACompetitionMode:203547300]: HPLEFT:AIF-38D R27:100
[BDArmory.BDACompetitionMode:203547300]: HPLEFT:AIF-38D R27_1:100
[BDArmory.BDACompetitionMode:203547300]: HPLEFT:AIF-38D FRAAAANCE:38.0952380952381
[BDArmory.BDACompetitionMode:203547300]: HPLEFT:AIF-38D FRAAAANCE_1:35.2380952380952
[BDArmory.BDACompetitionMode:203547300]: ACCURACY:AIF-38D R27:0/0:0/0
[BDArmory.BDACompetitionMode:203547300]: ACCURACY:AIF-38D R27_1:0/0:0/0
[BDArmory.BDACompetitionMode:203547300]: ACCURACY:AIF-38D FRAAAANCE:0/0:0/0
[BDArmory.BDACompetitionMode:203547300]: ACCURACY:AIF-38D FRAAAANCE_1:0/0:0/0
