[BDArmory.BDACompetitionMode:203500021]: Dumping Results after 91s (of 0s) at 2026-06-13 07:49:00 -04:00
[BDArmory.BDACompetitionMode:203500021]: RESULT:Draw:[{"team": "AIF-38D FRAAAANCE", "members": ["AIF-38D FRAAAANCE", "AIF-38D FRAAAANCE_1"]}, {"team": "AIF-38D R27", "members": ["AIF-38D R27", "AIF-38D R27_1"]}]
[BDArmory.BDACompetitionMode:203500021]: DEADTEAMS:[]
[BDArmory.BDACompetitionMode:203500021]: ALIVE:AIF-38D FRAAAANCE_1
[BDArmory.BDACompetitionMode:203500021]: ALIVE:AIF-38D R27_1
[BDArmory.BDACompetitionMode:203500021]: DEAD:0:56.0:AIF-38D FRAAAANCE
[BDArmory.BDACompetitionMode:203500021]: DEAD:1:79.0:AIF-38D R27
[BDArmory.BDACompetitionMode:203500021]: WHOSHOTWHOWITHGUNS:AIF-38D FRAAAANCE_1:5:AIF-38D R27:3:AIF-38D R27_1
[BDArmory.BDACompetitionMode:203500021]: WHOSHOTWHOWITHGUNS:AIF-38D R27:11:AIF-38D FRAAAANCE_1
[BDArmory.BDACompetitionMode:203500021]: WHOSHOTWHOWITHGUNS:AIF-38D R27_1:2:AIF-38D FRAAAANCE_1
[BDArmory.BDACompetitionMode:203500021]: WHODAMAGEDWHOWITHGUNS:AIF-38D FRAAAANCE_1:1679.7:AIF-38D R27:1006.9:AIF-38D R27_1
[BDArmory.BDACompetitionMode:203500021]: WHODAMAGEDWHOWITHGUNS:AIF-38D R27:3390.2:AIF-38D FRAAAANCE_1
[BDArmory.BDACompetitionMode:203500021]: WHODAMAGEDWHOWITHGUNS:AIF-38D R27_1:1948.9:AIF-38D FRAAAANCE_1
[BDArmory.BDACompetitionMode:203500021]: WHOHITWHOWITHMISSILES:AIF-38D FRAAAANCE:2:AIF-38D R27:2:AIF-38D R27_1
[BDArmory.BDACompetitionMode:203500021]: WHOPARTSHITWHOWITHMISSILES:AIF-38D FRAAAANCE:108:AIF-38D R27:99:AIF-38D R27_1
[BDArmory.BDACompetitionMode:203500021]: WHODAMAGEDWHOWITHMISSILES:AIF-38D FRAAAANCE:30423.2:AIF-38D R27:37799.1:AIF-38D R27_1
[BDArmory.BDACompetitionMode:203500021]: WHODAMAGEDWHOWITHBATTLEDAMAGE:AIF-38D FRAAAANCE_1:119.6:AIF-38D R27
[BDArmory.BDACompetitionMode:203500021]: WHODAMAGEDWHOWITHBATTLEDAMAGE:AIF-38D R27:34.5:AIF-38D FRAAAANCE_1
[BDArmory.BDACompetitionMode:203500021]: WHODAMAGEDWHOWITHBATTLEDAMAGE:AIF-38D R27_1:94.1:AIF-38D FRAAAANCE_1
[BDArmory.BDACompetitionMode:203500021]: HEADSHOTMISSILES:AIF-38D FRAAAANCE:AIF-38D R27_1
[BDArmory.BDACompetitionMode:203500021]: CLEANKILLGUNS:AIF-38D R27:AIF-38D FRAAAANCE_1
[BDArmory.BDACompetitionMode:203500021]: HPLEFT:AIF-38D FRAAAANCE:0
[BDArmory.BDACompetitionMode:203500021]: HPLEFT:AIF-38D FRAAAANCE_1:96.1904761904762
[BDArmory.BDACompetitionMode:203500021]: HPLEFT:AIF-38D R27:0
[BDArmory.BDACompetitionMode:203500021]: HPLEFT:AIF-38D R27_1:93.3333333333333
[BDArmory.BDACompetitionMode:203500021]: ACCURACY:AIF-38D FRAAAANCE:0/0:0/0
[BDArmory.BDACompetitionMode:203500021]: ACCURACY:AIF-38D FRAAAANCE_1:13/92:0/0
[BDArmory.BDACompetitionMode:203500021]: ACCURACY:AIF-38D R27:5/32:0/0
[BDArmory.BDACompetitionMode:203500021]: ACCURACY:AIF-38D R27_1:3/93:0/0
