[BDArmory.BDACompetitionMode:203500166]: Dumping Results after 81s (of 0s) at 2026-06-13 07:51:24 -04:00
[BDArmory.BDACompetitionMode:203500166]: RESULT:Win:{"team": "AIF-38D R27", "members": ["AIF-38D R27", "AIF-38D R27_1"]}
[BDArmory.BDACompetitionMode:203500166]: DEADTEAMS:[{"team": "AIF-38D FRAAAANCE", "members": ["AIF-38D FRAAAANCE", "AIF-38D FRAAAANCE_1"]}]
[BDArmory.BDACompetitionMode:203500166]: ALIVE:AIF-38D R27
[BDArmory.BDACompetitionMode:203500166]: ALIVE:AIF-38D R27_1
[BDArmory.BDACompetitionMode:203500166]: DEAD:0:74.0:AIF-38D FRAAAANCE
[BDArmory.BDACompetitionMode:203500166]: DEAD:1:80.0:AIF-38D FRAAAANCE_1
[BDArmory.BDACompetitionMode:203500166]: WHOSHOTWHOWITHGUNS:AIF-38D R27_1:1:AIF-38D FRAAAANCE_1:1:AIF-38D FRAAAANCE
[BDArmory.BDACompetitionMode:203500166]: WHOSHOTWHOWITHGUNS:AIF-38D FRAAAANCE:11:AIF-38D R27
[BDArmory.BDACompetitionMode:203500166]: WHOSHOTWHOWITHGUNS:AIF-38D FRAAAANCE_1:19:AIF-38D R27_1
[BDArmory.BDACompetitionMode:203500166]: WHODAMAGEDWHOWITHGUNS:AIF-38D R27_1:576.2:AIF-38D FRAAAANCE_1:439.8:AIF-38D FRAAAANCE
[BDArmory.BDACompetitionMode:203500166]: WHODAMAGEDWHOWITHGUNS:AIF-38D FRAAAANCE:2619.0:AIF-38D R27
[BDArmory.BDACompetitionMode:203500166]: WHODAMAGEDWHOWITHGUNS:AIF-38D FRAAAANCE_1:4896.3:AIF-38D R27_1
[BDArmory.BDACompetitionMode:203500166]: WHOHITWHOWITHMISSILES:AIF-38D FRAAAANCE_1:1:AIF-38D R27_1
[BDArmory.BDACompetitionMode:203500166]: WHOPARTSHITWHOWITHMISSILES:AIF-38D FRAAAANCE_1:94:AIF-38D R27_1
[BDArmory.BDACompetitionMode:203500166]: WHODAMAGEDWHOWITHMISSILES:AIF-38D FRAAAANCE_1:40109.8:AIF-38D R27_1
[BDArmory.BDACompetitionMode:203500166]: WHODAMAGEDWHOWITHBATTLEDAMAGE:AIF-38D R27_1:50.1:AIF-38D FRAAAANCE_1
[BDArmory.BDACompetitionMode:203500166]: WHODAMAGEDWHOWITHBATTLEDAMAGE:AIF-38D FRAAAANCE:2.2:AIF-38D R27
[BDArmory.BDACompetitionMode:203500166]: WHODAMAGEDWHOWITHBATTLEDAMAGE:AIF-38D FRAAAANCE_1:4.7:AIF-38D R27_1
[BDArmory.BDACompetitionMode:203500166]: CLEANKILLGUNS:AIF-38D FRAAAANCE:AIF-38D R27
[BDArmory.BDACompetitionMode:203500166]: CLEANKILLGUNS:AIF-38D FRAAAANCE_1:AIF-38D R27_1
[BDArmory.BDACompetitionMode:203500166]: HPLEFT:AIF-38D R27:100
[BDArmory.BDACompetitionMode:203500166]: HPLEFT:AIF-38D R27_1:97.1428571428571
[BDArmory.BDACompetitionMode:203500166]: HPLEFT:AIF-38D FRAAAANCE:0
[BDArmory.BDACompetitionMode:203500166]: HPLEFT:AIF-38D FRAAAANCE_1:0
[BDArmory.BDACompetitionMode:203500166]: ACCURACY:AIF-38D R27:11/42:0/0
[BDArmory.BDACompetitionMode:203500166]: ACCURACY:AIF-38D R27_1:19/50:0/0
[BDArmory.BDACompetitionMode:203500166]: ACCURACY:AIF-38D FRAAAANCE:1/86:0/0
[BDArmory.BDACompetitionMode:203500166]: ACCURACY:AIF-38D FRAAAANCE_1:1/60:0/0
