[BDArmory.BDACompetitionMode:203547390]: Dumping Results after 98s (of 0s) at 2026-06-13 20:58:43 -04:00
[BDArmory.BDACompetitionMode:203547390]: RESULT:Draw:[{"team": "AIF-38D FRAAAANCE", "members": ["AIF-38D FRAAAANCE", "AIF-38D FRAAAANCE_1"]}, {"team": "AIF-38D R27", "members": ["AIF-38D R27", "AIF-38D R27_1"]}]
[BDArmory.BDACompetitionMode:203547390]: DEADTEAMS:[]
[BDArmory.BDACompetitionMode:203547390]: ALIVE:AIF-38D FRAAAANCE
[BDArmory.BDACompetitionMode:203547390]: ALIVE:AIF-38D R27
[BDArmory.BDACompetitionMode:203547390]: DEAD:1:94.0:AIF-38D FRAAAANCE_1
[BDArmory.BDACompetitionMode:203547390]: DEAD:0:93.0:AIF-38D R27_1
[BDArmory.BDACompetitionMode:203547390]: WHOSHOTWHOWITHGUNS:AIF-38D R27_1:24:AIF-38D FRAAAANCE_1:16:AIF-38D FRAAAANCE
[BDArmory.BDACompetitionMode:203547390]: WHODAMAGEDWHOWITHGUNS:AIF-38D R27_1:8169.7:AIF-38D FRAAAANCE_1:3639.6:AIF-38D FRAAAANCE
[BDArmory.BDACompetitionMode:203547390]: WHOHITWHOWITHMISSILES:AIF-38D FRAAAANCE:1:AIF-38D R27_1
[BDArmory.BDACompetitionMode:203547390]: WHOHITWHOWITHMISSILES:AIF-38D R27:1:AIF-38D FRAAAANCE
[BDArmory.BDACompetitionMode:203547390]: WHOHITWHOWITHMISSILES:AIF-38D R27_1:1:AIF-38D FRAAAANCE_1
[BDArmory.BDACompetitionMode:203547390]: WHOPARTSHITWHOWITHMISSILES:AIF-38D FRAAAANCE:95:AIF-38D R27_1
[BDArmory.BDACompetitionMode:203547390]: WHOPARTSHITWHOWITHMISSILES:AIF-38D R27:97:AIF-38D FRAAAANCE
[BDArmory.BDACompetitionMode:203547390]: WHOPARTSHITWHOWITHMISSILES:AIF-38D R27_1:99:AIF-38D FRAAAANCE_1
[BDArmory.BDACompetitionMode:203547390]: WHODAMAGEDWHOWITHMISSILES:AIF-38D FRAAAANCE:10147.4:AIF-38D R27_1
[BDArmory.BDACompetitionMode:203547390]: WHODAMAGEDWHOWITHMISSILES:AIF-38D R27:17341.3:AIF-38D FRAAAANCE
[BDArmory.BDACompetitionMode:203547390]: WHODAMAGEDWHOWITHMISSILES:AIF-38D R27_1:7585.8:AIF-38D FRAAAANCE_1
[BDArmory.BDACompetitionMode:203547390]: WHODAMAGEDWHOWITHBATTLEDAMAGE:AIF-38D R27:58.8:AIF-38D FRAAAANCE
[BDArmory.BDACompetitionMode:203547390]: WHODAMAGEDWHOWITHBATTLEDAMAGE:AIF-38D R27_1:326.5:AIF-38D FRAAAANCE_1:198.6:AIF-38D FRAAAANCE
[BDArmory.BDACompetitionMode:203547390]: HPLEFT:AIF-38D FRAAAANCE:88.5714285714286
[BDArmory.BDACompetitionMode:203547390]: HPLEFT:AIF-38D FRAAAANCE_1:0
[BDArmory.BDACompetitionMode:203547390]: HPLEFT:AIF-38D R27:86.6666666666667
[BDArmory.BDACompetitionMode:203547390]: HPLEFT:AIF-38D R27_1:0
[BDArmory.BDACompetitionMode:203547390]: ACCURACY:AIF-38D FRAAAANCE:16/339:0/0
[BDArmory.BDACompetitionMode:203547390]: ACCURACY:AIF-38D FRAAAANCE_1:24/431:0/0
[BDArmory.BDACompetitionMode:203547390]: ACCURACY:AIF-38D R27:0/0:0/0
[BDArmory.BDACompetitionMode:203547390]: ACCURACY:AIF-38D R27_1:0/0:0/0
