[BDArmory.BDACompetitionMode:203547607]: Dumping Results after 87s (of 0s) at 2026-06-13 21:03:12 -04:00
[BDArmory.BDACompetitionMode:203547607]: RESULT:Draw:[{"team": "AIF-38D FRAAAANCE", "members": ["AIF-38D FRAAAANCE", "AIF-38D FRAAAANCE_1"]}, {"team": "AIF-38D R27", "members": ["AIF-38D R27", "AIF-38D R27_1"]}]
[BDArmory.BDACompetitionMode:203547607]: DEADTEAMS:[]
[BDArmory.BDACompetitionMode:203547607]: DEAD:0:75.0:AIF-38D FRAAAANCE
[BDArmory.BDACompetitionMode:203547607]: MIA:AIF-38D FRAAAANCE_1
[BDArmory.BDACompetitionMode:203547607]: MIA:AIF-38D R27
[BDArmory.BDACompetitionMode:203547607]: MIA:AIF-38D R27_1
[BDArmory.BDACompetitionMode:203547607]: WHOSHOTWHOWITHGUNS:AIF-38D R27:23:AIF-38D FRAAAANCE_1
[BDArmory.BDACompetitionMode:203547607]: WHODAMAGEDWHOWITHGUNS:AIF-38D R27:9241.9:AIF-38D FRAAAANCE_1
[BDArmory.BDACompetitionMode:203547607]: WHOHITWHOWITHMISSILES:AIF-38D FRAAAANCE:1:AIF-38D R27:1:AIF-38D R27_1
[BDArmory.BDACompetitionMode:203547607]: WHOHITWHOWITHMISSILES:AIF-38D FRAAAANCE_1:1:AIF-38D R27_1
[BDArmory.BDACompetitionMode:203547607]: WHOHITWHOWITHMISSILES:AIF-38D R27_1:2:AIF-38D FRAAAANCE_1:2:AIF-38D FRAAAANCE
[BDArmory.BDACompetitionMode:203547607]: WHOPARTSHITWHOWITHMISSILES:AIF-38D FRAAAANCE:83:AIF-38D R27:5:AIF-38D R27_1
[BDArmory.BDACompetitionMode:203547607]: WHOPARTSHITWHOWITHMISSILES:AIF-38D FRAAAANCE_1:95:AIF-38D R27_1
[BDArmory.BDACompetitionMode:203547607]: WHOPARTSHITWHOWITHMISSILES:AIF-38D R27_1:169:AIF-38D FRAAAANCE_1:190:AIF-38D FRAAAANCE
[BDArmory.BDACompetitionMode:203547607]: WHODAMAGEDWHOWITHMISSILES:AIF-38D FRAAAANCE:40148.7:AIF-38D R27:1125.9:AIF-38D R27_1
[BDArmory.BDACompetitionMode:203547607]: WHODAMAGEDWHOWITHMISSILES:AIF-38D FRAAAANCE_1:49860.5:AIF-38D R27_1
[BDArmory.BDACompetitionMode:203547607]: WHODAMAGEDWHOWITHMISSILES:AIF-38D R27_1:12475.5:AIF-38D FRAAAANCE_1:12607.0:AIF-38D FRAAAANCE
[BDArmory.BDACompetitionMode:203547607]: WHODAMAGEDWHOWITHBATTLEDAMAGE:AIF-38D FRAAAANCE:0.2:AIF-38D R27
[BDArmory.BDACompetitionMode:203547607]: WHODAMAGEDWHOWITHBATTLEDAMAGE:AIF-38D R27:384.3:AIF-38D FRAAAANCE_1
[BDArmory.BDACompetitionMode:203547607]: HEADSHOTMISSILES:AIF-38D FRAAAANCE:AIF-38D R27_1
[BDArmory.BDACompetitionMode:203547607]: HPLEFT:AIF-38D FRAAAANCE:0
[BDArmory.BDACompetitionMode:203547607]: HPLEFT:AIF-38D FRAAAANCE_1:22.8571428571429
[BDArmory.BDACompetitionMode:203547607]: HPLEFT:AIF-38D R27:66.6666666666667
[BDArmory.BDACompetitionMode:203547607]: HPLEFT:AIF-38D R27_1:24.7619047619048
[BDArmory.BDACompetitionMode:203547607]: ACCURACY:AIF-38D FRAAAANCE:0/7:0/0
[BDArmory.BDACompetitionMode:203547607]: ACCURACY:AIF-38D FRAAAANCE_1:23/114:0/0
[BDArmory.BDACompetitionMode:203547607]: ACCURACY:AIF-38D R27:0/83:0/0
[BDArmory.BDACompetitionMode:203547607]: ACCURACY:AIF-38D R27_1:0/0:0/0
