[BDArmory.BDACompetitionMode:203818179]: Dumping Results after 51s (of 0s) at 2026-06-17 00:10:38 -04:00
[BDArmory.BDACompetitionMode:203818179]: RESULT:Draw:[{"team": "AIF-38D1", "members": ["AIF-38D1", "AIF-38D1_1"]}, {"team": "AL-68 Proleska Comet", "members": ["AL-68 Proleska Comet", "AL-68 Proleska Comet_1"]}]
[BDArmory.BDACompetitionMode:203818179]: DEADTEAMS:[]
[BDArmory.BDACompetitionMode:203818179]: ALIVE:AIF-38D1_1
[BDArmory.BDACompetitionMode:203818179]: ALIVE:AL-68 Proleska Comet
[BDArmory.BDACompetitionMode:203818179]: ALIVE:AL-68 Proleska Comet_1
[BDArmory.BDACompetitionMode:203818179]: MIA:AIF-38D1
[BDArmory.BDACompetitionMode:203818179]: WHOHITWHOWITHMISSILES:AIF-38D1:1:AL-68 Proleska Comet
[BDArmory.BDACompetitionMode:203818179]: WHOHITWHOWITHMISSILES:AIF-38D1_1:1:AL-68 Proleska Comet
[BDArmory.BDACompetitionMode:203818179]: WHOHITWHOWITHMISSILES:AL-68 Proleska Comet:1:AIF-38D1_1
[BDArmory.BDACompetitionMode:203818179]: WHOHITWHOWITHMISSILES:AL-68 Proleska Comet_1:1:AIF-38D1_1
[BDArmory.BDACompetitionMode:203818179]: WHOPARTSHITWHOWITHMISSILES:AIF-38D1:103:AL-68 Proleska Comet
[BDArmory.BDACompetitionMode:203818179]: WHOPARTSHITWHOWITHMISSILES:AIF-38D1_1:101:AL-68 Proleska Comet
[BDArmory.BDACompetitionMode:203818179]: WHOPARTSHITWHOWITHMISSILES:AL-68 Proleska Comet:92:AIF-38D1_1
[BDArmory.BDACompetitionMode:203818179]: WHOPARTSHITWHOWITHMISSILES:AL-68 Proleska Comet_1:4:AIF-38D1_1
[BDArmory.BDACompetitionMode:203818179]: WHODAMAGEDWHOWITHMISSILES:AIF-38D1:32221.2:AL-68 Proleska Comet
[BDArmory.BDACompetitionMode:203818179]: WHODAMAGEDWHOWITHMISSILES:AL-68 Proleska Comet_1:457.3:AIF-38D1_1
[BDArmory.BDACompetitionMode:203818179]: WHODAMAGEDWHOWITHBATTLEDAMAGE:AIF-38D1:21064.7:AL-68 Proleska Comet
[BDArmory.BDACompetitionMode:203818179]: HPLEFT:AIF-38D1:51.4285714285714
[BDArmory.BDACompetitionMode:203818179]: HPLEFT:AIF-38D1_1:100
[BDArmory.BDACompetitionMode:203818179]: HPLEFT:AL-68 Proleska Comet:97.8021978021978
[BDArmory.BDACompetitionMode:203818179]: HPLEFT:AL-68 Proleska Comet_1:97.8021978021978
[BDArmory.BDACompetitionMode:203818179]: ACCURACY:AIF-38D1:0/0:0/0
[BDArmory.BDACompetitionMode:203818179]: ACCURACY:AIF-38D1_1:0/0:0/0
[BDArmory.BDACompetitionMode:203818179]: ACCURACY:AL-68 Proleska Comet:0/0:0/0
[BDArmory.BDACompetitionMode:203818179]: ACCURACY:AL-68 Proleska Comet_1:0/0:0/0
