[BDArmory.BDACompetitionMode:203811350]: Dumping Results after 193s (of 0s) at 2026-06-16 22:19:08 -04:00
[BDArmory.BDACompetitionMode:203811350]: RESULT:Win:{"team": "AIF-38D1", "members": ["AIF-38D1"]}
[BDArmory.BDACompetitionMode:203811350]: DEADTEAMS:[{"team": "AIF-38D FRAAAANCE", "members": ["AIF-38D FRAAAANCE"]}]
[BDArmory.BDACompetitionMode:203811350]: ALIVE:AIF-38D1
[BDArmory.BDACompetitionMode:203811350]: DEAD:0:188.0:AIF-38D FRAAAANCE
[BDArmory.BDACompetitionMode:203811350]: WHOSHOTWHOWITHGUNS:AIF-38D1:148:AIF-38D FRAAAANCE
[BDArmory.BDACompetitionMode:203811350]: WHOSHOTWHOWITHGUNS:AIF-38D FRAAAANCE:246:AIF-38D1
[BDArmory.BDACompetitionMode:203811350]: WHODAMAGEDWHOWITHGUNS:AIF-38D1:2168.8:AIF-38D FRAAAANCE
[BDArmory.BDACompetitionMode:203811350]: WHODAMAGEDWHOWITHGUNS:AIF-38D FRAAAANCE:3556.2:AIF-38D1
[BDArmory.BDACompetitionMode:203811350]: WHOHITWHOWITHMISSILES:AIF-38D1:2:AIF-38D FRAAAANCE
[BDArmory.BDACompetitionMode:203811350]: WHOHITWHOWITHMISSILES:AIF-38D FRAAAANCE:4:AIF-38D1
[BDArmory.BDACompetitionMode:203811350]: WHOPARTSHITWHOWITHMISSILES:AIF-38D1:197:AIF-38D FRAAAANCE
[BDArmory.BDACompetitionMode:203811350]: WHOPARTSHITWHOWITHMISSILES:AIF-38D FRAAAANCE:395:AIF-38D1
[BDArmory.BDACompetitionMode:203811350]: WHODAMAGEDWHOWITHBATTLEDAMAGE:AIF-38D1:200.4:AIF-38D FRAAAANCE
[BDArmory.BDACompetitionMode:203811350]: WHODAMAGEDWHOWITHBATTLEDAMAGE:AIF-38D FRAAAANCE:70.3:AIF-38D1
[BDArmory.BDACompetitionMode:203811350]: CLEANKILLGUNS:AIF-38D FRAAAANCE:AIF-38D1
[BDArmory.BDACompetitionMode:203811350]: HPLEFT:AIF-38D1:98.0952380952381
[BDArmory.BDACompetitionMode:203811350]: HPLEFT:AIF-38D FRAAAANCE:0
[BDArmory.BDACompetitionMode:203811350]: ACCURACY:AIF-38D1:246/1027:0/0
[BDArmory.BDACompetitionMode:203811350]: ACCURACY:AIF-38D FRAAAANCE:148/1051:0/0
