[BDArmory.BDACompetitionMode:203818345]: Dumping Results after 71s (of 0s) at 2026-06-17 00:13:45 -04:00
[BDArmory.BDACompetitionMode:203818345]: RESULT:Win:{"team": "AIF-38D1", "members": ["AIF-38D1", "AIF-38D1_1"]}
[BDArmory.BDACompetitionMode:203818345]: DEADTEAMS:[{"team": "AL-68 Proleska Comet", "members": ["AL-68 Proleska Comet", "AL-68 Proleska Comet_1"]}]
[BDArmory.BDACompetitionMode:203818345]: ALIVE:AIF-38D1
[BDArmory.BDACompetitionMode:203818345]: ALIVE:AIF-38D1_1
[BDArmory.BDACompetitionMode:203818345]: DEAD:0:41.0:AL-68 Proleska Comet
[BDArmory.BDACompetitionMode:203818345]: DEAD:1:41.0:AL-68 Proleska Comet_1
[BDArmory.BDACompetitionMode:203818345]: WHOHITWHOWITHMISSILES:AL-68 Proleska Comet:1:AIF-38D1_1
[BDArmory.BDACompetitionMode:203818345]: WHOHITWHOWITHMISSILES:AL-68 Proleska Comet_1:1:AIF-38D1
[BDArmory.BDACompetitionMode:203818345]: WHOPARTSHITWHOWITHMISSILES:AL-68 Proleska Comet:92:AIF-38D1_1
[BDArmory.BDACompetitionMode:203818345]: WHOPARTSHITWHOWITHMISSILES:AL-68 Proleska Comet_1:88:AIF-38D1
[BDArmory.BDACompetitionMode:203818345]: WHODAMAGEDWHOWITHMISSILES:AL-68 Proleska Comet:75969.7:AIF-38D1_1
[BDArmory.BDACompetitionMode:203818345]: WHODAMAGEDWHOWITHMISSILES:AL-68 Proleska Comet_1:53606.1:AIF-38D1
[BDArmory.BDACompetitionMode:203818345]: WHODAMAGEDWHOWITHBATTLEDAMAGE:AL-68 Proleska Comet:0.1:AIF-38D1_1
[BDArmory.BDACompetitionMode:203818345]: CLEANKILLMISSILES:AL-68 Proleska Comet:AIF-38D1_1
[BDArmory.BDACompetitionMode:203818345]: CLEANKILLMISSILES:AL-68 Proleska Comet_1:AIF-38D1
[BDArmory.BDACompetitionMode:203818345]: HPLEFT:AIF-38D1:100
[BDArmory.BDACompetitionMode:203818345]: HPLEFT:AIF-38D1_1:100
[BDArmory.BDACompetitionMode:203818345]: HPLEFT:AL-68 Proleska Comet:0
[BDArmory.BDACompetitionMode:203818345]: HPLEFT:AL-68 Proleska Comet_1:0
[BDArmory.BDACompetitionMode:203818345]: ACCURACY:AIF-38D1:0/0:0/0
[BDArmory.BDACompetitionMode:203818345]: ACCURACY:AIF-38D1_1:0/0:0/0
[BDArmory.BDACompetitionMode:203818345]: ACCURACY:AL-68 Proleska Comet:0/0:0/0
[BDArmory.BDACompetitionMode:203818345]: ACCURACY:AL-68 Proleska Comet_1:0/0:0/0
