[BDArmory.BDACompetitionMode:204939659]: Dumping Results after 68s (of 0s) at 2026-06-29 23:43:35 -04:00
[BDArmory.BDACompetitionMode:204939659]: RESULT:Win:{"team": "AIF-38D2", "members": ["AIF-38D2", "AIF-38D2_1", "AIF-38D2_2"]}
[BDArmory.BDACompetitionMode:204939659]: DEADTEAMS:[{"team": "XF-43", "members": ["XF-43", "XF-43_1", "XF-43_2"]}]
[BDArmory.BDACompetitionMode:204939659]: ALIVE:AIF-38D2
[BDArmory.BDACompetitionMode:204939659]: ALIVE:AIF-38D2_2
[BDArmory.BDACompetitionMode:204939659]: DEAD:0:38.0:XF-43
[BDArmory.BDACompetitionMode:204939659]: DEAD:1:38.0:XF-43_1
[BDArmory.BDACompetitionMode:204939659]: DEAD:2:65.0:XF-43_2
[BDArmory.BDACompetitionMode:204939659]: MIA:AIF-38D2_1
[BDArmory.BDACompetitionMode:204939659]: WHOSHOTWHOWITHGUNS:XF-43_2:1:AIF-38D2_2
[BDArmory.BDACompetitionMode:204939659]: WHODAMAGEDWHOWITHGUNS:XF-43_2:112.5:AIF-38D2_2
[BDArmory.BDACompetitionMode:204939659]: WHOHITWHOWITHMISSILES:XF-43:1:AIF-38D2:1:AIF-38D2_2
[BDArmory.BDACompetitionMode:204939659]: WHOHITWHOWITHMISSILES:XF-43_1:1:AIF-38D2:1:AIF-38D2_1
[BDArmory.BDACompetitionMode:204939659]: WHOHITWHOWITHMISSILES:XF-43_2:1:AIF-38D2:1:AIF-38D2_1:1:AIF-38D2_2
[BDArmory.BDACompetitionMode:204939659]: WHOHITWHOWITHMISSILES:AIF-38D2_1:1:XF-43_2
[BDArmory.BDACompetitionMode:204939659]: WHOPARTSHITWHOWITHMISSILES:XF-43:105:AIF-38D2:43:AIF-38D2_2
[BDArmory.BDACompetitionMode:204939659]: WHOPARTSHITWHOWITHMISSILES:XF-43_1:103:AIF-38D2:77:AIF-38D2_1
[BDArmory.BDACompetitionMode:204939659]: WHOPARTSHITWHOWITHMISSILES:XF-43_2:102:AIF-38D2:76:AIF-38D2_1:60:AIF-38D2_2
[BDArmory.BDACompetitionMode:204939659]: WHOPARTSHITWHOWITHMISSILES:AIF-38D2_1:89:XF-43_2
[BDArmory.BDACompetitionMode:204939659]: WHODAMAGEDWHOWITHMISSILES:XF-43:77707.8:AIF-38D2:58529.2:AIF-38D2_2
[BDArmory.BDACompetitionMode:204939659]: WHODAMAGEDWHOWITHMISSILES:XF-43_1:57381.8:AIF-38D2:18015.7:AIF-38D2_1
[BDArmory.BDACompetitionMode:204939659]: WHODAMAGEDWHOWITHMISSILES:XF-43_2:20615.3:AIF-38D2:35575.5:AIF-38D2_1:27291.5:AIF-38D2_2
[BDArmory.BDACompetitionMode:204939659]: WHODAMAGEDWHOWITHMISSILES:AIF-38D2_1:46024.3:XF-43_2
[BDArmory.BDACompetitionMode:204939659]: WHODAMAGEDWHOWITHBATTLEDAMAGE:XF-43:8231.9:AIF-38D2_2
[BDArmory.BDACompetitionMode:204939659]: WHODAMAGEDWHOWITHBATTLEDAMAGE:XF-43_1:18536.9:AIF-38D2_1
[BDArmory.BDACompetitionMode:204939659]: WHODAMAGEDWHOWITHBATTLEDAMAGE:XF-43_2:0.1:AIF-38D2:14432.1:AIF-38D2_2
[BDArmory.BDACompetitionMode:204939659]: KILLSTEALMISSILES:XF-43:AIF-38D2_2
[BDArmory.BDACompetitionMode:204939659]: KILLSTEALMISSILES:XF-43_1:AIF-38D2_1
[BDArmory.BDACompetitionMode:204939659]: HEADSHOTGUNS:XF-43_2:AIF-38D2_2
[BDArmory.BDACompetitionMode:204939659]: HPLEFT:XF-43:0
[BDArmory.BDACompetitionMode:204939659]: HPLEFT:XF-43_1:0
[BDArmory.BDACompetitionMode:204939659]: HPLEFT:XF-43_2:0
[BDArmory.BDACompetitionMode:204939659]: HPLEFT:AIF-38D2:100
[BDArmory.BDACompetitionMode:204939659]: HPLEFT:AIF-38D2_1:26.6666666666667
[BDArmory.BDACompetitionMode:204939659]: HPLEFT:AIF-38D2_2:100
[BDArmory.BDACompetitionMode:204939659]: ACCURACY:XF-43:0/0:0/0
[BDArmory.BDACompetitionMode:204939659]: ACCURACY:XF-43_1:0/0:0/0
[BDArmory.BDACompetitionMode:204939659]: ACCURACY:XF-43_2:0/0:0/0
[BDArmory.BDACompetitionMode:204939659]: ACCURACY:AIF-38D2:0/0:0/0
[BDArmory.BDACompetitionMode:204939659]: ACCURACY:AIF-38D2_1:0/0:0/0
[BDArmory.BDACompetitionMode:204939659]: ACCURACY:AIF-38D2_2:1/16:0/0
