[BDArmory.BDACompetitionMode:204939865]: Dumping Results after 45s (of 0s) at 2026-06-29 23:46:12 -04:00
[BDArmory.BDACompetitionMode:204939865]: RESULT:Draw:[{"team": "AIF-38D2", "members": ["AIF-38D2", "AIF-38D2_1", "AIF-38D2_2"]}, {"team": "XF-43", "members": ["XF-43", "XF-43_1", "XF-43_2"]}]
[BDArmory.BDACompetitionMode:204939865]: DEADTEAMS:[]
[BDArmory.BDACompetitionMode:204939865]: ALIVE:AIF-38D2
[BDArmory.BDACompetitionMode:204939865]: ALIVE:AIF-38D2_1
[BDArmory.BDACompetitionMode:204939865]: ALIVE:AIF-38D2_2
[BDArmory.BDACompetitionMode:204939865]: MIA:XF-43
[BDArmory.BDACompetitionMode:204939865]: MIA:XF-43_1
[BDArmory.BDACompetitionMode:204939865]: DEAD:0:37.0:XF-43_2
[BDArmory.BDACompetitionMode:204939865]: WHOHITWHOWITHMISSILES:XF-43:1:AIF-38D2_2:1:AIF-38D2:1:AIF-38D2_1
[BDArmory.BDACompetitionMode:204939865]: WHOHITWHOWITHMISSILES:XF-43_1:1:AIF-38D2
[BDArmory.BDACompetitionMode:204939865]: WHOHITWHOWITHMISSILES:XF-43_2:1:AIF-38D2_1:1:AIF-38D2_2
[BDArmory.BDACompetitionMode:204939865]: WHOPARTSHITWHOWITHMISSILES:XF-43:109:AIF-38D2_2:23:AIF-38D2:13:AIF-38D2_1
[BDArmory.BDACompetitionMode:204939865]: WHOPARTSHITWHOWITHMISSILES:XF-43_1:108:AIF-38D2
[BDArmory.BDACompetitionMode:204939865]: WHOPARTSHITWHOWITHMISSILES:XF-43_2:107:AIF-38D2_1:103:AIF-38D2_2
[BDArmory.BDACompetitionMode:204939865]: WHODAMAGEDWHOWITHMISSILES:XF-43:134563.8:AIF-38D2_2:6920.0:AIF-38D2:11555.8:AIF-38D2_1
[BDArmory.BDACompetitionMode:204939865]: WHODAMAGEDWHOWITHMISSILES:XF-43_1:52343.3:AIF-38D2
[BDArmory.BDACompetitionMode:204939865]: WHODAMAGEDWHOWITHMISSILES:XF-43_2:26238.4:AIF-38D2_1
[BDArmory.BDACompetitionMode:204939865]: WHODAMAGEDWHOWITHBATTLEDAMAGE:XF-43:27756.0:AIF-38D2_2
[BDArmory.BDACompetitionMode:204939865]: WHODAMAGEDWHOWITHBATTLEDAMAGE:XF-43_2:16565.2:AIF-38D2_1
[BDArmory.BDACompetitionMode:204939865]: KILLSTEALMISSILES:XF-43_2:AIF-38D2_2
[BDArmory.BDACompetitionMode:204939865]: HPLEFT:AIF-38D2:100
[BDArmory.BDACompetitionMode:204939865]: HPLEFT:AIF-38D2_1:100
[BDArmory.BDACompetitionMode:204939865]: HPLEFT:AIF-38D2_2:100
[BDArmory.BDACompetitionMode:204939865]: HPLEFT:XF-43:11.4035087719298
[BDArmory.BDACompetitionMode:204939865]: HPLEFT:XF-43_1:41.2280701754386
[BDArmory.BDACompetitionMode:204939865]: HPLEFT:XF-43_2:0
[BDArmory.BDACompetitionMode:204939865]: ACCURACY:AIF-38D2:0/0:0/0
[BDArmory.BDACompetitionMode:204939865]: ACCURACY:AIF-38D2_1:0/0:0/0
[BDArmory.BDACompetitionMode:204939865]: ACCURACY:AIF-38D2_2:0/0:0/0
[BDArmory.BDACompetitionMode:204939865]: ACCURACY:XF-43:0/0:0/0
[BDArmory.BDACompetitionMode:204939865]: ACCURACY:XF-43_1:0/0:0/0
[BDArmory.BDACompetitionMode:204939865]: ACCURACY:XF-43_2:0/0:0/0
