[BDArmory.BDACompetitionMode:204939519]: Dumping Results after 44s (of 0s) at 2026-06-29 23:40:09 -04:00
[BDArmory.BDACompetitionMode:204939519]: RESULT:Draw:[{"team": "AIF-38D2", "members": ["AIF-38D2", "AIF-38D2_1", "AIF-38D2_2"]}, {"team": "XF-43", "members": ["XF-43", "XF-43_1", "XF-43_2"]}]
[BDArmory.BDACompetitionMode:204939519]: DEADTEAMS:[]
[BDArmory.BDACompetitionMode:204939519]: ALIVE:AIF-38D2
[BDArmory.BDACompetitionMode:204939519]: MIA:AIF-38D2_1
[BDArmory.BDACompetitionMode:204939519]: MIA:AIF-38D2_2
[BDArmory.BDACompetitionMode:204939519]: MIA:XF-43
[BDArmory.BDACompetitionMode:204939519]: DEAD:0:37.0:XF-43_1
[BDArmory.BDACompetitionMode:204939519]: MIA:XF-43_2
[BDArmory.BDACompetitionMode:204939519]: WHOHITWHOWITHMISSILES:AIF-38D2_1:1:XF-43:1:XF-43_1:1:XF-43_2
[BDArmory.BDACompetitionMode:204939519]: WHOHITWHOWITHMISSILES:AIF-38D2_2:1:XF-43:1:XF-43_2:1:XF-43_1
[BDArmory.BDACompetitionMode:204939519]: WHOHITWHOWITHMISSILES:XF-43:1:AIF-38D2_2:1:AIF-38D2
[BDArmory.BDACompetitionMode:204939519]: WHOHITWHOWITHMISSILES:XF-43_1:1:AIF-38D2
[BDArmory.BDACompetitionMode:204939519]: WHOHITWHOWITHMISSILES:XF-43_2:1:AIF-38D2
[BDArmory.BDACompetitionMode:204939519]: WHOPARTSHITWHOWITHMISSILES:AIF-38D2_1:97:XF-43:37:XF-43_1:31:XF-43_2
[BDArmory.BDACompetitionMode:204939519]: WHOPARTSHITWHOWITHMISSILES:AIF-38D2_2:100:XF-43:77:XF-43_2:75:XF-43_1
[BDArmory.BDACompetitionMode:204939519]: WHOPARTSHITWHOWITHMISSILES:XF-43:103:AIF-38D2_2:43:AIF-38D2
[BDArmory.BDACompetitionMode:204939519]: WHOPARTSHITWHOWITHMISSILES:XF-43_1:105:AIF-38D2
[BDArmory.BDACompetitionMode:204939519]: WHOPARTSHITWHOWITHMISSILES:XF-43_2:101:AIF-38D2
[BDArmory.BDACompetitionMode:204939519]: WHODAMAGEDWHOWITHMISSILES:AIF-38D2_1:54105.3:XF-43:23604.1:XF-43_1:16623.6:XF-43_2
[BDArmory.BDACompetitionMode:204939519]: WHODAMAGEDWHOWITHMISSILES:AIF-38D2_2:50476.2:XF-43:56743.5:XF-43_2:13543.8:XF-43_1
[BDArmory.BDACompetitionMode:204939519]: WHODAMAGEDWHOWITHMISSILES:XF-43:153624.2:AIF-38D2_2:16238.9:AIF-38D2
[BDArmory.BDACompetitionMode:204939519]: WHODAMAGEDWHOWITHMISSILES:XF-43_1:163686.5:AIF-38D2
[BDArmory.BDACompetitionMode:204939519]: WHODAMAGEDWHOWITHMISSILES:XF-43_2:133528.7:AIF-38D2
[BDArmory.BDACompetitionMode:204939519]: WHODAMAGEDWHOWITHBATTLEDAMAGE:XF-43_1:26231.1:AIF-38D2
[BDArmory.BDACompetitionMode:204939519]: CLEANKILLMISSILES:XF-43_1:AIF-38D2
[BDArmory.BDACompetitionMode:204939519]: HPLEFT:AIF-38D2:100
[BDArmory.BDACompetitionMode:204939519]: HPLEFT:AIF-38D2_1:16.1904761904762
[BDArmory.BDACompetitionMode:204939519]: HPLEFT:AIF-38D2_2:46.6666666666667
[BDArmory.BDACompetitionMode:204939519]: HPLEFT:XF-43:36.8421052631579
[BDArmory.BDACompetitionMode:204939519]: HPLEFT:XF-43_1:0
[BDArmory.BDACompetitionMode:204939519]: HPLEFT:XF-43_2:42.1052631578947
[BDArmory.BDACompetitionMode:204939519]: ACCURACY:AIF-38D2:0/0:0/0
[BDArmory.BDACompetitionMode:204939519]: ACCURACY:AIF-38D2_1:0/0:0/0
[BDArmory.BDACompetitionMode:204939519]: ACCURACY:AIF-38D2_2:0/0:0/0
[BDArmory.BDACompetitionMode:204939519]: ACCURACY:XF-43:0/0:0/0
[BDArmory.BDACompetitionMode:204939519]: ACCURACY:XF-43_1:0/0:0/0
[BDArmory.BDACompetitionMode:204939519]: ACCURACY:XF-43_2:0/0:0/0
