[BDArmory.BDACompetitionMode:204939381]: Dumping Results after 46s (of 0s) at 2026-06-29 23:37:49 -04:00
[BDArmory.BDACompetitionMode:204939381]: RESULT:Draw:[{"team": "AIF-38D2", "members": ["AIF-38D2", "AIF-38D2_1", "AIF-38D2_2"]}, {"team": "XF-43", "members": ["XF-43", "XF-43_1", "XF-43_2"]}]
[BDArmory.BDACompetitionMode:204939381]: DEADTEAMS:[]
[BDArmory.BDACompetitionMode:204939381]: ALIVE:AIF-38D2
[BDArmory.BDACompetitionMode:204939381]: ALIVE:AIF-38D2_1
[BDArmory.BDACompetitionMode:204939381]: ALIVE:AIF-38D2_2
[BDArmory.BDACompetitionMode:204939381]: DEAD:0:38.0:XF-43
[BDArmory.BDACompetitionMode:204939381]: MIA:XF-43_1
[BDArmory.BDACompetitionMode:204939381]: MIA:XF-43_2
[BDArmory.BDACompetitionMode:204939381]: WHOHITWHOWITHMISSILES:XF-43:1:AIF-38D2_2:1:AIF-38D2
[BDArmory.BDACompetitionMode:204939381]: WHOHITWHOWITHMISSILES:XF-43_1:1:AIF-38D2:1:AIF-38D2_1
[BDArmory.BDACompetitionMode:204939381]: WHOHITWHOWITHMISSILES:XF-43_2:1:AIF-38D2_2:1:AIF-38D2_1:1:AIF-38D2
[BDArmory.BDACompetitionMode:204939381]: WHOPARTSHITWHOWITHMISSILES:XF-43:100:AIF-38D2_2:68:AIF-38D2
[BDArmory.BDACompetitionMode:204939381]: WHOPARTSHITWHOWITHMISSILES:XF-43_1:99:AIF-38D2:101:AIF-38D2_1
[BDArmory.BDACompetitionMode:204939381]: WHOPARTSHITWHOWITHMISSILES:XF-43_2:102:AIF-38D2_2:87:AIF-38D2_1:88:AIF-38D2
[BDArmory.BDACompetitionMode:204939381]: WHODAMAGEDWHOWITHMISSILES:XF-43:16801.1:AIF-38D2_2:51043.5:AIF-38D2
[BDArmory.BDACompetitionMode:204939381]: WHODAMAGEDWHOWITHMISSILES:XF-43_1:38378.5:AIF-38D2_1
[BDArmory.BDACompetitionMode:204939381]: WHODAMAGEDWHOWITHMISSILES:XF-43_2:70466.2:AIF-38D2_2:109542.9:AIF-38D2:0.8:AIF-38D2_1
[BDArmory.BDACompetitionMode:204939381]: WHODAMAGEDWHOWITHBATTLEDAMAGE:XF-43_1:93.7:AIF-38D2_1
[BDArmory.BDACompetitionMode:204939381]: WHODAMAGEDWHOWITHBATTLEDAMAGE:XF-43_2:1.6:AIF-38D2_2:24697.4:XF-43_2
[BDArmory.BDACompetitionMode:204939381]: KILLSTEALMISSILES:XF-43:AIF-38D2
[BDArmory.BDACompetitionMode:204939381]: HPLEFT:AIF-38D2:100
[BDArmory.BDACompetitionMode:204939381]: HPLEFT:AIF-38D2_1:100
[BDArmory.BDACompetitionMode:204939381]: HPLEFT:AIF-38D2_2:100
[BDArmory.BDACompetitionMode:204939381]: HPLEFT:XF-43:0
[BDArmory.BDACompetitionMode:204939381]: HPLEFT:XF-43_1:76.3157894736842
[BDArmory.BDACompetitionMode:204939381]: HPLEFT:XF-43_2:26.3157894736842
[BDArmory.BDACompetitionMode:204939381]: ACCURACY:AIF-38D2:0/0:0/0
[BDArmory.BDACompetitionMode:204939381]: ACCURACY:AIF-38D2_1:0/0:0/0
[BDArmory.BDACompetitionMode:204939381]: ACCURACY:AIF-38D2_2:0/0:0/0
[BDArmory.BDACompetitionMode:204939381]: ACCURACY:XF-43:0/0:0/0
[BDArmory.BDACompetitionMode:204939381]: ACCURACY:XF-43_1:0/0:0/0
[BDArmory.BDACompetitionMode:204939381]: ACCURACY:XF-43_2:0/0:0/0
