[BDArmory.BDACompetitionMode:208997480]: Dumping Results after 77s (of 0s) at 2026-08-15 22:53:52 -04:00
[BDArmory.BDACompetitionMode:208997480]: RESULT:Draw:[{"team": "PLAID AIF-42D", "members": ["PLAID AIF-42D", "PLAID AIF-42D_1", "PLAID AIF-42D_2", "PLAID AIF-42D_3"]}, {"team": "AIF-38D5", "members": ["AIF-38D5", "AIF-38D5_1", "AIF-38D5_2", "AIF-38D5_3"]}]
[BDArmory.BDACompetitionMode:208997480]: DEADTEAMS:[]
[BDArmory.BDACompetitionMode:208997480]: ALIVE:PLAID AIF-42D_1
[BDArmory.BDACompetitionMode:208997480]: ALIVE:PLAID AIF-42D_2
[BDArmory.BDACompetitionMode:208997480]: ALIVE:PLAID AIF-42D_3
[BDArmory.BDACompetitionMode:208997480]: ALIVE:AIF-38D5
[BDArmory.BDACompetitionMode:208997480]: ALIVE:AIF-38D5_3
[BDArmory.BDACompetitionMode:208997480]: MIA:PLAID AIF-42D
[BDArmory.BDACompetitionMode:208997480]: MIA:AIF-38D5_1
[BDArmory.BDACompetitionMode:208997480]: MIA:AIF-38D5_2
[BDArmory.BDACompetitionMode:208997480]: WHOHITWHOWITHMISSILES:PLAID AIF-42D:2:AIF-38D5
[BDArmory.BDACompetitionMode:208997480]: WHOHITWHOWITHMISSILES:AIF-38D5_1:3:PLAID AIF-42D_3
[BDArmory.BDACompetitionMode:208997480]: WHOHITWHOWITHMISSILES:AIF-38D5_2:1:PLAID AIF-42D
[BDArmory.BDACompetitionMode:208997480]: WHOHITWHOWITHMISSILES:AIF-38D5_3:1:PLAID AIF-42D_2
[BDArmory.BDACompetitionMode:208997480]: WHOPARTSHITWHOWITHMISSILES:PLAID AIF-42D:109:AIF-38D5
[BDArmory.BDACompetitionMode:208997480]: WHOPARTSHITWHOWITHMISSILES:AIF-38D5_1:200:PLAID AIF-42D_3
[BDArmory.BDACompetitionMode:208997480]: WHOPARTSHITWHOWITHMISSILES:AIF-38D5_2:73:PLAID AIF-42D
[BDArmory.BDACompetitionMode:208997480]: WHOPARTSHITWHOWITHMISSILES:AIF-38D5_3:82:PLAID AIF-42D_2
[BDArmory.BDACompetitionMode:208997480]: WHODAMAGEDWHOWITHMISSILES:PLAID AIF-42D:23305.0:AIF-38D5
[BDArmory.BDACompetitionMode:208997480]: WHODAMAGEDWHOWITHMISSILES:AIF-38D5_1:32299.2:PLAID AIF-42D_3
[BDArmory.BDACompetitionMode:208997480]: WHODAMAGEDWHOWITHMISSILES:AIF-38D5_2:10309.4:PLAID AIF-42D
[BDArmory.BDACompetitionMode:208997480]: WHODAMAGEDWHOWITHMISSILES:AIF-38D5_3:3599.4:PLAID AIF-42D_2
[BDArmory.BDACompetitionMode:208997480]: WHODAMAGEDWHOWITHBATTLEDAMAGE:AIF-38D5_1:0.1:PLAID AIF-42D_3
[BDArmory.BDACompetitionMode:208997480]: HPLEFT:PLAID AIF-42D:22.972972972973
[BDArmory.BDACompetitionMode:208997480]: HPLEFT:PLAID AIF-42D_1:100
[BDArmory.BDACompetitionMode:208997480]: HPLEFT:PLAID AIF-42D_2:100
[BDArmory.BDACompetitionMode:208997480]: HPLEFT:PLAID AIF-42D_3:100
[BDArmory.BDACompetitionMode:208997480]: HPLEFT:AIF-38D5:100
[BDArmory.BDACompetitionMode:208997480]: HPLEFT:AIF-38D5_1:2.29885057471264
[BDArmory.BDACompetitionMode:208997480]: HPLEFT:AIF-38D5_2:21.8390804597701
[BDArmory.BDACompetitionMode:208997480]: HPLEFT:AIF-38D5_3:91.9540229885057
[BDArmory.BDACompetitionMode:208997480]: ACCURACY:PLAID AIF-42D:0/0:0/0
[BDArmory.BDACompetitionMode:208997480]: ACCURACY:PLAID AIF-42D_1:0/18:0/0
[BDArmory.BDACompetitionMode:208997480]: ACCURACY:PLAID AIF-42D_2:0/19:0/0
[BDArmory.BDACompetitionMode:208997480]: ACCURACY:PLAID AIF-42D_3:0/33:0/0
[BDArmory.BDACompetitionMode:208997480]: ACCURACY:AIF-38D5:0/1:0/0
[BDArmory.BDACompetitionMode:208997480]: ACCURACY:AIF-38D5_1:0/0:0/0
[BDArmory.BDACompetitionMode:208997480]: ACCURACY:AIF-38D5_2:0/0:0/0
[BDArmory.BDACompetitionMode:208997480]: ACCURACY:AIF-38D5_3:0/0:0/0
