[BDArmory.BDACompetitionMode:208998329]: Dumping Results after 70s (of 0s) at 2026-08-15 23:08:05 -04:00
[BDArmory.BDACompetitionMode:208998329]: RESULT:Win:{"team": "AIF-38D5", "members": ["AIF-38D5", "AIF-38D5_1", "AIF-38D5_2", "AIF-38D5_3"]}
[BDArmory.BDACompetitionMode:208998329]: DEADTEAMS:[{"team": "Z-41E2_1", "members": ["Z-41E2.1", "Z-41E2.1_1", "Z-41E2.1_2", "Z-41E2.1_3"]}]
[BDArmory.BDACompetitionMode:208998329]: ALIVE:AIF-38D5
[BDArmory.BDACompetitionMode:208998329]: ALIVE:AIF-38D5_1
[BDArmory.BDACompetitionMode:208998329]: ALIVE:AIF-38D5_2
[BDArmory.BDACompetitionMode:208998329]: DEAD:0:37.0:AIF-38D5_3
[BDArmory.BDACompetitionMode:208998329]: DEAD:1:48.0:Z-41E2.1
[BDArmory.BDACompetitionMode:208998329]: DEAD:2:56.0:Z-41E2.1_1
[BDArmory.BDACompetitionMode:208998329]: DEAD:3:62.0:Z-41E2.1_2
[BDArmory.BDACompetitionMode:208998329]: DEAD:4:67.0:Z-41E2.1_3
[BDArmory.BDACompetitionMode:208998329]: WHOHITWHOWITHMISSILES:AIF-38D5_3:2:Z-41E2.1_3
[BDArmory.BDACompetitionMode:208998329]: WHOHITWHOWITHMISSILES:Z-41E2.1:2:AIF-38D5:1:AIF-38D5_3
[BDArmory.BDACompetitionMode:208998329]: WHOHITWHOWITHMISSILES:Z-41E2.1_1:2:AIF-38D5_1:1:AIF-38D5_2
[BDArmory.BDACompetitionMode:208998329]: WHOHITWHOWITHMISSILES:Z-41E2.1_2:2:AIF-38D5:1:AIF-38D5_1:1:AIF-38D5_2
[BDArmory.BDACompetitionMode:208998329]: WHOHITWHOWITHMISSILES:Z-41E2.1_3:1:AIF-38D5_2:1:AIF-38D5_1:1:AIF-38D5
[BDArmory.BDACompetitionMode:208998329]: WHOPARTSHITWHOWITHMISSILES:AIF-38D5_3:139:Z-41E2.1_3
[BDArmory.BDACompetitionMode:208998329]: WHOPARTSHITWHOWITHMISSILES:Z-41E2.1:144:AIF-38D5:126:AIF-38D5_3
[BDArmory.BDACompetitionMode:208998329]: WHOPARTSHITWHOWITHMISSILES:Z-41E2.1_1:189:AIF-38D5_1:101:AIF-38D5_2
[BDArmory.BDACompetitionMode:208998329]: WHOPARTSHITWHOWITHMISSILES:Z-41E2.1_2:242:AIF-38D5:71:AIF-38D5_1:40:AIF-38D5_2
[BDArmory.BDACompetitionMode:208998329]: WHOPARTSHITWHOWITHMISSILES:Z-41E2.1_3:125:AIF-38D5_2:98:AIF-38D5_1:47:AIF-38D5
[BDArmory.BDACompetitionMode:208998329]: WHODAMAGEDWHOWITHMISSILES:AIF-38D5_3:57955.1:Z-41E2.1_3
[BDArmory.BDACompetitionMode:208998329]: WHODAMAGEDWHOWITHMISSILES:Z-41E2.1:93303.8:AIF-38D5:55130.2:AIF-38D5_3
[BDArmory.BDACompetitionMode:208998329]: WHODAMAGEDWHOWITHMISSILES:Z-41E2.1_1:35073.1:AIF-38D5_1:31677.2:AIF-38D5_2
[BDArmory.BDACompetitionMode:208998329]: WHODAMAGEDWHOWITHMISSILES:Z-41E2.1_2:82188.1:AIF-38D5:18466.9:AIF-38D5_1:7990.4:AIF-38D5_2
[BDArmory.BDACompetitionMode:208998329]: WHODAMAGEDWHOWITHMISSILES:Z-41E2.1_3:26714.4:AIF-38D5_2:23674.1:AIF-38D5_1:13064.4:AIF-38D5
[BDArmory.BDACompetitionMode:208998329]: WHODAMAGEDWHOWITHBATTLEDAMAGE:AIF-38D5_3:27487.4:Z-41E2.1_3
[BDArmory.BDACompetitionMode:208998329]: WHODAMAGEDWHOWITHBATTLEDAMAGE:Z-41E2.1:24.3:AIF-38D5
[BDArmory.BDACompetitionMode:208998329]: WHODAMAGEDWHOWITHBATTLEDAMAGE:Z-41E2.1_1:22.4:AIF-38D5_1
[BDArmory.BDACompetitionMode:208998329]: WHODAMAGEDWHOWITHBATTLEDAMAGE:Z-41E2.1_2:0.1:AIF-38D5:0.9:AIF-38D5_1:17008.8:AIF-38D5_2
[BDArmory.BDACompetitionMode:208998329]: CLEANKILLMISSILES:AIF-38D5_3:Z-41E2.1_3
[BDArmory.BDACompetitionMode:208998329]: HEADSHOTMISSILES:Z-41E2.1:AIF-38D5
[BDArmory.BDACompetitionMode:208998329]: KILLSTEALMISSILES:Z-41E2.1_1:AIF-38D5_1
[BDArmory.BDACompetitionMode:208998329]: KILLSTEALMISSILES:Z-41E2.1_2:AIF-38D5_2
[BDArmory.BDACompetitionMode:208998329]: KILLSTEALMISSILES:Z-41E2.1_3:AIF-38D5
[BDArmory.BDACompetitionMode:208998329]: HPLEFT:AIF-38D5:100
[BDArmory.BDACompetitionMode:208998329]: HPLEFT:AIF-38D5_1:100
[BDArmory.BDACompetitionMode:208998329]: HPLEFT:AIF-38D5_2:100
[BDArmory.BDACompetitionMode:208998329]: HPLEFT:AIF-38D5_3:0
[BDArmory.BDACompetitionMode:208998329]: HPLEFT:Z-41E2.1:0
[BDArmory.BDACompetitionMode:208998329]: HPLEFT:Z-41E2.1_1:0
[BDArmory.BDACompetitionMode:208998329]: HPLEFT:Z-41E2.1_2:0
[BDArmory.BDACompetitionMode:208998329]: HPLEFT:Z-41E2.1_3:0
[BDArmory.BDACompetitionMode:208998329]: ACCURACY:AIF-38D5:0/0:0/0
[BDArmory.BDACompetitionMode:208998329]: ACCURACY:AIF-38D5_1:0/3:0/0
[BDArmory.BDACompetitionMode:208998329]: ACCURACY:AIF-38D5_2:0/0:0/0
[BDArmory.BDACompetitionMode:208998329]: ACCURACY:AIF-38D5_3:0/0:0/0
[BDArmory.BDACompetitionMode:208998329]: ACCURACY:Z-41E2.1:0/0:0/0
[BDArmory.BDACompetitionMode:208998329]: ACCURACY:Z-41E2.1_1:0/0:0/0
[BDArmory.BDACompetitionMode:208998329]: ACCURACY:Z-41E2.1_2:0/0:0/0
[BDArmory.BDACompetitionMode:208998329]: ACCURACY:Z-41E2.1_3:0/0:0/0
