[BDArmory.BDACompetitionMode:208997043]: Dumping Results after -6s (of 0s) at 2026-08-15 22:45:40 -04:00
[BDArmory.BDACompetitionMode:208997043]: RESULT:Mutual Annihilation
[BDArmory.BDACompetitionMode:208997043]: DEADTEAMS:[{"team": "PLAID AIF-42D", "members": ["PLAID AIF-42D", "PLAID AIF-42D_1"]}, {"team": "AIF-38D5", "members": ["AIF-38D5", "AIF-38D5_1"]}]
[BDArmory.BDACompetitionMode:208997043]: MIA:PLAID AIF-42D
[BDArmory.BDACompetitionMode:208997043]: MIA:PLAID AIF-42D_1
[BDArmory.BDACompetitionMode:208997043]: MIA:AIF-38D5
[BDArmory.BDACompetitionMode:208997043]: DEAD:0:61.0:AIF-38D5_1
[BDArmory.BDACompetitionMode:208997043]: WHOHITWHOWITHMISSILES:PLAID AIF-42D_1:1:AIF-38D5_1
[BDArmory.BDACompetitionMode:208997043]: WHOHITWHOWITHMISSILES:AIF-38D5_1:2:PLAID AIF-42D
[BDArmory.BDACompetitionMode:208997043]: WHOPARTSHITWHOWITHMISSILES:PLAID AIF-42D_1:60:AIF-38D5_1
[BDArmory.BDACompetitionMode:208997043]: WHOPARTSHITWHOWITHMISSILES:AIF-38D5_1:153:PLAID AIF-42D
[BDArmory.BDACompetitionMode:208997043]: WHODAMAGEDWHOWITHMISSILES:PLAID AIF-42D_1:3734.3:AIF-38D5_1
[BDArmory.BDACompetitionMode:208997043]: WHODAMAGEDWHOWITHMISSILES:AIF-38D5_1:104553.1:PLAID AIF-42D
[BDArmory.BDACompetitionMode:208997043]: WHODAMAGEDWHOWITHBATTLEDAMAGE:AIF-38D5_1:12843.5:PLAID AIF-42D
[BDArmory.BDACompetitionMode:208997043]: CLEANKILLMISSILES:AIF-38D5_1:PLAID AIF-42D
[BDArmory.BDACompetitionMode:208997043]: HPLEFT:PLAID AIF-42D:0
[BDArmory.BDACompetitionMode:208997043]: HPLEFT:PLAID AIF-42D_1:0
[BDArmory.BDACompetitionMode:208997043]: HPLEFT:AIF-38D5:0
[BDArmory.BDACompetitionMode:208997043]: HPLEFT:AIF-38D5_1:0
[BDArmory.BDACompetitionMode:208997043]: ACCURACY:PLAID AIF-42D:0/0:0/0
[BDArmory.BDACompetitionMode:208997043]: ACCURACY:PLAID AIF-42D_1:0/0:0/0
[BDArmory.BDACompetitionMode:208997043]: ACCURACY:AIF-38D5:0/0:0/0
[BDArmory.BDACompetitionMode:208997043]: ACCURACY:AIF-38D5_1:0/0:0/0
