[BDArmory.BDACompetitionMode:208993731]: Dumping Results after 38s (of 0s) at 2026-08-15 21:50:37 -04:00
[BDArmory.BDACompetitionMode:208993731]: RESULT:Draw:[{"team": "AIF-38D2", "members": ["AIF-38D2", "AIF-38D2_1", "AIF-38D2_2", "AIF-38D2_3", "AIF-38D2_4", "AIF-38D2_5"]}, {"team": "AIF-38D5", "members": ["AIF-38D5", "AIF-38D5_1", "AIF-38D5_2", "AIF-38D5_3", "AIF-38D5_4", "AIF-38D5_5"]}]
[BDArmory.BDACompetitionMode:208993731]: DEADTEAMS:[]
[BDArmory.BDACompetitionMode:208993731]: ALIVE:AIF-38D2
[BDArmory.BDACompetitionMode:208993731]: ALIVE:AIF-38D2_1
[BDArmory.BDACompetitionMode:208993731]: ALIVE:AIF-38D2_3
[BDArmory.BDACompetitionMode:208993731]: ALIVE:AIF-38D2_4
[BDArmory.BDACompetitionMode:208993731]: ALIVE:AIF-38D2_5
[BDArmory.BDACompetitionMode:208993731]: ALIVE:AIF-38D5
[BDArmory.BDACompetitionMode:208993731]: ALIVE:AIF-38D5_1
[BDArmory.BDACompetitionMode:208993731]: ALIVE:AIF-38D5_2
[BDArmory.BDACompetitionMode:208993731]: ALIVE:AIF-38D5_5
[BDArmory.BDACompetitionMode:208993731]: MIA:AIF-38D2_2
[BDArmory.BDACompetitionMode:208993731]: DEAD:0:30.0:AIF-38D5_3
[BDArmory.BDACompetitionMode:208993731]: MIA:AIF-38D5_4
[BDArmory.BDACompetitionMode:208993731]: WHOHITWHOWITHMISSILES:AIF-38D2:1:AIF-38D5
[BDArmory.BDACompetitionMode:208993731]: WHOHITWHOWITHMISSILES:AIF-38D2_2:1:AIF-38D5_1
[BDArmory.BDACompetitionMode:208993731]: WHOHITWHOWITHMISSILES:AIF-38D2_4:1:AIF-38D5_4
[BDArmory.BDACompetitionMode:208993731]: WHOPARTSHITWHOWITHMISSILES:AIF-38D2:91:AIF-38D5
[BDArmory.BDACompetitionMode:208993731]: WHOPARTSHITWHOWITHMISSILES:AIF-38D2_2:87:AIF-38D5_1
[BDArmory.BDACompetitionMode:208993731]: WHOPARTSHITWHOWITHMISSILES:AIF-38D2_4:94:AIF-38D5_4
[BDArmory.BDACompetitionMode:208993731]: WHODAMAGEDWHOWITHMISSILES:AIF-38D2:16456.4:AIF-38D5
[BDArmory.BDACompetitionMode:208993731]: WHODAMAGEDWHOWITHMISSILES:AIF-38D2_2:73563.1:AIF-38D5_1
[BDArmory.BDACompetitionMode:208993731]: WHODAMAGEDWHOWITHMISSILES:AIF-38D2_4:2515.2:AIF-38D5_4
[BDArmory.BDACompetitionMode:208993731]: WHODAMAGEDWHOWITHBATTLEDAMAGE:AIF-38D2_4:0.1:AIF-38D5_4
[BDArmory.BDACompetitionMode:208993731]: HPLEFT:AIF-38D2:95.8762886597938
[BDArmory.BDACompetitionMode:208993731]: HPLEFT:AIF-38D2_1:100
[BDArmory.BDACompetitionMode:208993731]: HPLEFT:AIF-38D2_2:40.2061855670103
[BDArmory.BDACompetitionMode:208993731]: HPLEFT:AIF-38D2_3:100
[BDArmory.BDACompetitionMode:208993731]: HPLEFT:AIF-38D2_4:97.9381443298969
[BDArmory.BDACompetitionMode:208993731]: HPLEFT:AIF-38D2_5:100
[BDArmory.BDACompetitionMode:208993731]: HPLEFT:AIF-38D5:100
[BDArmory.BDACompetitionMode:208993731]: HPLEFT:AIF-38D5_1:100
[BDArmory.BDACompetitionMode:208993731]: HPLEFT:AIF-38D5_2:100
[BDArmory.BDACompetitionMode:208993731]: HPLEFT:AIF-38D5_3:0
[BDArmory.BDACompetitionMode:208993731]: HPLEFT:AIF-38D5_4:52.8735632183908
[BDArmory.BDACompetitionMode:208993731]: HPLEFT:AIF-38D5_5:100
[BDArmory.BDACompetitionMode:208993731]: ACCURACY:AIF-38D2:0/0:0/0
[BDArmory.BDACompetitionMode:208993731]: ACCURACY:AIF-38D2_1:0/0:0/0
[BDArmory.BDACompetitionMode:208993731]: ACCURACY:AIF-38D2_2:0/0:0/0
[BDArmory.BDACompetitionMode:208993731]: ACCURACY:AIF-38D2_3:0/0:0/0
[BDArmory.BDACompetitionMode:208993731]: ACCURACY:AIF-38D2_4:0/0:0/0
[BDArmory.BDACompetitionMode:208993731]: ACCURACY:AIF-38D2_5:0/0:0/0
[BDArmory.BDACompetitionMode:208993731]: ACCURACY:AIF-38D5:0/0:0/0
[BDArmory.BDACompetitionMode:208993731]: ACCURACY:AIF-38D5_1:0/0:0/0
[BDArmory.BDACompetitionMode:208993731]: ACCURACY:AIF-38D5_2:0/0:0/0
[BDArmory.BDACompetitionMode:208993731]: ACCURACY:AIF-38D5_3:0/0:0/0
[BDArmory.BDACompetitionMode:208993731]: ACCURACY:AIF-38D5_4:0/0:0/0
[BDArmory.BDACompetitionMode:208993731]: ACCURACY:AIF-38D5_5:0/0:0/0
