[BDArmory.BDACompetitionMode:208993266]: Dumping Results after 99s (of 0s) at 2026-08-15 21:43:33 -04:00
[BDArmory.BDACompetitionMode:208993266]: RESULT:Draw:[{"team": "AIF-38D2", "members": ["AIF-38D2", "AIF-38D2_1"]}, {"team": "AIF-38D5", "members": ["AIF-38D5", "AIF-38D5_1"]}]
[BDArmory.BDACompetitionMode:208993266]: DEADTEAMS:[]
[BDArmory.BDACompetitionMode:208993266]: ALIVE:AIF-38D2
[BDArmory.BDACompetitionMode:208993266]: ALIVE:AIF-38D2_1
[BDArmory.BDACompetitionMode:208993266]: ALIVE:AIF-38D5
[BDArmory.BDACompetitionMode:208993266]: ALIVE:AIF-38D5_1
[BDArmory.BDACompetitionMode:208993266]: WHOSHOTWHOWITHGUNS:AIF-38D2:101:AIF-38D5
[BDArmory.BDACompetitionMode:208993266]: WHOSHOTWHOWITHGUNS:AIF-38D2_1:30:AIF-38D5_1
[BDArmory.BDACompetitionMode:208993266]: WHOSHOTWHOWITHGUNS:AIF-38D5:9:AIF-38D2
[BDArmory.BDACompetitionMode:208993266]: WHOSHOTWHOWITHGUNS:AIF-38D5_1:14:AIF-38D2_1
[BDArmory.BDACompetitionMode:208993266]: WHOHITWHOWITHMISSILES:AIF-38D2:1:AIF-38D5
[BDArmory.BDACompetitionMode:208993266]: WHOHITWHOWITHMISSILES:AIF-38D2_1:5:AIF-38D5_1
[BDArmory.BDACompetitionMode:208993266]: WHOHITWHOWITHMISSILES:AIF-38D5:1:AIF-38D2_1:1:AIF-38D2
[BDArmory.BDACompetitionMode:208993266]: WHOHITWHOWITHMISSILES:AIF-38D5_1:1:AIF-38D2_1
[BDArmory.BDACompetitionMode:208993266]: WHOPARTSHITWHOWITHMISSILES:AIF-38D2:87:AIF-38D5
[BDArmory.BDACompetitionMode:208993266]: WHOPARTSHITWHOWITHMISSILES:AIF-38D2_1:438:AIF-38D5_1
[BDArmory.BDACompetitionMode:208993266]: WHOPARTSHITWHOWITHMISSILES:AIF-38D5:74:AIF-38D2_1:83:AIF-38D2
[BDArmory.BDACompetitionMode:208993266]: WHOPARTSHITWHOWITHMISSILES:AIF-38D5_1:86:AIF-38D2_1
[BDArmory.BDACompetitionMode:208993266]: WHORAMMEDWHO:AIF-38D2:1:AIF-38D5
[BDArmory.BDACompetitionMode:208993266]: HPLEFT:AIF-38D2:98.9690721649485
[BDArmory.BDACompetitionMode:208993266]: HPLEFT:AIF-38D2_1:100
[BDArmory.BDACompetitionMode:208993266]: HPLEFT:AIF-38D5:98.8505747126437
[BDArmory.BDACompetitionMode:208993266]: HPLEFT:AIF-38D5_1:100
[BDArmory.BDACompetitionMode:208993266]: ACCURACY:AIF-38D2:9/143:0/0
[BDArmory.BDACompetitionMode:208993266]: ACCURACY:AIF-38D2_1:14/315:0/0
[BDArmory.BDACompetitionMode:208993266]: ACCURACY:AIF-38D5:101/195:0/0
[BDArmory.BDACompetitionMode:208993266]: ACCURACY:AIF-38D5_1:30/242:0/0
