[BDArmory.BDACompetitionMode:208998206]: Dumping Results after 33s (of 0s) at 2026-08-15 23:04:50 -04:00
[BDArmory.BDACompetitionMode:208998206]: RESULT:Draw:[{"team": "AIF-38D5", "members": ["AIF-38D5", "AIF-38D5_1", "AIF-38D5_2", "AIF-38D5_3"]}, {"team": "Z-41E2_1", "members": ["Z-41E2.1", "Z-41E2.1_1", "Z-41E2.1_2", "Z-41E2.1_3"]}]
[BDArmory.BDACompetitionMode:208998206]: DEADTEAMS:[]
[BDArmory.BDACompetitionMode:208998206]: ALIVE:AIF-38D5
[BDArmory.BDACompetitionMode:208998206]: ALIVE:Z-41E2.1
[BDArmory.BDACompetitionMode:208998206]: ALIVE:Z-41E2.1_1
[BDArmory.BDACompetitionMode:208998206]: ALIVE:Z-41E2.1_2
[BDArmory.BDACompetitionMode:208998206]: ALIVE:Z-41E2.1_3
[BDArmory.BDACompetitionMode:208998206]: MIA:AIF-38D5_1
[BDArmory.BDACompetitionMode:208998206]: MIA:AIF-38D5_2
[BDArmory.BDACompetitionMode:208998206]: MIA:AIF-38D5_3
[BDArmory.BDACompetitionMode:208998206]: WHOHITWHOWITHMISSILES:AIF-38D5_1:1:Z-41E2.1_1:1:Z-41E2.1
[BDArmory.BDACompetitionMode:208998206]: WHOHITWHOWITHMISSILES:AIF-38D5_2:1:Z-41E2.1_1:1:Z-41E2.1
[BDArmory.BDACompetitionMode:208998206]: WHOHITWHOWITHMISSILES:AIF-38D5_3:1:Z-41E2.1_3
[BDArmory.BDACompetitionMode:208998206]: WHOPARTSHITWHOWITHMISSILES:AIF-38D5_1:85:Z-41E2.1_1:38:Z-41E2.1
[BDArmory.BDACompetitionMode:208998206]: WHOPARTSHITWHOWITHMISSILES:AIF-38D5_2:83:Z-41E2.1_1:76:Z-41E2.1
[BDArmory.BDACompetitionMode:208998206]: WHOPARTSHITWHOWITHMISSILES:AIF-38D5_3:75:Z-41E2.1_3
[BDArmory.BDACompetitionMode:208998206]: WHODAMAGEDWHOWITHMISSILES:AIF-38D5_1:39924.3:Z-41E2.1_1
[BDArmory.BDACompetitionMode:208998206]: WHODAMAGEDWHOWITHMISSILES:AIF-38D5_2:12202.7:Z-41E2.1_1:9180.9:Z-41E2.1
[BDArmory.BDACompetitionMode:208998206]: WHODAMAGEDWHOWITHMISSILES:AIF-38D5_3:20180.1:Z-41E2.1_3
[BDArmory.BDACompetitionMode:208998206]: WHODAMAGEDWHOWITHBATTLEDAMAGE:AIF-38D5_1:0.2:Z-41E2.1_1
[BDArmory.BDACompetitionMode:208998206]: WHODAMAGEDWHOWITHBATTLEDAMAGE:AIF-38D5_2:0.1:Z-41E2.1
[BDArmory.BDACompetitionMode:208998206]: WHODAMAGEDWHOWITHBATTLEDAMAGE:AIF-38D5_3:0.2:Z-41E2.1_3
[BDArmory.BDACompetitionMode:208998206]: HPLEFT:AIF-38D5:100
[BDArmory.BDACompetitionMode:208998206]: HPLEFT:AIF-38D5_1:32.5581395348837
[BDArmory.BDACompetitionMode:208998206]: HPLEFT:AIF-38D5_2:68.6046511627907
[BDArmory.BDACompetitionMode:208998206]: HPLEFT:AIF-38D5_3:56.9767441860465
[BDArmory.BDACompetitionMode:208998206]: HPLEFT:Z-41E2.1:100
[BDArmory.BDACompetitionMode:208998206]: HPLEFT:Z-41E2.1_1:100
[BDArmory.BDACompetitionMode:208998206]: HPLEFT:Z-41E2.1_2:100
[BDArmory.BDACompetitionMode:208998206]: HPLEFT:Z-41E2.1_3:100
[BDArmory.BDACompetitionMode:208998206]: ACCURACY:AIF-38D5:0/0:0/0
[BDArmory.BDACompetitionMode:208998206]: ACCURACY:AIF-38D5_1:0/0:0/0
[BDArmory.BDACompetitionMode:208998206]: ACCURACY:AIF-38D5_2:0/0:0/0
[BDArmory.BDACompetitionMode:208998206]: ACCURACY:AIF-38D5_3:0/0:0/0
[BDArmory.BDACompetitionMode:208998206]: ACCURACY:Z-41E2.1:0/0:0/0
[BDArmory.BDACompetitionMode:208998206]: ACCURACY:Z-41E2.1_1:0/0:0/0
[BDArmory.BDACompetitionMode:208998206]: ACCURACY:Z-41E2.1_2:0/0:0/0
[BDArmory.BDACompetitionMode:208998206]: ACCURACY:Z-41E2.1_3:0/0:0/0
