[BDArmory.BDACompetitionMode:208997268]: Dumping Results after 57s (of 0s) at 2026-08-15 22:49:12 -04:00
[BDArmory.BDACompetitionMode:208997268]: RESULT:Draw:[{"team": "AIF-38D5", "members": ["AIF-38D5", "AIF-38D5_1"]}, {"team": "PLAID AIF-42D", "members": ["PLAID AIF-42D", "PLAID AIF-42D_1"]}]
[BDArmory.BDACompetitionMode:208997268]: DEADTEAMS:[]
[BDArmory.BDACompetitionMode:208997268]: ALIVE:AIF-38D5
[BDArmory.BDACompetitionMode:208997268]: ALIVE:AIF-38D5_1
[BDArmory.BDACompetitionMode:208997268]: ALIVE:PLAID AIF-42D
[BDArmory.BDACompetitionMode:208997268]: ALIVE:PLAID AIF-42D_1
[BDArmory.BDACompetitionMode:208997268]: WHOHITWHOWITHMISSILES:AIF-38D5:1:PLAID AIF-42D
[BDArmory.BDACompetitionMode:208997268]: WHOHITWHOWITHMISSILES:AIF-38D5_1:1:PLAID AIF-42D_1
[BDArmory.BDACompetitionMode:208997268]: WHOHITWHOWITHMISSILES:PLAID AIF-42D:1:AIF-38D5_1
[BDArmory.BDACompetitionMode:208997268]: WHOPARTSHITWHOWITHMISSILES:AIF-38D5:81:PLAID AIF-42D
[BDArmory.BDACompetitionMode:208997268]: WHOPARTSHITWHOWITHMISSILES:AIF-38D5_1:86:PLAID AIF-42D_1
[BDArmory.BDACompetitionMode:208997268]: WHOPARTSHITWHOWITHMISSILES:PLAID AIF-42D:71:AIF-38D5_1
[BDArmory.BDACompetitionMode:208997268]: WHODAMAGEDWHOWITHMISSILES:AIF-38D5:4720.3:PLAID AIF-42D
[BDArmory.BDACompetitionMode:208997268]: WHODAMAGEDWHOWITHMISSILES:AIF-38D5_1:36552.6:PLAID AIF-42D_1
[BDArmory.BDACompetitionMode:208997268]: HPLEFT:AIF-38D5:90.8045977011494
[BDArmory.BDACompetitionMode:208997268]: HPLEFT:AIF-38D5_1:74.7126436781609
[BDArmory.BDACompetitionMode:208997268]: HPLEFT:PLAID AIF-42D:100
[BDArmory.BDACompetitionMode:208997268]: HPLEFT:PLAID AIF-42D_1:100
[BDArmory.BDACompetitionMode:208997268]: ACCURACY:AIF-38D5:0/0:0/0
[BDArmory.BDACompetitionMode:208997268]: ACCURACY:AIF-38D5_1:0/0:0/0
[BDArmory.BDACompetitionMode:208997268]: ACCURACY:PLAID AIF-42D:0/0:0/0
[BDArmory.BDACompetitionMode:208997268]: ACCURACY:PLAID AIF-42D_1:0/0:0/0
