[BDArmory.BDACompetitionMode:208991233]: Dumping Results after 62s (of 0s) at 2026-08-15 21:08:58 -04:00
[BDArmory.BDACompetitionMode:208991233]: RESULT:Draw:[{"team": "AIF-38D2", "members": ["AIF-38D2", "AIF-38D2_1", "AIF-38D2_2"]}, {"team": "AIF-38D5", "members": ["AIF-38D5", "AIF-38D5_1", "AIF-38D5_2"]}]
[BDArmory.BDACompetitionMode:208991233]: DEADTEAMS:[]
[BDArmory.BDACompetitionMode:208991233]: ALIVE:AIF-38D2
[BDArmory.BDACompetitionMode:208991233]: ALIVE:AIF-38D2_1
[BDArmory.BDACompetitionMode:208991233]: ALIVE:AIF-38D2_2
[BDArmory.BDACompetitionMode:208991233]: DEAD:0:46.0:AIF-38D5
[BDArmory.BDACompetitionMode:208991233]: MIA:AIF-38D5_1
[BDArmory.BDACompetitionMode:208991233]: MIA:AIF-38D5_2
[BDArmory.BDACompetitionMode:208991233]: WHOHITWHOWITHMISSILES:AIF-38D5:2:AIF-38D2:1:AIF-38D2_1:1:AIF-38D2_2
[BDArmory.BDACompetitionMode:208991233]: WHOHITWHOWITHMISSILES:AIF-38D5_1:1:AIF-38D2_2:1:AIF-38D2_1
[BDArmory.BDACompetitionMode:208991233]: WHOHITWHOWITHMISSILES:AIF-38D5_2:1:AIF-38D2_1:1:AIF-38D2_2:1:AIF-38D2
[BDArmory.BDACompetitionMode:208991233]: WHOPARTSHITWHOWITHMISSILES:AIF-38D5:91:AIF-38D2:72:AIF-38D2_1:13:AIF-38D2_2
[BDArmory.BDACompetitionMode:208991233]: WHOPARTSHITWHOWITHMISSILES:AIF-38D5_1:87:AIF-38D2_2:57:AIF-38D2_1
[BDArmory.BDACompetitionMode:208991233]: WHOPARTSHITWHOWITHMISSILES:AIF-38D5_2:87:AIF-38D2_1:63:AIF-38D2_2:58:AIF-38D2
[BDArmory.BDACompetitionMode:208991233]: WHODAMAGEDWHOWITHMISSILES:AIF-38D5:48641.4:AIF-38D2:129305.0:AIF-38D2_1:3221.6:AIF-38D2_2
[BDArmory.BDACompetitionMode:208991233]: WHODAMAGEDWHOWITHMISSILES:AIF-38D5_1:43769.3:AIF-38D2_2:3661.3:AIF-38D2_1
[BDArmory.BDACompetitionMode:208991233]: WHODAMAGEDWHOWITHMISSILES:AIF-38D5_2:110711.5:AIF-38D2_1:6666.5:AIF-38D2
[BDArmory.BDACompetitionMode:208991233]: KILLSTEALMISSILES:AIF-38D5:AIF-38D2
[BDArmory.BDACompetitionMode:208991233]: HPLEFT:AIF-38D2:100
[BDArmory.BDACompetitionMode:208991233]: HPLEFT:AIF-38D2_1:100
[BDArmory.BDACompetitionMode:208991233]: HPLEFT:AIF-38D2_2:100
[BDArmory.BDACompetitionMode:208991233]: HPLEFT:AIF-38D5:0
[BDArmory.BDACompetitionMode:208991233]: HPLEFT:AIF-38D5_1:9.30232558139535
[BDArmory.BDACompetitionMode:208991233]: HPLEFT:AIF-38D5_2:24.4186046511628
[BDArmory.BDACompetitionMode:208991233]: ACCURACY:AIF-38D2:0/0:0/0
[BDArmory.BDACompetitionMode:208991233]: ACCURACY:AIF-38D2_1:0/0:0/0
[BDArmory.BDACompetitionMode:208991233]: ACCURACY:AIF-38D2_2:0/0:0/0
[BDArmory.BDACompetitionMode:208991233]: ACCURACY:AIF-38D5:0/0:0/0
[BDArmory.BDACompetitionMode:208991233]: ACCURACY:AIF-38D5_1:0/0:0/0
[BDArmory.BDACompetitionMode:208991233]: ACCURACY:AIF-38D5_2:0/0:0/0
