[BDArmory.BDACompetitionMode:208998304]: Dumping Results after 3s (of 0s) at 2026-08-15 23:05:16 -04:00
[BDArmory.BDACompetitionMode:208998304]: RESULT:Draw:[{"team": "AIF-38D5", "members": ["AIF-38D5", "AIF-38D5_1", "AIF-38D5_2", "AIF-38D5_3"]}, {"team": "Z-41E2_1", "members": ["Z-41E2.1", "Z-41E2.1_1", "Z-41E2.1_2", "Z-41E2.1_3"]}]
[BDArmory.BDACompetitionMode:208998304]: DEADTEAMS:[]
[BDArmory.BDACompetitionMode:208998304]: ALIVE:AIF-38D5
[BDArmory.BDACompetitionMode:208998304]: ALIVE:AIF-38D5_1
[BDArmory.BDACompetitionMode:208998304]: ALIVE:AIF-38D5_2
[BDArmory.BDACompetitionMode:208998304]: ALIVE:AIF-38D5_3
[BDArmory.BDACompetitionMode:208998304]: ALIVE:Z-41E2.1
[BDArmory.BDACompetitionMode:208998304]: ALIVE:Z-41E2.1_1
[BDArmory.BDACompetitionMode:208998304]: ALIVE:Z-41E2.1_2
[BDArmory.BDACompetitionMode:208998304]: ALIVE:Z-41E2.1_3
[BDArmory.BDACompetitionMode:208998304]: HPLEFT:AIF-38D5:100
[BDArmory.BDACompetitionMode:208998304]: HPLEFT:AIF-38D5_1:100
[BDArmory.BDACompetitionMode:208998304]: HPLEFT:AIF-38D5_2:100
[BDArmory.BDACompetitionMode:208998304]: HPLEFT:AIF-38D5_3:100
[BDArmory.BDACompetitionMode:208998304]: HPLEFT:Z-41E2.1:100
[BDArmory.BDACompetitionMode:208998304]: HPLEFT:Z-41E2.1_1:100
[BDArmory.BDACompetitionMode:208998304]: HPLEFT:Z-41E2.1_2:100
[BDArmory.BDACompetitionMode:208998304]: HPLEFT:Z-41E2.1_3:100
[BDArmory.BDACompetitionMode:208998304]: ACCURACY:AIF-38D5:0/0:0/0
[BDArmory.BDACompetitionMode:208998304]: ACCURACY:AIF-38D5_1:0/0:0/0
[BDArmory.BDACompetitionMode:208998304]: ACCURACY:AIF-38D5_2:0/0:0/0
[BDArmory.BDACompetitionMode:208998304]: ACCURACY:AIF-38D5_3:0/0:0/0
[BDArmory.BDACompetitionMode:208998304]: ACCURACY:Z-41E2.1:0/0:0/0
[BDArmory.BDACompetitionMode:208998304]: ACCURACY:Z-41E2.1_1:0/0:0/0
[BDArmory.BDACompetitionMode:208998304]: ACCURACY:Z-41E2.1_2:0/0:0/0
[BDArmory.BDACompetitionMode:208998304]: ACCURACY:Z-41E2.1_3:0/0:0/0
