[BDArmory.BDACompetitionMode:208996043]: Dumping Results after 81s (of 0s) at 2026-08-15 22:29:24 -04:00
[BDArmory.BDACompetitionMode:208996043]: RESULT:Draw:[{"team": "PLAID AIF-42D", "members": ["PLAID AIF-42D", "PLAID AIF-42D_1"]}, {"team": "AIF-38D5", "members": ["AIF-38D5", "AIF-38D5_1"]}]
[BDArmory.BDACompetitionMode:208996043]: DEADTEAMS:[]
[BDArmory.BDACompetitionMode:208996043]: ALIVE:PLAID AIF-42D
[BDArmory.BDACompetitionMode:208996043]: ALIVE:PLAID AIF-42D_1
[BDArmory.BDACompetitionMode:208996043]: ALIVE:AIF-38D5
[BDArmory.BDACompetitionMode:208996043]: MIA:AIF-38D5_1
[BDArmory.BDACompetitionMode:208996043]: WHOSHOTWHOWITHGUNS:AIF-38D5:3:PLAID AIF-42D_1
[BDArmory.BDACompetitionMode:208996043]: WHODAMAGEDWHOWITHGUNS:AIF-38D5:808.5:PLAID AIF-42D_1
[BDArmory.BDACompetitionMode:208996043]: WHOHITWHOWITHMISSILES:PLAID AIF-42D:1:AIF-38D5:1:AIF-38D5_1
[BDArmory.BDACompetitionMode:208996043]: WHOHITWHOWITHMISSILES:PLAID AIF-42D_1:1:AIF-38D5_1
[BDArmory.BDACompetitionMode:208996043]: WHOHITWHOWITHMISSILES:AIF-38D5:3:PLAID AIF-42D_1
[BDArmory.BDACompetitionMode:208996043]: WHOHITWHOWITHMISSILES:AIF-38D5_1:3:PLAID AIF-42D:1:PLAID AIF-42D_1
[BDArmory.BDACompetitionMode:208996043]: WHOPARTSHITWHOWITHMISSILES:PLAID AIF-42D:72:AIF-38D5:72:AIF-38D5_1
[BDArmory.BDACompetitionMode:208996043]: WHOPARTSHITWHOWITHMISSILES:PLAID AIF-42D_1:70:AIF-38D5_1
[BDArmory.BDACompetitionMode:208996043]: WHOPARTSHITWHOWITHMISSILES:AIF-38D5:239:PLAID AIF-42D_1
[BDArmory.BDACompetitionMode:208996043]: WHOPARTSHITWHOWITHMISSILES:AIF-38D5_1:204:PLAID AIF-42D:62:PLAID AIF-42D_1
[BDArmory.BDACompetitionMode:208996043]: WHODAMAGEDWHOWITHMISSILES:PLAID AIF-42D:4980.0:AIF-38D5_1
[BDArmory.BDACompetitionMode:208996043]: WHODAMAGEDWHOWITHMISSILES:PLAID AIF-42D_1:0.7:AIF-38D5_1
[BDArmory.BDACompetitionMode:208996043]: WHODAMAGEDWHOWITHMISSILES:AIF-38D5:13832.0:PLAID AIF-42D_1
[BDArmory.BDACompetitionMode:208996043]: WHODAMAGEDWHOWITHMISSILES:AIF-38D5_1:67382.1:PLAID AIF-42D:15208.7:PLAID AIF-42D_1
[BDArmory.BDACompetitionMode:208996043]: WHODAMAGEDWHOWITHBATTLEDAMAGE:AIF-38D5_1:0.1:PLAID AIF-42D
[BDArmory.BDACompetitionMode:208996043]: HPLEFT:PLAID AIF-42D:94.8717948717949
[BDArmory.BDACompetitionMode:208996043]: HPLEFT:PLAID AIF-42D_1:100
[BDArmory.BDACompetitionMode:208996043]: HPLEFT:AIF-38D5:70.1149425287356
[BDArmory.BDACompetitionMode:208996043]: HPLEFT:AIF-38D5_1:32.183908045977
[BDArmory.BDACompetitionMode:208996043]: ACCURACY:PLAID AIF-42D:0/12:0/0
[BDArmory.BDACompetitionMode:208996043]: ACCURACY:PLAID AIF-42D_1:3/122:0/0
[BDArmory.BDACompetitionMode:208996043]: ACCURACY:AIF-38D5:0/0:0/0
[BDArmory.BDACompetitionMode:208996043]: ACCURACY:AIF-38D5_1:0/0:0/0
