[BDArmory.BDACompetitionMode:208995864]: Dumping Results after -31s (of 0s) at 2026-08-15 22:25:59 -04:00
[BDArmory.BDACompetitionMode:208995864]: RESULT:Mutual Annihilation
[BDArmory.BDACompetitionMode:208995864]: DEADTEAMS:[{"team": "PLAID AIF-42D", "members": ["PLAID AIF-42D", "PLAID AIF-42D_1"]}, {"team": "AIF-38D5", "members": ["AIF-38D5", "AIF-38D5_1"]}]
[BDArmory.BDACompetitionMode:208995864]: MIA:PLAID AIF-42D
[BDArmory.BDACompetitionMode:208995864]: DEAD:0:54.0:PLAID AIF-42D_1
[BDArmory.BDACompetitionMode:208995864]: MIA:AIF-38D5
[BDArmory.BDACompetitionMode:208995864]: MIA:AIF-38D5_1
[BDArmory.BDACompetitionMode:208995864]: WHOSHOTWHOWITHGUNS:PLAID AIF-42D:7:AIF-38D5
[BDArmory.BDACompetitionMode:208995864]: WHODAMAGEDWHOWITHGUNS:PLAID AIF-42D:1314.8:AIF-38D5
[BDArmory.BDACompetitionMode:208995864]: WHOHITWHOWITHMISSILES:PLAID AIF-42D:3:AIF-38D5:1:AIF-38D5_1
[BDArmory.BDACompetitionMode:208995864]: WHOHITWHOWITHMISSILES:PLAID AIF-42D_1:1:AIF-38D5:1:AIF-38D5_1
[BDArmory.BDACompetitionMode:208995864]: WHOPARTSHITWHOWITHMISSILES:PLAID AIF-42D:137:AIF-38D5:12:AIF-38D5_1
[BDArmory.BDACompetitionMode:208995864]: WHOPARTSHITWHOWITHMISSILES:PLAID AIF-42D_1:78:AIF-38D5:72:AIF-38D5_1
[BDArmory.BDACompetitionMode:208995864]: WHODAMAGEDWHOWITHMISSILES:PLAID AIF-42D:18048.7:AIF-38D5
[BDArmory.BDACompetitionMode:208995864]: WHODAMAGEDWHOWITHMISSILES:PLAID AIF-42D_1:75003.0:AIF-38D5:3152.2:AIF-38D5_1
[BDArmory.BDACompetitionMode:208995864]: WHODAMAGEDWHOWITHBATTLEDAMAGE:PLAID AIF-42D:16864.7:AIF-38D5
[BDArmory.BDACompetitionMode:208995864]: HPLEFT:PLAID AIF-42D:0
[BDArmory.BDACompetitionMode:208995864]: HPLEFT:PLAID AIF-42D_1:0
[BDArmory.BDACompetitionMode:208995864]: HPLEFT:AIF-38D5:0
[BDArmory.BDACompetitionMode:208995864]: HPLEFT:AIF-38D5_1:0
[BDArmory.BDACompetitionMode:208995864]: ACCURACY:PLAID AIF-42D:0/0:0/0
[BDArmory.BDACompetitionMode:208995864]: ACCURACY:PLAID AIF-42D_1:0/0:0/0
[BDArmory.BDACompetitionMode:208995864]: ACCURACY:AIF-38D5:7/13:0/0
[BDArmory.BDACompetitionMode:208995864]: ACCURACY:AIF-38D5_1:0/1:0/0
