[BDArmory.BDACompetitionMode:208997177]: Dumping Results after 57s (of 0s) at 2026-08-15 22:47:41 -04:00
[BDArmory.BDACompetitionMode:208997177]: RESULT:Draw:[{"team": "PLAID AIF-42D", "members": ["PLAID AIF-42D", "PLAID AIF-42D_1"]}, {"team": "AIF-38D5", "members": ["AIF-38D5", "AIF-38D5_1"]}]
[BDArmory.BDACompetitionMode:208997177]: DEADTEAMS:[]
[BDArmory.BDACompetitionMode:208997177]: ALIVE:AIF-38D5
[BDArmory.BDACompetitionMode:208997177]: ALIVE:AIF-38D5_1
[BDArmory.BDACompetitionMode:208997177]: DEAD:0:40.0:PLAID AIF-42D
[BDArmory.BDACompetitionMode:208997177]: MIA:PLAID AIF-42D_1
[BDArmory.BDACompetitionMode:208997177]: WHOSHOTWHOWITHGUNS:PLAID AIF-42D_1:2:AIF-38D5_1
[BDArmory.BDACompetitionMode:208997177]: WHODAMAGEDWHOWITHGUNS:PLAID AIF-42D_1:1204.2:AIF-38D5_1
[BDArmory.BDACompetitionMode:208997177]: WHOHITWHOWITHMISSILES:PLAID AIF-42D:2:AIF-38D5:1:AIF-38D5_1
[BDArmory.BDACompetitionMode:208997177]: WHOHITWHOWITHMISSILES:PLAID AIF-42D_1:3:AIF-38D5_1:1:AIF-38D5
[BDArmory.BDACompetitionMode:208997177]: WHOPARTSHITWHOWITHMISSILES:PLAID AIF-42D:83:AIF-38D5:71:AIF-38D5_1
[BDArmory.BDACompetitionMode:208997177]: WHOPARTSHITWHOWITHMISSILES:PLAID AIF-42D_1:113:AIF-38D5_1:47:AIF-38D5
[BDArmory.BDACompetitionMode:208997177]: WHODAMAGEDWHOWITHMISSILES:PLAID AIF-42D:24286.2:AIF-38D5_1:18700.0:AIF-38D5
[BDArmory.BDACompetitionMode:208997177]: WHODAMAGEDWHOWITHMISSILES:PLAID AIF-42D_1:27792.3:AIF-38D5_1:10449.9:AIF-38D5
[BDArmory.BDACompetitionMode:208997177]: WHODAMAGEDWHOWITHBATTLEDAMAGE:PLAID AIF-42D:0.1:AIF-38D5_1
[BDArmory.BDACompetitionMode:208997177]: WHODAMAGEDWHOWITHBATTLEDAMAGE:PLAID AIF-42D_1:76.5:AIF-38D5_1
[BDArmory.BDACompetitionMode:208997177]: KILLSTEALMISSILES:PLAID AIF-42D:AIF-38D5
[BDArmory.BDACompetitionMode:208997177]: HPLEFT:PLAID AIF-42D:0
[BDArmory.BDACompetitionMode:208997177]: HPLEFT:PLAID AIF-42D_1:20.2702702702703
[BDArmory.BDACompetitionMode:208997177]: HPLEFT:AIF-38D5:100
[BDArmory.BDACompetitionMode:208997177]: HPLEFT:AIF-38D5_1:100
[BDArmory.BDACompetitionMode:208997177]: ACCURACY:PLAID AIF-42D:0/0:0/0
[BDArmory.BDACompetitionMode:208997177]: ACCURACY:PLAID AIF-42D_1:0/0:0/0
[BDArmory.BDACompetitionMode:208997177]: ACCURACY:AIF-38D5:0/0:0/0
[BDArmory.BDACompetitionMode:208997177]: ACCURACY:AIF-38D5_1:2/6:0/0
