[BDArmory.BDACompetitionMode:208993420]: Dumping Results after 99s (of 0s) at 2026-08-15 21:46:05 -04:00
[BDArmory.BDACompetitionMode:208993420]: RESULT:Draw:[{"team": "AIF-38D2", "members": ["AIF-38D2", "AIF-38D2_1"]}, {"team": "AIF-38D5", "members": ["AIF-38D5", "AIF-38D5_1"]}]
[BDArmory.BDACompetitionMode:208993420]: DEADTEAMS:[]
[BDArmory.BDACompetitionMode:208993420]: ALIVE:AIF-38D2
[BDArmory.BDACompetitionMode:208993420]: ALIVE:AIF-38D2_1
[BDArmory.BDACompetitionMode:208993420]: ALIVE:AIF-38D5
[BDArmory.BDACompetitionMode:208993420]: ALIVE:AIF-38D5_1
[BDArmory.BDACompetitionMode:208993420]: WHOSHOTWHOWITHGUNS:AIF-38D2:15:AIF-38D5:19:AIF-38D5_1
[BDArmory.BDACompetitionMode:208993420]: WHOSHOTWHOWITHGUNS:AIF-38D2_1:40:AIF-38D5
[BDArmory.BDACompetitionMode:208993420]: WHOSHOTWHOWITHGUNS:AIF-38D5:131:AIF-38D2:4:AIF-38D2_1
[BDArmory.BDACompetitionMode:208993420]: WHOHITWHOWITHMISSILES:AIF-38D2:5:AIF-38D5:1:AIF-38D5_1
[BDArmory.BDACompetitionMode:208993420]: WHOHITWHOWITHMISSILES:AIF-38D2_1:3:AIF-38D5_1
[BDArmory.BDACompetitionMode:208993420]: WHOHITWHOWITHMISSILES:AIF-38D5:1:AIF-38D2:1:AIF-38D2_1
[BDArmory.BDACompetitionMode:208993420]: WHOHITWHOWITHMISSILES:AIF-38D5_1:1:AIF-38D2
[BDArmory.BDACompetitionMode:208993420]: WHOPARTSHITWHOWITHMISSILES:AIF-38D2:426:AIF-38D5:86:AIF-38D5_1
[BDArmory.BDACompetitionMode:208993420]: WHOPARTSHITWHOWITHMISSILES:AIF-38D2_1:259:AIF-38D5_1
[BDArmory.BDACompetitionMode:208993420]: WHOPARTSHITWHOWITHMISSILES:AIF-38D5:81:AIF-38D2:82:AIF-38D2_1
[BDArmory.BDACompetitionMode:208993420]: WHOPARTSHITWHOWITHMISSILES:AIF-38D5_1:84:AIF-38D2
[BDArmory.BDACompetitionMode:208993420]: HPLEFT:AIF-38D2:100
[BDArmory.BDACompetitionMode:208993420]: HPLEFT:AIF-38D2_1:100
[BDArmory.BDACompetitionMode:208993420]: HPLEFT:AIF-38D5:100
[BDArmory.BDACompetitionMode:208993420]: HPLEFT:AIF-38D5_1:100
[BDArmory.BDACompetitionMode:208993420]: ACCURACY:AIF-38D2:131/541:0/0
[BDArmory.BDACompetitionMode:208993420]: ACCURACY:AIF-38D2_1:4/174:0/0
[BDArmory.BDACompetitionMode:208993420]: ACCURACY:AIF-38D5:55/344:0/0
[BDArmory.BDACompetitionMode:208993420]: ACCURACY:AIF-38D5_1:19/230:0/0
