[BDArmory.BDACompetitionMode:208997360]: Dumping Results after 74s (of 0s) at 2026-08-15 22:51:11 -04:00
[BDArmory.BDACompetitionMode:208997360]: RESULT:Draw:[{"team": "AIF-38D5", "members": ["AIF-38D5", "AIF-38D5_1"]}, {"team": "PLAID AIF-42D", "members": ["PLAID AIF-42D", "PLAID AIF-42D_1"]}]
[BDArmory.BDACompetitionMode:208997360]: DEADTEAMS:[]
[BDArmory.BDACompetitionMode:208997360]: ALIVE:AIF-38D5
[BDArmory.BDACompetitionMode:208997360]: ALIVE:AIF-38D5_1
[BDArmory.BDACompetitionMode:208997360]: MIA:PLAID AIF-42D
[BDArmory.BDACompetitionMode:208997360]: DEAD:0:70.0:PLAID AIF-42D_1
[BDArmory.BDACompetitionMode:208997360]: WHOSHOTWHOWITHGUNS:PLAID AIF-42D:1:AIF-38D5_1
[BDArmory.BDACompetitionMode:208997360]: WHOSHOTWHOWITHGUNS:PLAID AIF-42D_1:23:AIF-38D5
[BDArmory.BDACompetitionMode:208997360]: WHODAMAGEDWHOWITHGUNS:PLAID AIF-42D:60.1:AIF-38D5_1
[BDArmory.BDACompetitionMode:208997360]: WHODAMAGEDWHOWITHGUNS:PLAID AIF-42D_1:2235.7:AIF-38D5
[BDArmory.BDACompetitionMode:208997360]: WHOHITWHOWITHMISSILES:PLAID AIF-42D:4:AIF-38D5_1:1:AIF-38D5
[BDArmory.BDACompetitionMode:208997360]: WHOHITWHOWITHMISSILES:PLAID AIF-42D_1:1:AIF-38D5_1:1:AIF-38D5
[BDArmory.BDACompetitionMode:208997360]: WHOPARTSHITWHOWITHMISSILES:PLAID AIF-42D:163:AIF-38D5_1:70:AIF-38D5
[BDArmory.BDACompetitionMode:208997360]: WHOPARTSHITWHOWITHMISSILES:PLAID AIF-42D_1:40:AIF-38D5_1:9:AIF-38D5
[BDArmory.BDACompetitionMode:208997360]: WHODAMAGEDWHOWITHMISSILES:PLAID AIF-42D:18277.2:AIF-38D5:26998.1:AIF-38D5_1
[BDArmory.BDACompetitionMode:208997360]: WHODAMAGEDWHOWITHMISSILES:PLAID AIF-42D_1:19467.5:AIF-38D5_1:4495.4:AIF-38D5
[BDArmory.BDACompetitionMode:208997360]: WHODAMAGEDWHOWITHBATTLEDAMAGE:PLAID AIF-42D:0.1:AIF-38D5:0.3:AIF-38D5_1
[BDArmory.BDACompetitionMode:208997360]: WHODAMAGEDWHOWITHBATTLEDAMAGE:PLAID AIF-42D_1:24793.9:AIF-38D5:10607.5:PLAID AIF-42D_1
[BDArmory.BDACompetitionMode:208997360]: HEADSHOTMISSILES:PLAID AIF-42D_1:AIF-38D5
[BDArmory.BDACompetitionMode:208997360]: HPLEFT:AIF-38D5:100
[BDArmory.BDACompetitionMode:208997360]: HPLEFT:AIF-38D5_1:100
[BDArmory.BDACompetitionMode:208997360]: HPLEFT:PLAID AIF-42D:14.8648648648649
[BDArmory.BDACompetitionMode:208997360]: HPLEFT:PLAID AIF-42D_1:0
[BDArmory.BDACompetitionMode:208997360]: ACCURACY:AIF-38D5:23/76:0/0
[BDArmory.BDACompetitionMode:208997360]: ACCURACY:AIF-38D5_1:1/18:0/0
[BDArmory.BDACompetitionMode:208997360]: ACCURACY:PLAID AIF-42D:0/0:0/0
[BDArmory.BDACompetitionMode:208997360]: ACCURACY:PLAID AIF-42D_1:0/0:0/0
