[BDArmory.BDACompetitionMode:208997641]: Dumping Results after 54s (of 0s) at 2026-08-15 22:55:47 -04:00
[BDArmory.BDACompetitionMode:208997641]: RESULT:Draw:[{"team": "PLAID AIF-42D", "members": ["PLAID AIF-42D", "PLAID AIF-42D_1", "PLAID AIF-42D_2", "PLAID AIF-42D_3"]}, {"team": "AIF-38D5", "members": ["AIF-38D5", "AIF-38D5_1", "AIF-38D5_2", "AIF-38D5_3"]}]
[BDArmory.BDACompetitionMode:208997641]: DEADTEAMS:[]
[BDArmory.BDACompetitionMode:208997641]: ALIVE:PLAID AIF-42D
[BDArmory.BDACompetitionMode:208997641]: ALIVE:PLAID AIF-42D_1
[BDArmory.BDACompetitionMode:208997641]: ALIVE:PLAID AIF-42D_2
[BDArmory.BDACompetitionMode:208997641]: ALIVE:PLAID AIF-42D_3
[BDArmory.BDACompetitionMode:208997641]: ALIVE:AIF-38D5
[BDArmory.BDACompetitionMode:208997641]: ALIVE:AIF-38D5_2
[BDArmory.BDACompetitionMode:208997641]: ALIVE:AIF-38D5_3
[BDArmory.BDACompetitionMode:208997641]: MIA:AIF-38D5_1
[BDArmory.BDACompetitionMode:208997641]: WHOHITWHOWITHMISSILES:AIF-38D5_1:1:PLAID AIF-42D_3
[BDArmory.BDACompetitionMode:208997641]: WHOHITWHOWITHMISSILES:AIF-38D5_3:1:PLAID AIF-42D_1
[BDArmory.BDACompetitionMode:208997641]: WHOPARTSHITWHOWITHMISSILES:AIF-38D5_1:88:PLAID AIF-42D_3
[BDArmory.BDACompetitionMode:208997641]: WHOPARTSHITWHOWITHMISSILES:AIF-38D5_3:82:PLAID AIF-42D_1
[BDArmory.BDACompetitionMode:208997641]: WHODAMAGEDWHOWITHMISSILES:AIF-38D5_1:72106.9:PLAID AIF-42D_3
[BDArmory.BDACompetitionMode:208997641]: WHODAMAGEDWHOWITHMISSILES:AIF-38D5_3:3924.2:PLAID AIF-42D_1
[BDArmory.BDACompetitionMode:208997641]: HPLEFT:PLAID AIF-42D:100
[BDArmory.BDACompetitionMode:208997641]: HPLEFT:PLAID AIF-42D_1:100
[BDArmory.BDACompetitionMode:208997641]: HPLEFT:PLAID AIF-42D_2:100
[BDArmory.BDACompetitionMode:208997641]: HPLEFT:PLAID AIF-42D_3:100
[BDArmory.BDACompetitionMode:208997641]: HPLEFT:AIF-38D5:100
[BDArmory.BDACompetitionMode:208997641]: HPLEFT:AIF-38D5_1:71.264367816092
[BDArmory.BDACompetitionMode:208997641]: HPLEFT:AIF-38D5_2:100
[BDArmory.BDACompetitionMode:208997641]: HPLEFT:AIF-38D5_3:90.8045977011494
[BDArmory.BDACompetitionMode:208997641]: ACCURACY:PLAID AIF-42D:0/0:0/0
[BDArmory.BDACompetitionMode:208997641]: ACCURACY:PLAID AIF-42D_1:0/0:0/0
[BDArmory.BDACompetitionMode:208997641]: ACCURACY:PLAID AIF-42D_2:0/0:0/0
[BDArmory.BDACompetitionMode:208997641]: ACCURACY:PLAID AIF-42D_3:0/0:0/0
[BDArmory.BDACompetitionMode:208997641]: ACCURACY:AIF-38D5:0/0:0/0
[BDArmory.BDACompetitionMode:208997641]: ACCURACY:AIF-38D5_1:0/0:0/0
[BDArmory.BDACompetitionMode:208997641]: ACCURACY:AIF-38D5_2:0/0:0/0
[BDArmory.BDACompetitionMode:208997641]: ACCURACY:AIF-38D5_3:0/0:0/0
