[BDArmory.BDACompetitionMode:208997759]: Dumping Results after -344s (of 0s) at 2026-08-15 22:58:01 -04:00
[BDArmory.BDACompetitionMode:208997759]: RESULT:Win:{"team": "PLAID AIF-42D", "members": ["PLAID AIF-42D", "PLAID AIF-42D_1", "PLAID AIF-42D_2", "PLAID AIF-42D_3"]}
[BDArmory.BDACompetitionMode:208997759]: DEADTEAMS:[{"team": "AIF-38C", "members": ["AIF-38C", "AIF-38C_1", "AIF-38C_2", "AIF-38C_3"]}]
[BDArmory.BDACompetitionMode:208997759]: MIA:AIF-38C
[BDArmory.BDACompetitionMode:208997759]: MIA:AIF-38C_1
[BDArmory.BDACompetitionMode:208997759]: MIA:AIF-38C_2
[BDArmory.BDACompetitionMode:208997759]: MIA:AIF-38C_3
[BDArmory.BDACompetitionMode:208997759]: DEAD:2:53.0:PLAID AIF-42D
[BDArmory.BDACompetitionMode:208997759]: DEAD:0:49.0:PLAID AIF-42D_1
[BDArmory.BDACompetitionMode:208997759]: MIA:PLAID AIF-42D_2
[BDArmory.BDACompetitionMode:208997759]: DEAD:1:51.0:PLAID AIF-42D_3
[BDArmory.BDACompetitionMode:208997759]: WHOHITWHOWITHMISSILES:PLAID AIF-42D:1:AIF-38C:1:AIF-38C_2:1:AIF-38C_3:1:AIF-38C_1
[BDArmory.BDACompetitionMode:208997759]: WHOHITWHOWITHMISSILES:PLAID AIF-42D_1:1:AIF-38C:1:AIF-38C_3:1:AIF-38C_1
[BDArmory.BDACompetitionMode:208997759]: WHOHITWHOWITHMISSILES:PLAID AIF-42D_2:2:AIF-38C_1:1:AIF-38C_3:1:AIF-38C:1:AIF-38C_2
[BDArmory.BDACompetitionMode:208997759]: WHOHITWHOWITHMISSILES:PLAID AIF-42D_3:1:AIF-38C_2:1:AIF-38C_1:1:AIF-38C_3:2:AIF-38C
[BDArmory.BDACompetitionMode:208997759]: WHOPARTSHITWHOWITHMISSILES:PLAID AIF-42D:69:AIF-38C:51:AIF-38C_2:51:AIF-38C_3:10:AIF-38C_1
[BDArmory.BDACompetitionMode:208997759]: WHOPARTSHITWHOWITHMISSILES:PLAID AIF-42D_1:65:AIF-38C:18:AIF-38C_3:18:AIF-38C_1
[BDArmory.BDACompetitionMode:208997759]: WHOPARTSHITWHOWITHMISSILES:PLAID AIF-42D_2:76:AIF-38C_1:69:AIF-38C_3:59:AIF-38C:52:AIF-38C_2
[BDArmory.BDACompetitionMode:208997759]: WHOPARTSHITWHOWITHMISSILES:PLAID AIF-42D_3:69:AIF-38C_2:49:AIF-38C_1:50:AIF-38C_3:54:AIF-38C
[BDArmory.BDACompetitionMode:208997759]: WHODAMAGEDWHOWITHMISSILES:PLAID AIF-42D:12791.5:AIF-38C:30115.0:AIF-38C_2:1999.2:AIF-38C_3:1279.6:AIF-38C_1
[BDArmory.BDACompetitionMode:208997759]: WHODAMAGEDWHOWITHMISSILES:PLAID AIF-42D_1:14312.0:AIF-38C:1032.3:AIF-38C_3:47252.6:AIF-38C_1
[BDArmory.BDACompetitionMode:208997759]: WHODAMAGEDWHOWITHMISSILES:PLAID AIF-42D_2:13601.9:AIF-38C_1:1146.3:AIF-38C_3:81808.2:AIF-38C:1281.4:AIF-38C_2
[BDArmory.BDACompetitionMode:208997759]: WHODAMAGEDWHOWITHMISSILES:PLAID AIF-42D_3:15281.6:AIF-38C_2:4314.5:AIF-38C_1:3248.4:AIF-38C_3:7478.3:AIF-38C
[BDArmory.BDACompetitionMode:208997759]: WHODAMAGEDWHOWITHBATTLEDAMAGE:PLAID AIF-42D_1:16853.0:AIF-38C_1
[BDArmory.BDACompetitionMode:208997759]: HEADSHOTMISSILES:PLAID AIF-42D:AIF-38C_1
[BDArmory.BDACompetitionMode:208997759]: KILLSTEALMISSILES:PLAID AIF-42D_1:AIF-38C_1
[BDArmory.BDACompetitionMode:208997759]: HEADSHOTMISSILES:PLAID AIF-42D_3:AIF-38C
[BDArmory.BDACompetitionMode:208997759]: HPLEFT:AIF-38C:0
[BDArmory.BDACompetitionMode:208997759]: HPLEFT:AIF-38C_1:0
[BDArmory.BDACompetitionMode:208997759]: HPLEFT:AIF-38C_2:0
[BDArmory.BDACompetitionMode:208997759]: HPLEFT:AIF-38C_3:0
[BDArmory.BDACompetitionMode:208997759]: HPLEFT:PLAID AIF-42D:0
[BDArmory.BDACompetitionMode:208997759]: HPLEFT:PLAID AIF-42D_1:0
[BDArmory.BDACompetitionMode:208997759]: HPLEFT:PLAID AIF-42D_2:14.8648648648649
[BDArmory.BDACompetitionMode:208997759]: HPLEFT:PLAID AIF-42D_3:0
[BDArmory.BDACompetitionMode:208997759]: ACCURACY:AIF-38C:0/0:0/0
[BDArmory.BDACompetitionMode:208997759]: ACCURACY:AIF-38C_1:0/0:0/0
[BDArmory.BDACompetitionMode:208997759]: ACCURACY:AIF-38C_2:0/0:0/0
[BDArmory.BDACompetitionMode:208997759]: ACCURACY:AIF-38C_3:0/0:0/0
[BDArmory.BDACompetitionMode:208997759]: ACCURACY:PLAID AIF-42D:0/0:0/0
[BDArmory.BDACompetitionMode:208997759]: ACCURACY:PLAID AIF-42D_1:0/0:0/0
[BDArmory.BDACompetitionMode:208997759]: ACCURACY:PLAID AIF-42D_2:0/0:0/0
[BDArmory.BDACompetitionMode:208997759]: ACCURACY:PLAID AIF-42D_3:0/0:0/0
