[BDArmory.BDACompetitionMode:208996615]: Dumping Results after 69s (of 0s) at 2026-08-15 22:38:31 -04:00
[BDArmory.BDACompetitionMode:208996615]: RESULT:Draw:[{"team": "AIF-38D5", "members": ["AIF-38D5", "AIF-38D5_1"]}, {"team": "PLAID AIF-42D", "members": ["PLAID AIF-42D", "PLAID AIF-42D_1"]}]
[BDArmory.BDACompetitionMode:208996615]: DEADTEAMS:[]
[BDArmory.BDACompetitionMode:208996615]: ALIVE:PLAID AIF-42D_1
[BDArmory.BDACompetitionMode:208996615]: MIA:AIF-38D5
[BDArmory.BDACompetitionMode:208996615]: DEAD:0:37.0:AIF-38D5_1
[BDArmory.BDACompetitionMode:208996615]: MIA:PLAID AIF-42D
[BDArmory.BDACompetitionMode:208996615]: WHOHITWHOWITHMISSILES:AIF-38D5:1:PLAID AIF-42D_1
[BDArmory.BDACompetitionMode:208996615]: WHOHITWHOWITHMISSILES:AIF-38D5_1:1:PLAID AIF-42D_1
[BDArmory.BDACompetitionMode:208996615]: WHOHITWHOWITHMISSILES:PLAID AIF-42D:1:AIF-38D5_1
[BDArmory.BDACompetitionMode:208996615]: WHOPARTSHITWHOWITHMISSILES:AIF-38D5:82:PLAID AIF-42D_1
[BDArmory.BDACompetitionMode:208996615]: WHOPARTSHITWHOWITHMISSILES:AIF-38D5_1:85:PLAID AIF-42D_1
[BDArmory.BDACompetitionMode:208996615]: WHOPARTSHITWHOWITHMISSILES:PLAID AIF-42D:73:AIF-38D5_1
[BDArmory.BDACompetitionMode:208996615]: WHODAMAGEDWHOWITHMISSILES:AIF-38D5:18507.4:PLAID AIF-42D_1
[BDArmory.BDACompetitionMode:208996615]: WHODAMAGEDWHOWITHMISSILES:AIF-38D5_1:90098.3:PLAID AIF-42D_1
[BDArmory.BDACompetitionMode:208996615]: WHODAMAGEDWHOWITHMISSILES:PLAID AIF-42D:20557.9:AIF-38D5_1
[BDArmory.BDACompetitionMode:208996615]: WHODAMAGEDWHOWITHBATTLEDAMAGE:AIF-38D5_1:21836.6:PLAID AIF-42D_1
[BDArmory.BDACompetitionMode:208996615]: CLEANKILLMISSILES:AIF-38D5_1:PLAID AIF-42D_1
[BDArmory.BDACompetitionMode:208996615]: HPLEFT:AIF-38D5:27.5862068965517
[BDArmory.BDACompetitionMode:208996615]: HPLEFT:AIF-38D5_1:0
[BDArmory.BDACompetitionMode:208996615]: HPLEFT:PLAID AIF-42D:74.3243243243243
[BDArmory.BDACompetitionMode:208996615]: HPLEFT:PLAID AIF-42D_1:100
[BDArmory.BDACompetitionMode:208996615]: ACCURACY:AIF-38D5:0/0:0/0
[BDArmory.BDACompetitionMode:208996615]: ACCURACY:AIF-38D5_1:0/0:0/0
[BDArmory.BDACompetitionMode:208996615]: ACCURACY:PLAID AIF-42D:0/21:0/0
[BDArmory.BDACompetitionMode:208996615]: ACCURACY:PLAID AIF-42D_1:0/0:0/0
