[BDArmory.BDACompetitionMode:208998037]: Dumping Results after 80s (of 0s) at 2026-08-15 23:03:15 -04:00
[BDArmory.BDACompetitionMode:208998037]: RESULT:Draw:[{"team": "PLAID AIF-42D", "members": ["PLAID AIF-42D", "PLAID AIF-42D_1", "PLAID AIF-42D_2", "PLAID AIF-42D_3"]}, {"team": "AIF-38D5", "members": ["AIF-38D5", "AIF-38D5_1", "AIF-38D5_2", "AIF-38D5_3"]}]
[BDArmory.BDACompetitionMode:208998037]: DEADTEAMS:[]
[BDArmory.BDACompetitionMode:208998037]: ALIVE:AIF-38D5
[BDArmory.BDACompetitionMode:208998037]: ALIVE:AIF-38D5_2
[BDArmory.BDACompetitionMode:208998037]: DEAD:1:54.0:PLAID AIF-42D
[BDArmory.BDACompetitionMode:208998037]: MIA:PLAID AIF-42D_1
[BDArmory.BDACompetitionMode:208998037]: MIA:PLAID AIF-42D_2
[BDArmory.BDACompetitionMode:208998037]: MIA:PLAID AIF-42D_3
[BDArmory.BDACompetitionMode:208998037]: DEAD:2:75.0:AIF-38D5_1
[BDArmory.BDACompetitionMode:208998037]: DEAD:0:46.0:AIF-38D5_3
[BDArmory.BDACompetitionMode:208998037]: WHOSHOTWHOWITHGUNS:PLAID AIF-42D_1:39:AIF-38D5_2:2:AIF-38D5
[BDArmory.BDACompetitionMode:208998037]: WHOSHOTWHOWITHGUNS:AIF-38D5:8:PLAID AIF-42D_1
[BDArmory.BDACompetitionMode:208998037]: WHODAMAGEDWHOWITHGUNS:PLAID AIF-42D_1:2967.7:AIF-38D5_2:94.1:AIF-38D5
[BDArmory.BDACompetitionMode:208998037]: WHODAMAGEDWHOWITHGUNS:AIF-38D5:1767.7:PLAID AIF-42D_1
[BDArmory.BDACompetitionMode:208998037]: WHOHITWHOWITHMISSILES:PLAID AIF-42D:1:AIF-38D5:1:AIF-38D5_2
[BDArmory.BDACompetitionMode:208998037]: WHOHITWHOWITHMISSILES:PLAID AIF-42D_1:3:AIF-38D5_2:1:AIF-38D5
[BDArmory.BDACompetitionMode:208998037]: WHOHITWHOWITHMISSILES:PLAID AIF-42D_2:1:AIF-38D5:1:AIF-38D5_2
[BDArmory.BDACompetitionMode:208998037]: WHOHITWHOWITHMISSILES:PLAID AIF-42D_3:1:AIF-38D5
[BDArmory.BDACompetitionMode:208998037]: WHOHITWHOWITHMISSILES:AIF-38D5_1:3:PLAID AIF-42D_3
[BDArmory.BDACompetitionMode:208998037]: WHOHITWHOWITHMISSILES:AIF-38D5_2:1:AIF-38D5
[BDArmory.BDACompetitionMode:208998037]: WHOHITWHOWITHMISSILES:AIF-38D5_3:1:PLAID AIF-42D_2:1:PLAID AIF-42D_1
[BDArmory.BDACompetitionMode:208998037]: WHOPARTSHITWHOWITHMISSILES:PLAID AIF-42D:67:AIF-38D5:50:AIF-38D5_2
[BDArmory.BDACompetitionMode:208998037]: WHOPARTSHITWHOWITHMISSILES:PLAID AIF-42D_1:154:AIF-38D5_2:27:AIF-38D5
[BDArmory.BDACompetitionMode:208998037]: WHOPARTSHITWHOWITHMISSILES:PLAID AIF-42D_2:73:AIF-38D5:54:AIF-38D5_2
[BDArmory.BDACompetitionMode:208998037]: WHOPARTSHITWHOWITHMISSILES:PLAID AIF-42D_3:64:AIF-38D5
[BDArmory.BDACompetitionMode:208998037]: WHOPARTSHITWHOWITHMISSILES:AIF-38D5_1:217:PLAID AIF-42D_3
[BDArmory.BDACompetitionMode:208998037]: WHOPARTSHITWHOWITHMISSILES:AIF-38D5_2:79:AIF-38D5
[BDArmory.BDACompetitionMode:208998037]: WHOPARTSHITWHOWITHMISSILES:AIF-38D5_3:85:PLAID AIF-42D_2:56:PLAID AIF-42D_1
[BDArmory.BDACompetitionMode:208998037]: WHODAMAGEDWHOWITHMISSILES:PLAID AIF-42D:10002.5:AIF-38D5:17402.4:AIF-38D5_2
[BDArmory.BDACompetitionMode:208998037]: WHODAMAGEDWHOWITHMISSILES:PLAID AIF-42D_1:38698.1:AIF-38D5_2:8825.4:AIF-38D5
[BDArmory.BDACompetitionMode:208998037]: WHODAMAGEDWHOWITHMISSILES:PLAID AIF-42D_2:12799.8:AIF-38D5:18605.5:AIF-38D5_2
[BDArmory.BDACompetitionMode:208998037]: WHODAMAGEDWHOWITHMISSILES:PLAID AIF-42D_3:6953.1:AIF-38D5
[BDArmory.BDACompetitionMode:208998037]: WHODAMAGEDWHOWITHMISSILES:AIF-38D5_1:43679.2:PLAID AIF-42D_3
[BDArmory.BDACompetitionMode:208998037]: WHODAMAGEDWHOWITHMISSILES:AIF-38D5_2:6490.0:AIF-38D5
[BDArmory.BDACompetitionMode:208998037]: WHODAMAGEDWHOWITHMISSILES:AIF-38D5_3:24020.7:PLAID AIF-42D_2:21076.6:PLAID AIF-42D_1
[BDArmory.BDACompetitionMode:208998037]: WHODAMAGEDWHOWITHBATTLEDAMAGE:PLAID AIF-42D_1:154.0:AIF-38D5_2:19.7:AIF-38D5
[BDArmory.BDACompetitionMode:208998037]: WHODAMAGEDWHOWITHBATTLEDAMAGE:PLAID AIF-42D_2:0.1:AIF-38D5:0.1:AIF-38D5_2
[BDArmory.BDACompetitionMode:208998037]: WHODAMAGEDWHOWITHBATTLEDAMAGE:AIF-38D5:200.4:PLAID AIF-42D_1
[BDArmory.BDACompetitionMode:208998037]: WHODAMAGEDWHOWITHBATTLEDAMAGE:AIF-38D5_2:0.2:AIF-38D5
[BDArmory.BDACompetitionMode:208998037]: KILLSTEALMISSILES:PLAID AIF-42D:AIF-38D5_2
[BDArmory.BDACompetitionMode:208998037]: HEADSHOTMISSILES:AIF-38D5_3:PLAID AIF-42D_1
[BDArmory.BDACompetitionMode:208998037]: HPLEFT:PLAID AIF-42D:0
[BDArmory.BDACompetitionMode:208998037]: HPLEFT:PLAID AIF-42D_1:18.9189189189189
[BDArmory.BDACompetitionMode:208998037]: HPLEFT:PLAID AIF-42D_2:70.2702702702703
[BDArmory.BDACompetitionMode:208998037]: HPLEFT:PLAID AIF-42D_3:32.4324324324324
[BDArmory.BDACompetitionMode:208998037]: HPLEFT:AIF-38D5:98.8372093023256
[BDArmory.BDACompetitionMode:208998037]: HPLEFT:AIF-38D5_1:0
[BDArmory.BDACompetitionMode:208998037]: HPLEFT:AIF-38D5_2:94.1860465116279
[BDArmory.BDACompetitionMode:208998037]: HPLEFT:AIF-38D5_3:0
[BDArmory.BDACompetitionMode:208998037]: ACCURACY:PLAID AIF-42D:0/0:0/0
[BDArmory.BDACompetitionMode:208998037]: ACCURACY:PLAID AIF-42D_1:8/121:0/0
[BDArmory.BDACompetitionMode:208998037]: ACCURACY:PLAID AIF-42D_2:0/0:0/0
[BDArmory.BDACompetitionMode:208998037]: ACCURACY:PLAID AIF-42D_3:0/20:0/0
[BDArmory.BDACompetitionMode:208998037]: ACCURACY:AIF-38D5:2/13:0/0
[BDArmory.BDACompetitionMode:208998037]: ACCURACY:AIF-38D5_1:0/0:0/0
[BDArmory.BDACompetitionMode:208998037]: ACCURACY:AIF-38D5_2:39/64:0/0
[BDArmory.BDACompetitionMode:208998037]: ACCURACY:AIF-38D5_3:0/0:0/0
