[BDArmory.BDACompetitionMode:209714857]: Dumping Results after 45s (of 0s) at 2026-08-24 06:08:59 -04:00
[BDArmory.BDACompetitionMode:209714857]: RESULT:Win:{"team": "OZ-3a", "members": ["OZ-3a", "OZ-3a_1", "OZ-3a_2", "OZ-3a_3", "OZ-3a_2_F1", "OZ-3a_3_F1"]}
[BDArmory.BDACompetitionMode:209714857]: DEADTEAMS:[{"team": "PLAID ASF-07 CERULEAN OPTIC (DF)", "members": ["PLAID ASF-07 CERULEAN OPTIC (DF)", "PLAID ASF-07 CERULEAN OPTIC (DF)_1", "PLAID ASF-07 CERULEAN OPTIC (DF)_2", "PLAID ASF-07 CERULEAN OPTIC (DF)_3"]}]
[BDArmory.BDACompetitionMode:209714857]: ALIVE:OZ-3a_1
[BDArmory.BDACompetitionMode:209714857]: ALIVE:Jedzer Kerman
[BDArmory.BDACompetitionMode:209714857]: DEAD:4:21.0:PLAID ASF-07 CERULEAN OPTIC (DF)
[BDArmory.BDACompetitionMode:209714857]: DEAD:1:16.0:PLAID ASF-07 CERULEAN OPTIC (DF)_1
[BDArmory.BDACompetitionMode:209714857]: DEAD:8:38.0:PLAID ASF-07 CERULEAN OPTIC (DF)_2
[BDArmory.BDACompetitionMode:209714857]: DEAD:0:15.0:PLAID ASF-07 CERULEAN OPTIC (DF)_3
[BDArmory.BDACompetitionMode:209714857]: DEAD:5:25.0:OZ-3a
[BDArmory.BDACompetitionMode:209714857]: DEAD:2:16.0:OZ-3a_2
[BDArmory.BDACompetitionMode:209714857]: DEAD:6:33.0:OZ-3a_3
[BDArmory.BDACompetitionMode:209714857]: DEAD:3:16.0:OZ-3a_2_F1
[BDArmory.BDACompetitionMode:209714857]: DEAD:7:33.0:OZ-3a_3_F1
[BDArmory.BDACompetitionMode:209714857]: WHOSHOTWHOWITHGUNS:PLAID ASF-07 CERULEAN OPTIC (DF):2:OZ-3a_1
[BDArmory.BDACompetitionMode:209714857]: WHOSHOTWHOWITHGUNS:PLAID ASF-07 CERULEAN OPTIC (DF)_2:5:OZ-3a_1
[BDArmory.BDACompetitionMode:209714857]: WHOSHOTWHOWITHGUNS:PLAID ASF-07 CERULEAN OPTIC (DF)_3:14:OZ-3a:33:OZ-3a_1
[BDArmory.BDACompetitionMode:209714857]: WHOSHOTWHOWITHGUNS:OZ-3a:10:PLAID ASF-07 CERULEAN OPTIC (DF)_2
[BDArmory.BDACompetitionMode:209714857]: WHOSHOTWHOWITHGUNS:OZ-3a_2:24:PLAID ASF-07 CERULEAN OPTIC (DF)_2
[BDArmory.BDACompetitionMode:209714857]: WHOSHOTWHOWITHGUNS:OZ-3a_3:15:PLAID ASF-07 CERULEAN OPTIC (DF):1:PLAID ASF-07 CERULEAN OPTIC (DF)_2
[BDArmory.BDACompetitionMode:209714857]: WHODAMAGEDWHOWITHGUNS:PLAID ASF-07 CERULEAN OPTIC (DF):102.4:OZ-3a_1
[BDArmory.BDACompetitionMode:209714857]: WHODAMAGEDWHOWITHGUNS:PLAID ASF-07 CERULEAN OPTIC (DF)_2:409.2:OZ-3a_1
[BDArmory.BDACompetitionMode:209714857]: WHODAMAGEDWHOWITHGUNS:PLAID ASF-07 CERULEAN OPTIC (DF)_3:973.6:OZ-3a:2012.6:OZ-3a_1
[BDArmory.BDACompetitionMode:209714857]: WHODAMAGEDWHOWITHGUNS:OZ-3a:852.6:PLAID ASF-07 CERULEAN OPTIC (DF)_2
[BDArmory.BDACompetitionMode:209714857]: WHODAMAGEDWHOWITHGUNS:OZ-3a_2:2162.3:PLAID ASF-07 CERULEAN OPTIC (DF)_2
[BDArmory.BDACompetitionMode:209714857]: WHODAMAGEDWHOWITHGUNS:OZ-3a_3:1335.9:PLAID ASF-07 CERULEAN OPTIC (DF):92.0:PLAID ASF-07 CERULEAN OPTIC (DF)_2
[BDArmory.BDACompetitionMode:209714857]: WHODAMAGEDWHOWITHGUNS:OZ-3a_2_F1:58.0:PLAID ASF-07 CERULEAN OPTIC (DF)_2
[BDArmory.BDACompetitionMode:209714857]: WHODAMAGEDWHOWITHGUNS:OZ-3a_3_F1:17.9:PLAID ASF-07 CERULEAN OPTIC (DF)_2
[BDArmory.BDACompetitionMode:209714857]: WHODAMAGEDWHOWITHBATTLEDAMAGE:PLAID ASF-07 CERULEAN OPTIC (DF):0.1:OZ-3a_1
[BDArmory.BDACompetitionMode:209714857]: WHODAMAGEDWHOWITHBATTLEDAMAGE:PLAID ASF-07 CERULEAN OPTIC (DF)_3:59.4:OZ-3a_1:21.1:OZ-3a
[BDArmory.BDACompetitionMode:209714857]: WHODAMAGEDWHOWITHBATTLEDAMAGE:OZ-3a:103.7:PLAID ASF-07 CERULEAN OPTIC (DF)_2
[BDArmory.BDACompetitionMode:209714857]: WHODAMAGEDWHOWITHBATTLEDAMAGE:OZ-3a_2:17.8:PLAID ASF-07 CERULEAN OPTIC (DF)_2
[BDArmory.BDACompetitionMode:209714857]: WHODAMAGEDWHOWITHBATTLEDAMAGE:OZ-3a_3:163.5:PLAID ASF-07 CERULEAN OPTIC (DF):0.1:PLAID ASF-07 CERULEAN OPTIC (DF)_2
[BDArmory.BDACompetitionMode:209714857]: WHODAMAGEDWHOWITHBATTLEDAMAGE:OZ-3a_2_F1:10.5:PLAID ASF-07 CERULEAN OPTIC (DF)_2
[BDArmory.BDACompetitionMode:209714857]: CLEANKILLGUNS:PLAID ASF-07 CERULEAN OPTIC (DF):OZ-3a_1
[BDArmory.BDACompetitionMode:209714857]: CLEANKILLGUNS:PLAID ASF-07 CERULEAN OPTIC (DF)_2:OZ-3a_1
[BDArmory.BDACompetitionMode:209714857]: KILLSTEALGUNS:PLAID ASF-07 CERULEAN OPTIC (DF)_3:OZ-3a_1
[BDArmory.BDACompetitionMode:209714857]: CLEANKILLGUNS:OZ-3a_2:PLAID ASF-07 CERULEAN OPTIC (DF)_2
[BDArmory.BDACompetitionMode:209714857]: HEADSHOTGUNS:OZ-3a_3:PLAID ASF-07 CERULEAN OPTIC (DF)_2
[BDArmory.BDACompetitionMode:209714857]: CLEANKILLGUNS:OZ-3a_2_F1:PLAID ASF-07 CERULEAN OPTIC (DF)_2
[BDArmory.BDACompetitionMode:209714857]: CLEANKILLGUNS:OZ-3a_3_F1:PLAID ASF-07 CERULEAN OPTIC (DF)_2
[BDArmory.BDACompetitionMode:209714857]: HPLEFT:PLAID ASF-07 CERULEAN OPTIC (DF):0
[BDArmory.BDACompetitionMode:209714857]: HPLEFT:PLAID ASF-07 CERULEAN OPTIC (DF)_1:0
[BDArmory.BDACompetitionMode:209714857]: HPLEFT:PLAID ASF-07 CERULEAN OPTIC (DF)_2:0
[BDArmory.BDACompetitionMode:209714857]: HPLEFT:PLAID ASF-07 CERULEAN OPTIC (DF)_3:0
[BDArmory.BDACompetitionMode:209714857]: HPLEFT:OZ-3a:0
[BDArmory.BDACompetitionMode:209714857]: HPLEFT:OZ-3a_1:102.439024390244
[BDArmory.BDACompetitionMode:209714857]: HPLEFT:OZ-3a_2:0
[BDArmory.BDACompetitionMode:209714857]: HPLEFT:OZ-3a_3:0
[BDArmory.BDACompetitionMode:209714857]: HPLEFT:OZ-3a_2_F1:0
[BDArmory.BDACompetitionMode:209714857]: HPLEFT:OZ-3a_3_F1:0
[BDArmory.BDACompetitionMode:209714857]: ACCURACY:PLAID ASF-07 CERULEAN OPTIC (DF):15/79:0/0
[BDArmory.BDACompetitionMode:209714857]: ACCURACY:PLAID ASF-07 CERULEAN OPTIC (DF)_1:0/0:0/0
[BDArmory.BDACompetitionMode:209714857]: ACCURACY:PLAID ASF-07 CERULEAN OPTIC (DF)_2:35/143:0/0
[BDArmory.BDACompetitionMode:209714857]: ACCURACY:PLAID ASF-07 CERULEAN OPTIC (DF)_3:0/9:0/0
[BDArmory.BDACompetitionMode:209714857]: ACCURACY:OZ-3a:14/72:0/0
[BDArmory.BDACompetitionMode:209714857]: ACCURACY:OZ-3a_1:40/195:0/0
[BDArmory.BDACompetitionMode:209714857]: ACCURACY:OZ-3a_2:0/3:0/0
[BDArmory.BDACompetitionMode:209714857]: ACCURACY:OZ-3a_3:0/0:0/0
[BDArmory.BDACompetitionMode:209714857]: ACCURACY:OZ-3a_2_F1:0/0:0/0
[BDArmory.BDACompetitionMode:209714857]: ACCURACY:OZ-3a_3_F1:0/0:0/0
