[BDArmory.BDACompetitionMode:209715995]: Dumping Results after 33s (of 0s) at 2026-08-24 06:27:59 -04:00
[BDArmory.BDACompetitionMode:209715995]: RESULT:Win:{"team": "PLAID ASF-07 CERULEAN OPTIC (DF)", "members": ["PLAID ASF-07 CERULEAN OPTIC (DF)", "PLAID ASF-07 CERULEAN OPTIC (DF)_1", "PLAID ASF-07 CERULEAN OPTIC (DF)_2", "PLAID ASF-07 CERULEAN OPTIC (DF)_3"]}
[BDArmory.BDACompetitionMode:209715995]: DEADTEAMS:[{"team": "OZ-3a", "members": ["OZ-3a", "OZ-3a_1", "OZ-3a_2", "OZ-3a_3", "OZ-3a_3_F1", "OZ-3a_2_F1", "OZ-3a_F1"]}]
[BDArmory.BDACompetitionMode:209715995]: ALIVE:PLAID ASF-07 CERULEAN OPTIC (DF)
[BDArmory.BDACompetitionMode:209715995]: ALIVE:PLAID ASF-07 CERULEAN OPTIC (DF)_1
[BDArmory.BDACompetitionMode:209715995]: ALIVE:PLAID ASF-07 CERULEAN OPTIC (DF)_2
[BDArmory.BDACompetitionMode:209715995]: DEAD:6:25.0:OZ-3a
[BDArmory.BDACompetitionMode:209715995]: DEAD:0:11.0:OZ-3a_1
[BDArmory.BDACompetitionMode:209715995]: DEAD:4:17.0:OZ-3a_2
[BDArmory.BDACompetitionMode:209715995]: DEAD:2:16.0:OZ-3a_3
[BDArmory.BDACompetitionMode:209715995]: DEAD:1:11.0:PLAID ASF-07 CERULEAN OPTIC (DF)_3
[BDArmory.BDACompetitionMode:209715995]: DEAD:3:16.0:OZ-3a_3_F1
[BDArmory.BDACompetitionMode:209715995]: DEAD:5:21.0:OZ-3a_2_F1
[BDArmory.BDACompetitionMode:209715995]: DEAD:7:25.0:OZ-3a_F1
[BDArmory.BDACompetitionMode:209715995]: WHOSHOTWHOWITHGUNS:OZ-3a:3:PLAID ASF-07 CERULEAN OPTIC (DF):12:PLAID ASF-07 CERULEAN OPTIC (DF)_1
[BDArmory.BDACompetitionMode:209715995]: WHOSHOTWHOWITHGUNS:OZ-3a_1:17:PLAID ASF-07 CERULEAN OPTIC (DF)_2:7:PLAID ASF-07 CERULEAN OPTIC (DF)
[BDArmory.BDACompetitionMode:209715995]: WHOSHOTWHOWITHGUNS:OZ-3a_2:28:PLAID ASF-07 CERULEAN OPTIC (DF)_3:7:PLAID ASF-07 CERULEAN OPTIC (DF)_2
[BDArmory.BDACompetitionMode:209715995]: WHOSHOTWHOWITHGUNS:OZ-3a_3:5:PLAID ASF-07 CERULEAN OPTIC (DF)_1:10:PLAID ASF-07 CERULEAN OPTIC (DF)
[BDArmory.BDACompetitionMode:209715995]: WHOSHOTWHOWITHGUNS:PLAID ASF-07 CERULEAN OPTIC (DF)_3:33:OZ-3a
[BDArmory.BDACompetitionMode:209715995]: WHOSHOTWHOWITHGUNS:OZ-3a_2_F1:2:PLAID ASF-07 CERULEAN OPTIC (DF)_2
[BDArmory.BDACompetitionMode:209715995]: WHODAMAGEDWHOWITHGUNS:OZ-3a:271.4:PLAID ASF-07 CERULEAN OPTIC (DF):1076.4:PLAID ASF-07 CERULEAN OPTIC (DF)_1
[BDArmory.BDACompetitionMode:209715995]: WHODAMAGEDWHOWITHGUNS:OZ-3a_1:1252.1:PLAID ASF-07 CERULEAN OPTIC (DF)_2:457.1:PLAID ASF-07 CERULEAN OPTIC (DF)
[BDArmory.BDACompetitionMode:209715995]: WHODAMAGEDWHOWITHGUNS:OZ-3a_2:1765.3:PLAID ASF-07 CERULEAN OPTIC (DF)_3:687.5:PLAID ASF-07 CERULEAN OPTIC (DF)_2
[BDArmory.BDACompetitionMode:209715995]: WHODAMAGEDWHOWITHGUNS:OZ-3a_3:458.1:PLAID ASF-07 CERULEAN OPTIC (DF)_1:833.1:PLAID ASF-07 CERULEAN OPTIC (DF)
[BDArmory.BDACompetitionMode:209715995]: WHODAMAGEDWHOWITHGUNS:PLAID ASF-07 CERULEAN OPTIC (DF)_3:3158.6:OZ-3a
[BDArmory.BDACompetitionMode:209715995]: WHODAMAGEDWHOWITHGUNS:OZ-3a_3_F1:6.7:PLAID ASF-07 CERULEAN OPTIC (DF)
[BDArmory.BDACompetitionMode:209715995]: WHODAMAGEDWHOWITHGUNS:OZ-3a_2_F1:67.8:PLAID ASF-07 CERULEAN OPTIC (DF)_2
[BDArmory.BDACompetitionMode:209715995]: WHODAMAGEDWHOWITHGUNS:OZ-3a_F1:0.0:PLAID ASF-07 CERULEAN OPTIC (DF)_1
[BDArmory.BDACompetitionMode:209715995]: WHODAMAGEDWHOWITHBATTLEDAMAGE:OZ-3a:52.8:PLAID ASF-07 CERULEAN OPTIC (DF):20.4:PLAID ASF-07 CERULEAN OPTIC (DF)_1
[BDArmory.BDACompetitionMode:209715995]: WHODAMAGEDWHOWITHBATTLEDAMAGE:OZ-3a_1:25.6:PLAID ASF-07 CERULEAN OPTIC (DF)_2
[BDArmory.BDACompetitionMode:209715995]: WHODAMAGEDWHOWITHBATTLEDAMAGE:OZ-3a_2:383.4:PLAID ASF-07 CERULEAN OPTIC (DF)_3:6.4:PLAID ASF-07 CERULEAN OPTIC (DF)_2
[BDArmory.BDACompetitionMode:209715995]: WHODAMAGEDWHOWITHBATTLEDAMAGE:OZ-3a_3:21.9:PLAID ASF-07 CERULEAN OPTIC (DF)_1:1.2:PLAID ASF-07 CERULEAN OPTIC (DF)
[BDArmory.BDACompetitionMode:209715995]: WHODAMAGEDWHOWITHBATTLEDAMAGE:PLAID ASF-07 CERULEAN OPTIC (DF)_3:7075.7:OZ-3a
[BDArmory.BDACompetitionMode:209715995]: HEADSHOTGUNS:OZ-3a:PLAID ASF-07 CERULEAN OPTIC (DF)_1
[BDArmory.BDACompetitionMode:209715995]: KILLSTEALGUNS:OZ-3a_1:PLAID ASF-07 CERULEAN OPTIC (DF)
[BDArmory.BDACompetitionMode:209715995]: HEADSHOTGUNS:OZ-3a_2:PLAID ASF-07 CERULEAN OPTIC (DF)_2
[BDArmory.BDACompetitionMode:209715995]: KILLSTEALGUNS:OZ-3a_3:PLAID ASF-07 CERULEAN OPTIC (DF)
[BDArmory.BDACompetitionMode:209715995]: CLEANKILLGUNS:PLAID ASF-07 CERULEAN OPTIC (DF)_3:OZ-3a
[BDArmory.BDACompetitionMode:209715995]: CLEANKILLGUNS:OZ-3a_3_F1:PLAID ASF-07 CERULEAN OPTIC (DF)
[BDArmory.BDACompetitionMode:209715995]: CLEANKILLGUNS:OZ-3a_2_F1:PLAID ASF-07 CERULEAN OPTIC (DF)_2
[BDArmory.BDACompetitionMode:209715995]: CLEANKILLGUNS:OZ-3a_F1:PLAID ASF-07 CERULEAN OPTIC (DF)_1
[BDArmory.BDACompetitionMode:209715995]: HPLEFT:OZ-3a:0
[BDArmory.BDACompetitionMode:209715995]: HPLEFT:OZ-3a_1:0
[BDArmory.BDACompetitionMode:209715995]: HPLEFT:OZ-3a_2:0
[BDArmory.BDACompetitionMode:209715995]: HPLEFT:OZ-3a_3:0
[BDArmory.BDACompetitionMode:209715995]: HPLEFT:PLAID ASF-07 CERULEAN OPTIC (DF):101.149425287356
[BDArmory.BDACompetitionMode:209715995]: HPLEFT:PLAID ASF-07 CERULEAN OPTIC (DF)_1:101.149425287356
[BDArmory.BDACompetitionMode:209715995]: HPLEFT:PLAID ASF-07 CERULEAN OPTIC (DF)_2:101.149425287356
[BDArmory.BDACompetitionMode:209715995]: HPLEFT:PLAID ASF-07 CERULEAN OPTIC (DF)_3:0
[BDArmory.BDACompetitionMode:209715995]: HPLEFT:OZ-3a_3_F1:0
[BDArmory.BDACompetitionMode:209715995]: HPLEFT:OZ-3a_2_F1:0
[BDArmory.BDACompetitionMode:209715995]: HPLEFT:OZ-3a_F1:0
[BDArmory.BDACompetitionMode:209715995]: ACCURACY:OZ-3a:33/99:0/0
[BDArmory.BDACompetitionMode:209715995]: ACCURACY:OZ-3a_1:0/0:0/0
[BDArmory.BDACompetitionMode:209715995]: ACCURACY:OZ-3a_2:0/0:0/0
[BDArmory.BDACompetitionMode:209715995]: ACCURACY:OZ-3a_3:0/0:0/0
[BDArmory.BDACompetitionMode:209715995]: ACCURACY:PLAID ASF-07 CERULEAN OPTIC (DF):20/530:0/0
[BDArmory.BDACompetitionMode:209715995]: ACCURACY:PLAID ASF-07 CERULEAN OPTIC (DF)_1:17/658:0/0
[BDArmory.BDACompetitionMode:209715995]: ACCURACY:PLAID ASF-07 CERULEAN OPTIC (DF)_2:26/584:0/0
[BDArmory.BDACompetitionMode:209715995]: ACCURACY:PLAID ASF-07 CERULEAN OPTIC (DF)_3:28/210:0/0
[BDArmory.BDACompetitionMode:209715995]: ACCURACY:OZ-3a_3_F1:0/0:0/0
[BDArmory.BDACompetitionMode:209715995]: ACCURACY:OZ-3a_2_F1:0/0:0/0
[BDArmory.BDACompetitionMode:209715995]: ACCURACY:OZ-3a_F1:0/0:0/0
