[BDArmory.BDACompetitionMode:209714779]: Dumping Results after 34s (of 0s) at 2026-08-24 06:07:26 -04:00
[BDArmory.BDACompetitionMode:209714779]: RESULT:Win:{"team": "PLAID ASF-07 CERULEAN OPTIC (DF)", "members": ["PLAID ASF-07 CERULEAN OPTIC (DF)", "PLAID ASF-07 CERULEAN OPTIC (DF)_1", "PLAID ASF-07 CERULEAN OPTIC (DF)_2", "PLAID ASF-07 CERULEAN OPTIC (DF)_3"]}
[BDArmory.BDACompetitionMode:209714779]: DEADTEAMS:[{"team": "OZ-3a", "members": ["OZ-3a", "OZ-3a_1", "OZ-3a_2", "OZ-3a_3", "OZ-3a_F1"]}]
[BDArmory.BDACompetitionMode:209714779]: ALIVE:PLAID ASF-07 CERULEAN OPTIC (DF)
[BDArmory.BDACompetitionMode:209714779]: ALIVE:PLAID ASF-07 CERULEAN OPTIC (DF)_1
[BDArmory.BDACompetitionMode:209714779]: ALIVE:PLAID ASF-07 CERULEAN OPTIC (DF)_2
[BDArmory.BDACompetitionMode:209714779]: ALIVE:PLAID ASF-07 CERULEAN OPTIC (DF)_3
[BDArmory.BDACompetitionMode:209714779]: DEAD:3:26.0:OZ-3a
[BDArmory.BDACompetitionMode:209714779]: DEAD:0:11.0:OZ-3a_1
[BDArmory.BDACompetitionMode:209714779]: DEAD:2:21.0:OZ-3a_2
[BDArmory.BDACompetitionMode:209714779]: DEAD:1:16.0:OZ-3a_3
[BDArmory.BDACompetitionMode:209714779]: DEAD:4:26.0:OZ-3a_F1
[BDArmory.BDACompetitionMode:209714779]: WHOSHOTWHOWITHGUNS:OZ-3a:8:PLAID ASF-07 CERULEAN OPTIC (DF):13:PLAID ASF-07 CERULEAN OPTIC (DF)_1
[BDArmory.BDACompetitionMode:209714779]: WHOSHOTWHOWITHGUNS:OZ-3a_1:23:PLAID ASF-07 CERULEAN OPTIC (DF)
[BDArmory.BDACompetitionMode:209714779]: WHOSHOTWHOWITHGUNS:OZ-3a_2:9:PLAID ASF-07 CERULEAN OPTIC (DF)_3:7:PLAID ASF-07 CERULEAN OPTIC (DF)_1
[BDArmory.BDACompetitionMode:209714779]: WHOSHOTWHOWITHGUNS:OZ-3a_3:21:PLAID ASF-07 CERULEAN OPTIC (DF)_2
[BDArmory.BDACompetitionMode:209714779]: WHOSHOTWHOWITHGUNS:PLAID ASF-07 CERULEAN OPTIC (DF)_3:3:OZ-3a_1:5:OZ-3a
[BDArmory.BDACompetitionMode:209714779]: WHOSHOTWHOWITHGUNS:OZ-3a_F1:3:PLAID ASF-07 CERULEAN OPTIC (DF)_1
[BDArmory.BDACompetitionMode:209714779]: WHODAMAGEDWHOWITHGUNS:OZ-3a:784.8:PLAID ASF-07 CERULEAN OPTIC (DF):995.0:PLAID ASF-07 CERULEAN OPTIC (DF)_1
[BDArmory.BDACompetitionMode:209714779]: WHODAMAGEDWHOWITHGUNS:OZ-3a_1:1761.7:PLAID ASF-07 CERULEAN OPTIC (DF)
[BDArmory.BDACompetitionMode:209714779]: WHODAMAGEDWHOWITHGUNS:OZ-3a_2:762.9:PLAID ASF-07 CERULEAN OPTIC (DF)_3:615.4:PLAID ASF-07 CERULEAN OPTIC (DF)_1
[BDArmory.BDACompetitionMode:209714779]: WHODAMAGEDWHOWITHGUNS:OZ-3a_3:1785.6:PLAID ASF-07 CERULEAN OPTIC (DF)_2
[BDArmory.BDACompetitionMode:209714779]: WHODAMAGEDWHOWITHGUNS:PLAID ASF-07 CERULEAN OPTIC (DF)_3:163.3:OZ-3a_1:629.5:OZ-3a
[BDArmory.BDACompetitionMode:209714779]: WHODAMAGEDWHOWITHGUNS:OZ-3a_F1:226.5:PLAID ASF-07 CERULEAN OPTIC (DF)_1
[BDArmory.BDACompetitionMode:209714779]: WHODAMAGEDWHOWITHBATTLEDAMAGE:OZ-3a:62.4:PLAID ASF-07 CERULEAN OPTIC (DF):3.2:PLAID ASF-07 CERULEAN OPTIC (DF)_1
[BDArmory.BDACompetitionMode:209714779]: WHODAMAGEDWHOWITHBATTLEDAMAGE:OZ-3a_1:1.6:PLAID ASF-07 CERULEAN OPTIC (DF)
[BDArmory.BDACompetitionMode:209714779]: WHODAMAGEDWHOWITHBATTLEDAMAGE:OZ-3a_2:299.9:PLAID ASF-07 CERULEAN OPTIC (DF)_3:53.7:PLAID ASF-07 CERULEAN OPTIC (DF)_1
[BDArmory.BDACompetitionMode:209714779]: WHODAMAGEDWHOWITHBATTLEDAMAGE:OZ-3a_3:262.3:PLAID ASF-07 CERULEAN OPTIC (DF)_2
[BDArmory.BDACompetitionMode:209714779]: WHODAMAGEDWHOWITHBATTLEDAMAGE:PLAID ASF-07 CERULEAN OPTIC (DF)_3:50.1:OZ-3a
[BDArmory.BDACompetitionMode:209714779]: KILLSTEALGUNS:OZ-3a:PLAID ASF-07 CERULEAN OPTIC (DF)_1
[BDArmory.BDACompetitionMode:209714779]: CLEANKILLGUNS:OZ-3a_1:PLAID ASF-07 CERULEAN OPTIC (DF)
[BDArmory.BDACompetitionMode:209714779]: CLEANKILLGUNS:OZ-3a_F1:PLAID ASF-07 CERULEAN OPTIC (DF)_1
[BDArmory.BDACompetitionMode:209714779]: HPLEFT:OZ-3a:0
[BDArmory.BDACompetitionMode:209714779]: HPLEFT:OZ-3a_1:0
[BDArmory.BDACompetitionMode:209714779]: HPLEFT:OZ-3a_2:0
[BDArmory.BDACompetitionMode:209714779]: HPLEFT:OZ-3a_3:0
[BDArmory.BDACompetitionMode:209714779]: HPLEFT:PLAID ASF-07 CERULEAN OPTIC (DF):101.282051282051
[BDArmory.BDACompetitionMode:209714779]: HPLEFT:PLAID ASF-07 CERULEAN OPTIC (DF)_1:101.282051282051
[BDArmory.BDACompetitionMode:209714779]: HPLEFT:PLAID ASF-07 CERULEAN OPTIC (DF)_2:101.282051282051
[BDArmory.BDACompetitionMode:209714779]: HPLEFT:PLAID ASF-07 CERULEAN OPTIC (DF)_3:89.7435897435898
[BDArmory.BDACompetitionMode:209714779]: HPLEFT:OZ-3a_F1:0
[BDArmory.BDACompetitionMode:209714779]: ACCURACY:OZ-3a:5/79:0/0
[BDArmory.BDACompetitionMode:209714779]: ACCURACY:OZ-3a_1:3/15:0/0
[BDArmory.BDACompetitionMode:209714779]: ACCURACY:OZ-3a_2:0/0:0/0
[BDArmory.BDACompetitionMode:209714779]: ACCURACY:OZ-3a_3:0/3:0/0
[BDArmory.BDACompetitionMode:209714779]: ACCURACY:PLAID ASF-07 CERULEAN OPTIC (DF):31/147:0/0
[BDArmory.BDACompetitionMode:209714779]: ACCURACY:PLAID ASF-07 CERULEAN OPTIC (DF)_1:23/155:0/0
[BDArmory.BDACompetitionMode:209714779]: ACCURACY:PLAID ASF-07 CERULEAN OPTIC (DF)_2:21/117:0/0
[BDArmory.BDACompetitionMode:209714779]: ACCURACY:PLAID ASF-07 CERULEAN OPTIC (DF)_3:9/91:0/0
[BDArmory.BDACompetitionMode:209714779]: ACCURACY:OZ-3a_F1:0/0:0/0
