[BDArmory.BDACompetitionMode:209713799]: Dumping Results after -128s (of 0s) at 2026-08-24 05:54:29 -04:00
[BDArmory.BDACompetitionMode:209713799]: RESULT:Win:{"team": "PLAID ASF-07 CERULEAN OPTIC (DF)", "members": ["PLAID ASF-07 CERULEAN OPTIC (DF)", "PLAID ASF-07 CERULEAN OPTIC (DF)_1", "PLAID ASF-07 CERULEAN OPTIC (DF)_2", "PLAID ASF-07 CERULEAN OPTIC (DF)_3", "PLAID ASF-07 CERULEAN OPTIC (DF)_4", "PLAID ASF-07 CERULEAN OPTIC (DF)_5", "PLAID ASF-07 CERULEAN OPTIC (DF)_6", "PLAID ASF-07 CERULEAN OPTIC (DF)_7", "PLAID ASF-07 CERULEAN OPTIC (DF)_8", "PLAID ASF-07 CERULEAN OPTIC (DF)_9", "PLAID ASF-07 CERULEAN OPTIC (DF)_10", "PLAID ASF-07 CERULEAN OPTIC (DF)_11"]}
[BDArmory.BDACompetitionMode:209713799]: DEADTEAMS:[{"team": "OZ-1 Skydancer Suidkaf", "members": ["OZ-1 Skydancer Suidkaf", "OZ-1 Skydancer Suidkaf_1", "OZ-1 Skydancer Suidkaf_2", "OZ-1 Skydancer Suidkaf_3", "OZ-1 Skydancer Suidkaf_4", "OZ-1 Skydancer Suidkaf_5", "OZ-1 Skydancer Suidkaf_6", "OZ-1 Skydancer Suidkaf_7", "OZ-1 Skydancer Suidkaf_8", "OZ-1 Skydancer Suidkaf_9", "OZ-1 Skydancer Suidkaf_10", "OZ-1 Skydancer Suidkaf_11", "OZ-1 Skydancer Suidkaf_8_F1", "OZ-1 Skydancer Suidkaf_7_F1", "OZ-1 Skydancer Suidkaf_F1", "OZ-1 Skydancer Suidkaf_6_F1", "OZ-1 Skydancer Suidkaf_5_F1", "OZ-1 Skydancer Suidkaf_2_F1"]}, {"team": "A", "members": ["OZ-1 Skydancer Suidkaf_4_F1", "OZ-1 Skydancer Suidkaf_11_F1"]}]
[BDArmory.BDACompetitionMode:209713799]: ALIVE:PLAID ASF-07 CERULEAN OPTIC (DF)
[BDArmory.BDACompetitionMode:209713799]: ALIVE:PLAID ASF-07 CERULEAN OPTIC (DF)_1
[BDArmory.BDACompetitionMode:209713799]: ALIVE:PLAID ASF-07 CERULEAN OPTIC (DF)_2
[BDArmory.BDACompetitionMode:209713799]: ALIVE:PLAID ASF-07 CERULEAN OPTIC (DF)_4
[BDArmory.BDACompetitionMode:209713799]: ALIVE:PLAID ASF-07 CERULEAN OPTIC (DF)_9
[BDArmory.BDACompetitionMode:209713799]: DEAD:13:34.0:OZ-1 Skydancer Suidkaf
[BDArmory.BDACompetitionMode:209713799]: DEAD:4:19.0:OZ-1 Skydancer Suidkaf_1
[BDArmory.BDACompetitionMode:209713799]: DEAD:22:58.0:OZ-1 Skydancer Suidkaf_2
[BDArmory.BDACompetitionMode:209713799]: DEAD:19:52.0:OZ-1 Skydancer Suidkaf_3
[BDArmory.BDACompetitionMode:209713799]: DEAD:8:31.0:OZ-1 Skydancer Suidkaf_4
[BDArmory.BDACompetitionMode:209713799]: DEAD:20:52.0:OZ-1 Skydancer Suidkaf_5
[BDArmory.BDACompetitionMode:209713799]: DEAD:17:45.0:OZ-1 Skydancer Suidkaf_6
[BDArmory.BDACompetitionMode:209713799]: DEAD:6:30.0:OZ-1 Skydancer Suidkaf_7
[BDArmory.BDACompetitionMode:209713799]: DEAD:0:12.0:OZ-1 Skydancer Suidkaf_8
[BDArmory.BDACompetitionMode:209713799]: DEAD:5:22.0:OZ-1 Skydancer Suidkaf_9
[BDArmory.BDACompetitionMode:209713799]: DEAD:3:16.0:OZ-1 Skydancer Suidkaf_10
[BDArmory.BDACompetitionMode:209713799]: DEAD:9:31.0:OZ-1 Skydancer Suidkaf_11
[BDArmory.BDACompetitionMode:209713799]: MIA:PLAID ASF-07 CERULEAN OPTIC (DF)_3
[BDArmory.BDACompetitionMode:209713799]: MIA:PLAID ASF-07 CERULEAN OPTIC (DF)_5
[BDArmory.BDACompetitionMode:209713799]: DEAD:24:62.0:PLAID ASF-07 CERULEAN OPTIC (DF)_6
[BDArmory.BDACompetitionMode:209713799]: DEAD:12:33.0:PLAID ASF-07 CERULEAN OPTIC (DF)_7
[BDArmory.BDACompetitionMode:209713799]: DEAD:15:36.0:PLAID ASF-07 CERULEAN OPTIC (DF)_8
[BDArmory.BDACompetitionMode:209713799]: DEAD:16:36.0:PLAID ASF-07 CERULEAN OPTIC (DF)_10
[BDArmory.BDACompetitionMode:209713799]: DEAD:2:15.0:PLAID ASF-07 CERULEAN OPTIC (DF)_11
[BDArmory.BDACompetitionMode:209713799]: DEAD:1:12.0:OZ-1 Skydancer Suidkaf_8_F1
[BDArmory.BDACompetitionMode:209713799]: DEAD:7:30.0:OZ-1 Skydancer Suidkaf_7_F1
[BDArmory.BDACompetitionMode:209713799]: DEAD:10:31.0:OZ-1 Skydancer Suidkaf_4_F1
[BDArmory.BDACompetitionMode:209713799]: DEAD:11:31.0:OZ-1 Skydancer Suidkaf_11_F1
[BDArmory.BDACompetitionMode:209713799]: DEAD:14:34.0:OZ-1 Skydancer Suidkaf_F1
[BDArmory.BDACompetitionMode:209713799]: DEAD:18:45.0:OZ-1 Skydancer Suidkaf_6_F1
[BDArmory.BDACompetitionMode:209713799]: DEAD:21:52.0:OZ-1 Skydancer Suidkaf_5_F1
[BDArmory.BDACompetitionMode:209713799]: DEAD:23:58.0:OZ-1 Skydancer Suidkaf_2_F1
[BDArmory.BDACompetitionMode:209713799]: WHOSHOTWHOWITHGUNS:OZ-1 Skydancer Suidkaf:40:PLAID ASF-07 CERULEAN OPTIC (DF)_3
[BDArmory.BDACompetitionMode:209713799]: WHOSHOTWHOWITHGUNS:OZ-1 Skydancer Suidkaf_2:3:PLAID ASF-07 CERULEAN OPTIC (DF)_3:16:PLAID ASF-07 CERULEAN OPTIC (DF)_4
[BDArmory.BDACompetitionMode:209713799]: WHOSHOTWHOWITHGUNS:OZ-1 Skydancer Suidkaf_3:2:PLAID ASF-07 CERULEAN OPTIC (DF)_5:5:PLAID ASF-07 CERULEAN OPTIC (DF)_6:3:PLAID ASF-07 CERULEAN OPTIC (DF)_1
[BDArmory.BDACompetitionMode:209713799]: WHOSHOTWHOWITHGUNS:OZ-1 Skydancer Suidkaf_4:12:PLAID ASF-07 CERULEAN OPTIC (DF)_5:18:PLAID ASF-07 CERULEAN OPTIC (DF)_1
[BDArmory.BDACompetitionMode:209713799]: WHOSHOTWHOWITHGUNS:OZ-1 Skydancer Suidkaf_5:17:PLAID ASF-07 CERULEAN OPTIC (DF)_2
[BDArmory.BDACompetitionMode:209713799]: WHOSHOTWHOWITHGUNS:OZ-1 Skydancer Suidkaf_6:31:PLAID ASF-07 CERULEAN OPTIC (DF)_9
[BDArmory.BDACompetitionMode:209713799]: WHOSHOTWHOWITHGUNS:OZ-1 Skydancer Suidkaf_7:25:PLAID ASF-07 CERULEAN OPTIC (DF)_4:2:PLAID ASF-07 CERULEAN OPTIC (DF)_6
[BDArmory.BDACompetitionMode:209713799]: WHOSHOTWHOWITHGUNS:OZ-1 Skydancer Suidkaf_8:13:PLAID ASF-07 CERULEAN OPTIC (DF)_3
[BDArmory.BDACompetitionMode:209713799]: WHOSHOTWHOWITHGUNS:OZ-1 Skydancer Suidkaf_9:12:PLAID ASF-07 CERULEAN OPTIC (DF)_8:1:PLAID ASF-07 CERULEAN OPTIC (DF)_10
[BDArmory.BDACompetitionMode:209713799]: WHOSHOTWHOWITHGUNS:OZ-1 Skydancer Suidkaf_10:2:PLAID ASF-07 CERULEAN OPTIC (DF)_5
[BDArmory.BDACompetitionMode:209713799]: WHOSHOTWHOWITHGUNS:OZ-1 Skydancer Suidkaf_11:14:PLAID ASF-07 CERULEAN OPTIC (DF):6:PLAID ASF-07 CERULEAN OPTIC (DF)_2
[BDArmory.BDACompetitionMode:209713799]: WHOSHOTWHOWITHGUNS:PLAID ASF-07 CERULEAN OPTIC (DF)_1:9:OZ-1 Skydancer Suidkaf_2
[BDArmory.BDACompetitionMode:209713799]: WHOSHOTWHOWITHGUNS:PLAID ASF-07 CERULEAN OPTIC (DF)_7:12:OZ-1 Skydancer Suidkaf_5
[BDArmory.BDACompetitionMode:209713799]: WHOSHOTWHOWITHGUNS:PLAID ASF-07 CERULEAN OPTIC (DF)_8:15:OZ-1 Skydancer Suidkaf_5
[BDArmory.BDACompetitionMode:209713799]: WHOSHOTWHOWITHGUNS:PLAID ASF-07 CERULEAN OPTIC (DF)_10:1:OZ-1 Skydancer Suidkaf_1:5:OZ-1 Skydancer Suidkaf_3:2:OZ-1 Skydancer Suidkaf_5
[BDArmory.BDACompetitionMode:209713799]: WHOSHOTWHOWITHGUNS:PLAID ASF-07 CERULEAN OPTIC (DF)_11:12:OZ-1 Skydancer Suidkaf:11:OZ-1 Skydancer Suidkaf_2
[BDArmory.BDACompetitionMode:209713799]: WHOSHOTWHOWITHGUNS:OZ-1 Skydancer Suidkaf_8_F1:3:PLAID ASF-07 CERULEAN OPTIC (DF)_3
[BDArmory.BDACompetitionMode:209713799]: WHOSHOTWHOWITHGUNS:OZ-1 Skydancer Suidkaf_7_F1:1:PLAID ASF-07 CERULEAN OPTIC (DF)_4
[BDArmory.BDACompetitionMode:209713799]: WHODAMAGEDWHOWITHGUNS:OZ-1 Skydancer Suidkaf:3553.4:PLAID ASF-07 CERULEAN OPTIC (DF)_3
[BDArmory.BDACompetitionMode:209713799]: WHODAMAGEDWHOWITHGUNS:OZ-1 Skydancer Suidkaf_2:242.8:PLAID ASF-07 CERULEAN OPTIC (DF)_3:1369.3:PLAID ASF-07 CERULEAN OPTIC (DF)_4
[BDArmory.BDACompetitionMode:209713799]: WHODAMAGEDWHOWITHGUNS:OZ-1 Skydancer Suidkaf_3:197.9:PLAID ASF-07 CERULEAN OPTIC (DF)_5:450.9:PLAID ASF-07 CERULEAN OPTIC (DF)_6:349.2:PLAID ASF-07 CERULEAN OPTIC (DF)_1
[BDArmory.BDACompetitionMode:209713799]: WHODAMAGEDWHOWITHGUNS:OZ-1 Skydancer Suidkaf_4:851.3:PLAID ASF-07 CERULEAN OPTIC (DF)_5:1227.6:PLAID ASF-07 CERULEAN OPTIC (DF)_1
[BDArmory.BDACompetitionMode:209713799]: WHODAMAGEDWHOWITHGUNS:OZ-1 Skydancer Suidkaf_5:1617.1:PLAID ASF-07 CERULEAN OPTIC (DF)_2
[BDArmory.BDACompetitionMode:209713799]: WHODAMAGEDWHOWITHGUNS:OZ-1 Skydancer Suidkaf_6:2587.2:PLAID ASF-07 CERULEAN OPTIC (DF)_9
[BDArmory.BDACompetitionMode:209713799]: WHODAMAGEDWHOWITHGUNS:OZ-1 Skydancer Suidkaf_7:2235.7:PLAID ASF-07 CERULEAN OPTIC (DF)_4:124.5:PLAID ASF-07 CERULEAN OPTIC (DF)_6
[BDArmory.BDACompetitionMode:209713799]: WHODAMAGEDWHOWITHGUNS:OZ-1 Skydancer Suidkaf_8:901.4:PLAID ASF-07 CERULEAN OPTIC (DF)_3
[BDArmory.BDACompetitionMode:209713799]: WHODAMAGEDWHOWITHGUNS:OZ-1 Skydancer Suidkaf_9:1138.7:PLAID ASF-07 CERULEAN OPTIC (DF)_8:62.0:PLAID ASF-07 CERULEAN OPTIC (DF)_10
[BDArmory.BDACompetitionMode:209713799]: WHODAMAGEDWHOWITHGUNS:OZ-1 Skydancer Suidkaf_10:250.8:PLAID ASF-07 CERULEAN OPTIC (DF)_5
[BDArmory.BDACompetitionMode:209713799]: WHODAMAGEDWHOWITHGUNS:OZ-1 Skydancer Suidkaf_11:895.7:PLAID ASF-07 CERULEAN OPTIC (DF):622.7:PLAID ASF-07 CERULEAN OPTIC (DF)_2
[BDArmory.BDACompetitionMode:209713799]: WHODAMAGEDWHOWITHGUNS:PLAID ASF-07 CERULEAN OPTIC (DF)_1:874.8:OZ-1 Skydancer Suidkaf_2
[BDArmory.BDACompetitionMode:209713799]: WHODAMAGEDWHOWITHGUNS:PLAID ASF-07 CERULEAN OPTIC (DF)_7:1201.1:OZ-1 Skydancer Suidkaf_5
[BDArmory.BDACompetitionMode:209713799]: WHODAMAGEDWHOWITHGUNS:PLAID ASF-07 CERULEAN OPTIC (DF)_8:1466.0:OZ-1 Skydancer Suidkaf_5
[BDArmory.BDACompetitionMode:209713799]: WHODAMAGEDWHOWITHGUNS:PLAID ASF-07 CERULEAN OPTIC (DF)_10:71.9:OZ-1 Skydancer Suidkaf_1:338.9:OZ-1 Skydancer Suidkaf_3:123.6:OZ-1 Skydancer Suidkaf_5
[BDArmory.BDACompetitionMode:209713799]: WHODAMAGEDWHOWITHGUNS:PLAID ASF-07 CERULEAN OPTIC (DF)_11:734.7:OZ-1 Skydancer Suidkaf:845.8:OZ-1 Skydancer Suidkaf_2
[BDArmory.BDACompetitionMode:209713799]: WHODAMAGEDWHOWITHGUNS:OZ-1 Skydancer Suidkaf_8_F1:178.7:PLAID ASF-07 CERULEAN OPTIC (DF)_3
[BDArmory.BDACompetitionMode:209713799]: WHODAMAGEDWHOWITHGUNS:OZ-1 Skydancer Suidkaf_7_F1:169.8:PLAID ASF-07 CERULEAN OPTIC (DF)_4
[BDArmory.BDACompetitionMode:209713799]: WHODAMAGEDWHOWITHGUNS:OZ-1 Skydancer Suidkaf_4_F1:0.0:PLAID ASF-07 CERULEAN OPTIC (DF)_5:69.9:PLAID ASF-07 CERULEAN OPTIC (DF)_1
[BDArmory.BDACompetitionMode:209713799]: WHODAMAGEDWHOWITHGUNS:OZ-1 Skydancer Suidkaf_11_F1:0.1:PLAID ASF-07 CERULEAN OPTIC (DF)
[BDArmory.BDACompetitionMode:209713799]: WHODAMAGEDWHOWITHGUNS:OZ-1 Skydancer Suidkaf_6_F1:15.8:PLAID ASF-07 CERULEAN OPTIC (DF)_9
[BDArmory.BDACompetitionMode:209713799]: WHODAMAGEDWHOWITHGUNS:OZ-1 Skydancer Suidkaf_2_F1:34.8:PLAID ASF-07 CERULEAN OPTIC (DF)_4
[BDArmory.BDACompetitionMode:209713799]: WHODAMAGEDWHOWITHBATTLEDAMAGE:OZ-1 Skydancer Suidkaf:98.7:PLAID ASF-07 CERULEAN OPTIC (DF)_3
[BDArmory.BDACompetitionMode:209713799]: WHODAMAGEDWHOWITHBATTLEDAMAGE:OZ-1 Skydancer Suidkaf_2:34.8:PLAID ASF-07 CERULEAN OPTIC (DF)_3:2.4:PLAID ASF-07 CERULEAN OPTIC (DF)_4
[BDArmory.BDACompetitionMode:209713799]: WHODAMAGEDWHOWITHBATTLEDAMAGE:OZ-1 Skydancer Suidkaf_3:141.6:PLAID ASF-07 CERULEAN OPTIC (DF)_6:23.6:PLAID ASF-07 CERULEAN OPTIC (DF)_1
[BDArmory.BDACompetitionMode:209713799]: WHODAMAGEDWHOWITHBATTLEDAMAGE:OZ-1 Skydancer Suidkaf_4:155.7:PLAID ASF-07 CERULEAN OPTIC (DF)_1:55.3:PLAID ASF-07 CERULEAN OPTIC (DF)_5
[BDArmory.BDACompetitionMode:209713799]: WHODAMAGEDWHOWITHBATTLEDAMAGE:OZ-1 Skydancer Suidkaf_5:44.3:PLAID ASF-07 CERULEAN OPTIC (DF)_2
[BDArmory.BDACompetitionMode:209713799]: WHODAMAGEDWHOWITHBATTLEDAMAGE:OZ-1 Skydancer Suidkaf_6:170.0:PLAID ASF-07 CERULEAN OPTIC (DF)_9
[BDArmory.BDACompetitionMode:209713799]: WHODAMAGEDWHOWITHBATTLEDAMAGE:OZ-1 Skydancer Suidkaf_7:50.1:PLAID ASF-07 CERULEAN OPTIC (DF)_6:5.7:PLAID ASF-07 CERULEAN OPTIC (DF)_4
[BDArmory.BDACompetitionMode:209713799]: WHODAMAGEDWHOWITHBATTLEDAMAGE:OZ-1 Skydancer Suidkaf_8:10.4:PLAID ASF-07 CERULEAN OPTIC (DF)_3
[BDArmory.BDACompetitionMode:209713799]: WHODAMAGEDWHOWITHBATTLEDAMAGE:OZ-1 Skydancer Suidkaf_9:50.1:PLAID ASF-07 CERULEAN OPTIC (DF)_10:1.8:PLAID ASF-07 CERULEAN OPTIC (DF)_8
[BDArmory.BDACompetitionMode:209713799]: WHODAMAGEDWHOWITHBATTLEDAMAGE:OZ-1 Skydancer Suidkaf_11:141.8:PLAID ASF-07 CERULEAN OPTIC (DF):37.8:PLAID ASF-07 CERULEAN OPTIC (DF)_2
[BDArmory.BDACompetitionMode:209713799]: WHODAMAGEDWHOWITHBATTLEDAMAGE:PLAID ASF-07 CERULEAN OPTIC (DF)_1:50.1:OZ-1 Skydancer Suidkaf_2
[BDArmory.BDACompetitionMode:209713799]: WHODAMAGEDWHOWITHBATTLEDAMAGE:PLAID ASF-07 CERULEAN OPTIC (DF)_7:24.5:OZ-1 Skydancer Suidkaf_5
[BDArmory.BDACompetitionMode:209713799]: WHODAMAGEDWHOWITHBATTLEDAMAGE:PLAID ASF-07 CERULEAN OPTIC (DF)_8:100.7:OZ-1 Skydancer Suidkaf_5
[BDArmory.BDACompetitionMode:209713799]: WHODAMAGEDWHOWITHBATTLEDAMAGE:PLAID ASF-07 CERULEAN OPTIC (DF)_10:150.3:OZ-1 Skydancer Suidkaf_3
[BDArmory.BDACompetitionMode:209713799]: WHODAMAGEDWHOWITHBATTLEDAMAGE:PLAID ASF-07 CERULEAN OPTIC (DF)_11:0.1:OZ-1 Skydancer Suidkaf
[BDArmory.BDACompetitionMode:209713799]: WHODAMAGEDWHOWITHBATTLEDAMAGE:OZ-1 Skydancer Suidkaf_7_F1:10.5:PLAID ASF-07 CERULEAN OPTIC (DF)_4
[BDArmory.BDACompetitionMode:209713799]: WHODAMAGEDWHOWITHBATTLEDAMAGE:OZ-1 Skydancer Suidkaf_11_F1:10.5:PLAID ASF-07 CERULEAN OPTIC (DF)
[BDArmory.BDACompetitionMode:209713799]: WHODAMAGEDWHOWITHBATTLEDAMAGE:OZ-1 Skydancer Suidkaf_6_F1:10.5:PLAID ASF-07 CERULEAN OPTIC (DF)_9
[BDArmory.BDACompetitionMode:209713799]: GMKILL:PLAID ASF-07 CERULEAN OPTIC (DF)_6:LandedTooLong
[BDArmory.BDACompetitionMode:209713799]: CLEANKILLGUNS:OZ-1 Skydancer Suidkaf:PLAID ASF-07 CERULEAN OPTIC (DF)_3
[BDArmory.BDACompetitionMode:209713799]: KILLSTEALGUNS:OZ-1 Skydancer Suidkaf_2:PLAID ASF-07 CERULEAN OPTIC (DF)_4
[BDArmory.BDACompetitionMode:209713799]: KILLSTEALGUNS:OZ-1 Skydancer Suidkaf_4:PLAID ASF-07 CERULEAN OPTIC (DF)_5
[BDArmory.BDACompetitionMode:209713799]: CLEANKILLGUNS:OZ-1 Skydancer Suidkaf_5:PLAID ASF-07 CERULEAN OPTIC (DF)_2
[BDArmory.BDACompetitionMode:209713799]: CLEANKILLGUNS:OZ-1 Skydancer Suidkaf_6:PLAID ASF-07 CERULEAN OPTIC (DF)_9
[BDArmory.BDACompetitionMode:209713799]: HEADSHOTGUNS:OZ-1 Skydancer Suidkaf_7:PLAID ASF-07 CERULEAN OPTIC (DF)_4
[BDArmory.BDACompetitionMode:209713799]: CLEANKILLGUNS:OZ-1 Skydancer Suidkaf_8:PLAID ASF-07 CERULEAN OPTIC (DF)_3
[BDArmory.BDACompetitionMode:209713799]: HEADSHOTGUNS:OZ-1 Skydancer Suidkaf_9:PLAID ASF-07 CERULEAN OPTIC (DF)_8
[BDArmory.BDACompetitionMode:209713799]: KILLSTEALGUNS:OZ-1 Skydancer Suidkaf_11:PLAID ASF-07 CERULEAN OPTIC (DF)
[BDArmory.BDACompetitionMode:209713799]: HEADSHOTGUNS:PLAID ASF-07 CERULEAN OPTIC (DF)_10:OZ-1 Skydancer Suidkaf_5
[BDArmory.BDACompetitionMode:209713799]: KILLSTEALGUNS:PLAID ASF-07 CERULEAN OPTIC (DF)_11:OZ-1 Skydancer Suidkaf
[BDArmory.BDACompetitionMode:209713799]: CLEANKILLGUNS:OZ-1 Skydancer Suidkaf_8_F1:PLAID ASF-07 CERULEAN OPTIC (DF)_3
[BDArmory.BDACompetitionMode:209713799]: CLEANKILLGUNS:OZ-1 Skydancer Suidkaf_7_F1:PLAID ASF-07 CERULEAN OPTIC (DF)_4
[BDArmory.BDACompetitionMode:209713799]: KILLSTEALGUNS:OZ-1 Skydancer Suidkaf_4_F1:PLAID ASF-07 CERULEAN OPTIC (DF)_1
[BDArmory.BDACompetitionMode:209713799]: CLEANKILLGUNS:OZ-1 Skydancer Suidkaf_11_F1:PLAID ASF-07 CERULEAN OPTIC (DF)
[BDArmory.BDACompetitionMode:209713799]: CLEANKILLGUNS:OZ-1 Skydancer Suidkaf_6_F1:PLAID ASF-07 CERULEAN OPTIC (DF)_9
[BDArmory.BDACompetitionMode:209713799]: CLEANKILLGUNS:OZ-1 Skydancer Suidkaf_2_F1:PLAID ASF-07 CERULEAN OPTIC (DF)_4
[BDArmory.BDACompetitionMode:209713799]: HPLEFT:OZ-1 Skydancer Suidkaf:0
[BDArmory.BDACompetitionMode:209713799]: HPLEFT:OZ-1 Skydancer Suidkaf_1:0
[BDArmory.BDACompetitionMode:209713799]: HPLEFT:OZ-1 Skydancer Suidkaf_2:0
[BDArmory.BDACompetitionMode:209713799]: HPLEFT:OZ-1 Skydancer Suidkaf_3:0
[BDArmory.BDACompetitionMode:209713799]: HPLEFT:OZ-1 Skydancer Suidkaf_4:0
[BDArmory.BDACompetitionMode:209713799]: HPLEFT:OZ-1 Skydancer Suidkaf_5:0
[BDArmory.BDACompetitionMode:209713799]: HPLEFT:OZ-1 Skydancer Suidkaf_6:0
[BDArmory.BDACompetitionMode:209713799]: HPLEFT:OZ-1 Skydancer Suidkaf_7:0
[BDArmory.BDACompetitionMode:209713799]: HPLEFT:OZ-1 Skydancer Suidkaf_8:0
[BDArmory.BDACompetitionMode:209713799]: HPLEFT:OZ-1 Skydancer Suidkaf_9:0
[BDArmory.BDACompetitionMode:209713799]: HPLEFT:OZ-1 Skydancer Suidkaf_10:0
[BDArmory.BDACompetitionMode:209713799]: HPLEFT:OZ-1 Skydancer Suidkaf_11:0
[BDArmory.BDACompetitionMode:209713799]: HPLEFT:PLAID ASF-07 CERULEAN OPTIC (DF):101.298701298701
[BDArmory.BDACompetitionMode:209713799]: HPLEFT:PLAID ASF-07 CERULEAN OPTIC (DF)_1:96.1038961038961
[BDArmory.BDACompetitionMode:209713799]: HPLEFT:PLAID ASF-07 CERULEAN OPTIC (DF)_2:101.298701298701
[BDArmory.BDACompetitionMode:209713799]: HPLEFT:PLAID ASF-07 CERULEAN OPTIC (DF)_3:0
[BDArmory.BDACompetitionMode:209713799]: HPLEFT:PLAID ASF-07 CERULEAN OPTIC (DF)_4:101.298701298701
[BDArmory.BDACompetitionMode:209713799]: HPLEFT:PLAID ASF-07 CERULEAN OPTIC (DF)_5:0
[BDArmory.BDACompetitionMode:209713799]: HPLEFT:PLAID ASF-07 CERULEAN OPTIC (DF)_6:0
[BDArmory.BDACompetitionMode:209713799]: HPLEFT:PLAID ASF-07 CERULEAN OPTIC (DF)_7:0
[BDArmory.BDACompetitionMode:209713799]: HPLEFT:PLAID ASF-07 CERULEAN OPTIC (DF)_8:0
[BDArmory.BDACompetitionMode:209713799]: HPLEFT:PLAID ASF-07 CERULEAN OPTIC (DF)_9:101.298701298701
[BDArmory.BDACompetitionMode:209713799]: HPLEFT:PLAID ASF-07 CERULEAN OPTIC (DF)_10:0
[BDArmory.BDACompetitionMode:209713799]: HPLEFT:PLAID ASF-07 CERULEAN OPTIC (DF)_11:0
[BDArmory.BDACompetitionMode:209713799]: HPLEFT:OZ-1 Skydancer Suidkaf_8_F1:0
[BDArmory.BDACompetitionMode:209713799]: HPLEFT:OZ-1 Skydancer Suidkaf_7_F1:0
[BDArmory.BDACompetitionMode:209713799]: HPLEFT:OZ-1 Skydancer Suidkaf_4_F1:0
[BDArmory.BDACompetitionMode:209713799]: HPLEFT:OZ-1 Skydancer Suidkaf_11_F1:0
[BDArmory.BDACompetitionMode:209713799]: HPLEFT:OZ-1 Skydancer Suidkaf_F1:0
[BDArmory.BDACompetitionMode:209713799]: HPLEFT:OZ-1 Skydancer Suidkaf_6_F1:0
[BDArmory.BDACompetitionMode:209713799]: HPLEFT:OZ-1 Skydancer Suidkaf_5_F1:0
[BDArmory.BDACompetitionMode:209713799]: HPLEFT:OZ-1 Skydancer Suidkaf_2_F1:0
[BDArmory.BDACompetitionMode:209713799]: ACCURACY:OZ-1 Skydancer Suidkaf:12/43:0/0
[BDArmory.BDACompetitionMode:209713799]: ACCURACY:OZ-1 Skydancer Suidkaf_1:1/11:0/0
[BDArmory.BDACompetitionMode:209713799]: ACCURACY:OZ-1 Skydancer Suidkaf_2:20/88:0/0
[BDArmory.BDACompetitionMode:209713799]: ACCURACY:OZ-1 Skydancer Suidkaf_3:5/21:0/0
[BDArmory.BDACompetitionMode:209713799]: ACCURACY:OZ-1 Skydancer Suidkaf_4:0/4:0/0
[BDArmory.BDACompetitionMode:209713799]: ACCURACY:OZ-1 Skydancer Suidkaf_5:29/157:0/0
[BDArmory.BDACompetitionMode:209713799]: ACCURACY:OZ-1 Skydancer Suidkaf_6:0/1:0/0
[BDArmory.BDACompetitionMode:209713799]: ACCURACY:OZ-1 Skydancer Suidkaf_7:0/3:0/0
[BDArmory.BDACompetitionMode:209713799]: ACCURACY:OZ-1 Skydancer Suidkaf_8:0/7:0/0
[BDArmory.BDACompetitionMode:209713799]: ACCURACY:OZ-1 Skydancer Suidkaf_9:0/0:0/0
[BDArmory.BDACompetitionMode:209713799]: ACCURACY:OZ-1 Skydancer Suidkaf_10:0/9:0/0
[BDArmory.BDACompetitionMode:209713799]: ACCURACY:OZ-1 Skydancer Suidkaf_11:0/12:0/0
[BDArmory.BDACompetitionMode:209713799]: ACCURACY:PLAID ASF-07 CERULEAN OPTIC (DF):14/263:0/0
[BDArmory.BDACompetitionMode:209713799]: ACCURACY:PLAID ASF-07 CERULEAN OPTIC (DF)_1:21/206:0/0
[BDArmory.BDACompetitionMode:209713799]: ACCURACY:PLAID ASF-07 CERULEAN OPTIC (DF)_2:23/130:0/0
[BDArmory.BDACompetitionMode:209713799]: ACCURACY:PLAID ASF-07 CERULEAN OPTIC (DF)_3:59/501:0/0
[BDArmory.BDACompetitionMode:209713799]: ACCURACY:PLAID ASF-07 CERULEAN OPTIC (DF)_4:42/259:0/0
[BDArmory.BDACompetitionMode:209713799]: ACCURACY:PLAID ASF-07 CERULEAN OPTIC (DF)_5:16/98:0/0
[BDArmory.BDACompetitionMode:209713799]: ACCURACY:PLAID ASF-07 CERULEAN OPTIC (DF)_6:7/63:0/0
[BDArmory.BDACompetitionMode:209713799]: ACCURACY:PLAID ASF-07 CERULEAN OPTIC (DF)_7:0/0:0/0
[BDArmory.BDACompetitionMode:209713799]: ACCURACY:PLAID ASF-07 CERULEAN OPTIC (DF)_8:12/57:0/0
[BDArmory.BDACompetitionMode:209713799]: ACCURACY:PLAID ASF-07 CERULEAN OPTIC (DF)_9:31/253:0/0
[BDArmory.BDACompetitionMode:209713799]: ACCURACY:PLAID ASF-07 CERULEAN OPTIC (DF)_10:1/38:0/0
[BDArmory.BDACompetitionMode:209713799]: ACCURACY:PLAID ASF-07 CERULEAN OPTIC (DF)_11:0/123:0/0
[BDArmory.BDACompetitionMode:209713799]: ACCURACY:OZ-1 Skydancer Suidkaf_8_F1:0/0:0/0
[BDArmory.BDACompetitionMode:209713799]: ACCURACY:OZ-1 Skydancer Suidkaf_7_F1:0/0:0/0
[BDArmory.BDACompetitionMode:209713799]: ACCURACY:OZ-1 Skydancer Suidkaf_4_F1:0/0:0/0
[BDArmory.BDACompetitionMode:209713799]: ACCURACY:OZ-1 Skydancer Suidkaf_11_F1:0/0:0/0
[BDArmory.BDACompetitionMode:209713799]: ACCURACY:OZ-1 Skydancer Suidkaf_F1:0/0:0/0
[BDArmory.BDACompetitionMode:209713799]: ACCURACY:OZ-1 Skydancer Suidkaf_6_F1:0/0:0/0
[BDArmory.BDACompetitionMode:209713799]: ACCURACY:OZ-1 Skydancer Suidkaf_5_F1:0/0:0/0
[BDArmory.BDACompetitionMode:209713799]: ACCURACY:OZ-1 Skydancer Suidkaf_2_F1:0/0:0/0
