[BDArmory.BDACompetitionMode:208996171]: Dumping Results after -127s (of 0s) at 2026-08-15 22:31:16 -04:00
[BDArmory.BDACompetitionMode:208996171]: RESULT:Draw:[{"team": "PLAID AIF-42D", "members": ["PLAID AIF-42D", "PLAID AIF-42D_1"]}, {"team": "AIF-38D5", "members": ["AIF-38D5", "AIF-38D5_1"]}]
[BDArmory.BDACompetitionMode:208996171]: DEADTEAMS:[]
[BDArmory.BDACompetitionMode:208996171]: ALIVE:AIF-38D5_1
[BDArmory.BDACompetitionMode:208996171]: DEAD:0:59.0:PLAID AIF-42D
[BDArmory.BDACompetitionMode:208996171]: MIA:PLAID AIF-42D_1
[BDArmory.BDACompetitionMode:208996171]: DEAD:1:61.0:AIF-38D5
[BDArmory.BDACompetitionMode:208996171]: WHOHITWHOWITHMISSILES:PLAID AIF-42D:3:AIF-38D5:1:AIF-38D5_1
[BDArmory.BDACompetitionMode:208996171]: WHOHITWHOWITHMISSILES:PLAID AIF-42D_1:2:AIF-38D5_1
[BDArmory.BDACompetitionMode:208996171]: WHOHITWHOWITHMISSILES:AIF-38D5_1:1:PLAID AIF-42D
[BDArmory.BDACompetitionMode:208996171]: WHOPARTSHITWHOWITHMISSILES:PLAID AIF-42D:164:AIF-38D5:71:AIF-38D5_1
[BDArmory.BDACompetitionMode:208996171]: WHOPARTSHITWHOWITHMISSILES:PLAID AIF-42D_1:121:AIF-38D5_1
[BDArmory.BDACompetitionMode:208996171]: WHOPARTSHITWHOWITHMISSILES:AIF-38D5_1:84:PLAID AIF-42D
[BDArmory.BDACompetitionMode:208996171]: WHODAMAGEDWHOWITHMISSILES:PLAID AIF-42D:44490.8:AIF-38D5:1647.0:AIF-38D5_1
[BDArmory.BDACompetitionMode:208996171]: WHODAMAGEDWHOWITHMISSILES:PLAID AIF-42D_1:54090.3:AIF-38D5_1
[BDArmory.BDACompetitionMode:208996171]: WHODAMAGEDWHOWITHMISSILES:AIF-38D5_1:14377.6:PLAID AIF-42D
[BDArmory.BDACompetitionMode:208996171]: WHODAMAGEDWHOWITHBATTLEDAMAGE:PLAID AIF-42D_1:100.1:AIF-38D5_1
[BDArmory.BDACompetitionMode:208996171]: HEADSHOTMISSILES:PLAID AIF-42D:AIF-38D5
[BDArmory.BDACompetitionMode:208996171]: HPLEFT:PLAID AIF-42D:0
[BDArmory.BDACompetitionMode:208996171]: HPLEFT:PLAID AIF-42D_1:19.2307692307692
[BDArmory.BDACompetitionMode:208996171]: HPLEFT:AIF-38D5:0
[BDArmory.BDACompetitionMode:208996171]: HPLEFT:AIF-38D5_1:85.0574712643678
[BDArmory.BDACompetitionMode:208996171]: ACCURACY:PLAID AIF-42D:0/0:0/0
[BDArmory.BDACompetitionMode:208996171]: ACCURACY:PLAID AIF-42D_1:0/0:0/0
[BDArmory.BDACompetitionMode:208996171]: ACCURACY:AIF-38D5:0/10:0/0
[BDArmory.BDACompetitionMode:208996171]: ACCURACY:AIF-38D5_1:0/0:0/0
