[BDArmory.BDACompetitionMode:196828828]: Dumping Results after 106s (of 0s) at 2026-03-28 02:43:04 -04:00
[BDArmory.BDACompetitionMode:196828828]: RESULT:Win:{"team": "PLAID AIF-42C5B LRP", "members": ["PLAID AIF-42C5B LRP", "PLAID AIF-42C5B LRP_1", "PLAID AIF-42C5B LRP_2", "PLAID AIF-42C5B LRP_3", "PLAID AIF-42C5B LRP_4"]}
[BDArmory.BDACompetitionMode:196828828]: DEADTEAMS:[{"team": "LF-03 Avaria Mk11", "members": ["LF-03 Avaria Mk11", "LF-03 Avaria Mk11_1", "LF-03 Avaria Mk11_2", "LF-03 Avaria Mk11_3", "LF-03 Avaria Mk11_4"]}]
[BDArmory.BDACompetitionMode:196828828]: ALIVE:PLAID AIF-42C5B LRP
[BDArmory.BDACompetitionMode:196828828]: ALIVE:PLAID AIF-42C5B LRP_1
[BDArmory.BDACompetitionMode:196828828]: ALIVE:PLAID AIF-42C5B LRP_2
[BDArmory.BDACompetitionMode:196828828]: ALIVE:PLAID AIF-42C5B LRP_3
[BDArmory.BDACompetitionMode:196828828]: DEAD:5:95.0:LF-03 Avaria Mk11
[BDArmory.BDACompetitionMode:196828828]: DEAD:3:87.0:LF-03 Avaria Mk11_1
[BDArmory.BDACompetitionMode:196828828]: DEAD:4:91.0:LF-03 Avaria Mk11_2
[BDArmory.BDACompetitionMode:196828828]: DEAD:0:71.0:LF-03 Avaria Mk11_3
[BDArmory.BDACompetitionMode:196828828]: DEAD:2:83.0:LF-03 Avaria Mk11_4
[BDArmory.BDACompetitionMode:196828828]: DEAD:1:80.0:PLAID AIF-42C5B LRP_4
[BDArmory.BDACompetitionMode:196828828]: WHOSHOTWHOWITHGUNS:LF-03 Avaria Mk11:3:PLAID AIF-42C5B LRP_4:2:PLAID AIF-42C5B LRP_1
[BDArmory.BDACompetitionMode:196828828]: WHOSHOTWHOWITHGUNS:LF-03 Avaria Mk11_2:1:PLAID AIF-42C5B LRP:8:PLAID AIF-42C5B LRP_2
[BDArmory.BDACompetitionMode:196828828]: WHOSHOTWHOWITHGUNS:LF-03 Avaria Mk11_4:4:PLAID AIF-42C5B LRP_1:4:PLAID AIF-42C5B LRP_2
[BDArmory.BDACompetitionMode:196828828]: WHOSHOTWHOWITHGUNS:PLAID AIF-42C5B LRP_3:11:LF-03 Avaria Mk11_2:1:LF-03 Avaria Mk11
[BDArmory.BDACompetitionMode:196828828]: WHODAMAGEDWHOWITHGUNS:LF-03 Avaria Mk11:1067.1:PLAID AIF-42C5B LRP_4:528.6:PLAID AIF-42C5B LRP_1
[BDArmory.BDACompetitionMode:196828828]: WHODAMAGEDWHOWITHGUNS:LF-03 Avaria Mk11_2:326.6:PLAID AIF-42C5B LRP:1917.1:PLAID AIF-42C5B LRP_2
[BDArmory.BDACompetitionMode:196828828]: WHODAMAGEDWHOWITHGUNS:LF-03 Avaria Mk11_4:1334.6:PLAID AIF-42C5B LRP_1:1000.7:PLAID AIF-42C5B LRP_2
[BDArmory.BDACompetitionMode:196828828]: WHODAMAGEDWHOWITHGUNS:PLAID AIF-42C5B LRP_3:3306.0:LF-03 Avaria Mk11_2:260.2:LF-03 Avaria Mk11
[BDArmory.BDACompetitionMode:196828828]: WHOHITWHOWITHMISSILES:LF-03 Avaria Mk11:2:PLAID AIF-42C5B LRP_4:1:PLAID AIF-42C5B LRP_3
[BDArmory.BDACompetitionMode:196828828]: WHOHITWHOWITHMISSILES:LF-03 Avaria Mk11_1:3:PLAID AIF-42C5B LRP:3:PLAID AIF-42C5B LRP_3
[BDArmory.BDACompetitionMode:196828828]: WHOHITWHOWITHMISSILES:LF-03 Avaria Mk11_2:1:PLAID AIF-42C5B LRP
[BDArmory.BDACompetitionMode:196828828]: WHOHITWHOWITHMISSILES:LF-03 Avaria Mk11_3:1:PLAID AIF-42C5B LRP_2:1:PLAID AIF-42C5B LRP_1
[BDArmory.BDACompetitionMode:196828828]: WHOHITWHOWITHMISSILES:PLAID AIF-42C5B LRP_3:1:LF-03 Avaria Mk11_1
[BDArmory.BDACompetitionMode:196828828]: WHOPARTSHITWHOWITHMISSILES:LF-03 Avaria Mk11:108:PLAID AIF-42C5B LRP_4:6:PLAID AIF-42C5B LRP_3
[BDArmory.BDACompetitionMode:196828828]: WHOPARTSHITWHOWITHMISSILES:LF-03 Avaria Mk11_1:104:PLAID AIF-42C5B LRP:136:PLAID AIF-42C5B LRP_3
[BDArmory.BDACompetitionMode:196828828]: WHOPARTSHITWHOWITHMISSILES:LF-03 Avaria Mk11_2:46:PLAID AIF-42C5B LRP
[BDArmory.BDACompetitionMode:196828828]: WHOPARTSHITWHOWITHMISSILES:LF-03 Avaria Mk11_3:47:PLAID AIF-42C5B LRP_2:37:PLAID AIF-42C5B LRP_1
[BDArmory.BDACompetitionMode:196828828]: WHOPARTSHITWHOWITHMISSILES:PLAID AIF-42C5B LRP_3:69:LF-03 Avaria Mk11_1
[BDArmory.BDACompetitionMode:196828828]: WHODAMAGEDWHOWITHMISSILES:LF-03 Avaria Mk11:12417.2:PLAID AIF-42C5B LRP_4:2415.6:PLAID AIF-42C5B LRP_3
[BDArmory.BDACompetitionMode:196828828]: WHODAMAGEDWHOWITHMISSILES:LF-03 Avaria Mk11_1:41134.1:PLAID AIF-42C5B LRP_3:14422.5:PLAID AIF-42C5B LRP
[BDArmory.BDACompetitionMode:196828828]: WHODAMAGEDWHOWITHMISSILES:LF-03 Avaria Mk11_2:32092.1:PLAID AIF-42C5B LRP
[BDArmory.BDACompetitionMode:196828828]: WHODAMAGEDWHOWITHMISSILES:LF-03 Avaria Mk11_3:10570.0:PLAID AIF-42C5B LRP_2:4828.6:PLAID AIF-42C5B LRP_1
[BDArmory.BDACompetitionMode:196828828]: WHODAMAGEDWHOWITHBATTLEDAMAGE:LF-03 Avaria Mk11_1:13.0:PLAID AIF-42C5B LRP_3:7739.9:PLAID AIF-42C5B LRP
[BDArmory.BDACompetitionMode:196828828]: WHODAMAGEDWHOWITHBATTLEDAMAGE:LF-03 Avaria Mk11_2:0.6:PLAID AIF-42C5B LRP_2
[BDArmory.BDACompetitionMode:196828828]: WHODAMAGEDWHOWITHBATTLEDAMAGE:LF-03 Avaria Mk11_4:119.9:PLAID AIF-42C5B LRP_1:6.7:PLAID AIF-42C5B LRP_2:24671.0:LF-03 Avaria Mk11_4
[BDArmory.BDACompetitionMode:196828828]: WHODAMAGEDWHOWITHBATTLEDAMAGE:PLAID AIF-42C5B LRP:25.1:PLAID AIF-42C5B LRP_2
[BDArmory.BDACompetitionMode:196828828]: WHODAMAGEDWHOWITHBATTLEDAMAGE:PLAID AIF-42C5B LRP_3:459.1:LF-03 Avaria Mk11_2:10.1:LF-03 Avaria Mk11
[BDArmory.BDACompetitionMode:196828828]: KILLSTEALMISSILES:LF-03 Avaria Mk11:PLAID AIF-42C5B LRP_3
[BDArmory.BDACompetitionMode:196828828]: KILLSTEALMISSILES:LF-03 Avaria Mk11_1:PLAID AIF-42C5B LRP
[BDArmory.BDACompetitionMode:196828828]: KILLSTEALGUNS:LF-03 Avaria Mk11_2:PLAID AIF-42C5B LRP_2
[BDArmory.BDACompetitionMode:196828828]: KILLSTEALGUNS:LF-03 Avaria Mk11_4:PLAID AIF-42C5B LRP_2
[BDArmory.BDACompetitionMode:196828828]: HPLEFT:LF-03 Avaria Mk11:0
[BDArmory.BDACompetitionMode:196828828]: HPLEFT:LF-03 Avaria Mk11_1:0
[BDArmory.BDACompetitionMode:196828828]: HPLEFT:LF-03 Avaria Mk11_2:0
[BDArmory.BDACompetitionMode:196828828]: HPLEFT:LF-03 Avaria Mk11_3:0
[BDArmory.BDACompetitionMode:196828828]: HPLEFT:LF-03 Avaria Mk11_4:0
[BDArmory.BDACompetitionMode:196828828]: HPLEFT:PLAID AIF-42C5B LRP:100
[BDArmory.BDACompetitionMode:196828828]: HPLEFT:PLAID AIF-42C5B LRP_1:100
[BDArmory.BDACompetitionMode:196828828]: HPLEFT:PLAID AIF-42C5B LRP_2:100
[BDArmory.BDACompetitionMode:196828828]: HPLEFT:PLAID AIF-42C5B LRP_3:93.75
[BDArmory.BDACompetitionMode:196828828]: HPLEFT:PLAID AIF-42C5B LRP_4:0
[BDArmory.BDACompetitionMode:196828828]: ACCURACY:LF-03 Avaria Mk11:1/34:0/0
[BDArmory.BDACompetitionMode:196828828]: ACCURACY:LF-03 Avaria Mk11_1:0/1:0/0
[BDArmory.BDACompetitionMode:196828828]: ACCURACY:LF-03 Avaria Mk11_2:11/57:0/0
[BDArmory.BDACompetitionMode:196828828]: ACCURACY:LF-03 Avaria Mk11_3:0/0:0/0
[BDArmory.BDACompetitionMode:196828828]: ACCURACY:LF-03 Avaria Mk11_4:0/7:0/0
[BDArmory.BDACompetitionMode:196828828]: ACCURACY:PLAID AIF-42C5B LRP:1/34:0/0
[BDArmory.BDACompetitionMode:196828828]: ACCURACY:PLAID AIF-42C5B LRP_1:6/69:0/0
[BDArmory.BDACompetitionMode:196828828]: ACCURACY:PLAID AIF-42C5B LRP_2:12/106:0/0
[BDArmory.BDACompetitionMode:196828828]: ACCURACY:PLAID AIF-42C5B LRP_3:0/0:0/0
[BDArmory.BDACompetitionMode:196828828]: ACCURACY:PLAID AIF-42C5B LRP_4:3/12:0/0
