[BDArmory.BDACompetitionMode:203051249]: Dumping Results after 144s (of 0s) at 2026-06-08 03:17:52 -04:00
[BDArmory.BDACompetitionMode:203051249]: RESULT:Win:{"team": "innocent buses full of civilians", "members": ["Irsmun Peace Enforcement Balloon", "Irsmun High Power Combat Form II", "Irsmun Peace Enforcement Balloon_1", "Irsmun High Power Combat Form II_1", "Irsmun High Power Combat Form II_2", "Irsmun Civil Harmony Dirigible", "Irsmun High Power Combat Form II_3", "Irsmun Moral Guidance Aerostat"]}
[BDArmory.BDACompetitionMode:203051249]: DEADTEAMS:[{"team": "dastardly civilian killing imperials", "members": ["K-71PT A2B II", "K-71PT A2B", "K-71PT A2B_1"]}]
[BDArmory.BDACompetitionMode:203051249]: ALIVE:Irsmun High Power Combat Form II
[BDArmory.BDACompetitionMode:203051249]: ALIVE:Irsmun High Power Combat Form II_3
[BDArmory.BDACompetitionMode:203051249]: DEAD:2:87.2:Irsmun Peace Enforcement Balloon
[BDArmory.BDACompetitionMode:203051249]: DEAD:1:77.8:Irsmun Peace Enforcement Balloon_1
[BDArmory.BDACompetitionMode:203051249]: DEAD:3:93.0:Irsmun High Power Combat Form II_1
[BDArmory.BDACompetitionMode:203051249]: DEAD:4:96.0:Irsmun High Power Combat Form II_2
[BDArmory.BDACompetitionMode:203051249]: MIA:Irsmun Civil Harmony Dirigible
[BDArmory.BDACompetitionMode:203051249]: DEAD:0:72.0:Irsmun Moral Guidance Aerostat
[BDArmory.BDACompetitionMode:203051249]: DEAD:7:133.0:K-71PT A2B II
[BDArmory.BDACompetitionMode:203051249]: DEAD:6:114.0:K-71PT A2B
[BDArmory.BDACompetitionMode:203051249]: DEAD:5:112.0:K-71PT A2B_1
[BDArmory.BDACompetitionMode:203051249]: WHOSHOTWHOWITHGUNS:K-71PT A2B II:2:Irsmun Civil Harmony Dirigible
[BDArmory.BDACompetitionMode:203051249]: WHOSHOTWHOWITHGUNS:K-71PT A2B:5:Irsmun Civil Harmony Dirigible
[BDArmory.BDACompetitionMode:203051249]: WHODAMAGEDWHOWITHGUNS:K-71PT A2B II:422.5:Irsmun Civil Harmony Dirigible
[BDArmory.BDACompetitionMode:203051249]: WHODAMAGEDWHOWITHGUNS:K-71PT A2B:177.8:Irsmun Civil Harmony Dirigible
[BDArmory.BDACompetitionMode:203051249]: WHOHITWHOWITHMISSILES:Irsmun Peace Enforcement Balloon:4:K-71PT A2B II:12:K-71PT A2B_1:11:K-71PT A2B
[BDArmory.BDACompetitionMode:203051249]: WHOHITWHOWITHMISSILES:Irsmun Peace Enforcement Balloon_1:4:K-71PT A2B II
[BDArmory.BDACompetitionMode:203051249]: WHOHITWHOWITHMISSILES:Irsmun High Power Combat Form II_1:2:K-71PT A2B:1:K-71PT A2B_1
[BDArmory.BDACompetitionMode:203051249]: WHOHITWHOWITHMISSILES:Irsmun High Power Combat Form II_2:2:K-71PT A2B_1
[BDArmory.BDACompetitionMode:203051249]: WHOHITWHOWITHMISSILES:Irsmun Civil Harmony Dirigible:2:K-71PT A2B:1:K-71PT A2B II
[BDArmory.BDACompetitionMode:203051249]: WHOHITWHOWITHMISSILES:Irsmun Moral Guidance Aerostat:5:K-71PT A2B II
[BDArmory.BDACompetitionMode:203051249]: WHOHITWHOWITHMISSILES:K-71PT A2B_1:1:K-71PT A2B
[BDArmory.BDACompetitionMode:203051249]: WHOPARTSHITWHOWITHMISSILES:Irsmun Peace Enforcement Balloon:1000:K-71PT A2B II:2719:K-71PT A2B_1:2490:K-71PT A2B
[BDArmory.BDACompetitionMode:203051249]: WHOPARTSHITWHOWITHMISSILES:Irsmun Peace Enforcement Balloon_1:853:K-71PT A2B II
[BDArmory.BDACompetitionMode:203051249]: WHOPARTSHITWHOWITHMISSILES:Irsmun High Power Combat Form II_1:83:K-71PT A2B:4:K-71PT A2B_1
[BDArmory.BDACompetitionMode:203051249]: WHOPARTSHITWHOWITHMISSILES:Irsmun High Power Combat Form II_2:75:K-71PT A2B_1
[BDArmory.BDACompetitionMode:203051249]: WHOPARTSHITWHOWITHMISSILES:Irsmun Civil Harmony Dirigible:416:K-71PT A2B:201:K-71PT A2B II
[BDArmory.BDACompetitionMode:203051249]: WHOPARTSHITWHOWITHMISSILES:Irsmun Moral Guidance Aerostat:868:K-71PT A2B II
[BDArmory.BDACompetitionMode:203051249]: WHOPARTSHITWHOWITHMISSILES:K-71PT A2B_1:104:K-71PT A2B
[BDArmory.BDACompetitionMode:203051249]: WHODAMAGEDWHOWITHMISSILES:Irsmun Peace Enforcement Balloon:99644.0:K-71PT A2B_1:25373.0:K-71PT A2B
[BDArmory.BDACompetitionMode:203051249]: WHODAMAGEDWHOWITHMISSILES:Irsmun Peace Enforcement Balloon_1:1675571.0:K-71PT A2B II
[BDArmory.BDACompetitionMode:203051249]: WHODAMAGEDWHOWITHMISSILES:Irsmun High Power Combat Form II_1:166144.8:K-71PT A2B:5441.5:K-71PT A2B_1
[BDArmory.BDACompetitionMode:203051249]: WHODAMAGEDWHOWITHMISSILES:Irsmun High Power Combat Form II_2:91560.6:K-71PT A2B_1
[BDArmory.BDACompetitionMode:203051249]: WHODAMAGEDWHOWITHMISSILES:Irsmun Civil Harmony Dirigible:3655.8:K-71PT A2B
[BDArmory.BDACompetitionMode:203051249]: WHODAMAGEDWHOWITHMISSILES:Irsmun Moral Guidance Aerostat:197059.3:K-71PT A2B II
[BDArmory.BDACompetitionMode:203051249]: WHODAMAGEDWHOWITHMISSILES:K-71PT A2B_1:1284307.0:K-71PT A2B
[BDArmory.BDACompetitionMode:203051249]: WHODAMAGEDWHOWITHBATTLEDAMAGE:Irsmun Peace Enforcement Balloon:0.2:K-71PT A2B_1
[BDArmory.BDACompetitionMode:203051249]: WHODAMAGEDWHOWITHBATTLEDAMAGE:Irsmun High Power Combat Form II_1:12029.0:K-71PT A2B
[BDArmory.BDACompetitionMode:203051249]: WHODAMAGEDWHOWITHBATTLEDAMAGE:Irsmun High Power Combat Form II_2:7933.8:K-71PT A2B_1
[BDArmory.BDACompetitionMode:203051249]: WHODAMAGEDWHOWITHBATTLEDAMAGE:Irsmun Civil Harmony Dirigible:651.4:Irsmun Civil Harmony Dirigible:191.0:K-71PT A2B
[BDArmory.BDACompetitionMode:203051249]: WHODAMAGEDWHOWITHBATTLEDAMAGE:Irsmun Moral Guidance Aerostat:882.1:K-71PT A2B II
[BDArmory.BDACompetitionMode:203051249]: WHODAMAGEDWHOWITHBATTLEDAMAGE:K-71PT A2B II:82.3:Irsmun Civil Harmony Dirigible
[BDArmory.BDACompetitionMode:203051249]: GMKILL:Irsmun Peace Enforcement Balloon:BigRedButton
[BDArmory.BDACompetitionMode:203051249]: GMKILL:Irsmun Peace Enforcement Balloon_1:BigRedButton
[BDArmory.BDACompetitionMode:203051249]: KILLSTEALMISSILES:Irsmun High Power Combat Form II_1:K-71PT A2B_1
[BDArmory.BDACompetitionMode:203051249]: CLEANKILLMISSILES:Irsmun High Power Combat Form II_2:K-71PT A2B_1
[BDArmory.BDACompetitionMode:203051249]: CLEANKILLMISSILES:Irsmun Moral Guidance Aerostat:K-71PT A2B II
[BDArmory.BDACompetitionMode:203051249]: CLEANKILLGUNS:K-71PT A2B II:Irsmun Civil Harmony Dirigible
[BDArmory.BDACompetitionMode:203051249]: CLEANKILLGUNS:K-71PT A2B:Irsmun Civil Harmony Dirigible
[BDArmory.BDACompetitionMode:203051249]: CLEANKILLMISSILES:K-71PT A2B_1:K-71PT A2B
[BDArmory.BDACompetitionMode:203051249]: HPLEFT:Irsmun Peace Enforcement Balloon:0
[BDArmory.BDACompetitionMode:203051249]: HPLEFT:Irsmun High Power Combat Form II:100
[BDArmory.BDACompetitionMode:203051249]: HPLEFT:Irsmun Peace Enforcement Balloon_1:0
[BDArmory.BDACompetitionMode:203051249]: HPLEFT:Irsmun High Power Combat Form II_1:0
[BDArmory.BDACompetitionMode:203051249]: HPLEFT:Irsmun High Power Combat Form II_2:0
[BDArmory.BDACompetitionMode:203051249]: HPLEFT:Irsmun Civil Harmony Dirigible:79.3103448275862
[BDArmory.BDACompetitionMode:203051249]: HPLEFT:Irsmun High Power Combat Form II_3:100
[BDArmory.BDACompetitionMode:203051249]: HPLEFT:Irsmun Moral Guidance Aerostat:0
[BDArmory.BDACompetitionMode:203051249]: HPLEFT:K-71PT A2B II:0
[BDArmory.BDACompetitionMode:203051249]: HPLEFT:K-71PT A2B:0
[BDArmory.BDACompetitionMode:203051249]: HPLEFT:K-71PT A2B_1:0
[BDArmory.BDACompetitionMode:203051249]: ACCURACY:Irsmun Peace Enforcement Balloon:0/661:0/0
[BDArmory.BDACompetitionMode:203051249]: ACCURACY:Irsmun High Power Combat Form II:0/63:0/0
[BDArmory.BDACompetitionMode:203051249]: ACCURACY:Irsmun Peace Enforcement Balloon_1:0/385:0/0
[BDArmory.BDACompetitionMode:203051249]: ACCURACY:Irsmun High Power Combat Form II_1:0/31:0/0
[BDArmory.BDACompetitionMode:203051249]: ACCURACY:Irsmun High Power Combat Form II_2:0/67:0/0
[BDArmory.BDACompetitionMode:203051249]: ACCURACY:Irsmun Civil Harmony Dirigible:7/78:0/0
[BDArmory.BDACompetitionMode:203051249]: ACCURACY:Irsmun High Power Combat Form II_3:0/39:0/0
[BDArmory.BDACompetitionMode:203051249]: ACCURACY:Irsmun Moral Guidance Aerostat:0/77:0/0
[BDArmory.BDACompetitionMode:203051249]: ACCURACY:K-71PT A2B II:0/0:0/0
[BDArmory.BDACompetitionMode:203051249]: ACCURACY:K-71PT A2B:0/0:0/0
[BDArmory.BDACompetitionMode:203051249]: ACCURACY:K-71PT A2B_1:0/0:0/0
