[BDArmory.BDACompetitionMode:208993852]: Dumping Results after 94s (of 0s) at 2026-08-15 21:54:52 -04:00
[BDArmory.BDACompetitionMode:208993852]: RESULT:Win:{"team": "AIF-38D5", "members": ["AIF-38D5", "AIF-38D5_1", "AIF-38D5_2", "AIF-38D5_3", "AIF-38D5_4", "AIF-38D5_5"]}
[BDArmory.BDACompetitionMode:208993852]: DEADTEAMS:[{"team": "AIF-38D2", "members": ["AIF-38D2", "AIF-38D2_1", "AIF-38D2_2", "AIF-38D2_3", "AIF-38D2_4", "AIF-38D2_5"]}]
[BDArmory.BDACompetitionMode:208993852]: ALIVE:AIF-38D5
[BDArmory.BDACompetitionMode:208993852]: ALIVE:AIF-38D5_1
[BDArmory.BDACompetitionMode:208993852]: ALIVE:AIF-38D5_2
[BDArmory.BDACompetitionMode:208993852]: ALIVE:AIF-38D5_3
[BDArmory.BDACompetitionMode:208993852]: ALIVE:AIF-38D5_5
[BDArmory.BDACompetitionMode:208993852]: DEAD:0:48.0:AIF-38D5_4
[BDArmory.BDACompetitionMode:208993852]: DEAD:4:56.0:AIF-38D2
[BDArmory.BDACompetitionMode:208993852]: DEAD:6:83.0:AIF-38D2_1
[BDArmory.BDACompetitionMode:208993852]: DEAD:2:51.0:AIF-38D2_2
[BDArmory.BDACompetitionMode:208993852]: DEAD:3:52.0:AIF-38D2_3
[BDArmory.BDACompetitionMode:208993852]: DEAD:5:68.0:AIF-38D2_4
[BDArmory.BDACompetitionMode:208993852]: DEAD:1:50.0:AIF-38D2_5
[BDArmory.BDACompetitionMode:208993852]: WHOSHOTWHOWITHGUNS:AIF-38D2:4:AIF-38D5_5
[BDArmory.BDACompetitionMode:208993852]: WHODAMAGEDWHOWITHGUNS:AIF-38D2:349.5:AIF-38D5_5
[BDArmory.BDACompetitionMode:208993852]: WHOHITWHOWITHMISSILES:AIF-38D5:1:AIF-38D2
[BDArmory.BDACompetitionMode:208993852]: WHOHITWHOWITHMISSILES:AIF-38D5_1:1:AIF-38D2
[BDArmory.BDACompetitionMode:208993852]: WHOHITWHOWITHMISSILES:AIF-38D5_2:1:AIF-38D2_3
[BDArmory.BDACompetitionMode:208993852]: WHOHITWHOWITHMISSILES:AIF-38D5_3:1:AIF-38D2_1
[BDArmory.BDACompetitionMode:208993852]: WHOHITWHOWITHMISSILES:AIF-38D5_4:1:AIF-38D2
[BDArmory.BDACompetitionMode:208993852]: WHOHITWHOWITHMISSILES:AIF-38D2:1:AIF-38D5_5:1:AIF-38D5_1
[BDArmory.BDACompetitionMode:208993852]: WHOHITWHOWITHMISSILES:AIF-38D2_1:3:AIF-38D5:1:AIF-38D5_1:1:AIF-38D5_5
[BDArmory.BDACompetitionMode:208993852]: WHOHITWHOWITHMISSILES:AIF-38D2_2:1:AIF-38D5
[BDArmory.BDACompetitionMode:208993852]: WHOHITWHOWITHMISSILES:AIF-38D2_3:1:AIF-38D5_5:1:AIF-38D5_1
[BDArmory.BDACompetitionMode:208993852]: WHOHITWHOWITHMISSILES:AIF-38D2_4:2:AIF-38D5_2:1:AIF-38D5_1
[BDArmory.BDACompetitionMode:208993852]: WHOHITWHOWITHMISSILES:AIF-38D2_5:1:AIF-38D5_1:1:AIF-38D5_3
[BDArmory.BDACompetitionMode:208993852]: WHOPARTSHITWHOWITHMISSILES:AIF-38D5:74:AIF-38D2
[BDArmory.BDACompetitionMode:208993852]: WHOPARTSHITWHOWITHMISSILES:AIF-38D5_1:87:AIF-38D2
[BDArmory.BDACompetitionMode:208993852]: WHOPARTSHITWHOWITHMISSILES:AIF-38D5_2:82:AIF-38D2_3
[BDArmory.BDACompetitionMode:208993852]: WHOPARTSHITWHOWITHMISSILES:AIF-38D5_3:86:AIF-38D2_1
[BDArmory.BDACompetitionMode:208993852]: WHOPARTSHITWHOWITHMISSILES:AIF-38D5_4:86:AIF-38D2
[BDArmory.BDACompetitionMode:208993852]: WHOPARTSHITWHOWITHMISSILES:AIF-38D2:89:AIF-38D5_5:21:AIF-38D5_1
[BDArmory.BDACompetitionMode:208993852]: WHOPARTSHITWHOWITHMISSILES:AIF-38D2_1:178:AIF-38D5:37:AIF-38D5_1:10:AIF-38D5_5
[BDArmory.BDACompetitionMode:208993852]: WHOPARTSHITWHOWITHMISSILES:AIF-38D2_2:92:AIF-38D5
[BDArmory.BDACompetitionMode:208993852]: WHOPARTSHITWHOWITHMISSILES:AIF-38D2_3:91:AIF-38D5_5:64:AIF-38D5_1
[BDArmory.BDACompetitionMode:208993852]: WHOPARTSHITWHOWITHMISSILES:AIF-38D2_4:137:AIF-38D5_2:33:AIF-38D5_1
[BDArmory.BDACompetitionMode:208993852]: WHOPARTSHITWHOWITHMISSILES:AIF-38D2_5:90:AIF-38D5_1:36:AIF-38D5_3
[BDArmory.BDACompetitionMode:208993852]: WHODAMAGEDWHOWITHMISSILES:AIF-38D5:4604.1:AIF-38D2
[BDArmory.BDACompetitionMode:208993852]: WHODAMAGEDWHOWITHMISSILES:AIF-38D5_2:61133.1:AIF-38D2_3
[BDArmory.BDACompetitionMode:208993852]: WHODAMAGEDWHOWITHMISSILES:AIF-38D5_3:17424.9:AIF-38D2_1
[BDArmory.BDACompetitionMode:208993852]: WHODAMAGEDWHOWITHMISSILES:AIF-38D5_4:80234.1:AIF-38D2
[BDArmory.BDACompetitionMode:208993852]: WHODAMAGEDWHOWITHMISSILES:AIF-38D2:18665.9:AIF-38D5_5:26117.1:AIF-38D5_1
[BDArmory.BDACompetitionMode:208993852]: WHODAMAGEDWHOWITHMISSILES:AIF-38D2_1:34913.1:AIF-38D5:7386.0:AIF-38D5_1:347.4:AIF-38D5_5
[BDArmory.BDACompetitionMode:208993852]: WHODAMAGEDWHOWITHMISSILES:AIF-38D2_2:104743.9:AIF-38D5
[BDArmory.BDACompetitionMode:208993852]: WHODAMAGEDWHOWITHMISSILES:AIF-38D2_3:6134.2:AIF-38D5_5:14435.2:AIF-38D5_1
[BDArmory.BDACompetitionMode:208993852]: WHODAMAGEDWHOWITHMISSILES:AIF-38D2_4:32674.7:AIF-38D5_2:34549.8:AIF-38D5_1
[BDArmory.BDACompetitionMode:208993852]: WHODAMAGEDWHOWITHMISSILES:AIF-38D2_5:58893.2:AIF-38D5_1:10203.1:AIF-38D5_3
[BDArmory.BDACompetitionMode:208993852]: WHODAMAGEDWHOWITHBATTLEDAMAGE:AIF-38D5_4:23840.7:AIF-38D2
[BDArmory.BDACompetitionMode:208993852]: WHODAMAGEDWHOWITHBATTLEDAMAGE:AIF-38D2:0.8:AIF-38D5_5:13190.2:AIF-38D5_1
[BDArmory.BDACompetitionMode:208993852]: GMKILL:AIF-38D2_1:LandedTooLong
[BDArmory.BDACompetitionMode:208993852]: CLEANKILLMISSILES:AIF-38D5_4:AIF-38D2
[BDArmory.BDACompetitionMode:208993852]: KILLSTEALMISSILES:AIF-38D2:AIF-38D5_1
[BDArmory.BDACompetitionMode:208993852]: HEADSHOTMISSILES:AIF-38D2_3:AIF-38D5_1
[BDArmory.BDACompetitionMode:208993852]: HEADSHOTMISSILES:AIF-38D2_4:AIF-38D5_1
[BDArmory.BDACompetitionMode:208993852]: KILLSTEALMISSILES:AIF-38D2_5:AIF-38D5_3
[BDArmory.BDACompetitionMode:208993852]: HPLEFT:AIF-38D5:97.7011494252874
[BDArmory.BDACompetitionMode:208993852]: HPLEFT:AIF-38D5_1:100
[BDArmory.BDACompetitionMode:208993852]: HPLEFT:AIF-38D5_2:68.9655172413793
[BDArmory.BDACompetitionMode:208993852]: HPLEFT:AIF-38D5_3:77.0114942528736
[BDArmory.BDACompetitionMode:208993852]: HPLEFT:AIF-38D5_4:0
[BDArmory.BDACompetitionMode:208993852]: HPLEFT:AIF-38D5_5:100
[BDArmory.BDACompetitionMode:208993852]: HPLEFT:AIF-38D2:0
[BDArmory.BDACompetitionMode:208993852]: HPLEFT:AIF-38D2_1:0
[BDArmory.BDACompetitionMode:208993852]: HPLEFT:AIF-38D2_2:0
[BDArmory.BDACompetitionMode:208993852]: HPLEFT:AIF-38D2_3:0
[BDArmory.BDACompetitionMode:208993852]: HPLEFT:AIF-38D2_4:0
[BDArmory.BDACompetitionMode:208993852]: HPLEFT:AIF-38D2_5:0
[BDArmory.BDACompetitionMode:208993852]: ACCURACY:AIF-38D5:0/19:0/0
[BDArmory.BDACompetitionMode:208993852]: ACCURACY:AIF-38D5_1:0/5:0/0
[BDArmory.BDACompetitionMode:208993852]: ACCURACY:AIF-38D5_2:0/0:0/0
[BDArmory.BDACompetitionMode:208993852]: ACCURACY:AIF-38D5_3:0/0:0/0
[BDArmory.BDACompetitionMode:208993852]: ACCURACY:AIF-38D5_4:0/0:0/0
[BDArmory.BDACompetitionMode:208993852]: ACCURACY:AIF-38D5_5:4/23:0/0
[BDArmory.BDACompetitionMode:208993852]: ACCURACY:AIF-38D2:0/0:0/0
[BDArmory.BDACompetitionMode:208993852]: ACCURACY:AIF-38D2_1:0/0:0/0
[BDArmory.BDACompetitionMode:208993852]: ACCURACY:AIF-38D2_2:0/0:0/0
[BDArmory.BDACompetitionMode:208993852]: ACCURACY:AIF-38D2_3:0/0:0/0
[BDArmory.BDACompetitionMode:208993852]: ACCURACY:AIF-38D2_4:0/0:0/0
[BDArmory.BDACompetitionMode:208993852]: ACCURACY:AIF-38D2_5:0/0:0/0
