[BDArmory.BDACompetitionMode:196982554]: Dumping Results after 109s (of 0s) at 2026-03-29 21:24:49 -04:00
[BDArmory.BDACompetitionMode:196982554]: RESULT:Win:{"team": "PLAID AIF-42C5B LRP", "members": ["PLAID AIF-42C5B LRP", "PLAID AIF-42C5B LRP_1", "PLAID AIF-42C5B LRP_2"]}
[BDArmory.BDACompetitionMode:196982554]: DEADTEAMS:[{"team": "PLAID AIF-42C5B1 LRP", "members": ["PLAID AIF-42C5B1 LRP", "PLAID AIF-42C5B1 LRP_1", "PLAID AIF-42C5B1 LRP_2"]}]
[BDArmory.BDACompetitionMode:196982554]: ALIVE:PLAID AIF-42C5B LRP
[BDArmory.BDACompetitionMode:196982554]: ALIVE:PLAID AIF-42C5B LRP_1
[BDArmory.BDACompetitionMode:196982554]: ALIVE:PLAID AIF-42C5B LRP_2
[BDArmory.BDACompetitionMode:196982554]: DEAD:2:98.0:PLAID AIF-42C5B1 LRP
[BDArmory.BDACompetitionMode:196982554]: DEAD:1:97.0:PLAID AIF-42C5B1 LRP_1
[BDArmory.BDACompetitionMode:196982554]: DEAD:0:92.0:PLAID AIF-42C5B1 LRP_2
[BDArmory.BDACompetitionMode:196982554]: WHOSHOTWHOWITHGUNS:PLAID AIF-42C5B1 LRP_1:1:PLAID AIF-42C5B LRP_1
[BDArmory.BDACompetitionMode:196982554]: WHOSHOTWHOWITHGUNS:PLAID AIF-42C5B1 LRP_2:9:PLAID AIF-42C5B LRP
[BDArmory.BDACompetitionMode:196982554]: WHODAMAGEDWHOWITHGUNS:PLAID AIF-42C5B1 LRP_1:24.9:PLAID AIF-42C5B LRP_1
[BDArmory.BDACompetitionMode:196982554]: WHODAMAGEDWHOWITHGUNS:PLAID AIF-42C5B1 LRP_2:4340.8:PLAID AIF-42C5B LRP
[BDArmory.BDACompetitionMode:196982554]: WHOHITWHOWITHMISSILES:PLAID AIF-42C5B1 LRP:3:PLAID AIF-42C5B LRP_2:1:PLAID AIF-42C5B LRP_1:1:PLAID AIF-42C5B LRP
[BDArmory.BDACompetitionMode:196982554]: WHOHITWHOWITHMISSILES:PLAID AIF-42C5B1 LRP_1:2:PLAID AIF-42C5B LRP:3:PLAID AIF-42C5B LRP_1
[BDArmory.BDACompetitionMode:196982554]: WHOPARTSHITWHOWITHMISSILES:PLAID AIF-42C5B1 LRP:141:PLAID AIF-42C5B LRP_2:38:PLAID AIF-42C5B LRP_1:30:PLAID AIF-42C5B LRP
[BDArmory.BDACompetitionMode:196982554]: WHOPARTSHITWHOWITHMISSILES:PLAID AIF-42C5B1 LRP_1:117:PLAID AIF-42C5B LRP:113:PLAID AIF-42C5B LRP_1
[BDArmory.BDACompetitionMode:196982554]: WHODAMAGEDWHOWITHMISSILES:PLAID AIF-42C5B1 LRP:45034.7:PLAID AIF-42C5B LRP_2:4617.0:PLAID AIF-42C5B LRP_1:17840.6:PLAID AIF-42C5B LRP
[BDArmory.BDACompetitionMode:196982554]: WHODAMAGEDWHOWITHMISSILES:PLAID AIF-42C5B1 LRP_1:28984.9:PLAID AIF-42C5B LRP:1786.3:PLAID AIF-42C5B LRP_1
[BDArmory.BDACompetitionMode:196982554]: WHODAMAGEDWHOWITHBATTLEDAMAGE:PLAID AIF-42C5B1 LRP:0.1:PLAID AIF-42C5B LRP_2
[BDArmory.BDACompetitionMode:196982554]: WHODAMAGEDWHOWITHBATTLEDAMAGE:PLAID AIF-42C5B1 LRP_1:0.1:PLAID AIF-42C5B LRP:12555.6:PLAID AIF-42C5B LRP_1
[BDArmory.BDACompetitionMode:196982554]: WHODAMAGEDWHOWITHBATTLEDAMAGE:PLAID AIF-42C5B1 LRP_2:467.5:PLAID AIF-42C5B LRP:15210.9:PLAID AIF-42C5B1 LRP_2
[BDArmory.BDACompetitionMode:196982554]: KILLSTEALMISSILES:PLAID AIF-42C5B1 LRP:PLAID AIF-42C5B LRP
[BDArmory.BDACompetitionMode:196982554]: HEADSHOTGUNS:PLAID AIF-42C5B1 LRP_1:PLAID AIF-42C5B LRP_1
[BDArmory.BDACompetitionMode:196982554]: HPLEFT:PLAID AIF-42C5B LRP:100
[BDArmory.BDACompetitionMode:196982554]: HPLEFT:PLAID AIF-42C5B LRP_1:100
[BDArmory.BDACompetitionMode:196982554]: HPLEFT:PLAID AIF-42C5B LRP_2:100
[BDArmory.BDACompetitionMode:196982554]: HPLEFT:PLAID AIF-42C5B1 LRP:0
[BDArmory.BDACompetitionMode:196982554]: HPLEFT:PLAID AIF-42C5B1 LRP_1:0
[BDArmory.BDACompetitionMode:196982554]: HPLEFT:PLAID AIF-42C5B1 LRP_2:0
[BDArmory.BDACompetitionMode:196982554]: ACCURACY:PLAID AIF-42C5B LRP:9/23:0/0
[BDArmory.BDACompetitionMode:196982554]: ACCURACY:PLAID AIF-42C5B LRP_1:1/17:0/0
[BDArmory.BDACompetitionMode:196982554]: ACCURACY:PLAID AIF-42C5B LRP_2:0/0:0/0
[BDArmory.BDACompetitionMode:196982554]: ACCURACY:PLAID AIF-42C5B1 LRP:0/0:0/0
[BDArmory.BDACompetitionMode:196982554]: ACCURACY:PLAID AIF-42C5B1 LRP_1:0/0:0/0
[BDArmory.BDACompetitionMode:196982554]: ACCURACY:PLAID AIF-42C5B1 LRP_2:0/0:0/0
