[BDArmory.BDACompetitionMode:196579878]: Dumping Results after 95s (of 0s) at 2026-03-25 05:32:57 -04:00
[BDArmory.BDACompetitionMode:196579878]: RESULT:Win:{"team": "PLAID AIF-42C5 LRP", "members": ["PLAID AIF-42C5 LRP", "PLAID AIF-42C5 LRP_1"]}
[BDArmory.BDACompetitionMode:196579878]: DEADTEAMS:[{"team": "LF-03 Avaria Mk11", "members": ["LF-03 Avaria Mk11", "LF-03 Avaria Mk11_1"]}]
[BDArmory.BDACompetitionMode:196579878]: ALIVE:PLAID AIF-42C5 LRP
[BDArmory.BDACompetitionMode:196579878]: ALIVE:PLAID AIF-42C5 LRP_1
[BDArmory.BDACompetitionMode:196579878]: DEAD:0:70.0:LF-03 Avaria Mk11
[BDArmory.BDACompetitionMode:196579878]: DEAD:1:84.0:LF-03 Avaria Mk11_1
[BDArmory.BDACompetitionMode:196579878]: WHOSHOTWHOWITHGUNS:LF-03 Avaria Mk11:6:PLAID AIF-42C5 LRP
[BDArmory.BDACompetitionMode:196579878]: WHOSHOTWHOWITHGUNS:LF-03 Avaria Mk11_1:1:PLAID AIF-42C5 LRP_1
[BDArmory.BDACompetitionMode:196579878]: WHOSHOTWHOWITHGUNS:PLAID AIF-42C5 LRP_1:1:LF-03 Avaria Mk11_1
[BDArmory.BDACompetitionMode:196579878]: WHODAMAGEDWHOWITHGUNS:LF-03 Avaria Mk11:2196.2:PLAID AIF-42C5 LRP
[BDArmory.BDACompetitionMode:196579878]: WHODAMAGEDWHOWITHGUNS:LF-03 Avaria Mk11_1:795.2:PLAID AIF-42C5 LRP_1
[BDArmory.BDACompetitionMode:196579878]: WHODAMAGEDWHOWITHGUNS:PLAID AIF-42C5 LRP_1:252.7:LF-03 Avaria Mk11_1
[BDArmory.BDACompetitionMode:196579878]: WHOHITWHOWITHMISSILES:LF-03 Avaria Mk11:2:PLAID AIF-42C5 LRP
[BDArmory.BDACompetitionMode:196579878]: WHOHITWHOWITHMISSILES:LF-03 Avaria Mk11_1:2:PLAID AIF-42C5 LRP_1:2:PLAID AIF-42C5 LRP
[BDArmory.BDACompetitionMode:196579878]: WHOHITWHOWITHMISSILES:PLAID AIF-42C5 LRP_1:2:LF-03 Avaria Mk11
[BDArmory.BDACompetitionMode:196579878]: WHOPARTSHITWHOWITHMISSILES:LF-03 Avaria Mk11:93:PLAID AIF-42C5 LRP
[BDArmory.BDACompetitionMode:196579878]: WHOPARTSHITWHOWITHMISSILES:LF-03 Avaria Mk11_1:61:PLAID AIF-42C5 LRP_1:48:PLAID AIF-42C5 LRP
[BDArmory.BDACompetitionMode:196579878]: WHOPARTSHITWHOWITHMISSILES:PLAID AIF-42C5 LRP_1:157:LF-03 Avaria Mk11
[BDArmory.BDACompetitionMode:196579878]: WHODAMAGEDWHOWITHMISSILES:LF-03 Avaria Mk11:43790.9:PLAID AIF-42C5 LRP
[BDArmory.BDACompetitionMode:196579878]: WHODAMAGEDWHOWITHMISSILES:LF-03 Avaria Mk11_1:22051.4:PLAID AIF-42C5 LRP_1:5626.8:PLAID AIF-42C5 LRP
[BDArmory.BDACompetitionMode:196579878]: WHODAMAGEDWHOWITHMISSILES:PLAID AIF-42C5 LRP_1:4264.4:LF-03 Avaria Mk11
[BDArmory.BDACompetitionMode:196579878]: WHODAMAGEDWHOWITHBATTLEDAMAGE:LF-03 Avaria Mk11:22332.4:PLAID AIF-42C5 LRP:1681.9:LF-03 Avaria Mk11
[BDArmory.BDACompetitionMode:196579878]: WHODAMAGEDWHOWITHBATTLEDAMAGE:LF-03 Avaria Mk11_1:11129.1:PLAID AIF-42C5 LRP_1
[BDArmory.BDACompetitionMode:196579878]: WHODAMAGEDWHOWITHBATTLEDAMAGE:PLAID AIF-42C5 LRP_1:100.2:LF-03 Avaria Mk11_1
[BDArmory.BDACompetitionMode:196579878]: CLEANKILLMISSILES:LF-03 Avaria Mk11:PLAID AIF-42C5 LRP
[BDArmory.BDACompetitionMode:196579878]: KILLSTEALMISSILES:LF-03 Avaria Mk11_1:PLAID AIF-42C5 LRP_1
[BDArmory.BDACompetitionMode:196579878]: HPLEFT:LF-03 Avaria Mk11:0
[BDArmory.BDACompetitionMode:196579878]: HPLEFT:LF-03 Avaria Mk11_1:0
[BDArmory.BDACompetitionMode:196579878]: HPLEFT:PLAID AIF-42C5 LRP:100
[BDArmory.BDACompetitionMode:196579878]: HPLEFT:PLAID AIF-42C5 LRP_1:92.6829268292683
[BDArmory.BDACompetitionMode:196579878]: ACCURACY:LF-03 Avaria Mk11:0/0:0/0
[BDArmory.BDACompetitionMode:196579878]: ACCURACY:LF-03 Avaria Mk11_1:1/45:0/0
[BDArmory.BDACompetitionMode:196579878]: ACCURACY:PLAID AIF-42C5 LRP:6/106:0/0
[BDArmory.BDACompetitionMode:196579878]: ACCURACY:PLAID AIF-42C5 LRP_1:1/76:0/0
