[BDArmory.BDACompetitionMode:197199923]: Dumping Results after 111s (of 0s) at 2026-04-01 09:50:32 -04:00
[BDArmory.BDACompetitionMode:197199923]: RESULT:Win:{"team": "PLAID AIF-42C5D LRP", "members": ["PLAID AIF-42C5D LRP", "PLAID AIF-42C5D LRP_1", "PLAID AIF-42C5D LRP_2"]}
[BDArmory.BDACompetitionMode:197199923]: DEADTEAMS:[{"team": "PLAID AIF-42C5B LRP", "members": ["PLAID AIF-42C5B LRP", "PLAID AIF-42C5B LRP_1", "PLAID AIF-42C5B LRP_2"]}]
[BDArmory.BDACompetitionMode:197199923]: ALIVE:PLAID AIF-42C5D LRP
[BDArmory.BDACompetitionMode:197199923]: ALIVE:PLAID AIF-42C5D LRP_1
[BDArmory.BDACompetitionMode:197199923]: DEAD:3:100.0:PLAID AIF-42C5B LRP
[BDArmory.BDACompetitionMode:197199923]: DEAD:1:83.0:PLAID AIF-42C5B LRP_1
[BDArmory.BDACompetitionMode:197199923]: DEAD:0:45.6:PLAID AIF-42C5B LRP_2
[BDArmory.BDACompetitionMode:197199923]: DEAD:2:83.0:PLAID AIF-42C5D LRP_2
[BDArmory.BDACompetitionMode:197199923]: WHOSHOTWHOWITHGUNS:PLAID AIF-42C5B LRP:19:PLAID AIF-42C5D LRP_1:24:PLAID AIF-42C5D LRP
[BDArmory.BDACompetitionMode:197199923]: WHOSHOTWHOWITHGUNS:PLAID AIF-42C5B LRP_1:18:PLAID AIF-42C5D LRP
[BDArmory.BDACompetitionMode:197199923]: WHOSHOTWHOWITHGUNS:PLAID AIF-42C5D LRP_1:2:PLAID AIF-42C5B LRP
[BDArmory.BDACompetitionMode:197199923]: WHODAMAGEDWHOWITHGUNS:PLAID AIF-42C5B LRP:5716.0:PLAID AIF-42C5D LRP_1:4241.0:PLAID AIF-42C5D LRP
[BDArmory.BDACompetitionMode:197199923]: WHODAMAGEDWHOWITHGUNS:PLAID AIF-42C5B LRP_1:5157.0:PLAID AIF-42C5D LRP
[BDArmory.BDACompetitionMode:197199923]: WHODAMAGEDWHOWITHGUNS:PLAID AIF-42C5D LRP_1:1251.6:PLAID AIF-42C5B LRP
[BDArmory.BDACompetitionMode:197199923]: WHOHITWHOWITHMISSILES:PLAID AIF-42C5B LRP_1:1:PLAID AIF-42C5D LRP_2
[BDArmory.BDACompetitionMode:197199923]: WHOHITWHOWITHMISSILES:PLAID AIF-42C5B LRP_2:1:PLAID AIF-42C5D LRP
[BDArmory.BDACompetitionMode:197199923]: WHOHITWHOWITHMISSILES:PLAID AIF-42C5D LRP_1:1:PLAID AIF-42C5B LRP
[BDArmory.BDACompetitionMode:197199923]: WHOHITWHOWITHMISSILES:PLAID AIF-42C5D LRP_2:2:PLAID AIF-42C5B LRP
[BDArmory.BDACompetitionMode:197199923]: WHOPARTSHITWHOWITHMISSILES:PLAID AIF-42C5B LRP_1:70:PLAID AIF-42C5D LRP_2
[BDArmory.BDACompetitionMode:197199923]: WHOPARTSHITWHOWITHMISSILES:PLAID AIF-42C5B LRP_2:82:PLAID AIF-42C5D LRP
[BDArmory.BDACompetitionMode:197199923]: WHOPARTSHITWHOWITHMISSILES:PLAID AIF-42C5D LRP_1:65:PLAID AIF-42C5B LRP
[BDArmory.BDACompetitionMode:197199923]: WHOPARTSHITWHOWITHMISSILES:PLAID AIF-42C5D LRP_2:116:PLAID AIF-42C5B LRP
[BDArmory.BDACompetitionMode:197199923]: WHODAMAGEDWHOWITHMISSILES:PLAID AIF-42C5B LRP_1:51186.1:PLAID AIF-42C5D LRP_2
[BDArmory.BDACompetitionMode:197199923]: WHODAMAGEDWHOWITHMISSILES:PLAID AIF-42C5B LRP_2:32280.6:PLAID AIF-42C5D LRP
[BDArmory.BDACompetitionMode:197199923]: WHODAMAGEDWHOWITHMISSILES:PLAID AIF-42C5D LRP_1:9921.4:PLAID AIF-42C5B LRP
[BDArmory.BDACompetitionMode:197199923]: WHODAMAGEDWHOWITHMISSILES:PLAID AIF-42C5D LRP_2:63982.2:PLAID AIF-42C5B LRP
[BDArmory.BDACompetitionMode:197199923]: WHODAMAGEDWHOWITHBATTLEDAMAGE:PLAID AIF-42C5B LRP:347.5:PLAID AIF-42C5D LRP:34.8:PLAID AIF-42C5D LRP_1
[BDArmory.BDACompetitionMode:197199923]: WHODAMAGEDWHOWITHBATTLEDAMAGE:PLAID AIF-42C5B LRP_1:0.1:PLAID AIF-42C5D LRP_2:107.8:PLAID AIF-42C5D LRP
[BDArmory.BDACompetitionMode:197199923]: GMKILL:PLAID AIF-42C5B LRP_2:GM
[BDArmory.BDACompetitionMode:197199923]: KILLSTEALGUNS:PLAID AIF-42C5B LRP:PLAID AIF-42C5D LRP_1
[BDArmory.BDACompetitionMode:197199923]: HEADSHOTGUNS:PLAID AIF-42C5B LRP_1:PLAID AIF-42C5D LRP
[BDArmory.BDACompetitionMode:197199923]: CLEANKILLMISSILES:PLAID AIF-42C5D LRP_2:PLAID AIF-42C5B LRP
[BDArmory.BDACompetitionMode:197199923]: HPLEFT:PLAID AIF-42C5B LRP:0
[BDArmory.BDACompetitionMode:197199923]: HPLEFT:PLAID AIF-42C5B LRP_1:0
[BDArmory.BDACompetitionMode:197199923]: HPLEFT:PLAID AIF-42C5B LRP_2:0
[BDArmory.BDACompetitionMode:197199923]: HPLEFT:PLAID AIF-42C5D LRP:100
[BDArmory.BDACompetitionMode:197199923]: HPLEFT:PLAID AIF-42C5D LRP_1:88.1578947368421
[BDArmory.BDACompetitionMode:197199923]: HPLEFT:PLAID AIF-42C5D LRP_2:0
[BDArmory.BDACompetitionMode:197199923]: ACCURACY:PLAID AIF-42C5B LRP:2/113:0/0
[BDArmory.BDACompetitionMode:197199923]: ACCURACY:PLAID AIF-42C5B LRP_1:0/0:0/0
[BDArmory.BDACompetitionMode:197199923]: ACCURACY:PLAID AIF-42C5B LRP_2:0/0:0/0
[BDArmory.BDACompetitionMode:197199923]: ACCURACY:PLAID AIF-42C5D LRP:42/198:0/0
[BDArmory.BDACompetitionMode:197199923]: ACCURACY:PLAID AIF-42C5D LRP_1:19/172:0/0
[BDArmory.BDACompetitionMode:197199923]: ACCURACY:PLAID AIF-42C5D LRP_2:0/0:0/0
