[BDArmory.BDACompetitionMode:196834996]: Dumping Results after 180s (of 0s) at 2026-03-28 04:27:11 -04:00
[BDArmory.BDACompetitionMode:196834996]: RESULT:Win:{"team": "PLAID AIF-42C5B LRP", "members": ["PLAID AIF-42C5B LRP", "PLAID AIF-42C5B LRP_1", "PLAID AIF-42C5B LRP_2", "PLAID AIF-42C5B LRP_3"]}
[BDArmory.BDACompetitionMode:196834996]: DEADTEAMS:[{"team": "PLAID AIF-42C5C LRP", "members": ["PLAID AIF-42C5C LRP", "PLAID AIF-42C5C LRP_1", "PLAID AIF-42C5C LRP_2", "PLAID AIF-42C5C LRP_3"]}]
[BDArmory.BDACompetitionMode:196834996]: ALIVE:PLAID AIF-42C5B LRP
[BDArmory.BDACompetitionMode:196834996]: ALIVE:PLAID AIF-42C5B LRP_2
[BDArmory.BDACompetitionMode:196834996]: DEAD:4:125.0:PLAID AIF-42C5C LRP
[BDArmory.BDACompetitionMode:196834996]: DEAD:5:168.0:PLAID AIF-42C5C LRP_1
[BDArmory.BDACompetitionMode:196834996]: DEAD:0:94.0:PLAID AIF-42C5C LRP_2
[BDArmory.BDACompetitionMode:196834996]: DEAD:2:99.0:PLAID AIF-42C5C LRP_3
[BDArmory.BDACompetitionMode:196834996]: DEAD:3:105.0:PLAID AIF-42C5B LRP_1
[BDArmory.BDACompetitionMode:196834996]: DEAD:1:96.0:PLAID AIF-42C5B LRP_3
[BDArmory.BDACompetitionMode:196834996]: WHOSHOTWHOWITHGUNS:PLAID AIF-42C5C LRP:10:PLAID AIF-42C5B LRP_2:5:PLAID AIF-42C5B LRP
[BDArmory.BDACompetitionMode:196834996]: WHOSHOTWHOWITHGUNS:PLAID AIF-42C5C LRP_1:20:PLAID AIF-42C5B LRP:1:PLAID AIF-42C5B LRP_2
[BDArmory.BDACompetitionMode:196834996]: WHOSHOTWHOWITHGUNS:PLAID AIF-42C5C LRP_2:14:PLAID AIF-42C5B LRP
[BDArmory.BDACompetitionMode:196834996]: WHOSHOTWHOWITHGUNS:PLAID AIF-42C5C LRP_3:13:PLAID AIF-42C5B LRP_2
[BDArmory.BDACompetitionMode:196834996]: WHOSHOTWHOWITHGUNS:PLAID AIF-42C5B LRP_1:15:PLAID AIF-42C5C LRP
[BDArmory.BDACompetitionMode:196834996]: WHODAMAGEDWHOWITHGUNS:PLAID AIF-42C5C LRP:2532.5:PLAID AIF-42C5B LRP_2:1919.3:PLAID AIF-42C5B LRP
[BDArmory.BDACompetitionMode:196834996]: WHODAMAGEDWHOWITHGUNS:PLAID AIF-42C5C LRP_1:3522.1:PLAID AIF-42C5B LRP:94.0:PLAID AIF-42C5B LRP_2
[BDArmory.BDACompetitionMode:196834996]: WHODAMAGEDWHOWITHGUNS:PLAID AIF-42C5C LRP_2:4850.9:PLAID AIF-42C5B LRP
[BDArmory.BDACompetitionMode:196834996]: WHODAMAGEDWHOWITHGUNS:PLAID AIF-42C5C LRP_3:3084.1:PLAID AIF-42C5B LRP_2
[BDArmory.BDACompetitionMode:196834996]: WHODAMAGEDWHOWITHGUNS:PLAID AIF-42C5B LRP_1:5350.5:PLAID AIF-42C5C LRP
[BDArmory.BDACompetitionMode:196834996]: WHOHITWHOWITHMISSILES:PLAID AIF-42C5C LRP:1:PLAID AIF-42C5B LRP_2:1:PLAID AIF-42C5B LRP
[BDArmory.BDACompetitionMode:196834996]: WHOHITWHOWITHMISSILES:PLAID AIF-42C5C LRP_1:1:PLAID AIF-42C5B LRP
[BDArmory.BDACompetitionMode:196834996]: WHOHITWHOWITHMISSILES:PLAID AIF-42C5C LRP_3:1:PLAID AIF-42C5B LRP
[BDArmory.BDACompetitionMode:196834996]: WHOHITWHOWITHMISSILES:PLAID AIF-42C5B LRP_1:1:PLAID AIF-42C5C LRP_3:2:PLAID AIF-42C5C LRP
[BDArmory.BDACompetitionMode:196834996]: WHOHITWHOWITHMISSILES:PLAID AIF-42C5B LRP_3:1:PLAID AIF-42C5C LRP_1
[BDArmory.BDACompetitionMode:196834996]: WHOPARTSHITWHOWITHMISSILES:PLAID AIF-42C5C LRP:46:PLAID AIF-42C5B LRP_2:42:PLAID AIF-42C5B LRP
[BDArmory.BDACompetitionMode:196834996]: WHOPARTSHITWHOWITHMISSILES:PLAID AIF-42C5C LRP_1:14:PLAID AIF-42C5B LRP
[BDArmory.BDACompetitionMode:196834996]: WHOPARTSHITWHOWITHMISSILES:PLAID AIF-42C5C LRP_3:74:PLAID AIF-42C5B LRP
[BDArmory.BDACompetitionMode:196834996]: WHOPARTSHITWHOWITHMISSILES:PLAID AIF-42C5B LRP_1:63:PLAID AIF-42C5C LRP_3:92:PLAID AIF-42C5C LRP
[BDArmory.BDACompetitionMode:196834996]: WHOPARTSHITWHOWITHMISSILES:PLAID AIF-42C5B LRP_3:68:PLAID AIF-42C5C LRP_1
[BDArmory.BDACompetitionMode:196834996]: WHODAMAGEDWHOWITHMISSILES:PLAID AIF-42C5C LRP:3967.5:PLAID AIF-42C5B LRP
[BDArmory.BDACompetitionMode:196834996]: WHODAMAGEDWHOWITHMISSILES:PLAID AIF-42C5C LRP_1:7281.8:PLAID AIF-42C5B LRP
[BDArmory.BDACompetitionMode:196834996]: WHODAMAGEDWHOWITHMISSILES:PLAID AIF-42C5B LRP_1:19444.6:PLAID AIF-42C5C LRP_3:18934.4:PLAID AIF-42C5C LRP
[BDArmory.BDACompetitionMode:196834996]: WHODAMAGEDWHOWITHMISSILES:PLAID AIF-42C5B LRP_3:47710.0:PLAID AIF-42C5C LRP_1
[BDArmory.BDACompetitionMode:196834996]: WHODAMAGEDWHOWITHBATTLEDAMAGE:PLAID AIF-42C5C LRP:17.2:PLAID AIF-42C5B LRP_1:9806.9:PLAID AIF-42C5C LRP:22.6:PLAID AIF-42C5B LRP_2:0.8:PLAID AIF-42C5B LRP
[BDArmory.BDACompetitionMode:196834996]: WHODAMAGEDWHOWITHBATTLEDAMAGE:PLAID AIF-42C5C LRP_1:113.6:PLAID AIF-42C5B LRP:9538.6:PLAID AIF-42C5C LRP_1
[BDArmory.BDACompetitionMode:196834996]: WHODAMAGEDWHOWITHBATTLEDAMAGE:PLAID AIF-42C5C LRP_2:348.3:PLAID AIF-42C5B LRP:23158.4:PLAID AIF-42C5C LRP_2
[BDArmory.BDACompetitionMode:196834996]: WHODAMAGEDWHOWITHBATTLEDAMAGE:PLAID AIF-42C5C LRP_3:128.6:PLAID AIF-42C5B LRP_2:18660.6:PLAID AIF-42C5C LRP_3
[BDArmory.BDACompetitionMode:196834996]: WHODAMAGEDWHOWITHBATTLEDAMAGE:PLAID AIF-42C5B LRP_1:54.2:PLAID AIF-42C5C LRP:12320.1:PLAID AIF-42C5B LRP_1
[BDArmory.BDACompetitionMode:196834996]: WHODAMAGEDWHOWITHBATTLEDAMAGE:PLAID AIF-42C5B LRP_3:38227.0:PLAID AIF-42C5C LRP_1
[BDArmory.BDACompetitionMode:196834996]: GMKILL:PLAID AIF-42C5C LRP_1:LandedTooLong
[BDArmory.BDACompetitionMode:196834996]: KILLSTEALGUNS:PLAID AIF-42C5C LRP:PLAID AIF-42C5B LRP
[BDArmory.BDACompetitionMode:196834996]: CLEANKILLGUNS:PLAID AIF-42C5C LRP_2:PLAID AIF-42C5B LRP
[BDArmory.BDACompetitionMode:196834996]: HEADSHOTGUNS:PLAID AIF-42C5C LRP_3:PLAID AIF-42C5B LRP_2
[BDArmory.BDACompetitionMode:196834996]: HEADSHOTGUNS:PLAID AIF-42C5B LRP_1:PLAID AIF-42C5C LRP
[BDArmory.BDACompetitionMode:196834996]: CLEANKILLMISSILES:PLAID AIF-42C5B LRP_3:PLAID AIF-42C5C LRP_1
[BDArmory.BDACompetitionMode:196834996]: HPLEFT:PLAID AIF-42C5C LRP:0
[BDArmory.BDACompetitionMode:196834996]: HPLEFT:PLAID AIF-42C5C LRP_1:0
[BDArmory.BDACompetitionMode:196834996]: HPLEFT:PLAID AIF-42C5C LRP_2:0
[BDArmory.BDACompetitionMode:196834996]: HPLEFT:PLAID AIF-42C5C LRP_3:0
[BDArmory.BDACompetitionMode:196834996]: HPLEFT:PLAID AIF-42C5B LRP:100
[BDArmory.BDACompetitionMode:196834996]: HPLEFT:PLAID AIF-42C5B LRP_1:0
[BDArmory.BDACompetitionMode:196834996]: HPLEFT:PLAID AIF-42C5B LRP_2:100
[BDArmory.BDACompetitionMode:196834996]: HPLEFT:PLAID AIF-42C5B LRP_3:0
[BDArmory.BDACompetitionMode:196834996]: ACCURACY:PLAID AIF-42C5C LRP:15/43:0/0
[BDArmory.BDACompetitionMode:196834996]: ACCURACY:PLAID AIF-42C5C LRP_1:0/0:0/0
[BDArmory.BDACompetitionMode:196834996]: ACCURACY:PLAID AIF-42C5C LRP_2:0/0:0/0
[BDArmory.BDACompetitionMode:196834996]: ACCURACY:PLAID AIF-42C5C LRP_3:0/0:0/0
[BDArmory.BDACompetitionMode:196834996]: ACCURACY:PLAID AIF-42C5B LRP:39/152:0/0
[BDArmory.BDACompetitionMode:196834996]: ACCURACY:PLAID AIF-42C5B LRP_1:0/0:0/0
[BDArmory.BDACompetitionMode:196834996]: ACCURACY:PLAID AIF-42C5B LRP_2:24/172:0/0
[BDArmory.BDACompetitionMode:196834996]: ACCURACY:PLAID AIF-42C5B LRP_3:0/0:0/0
