[BDArmory.BDACompetitionMode:196981767]: Dumping Results after 111s (of 0s) at 2026-03-29 21:11:32 -04:00
[BDArmory.BDACompetitionMode:196981767]: RESULT:Win:{"team": "PLAID AIF-42C5B1 LRP", "members": ["PLAID AIF-42C5B1 LRP", "PLAID AIF-42C5B1 LRP_1", "PLAID AIF-42C5B1 LRP_2"]}
[BDArmory.BDACompetitionMode:196981767]: DEADTEAMS:[{"team": "Dark Bramble K", "members": ["Dark Bramble K", "Dark Bramble K_1", "Dark Bramble K_2"]}]
[BDArmory.BDACompetitionMode:196981767]: ALIVE:PLAID AIF-42C5B1 LRP
[BDArmory.BDACompetitionMode:196981767]: ALIVE:PLAID AIF-42C5B1 LRP_1
[BDArmory.BDACompetitionMode:196981767]: ALIVE:PLAID AIF-42C5B1 LRP_2
[BDArmory.BDACompetitionMode:196981767]: DEAD:1:97.0:Dark Bramble K
[BDArmory.BDACompetitionMode:196981767]: DEAD:2:100.0:Dark Bramble K_1
[BDArmory.BDACompetitionMode:196981767]: DEAD:0:90.0:Dark Bramble K_2
[BDArmory.BDACompetitionMode:196981767]: WHOSHOTWHOWITHGUNS:Dark Bramble K_1:1:PLAID AIF-42C5B1 LRP_2
[BDArmory.BDACompetitionMode:196981767]: WHOSHOTWHOWITHGUNS:Dark Bramble K_2:8:PLAID AIF-42C5B1 LRP_2
[BDArmory.BDACompetitionMode:196981767]: WHODAMAGEDWHOWITHGUNS:Dark Bramble K_1:236.3:PLAID AIF-42C5B1 LRP_2
[BDArmory.BDACompetitionMode:196981767]: WHODAMAGEDWHOWITHGUNS:Dark Bramble K_2:1765.2:PLAID AIF-42C5B1 LRP_2
[BDArmory.BDACompetitionMode:196981767]: WHOHITWHOWITHMISSILES:Dark Bramble K:1:PLAID AIF-42C5B1 LRP:1:PLAID AIF-42C5B1 LRP_1
[BDArmory.BDACompetitionMode:196981767]: WHOHITWHOWITHMISSILES:Dark Bramble K_1:3:PLAID AIF-42C5B1 LRP_2
[BDArmory.BDACompetitionMode:196981767]: WHOHITWHOWITHMISSILES:Dark Bramble K_2:2:PLAID AIF-42C5B1 LRP_1:1:PLAID AIF-42C5B1 LRP:1:PLAID AIF-42C5B1 LRP_2
[BDArmory.BDACompetitionMode:196981767]: WHOHITWHOWITHMISSILES:PLAID AIF-42C5B1 LRP:1:Dark Bramble K_2
[BDArmory.BDACompetitionMode:196981767]: WHOHITWHOWITHMISSILES:PLAID AIF-42C5B1 LRP_1:1:PLAID AIF-42C5B1 LRP
[BDArmory.BDACompetitionMode:196981767]: WHOPARTSHITWHOWITHMISSILES:Dark Bramble K:55:PLAID AIF-42C5B1 LRP:53:PLAID AIF-42C5B1 LRP_1
[BDArmory.BDACompetitionMode:196981767]: WHOPARTSHITWHOWITHMISSILES:Dark Bramble K_1:65:PLAID AIF-42C5B1 LRP_2
[BDArmory.BDACompetitionMode:196981767]: WHOPARTSHITWHOWITHMISSILES:Dark Bramble K_2:100:PLAID AIF-42C5B1 LRP_1:2:PLAID AIF-42C5B1 LRP:1:PLAID AIF-42C5B1 LRP_2
[BDArmory.BDACompetitionMode:196981767]: WHOPARTSHITWHOWITHMISSILES:PLAID AIF-42C5B1 LRP:74:Dark Bramble K_2
[BDArmory.BDACompetitionMode:196981767]: WHOPARTSHITWHOWITHMISSILES:PLAID AIF-42C5B1 LRP_1:41:PLAID AIF-42C5B1 LRP
[BDArmory.BDACompetitionMode:196981767]: WHODAMAGEDWHOWITHMISSILES:Dark Bramble K:25309.9:PLAID AIF-42C5B1 LRP
[BDArmory.BDACompetitionMode:196981767]: WHODAMAGEDWHOWITHMISSILES:Dark Bramble K_1:62696.3:PLAID AIF-42C5B1 LRP_2
[BDArmory.BDACompetitionMode:196981767]: WHODAMAGEDWHOWITHMISSILES:Dark Bramble K_2:41133.7:PLAID AIF-42C5B1 LRP_1:722.3:PLAID AIF-42C5B1 LRP:1492.6:PLAID AIF-42C5B1 LRP_2
[BDArmory.BDACompetitionMode:196981767]: WHODAMAGEDWHOWITHMISSILES:PLAID AIF-42C5B1 LRP:9258.0:Dark Bramble K_2
[BDArmory.BDACompetitionMode:196981767]: WHODAMAGEDWHOWITHBATTLEDAMAGE:Dark Bramble K_1:1212.1:PLAID AIF-42C5B1 LRP_2
[BDArmory.BDACompetitionMode:196981767]: WHODAMAGEDWHOWITHBATTLEDAMAGE:Dark Bramble K_2:18295.7:PLAID AIF-42C5B1 LRP_1:1.4:PLAID AIF-42C5B1 LRP_2
[BDArmory.BDACompetitionMode:196981767]: WHODAMAGEDWHOWITHBATTLEDAMAGE:PLAID AIF-42C5B1 LRP_1:4.0:PLAID AIF-42C5B1 LRP_1
[BDArmory.BDACompetitionMode:196981767]: CLEANKILLMISSILES:Dark Bramble K_1:PLAID AIF-42C5B1 LRP_2
[BDArmory.BDACompetitionMode:196981767]: KILLSTEALMISSILES:Dark Bramble K_2:PLAID AIF-42C5B1 LRP_2
[BDArmory.BDACompetitionMode:196981767]: HPLEFT:Dark Bramble K:0
[BDArmory.BDACompetitionMode:196981767]: HPLEFT:Dark Bramble K_1:0
[BDArmory.BDACompetitionMode:196981767]: HPLEFT:Dark Bramble K_2:0
[BDArmory.BDACompetitionMode:196981767]: HPLEFT:PLAID AIF-42C5B1 LRP:90
[BDArmory.BDACompetitionMode:196981767]: HPLEFT:PLAID AIF-42C5B1 LRP_1:100
[BDArmory.BDACompetitionMode:196981767]: HPLEFT:PLAID AIF-42C5B1 LRP_2:100
[BDArmory.BDACompetitionMode:196981767]: ACCURACY:Dark Bramble K:0/0:0/0
[BDArmory.BDACompetitionMode:196981767]: ACCURACY:Dark Bramble K_1:0/0:0/0
[BDArmory.BDACompetitionMode:196981767]: ACCURACY:Dark Bramble K_2:0/6:0/0
[BDArmory.BDACompetitionMode:196981767]: ACCURACY:PLAID AIF-42C5B1 LRP:0/0:0/0
[BDArmory.BDACompetitionMode:196981767]: ACCURACY:PLAID AIF-42C5B1 LRP_1:0/34:0/0
[BDArmory.BDACompetitionMode:196981767]: ACCURACY:PLAID AIF-42C5B1 LRP_2:9/148:0/0
