[BDArmory.BDACompetitionMode:199414608]: Dumping Results after 89s (of 0s) at 2026-04-27 00:59:13 -04:00
[BDArmory.BDACompetitionMode:199414608]: RESULT:Win:{"team": "AIF-38", "members": ["AIF-38", "AIF-38_1"]}
[BDArmory.BDACompetitionMode:199414608]: DEADTEAMS:[{"team": "Z-41D-1", "members": ["Z-41D-1", "Z-41D-1_1"]}]
[BDArmory.BDACompetitionMode:199414608]: ALIVE:AIF-38_1
[BDArmory.BDACompetitionMode:199414608]: DEAD:2:79.0:Z-41D-1
[BDArmory.BDACompetitionMode:199414608]: DEAD:0:58.0:Z-41D-1_1
[BDArmory.BDACompetitionMode:199414608]: DEAD:1:58.0:AIF-38
[BDArmory.BDACompetitionMode:199414608]: WHOSHOTWHOWITHGUNS:Z-41D-1:15:AIF-38_1
[BDArmory.BDACompetitionMode:199414608]: WHODAMAGEDWHOWITHGUNS:Z-41D-1:4436.2:AIF-38_1
[BDArmory.BDACompetitionMode:199414608]: WHOHITWHOWITHMISSILES:Z-41D-1_1:1:AIF-38:1:AIF-38_1
[BDArmory.BDACompetitionMode:199414608]: WHOHITWHOWITHMISSILES:AIF-38:2:Z-41D-1
[BDArmory.BDACompetitionMode:199414608]: WHOPARTSHITWHOWITHMISSILES:Z-41D-1_1:127:AIF-38:42:AIF-38_1
[BDArmory.BDACompetitionMode:199414608]: WHOPARTSHITWHOWITHMISSILES:AIF-38:186:Z-41D-1
[BDArmory.BDACompetitionMode:199414608]: WHODAMAGEDWHOWITHMISSILES:Z-41D-1_1:80994.5:AIF-38:28583.9:AIF-38_1
[BDArmory.BDACompetitionMode:199414608]: WHODAMAGEDWHOWITHMISSILES:AIF-38:35084.4:Z-41D-1
[BDArmory.BDACompetitionMode:199414608]: WHODAMAGEDWHOWITHBATTLEDAMAGE:Z-41D-1:38.8:AIF-38_1:409.9:Z-41D-1
[BDArmory.BDACompetitionMode:199414608]: WHODAMAGEDWHOWITHBATTLEDAMAGE:AIF-38:11880.8:Z-41D-1
[BDArmory.BDACompetitionMode:199414608]: CLEANKILLGUNS:Z-41D-1:AIF-38_1
[BDArmory.BDACompetitionMode:199414608]: HEADSHOTMISSILES:Z-41D-1_1:AIF-38_1
[BDArmory.BDACompetitionMode:199414608]: CLEANKILLMISSILES:AIF-38:Z-41D-1
[BDArmory.BDACompetitionMode:199414608]: HPLEFT:Z-41D-1:0
[BDArmory.BDACompetitionMode:199414608]: HPLEFT:Z-41D-1_1:0
[BDArmory.BDACompetitionMode:199414608]: HPLEFT:AIF-38:0
[BDArmory.BDACompetitionMode:199414608]: HPLEFT:AIF-38_1:100
[BDArmory.BDACompetitionMode:199414608]: ACCURACY:Z-41D-1:0/14:0/0
[BDArmory.BDACompetitionMode:199414608]: ACCURACY:Z-41D-1_1:0/0:0/0
[BDArmory.BDACompetitionMode:199414608]: ACCURACY:AIF-38:0/0:0/0
[BDArmory.BDACompetitionMode:199414608]: ACCURACY:AIF-38_1:15/118:0/0
