[BDArmory.BDACompetitionMode:199426823]: Dumping Results after -408s (of 0s) at 2026-04-27 04:24:50 -04:00
[BDArmory.BDACompetitionMode:199426823]: RESULT:Draw:[{"team": "AIF-38", "members": ["AIF-38", "AIF-38_1", "AIF-38_2", "AIF-38_3"]}, {"team": "AL-27 VVVV", "members": ["AL-27 VVVV", "AL-27 VVVV_1", "AL-27 VVVV_2", "AL-27 VVVV_3"]}]
[BDArmory.BDACompetitionMode:199426823]: DEADTEAMS:[]
[BDArmory.BDACompetitionMode:199426823]: ALIVE:AIF-38
[BDArmory.BDACompetitionMode:199426823]: ALIVE:AIF-38_1
[BDArmory.BDACompetitionMode:199426823]: ALIVE:AL-27 VVVV_1
[BDArmory.BDACompetitionMode:199426823]: ALIVE:AL-27 VVVV_2
[BDArmory.BDACompetitionMode:199426823]: ALIVE:AL-27 VVVV_3
[BDArmory.BDACompetitionMode:199426823]: MIA:AIF-38_2
[BDArmory.BDACompetitionMode:199426823]: DEAD:1:49.0:AIF-38_3
[BDArmory.BDACompetitionMode:199426823]: DEAD:0:41.0:AL-27 VVVV
[BDArmory.BDACompetitionMode:199426823]: WHOSHOTWHOWITHGUNS:AIF-38_1:1:AL-27 VVVV_1:11:AL-27 VVVV_2
[BDArmory.BDACompetitionMode:199426823]: WHOSHOTWHOWITHGUNS:AIF-38_2:39:AL-27 VVVV_1:2:AL-27 VVVV_2
[BDArmory.BDACompetitionMode:199426823]: WHOSHOTWHOWITHGUNS:AL-27 VVVV_2:3:AIF-38_1
[BDArmory.BDACompetitionMode:199426823]: WHODAMAGEDWHOWITHGUNS:AIF-38_1:378.7:AL-27 VVVV_1:3733.5:AL-27 VVVV_2
[BDArmory.BDACompetitionMode:199426823]: WHODAMAGEDWHOWITHGUNS:AIF-38_2:7051.4:AL-27 VVVV_1:848.4:AL-27 VVVV_2
[BDArmory.BDACompetitionMode:199426823]: WHODAMAGEDWHOWITHGUNS:AL-27 VVVV_2:1160.8:AIF-38_1
[BDArmory.BDACompetitionMode:199426823]: WHOHITWHOWITHMISSILES:AIF-38:1:AL-27 VVVV_2
[BDArmory.BDACompetitionMode:199426823]: WHOHITWHOWITHMISSILES:AIF-38_1:1:AL-27 VVVV_3:1:AL-27 VVVV_2
[BDArmory.BDACompetitionMode:199426823]: WHOHITWHOWITHMISSILES:AIF-38_3:1:AL-27 VVVV_2
[BDArmory.BDACompetitionMode:199426823]: WHOHITWHOWITHMISSILES:AL-27 VVVV:1:AIF-38_2
[BDArmory.BDACompetitionMode:199426823]: WHOHITWHOWITHMISSILES:AL-27 VVVV_2:1:AIF-38_1:1:AIF-38_3
[BDArmory.BDACompetitionMode:199426823]: WHOHITWHOWITHMISSILES:AL-27 VVVV_3:1:AIF-38:1:AIF-38_1
[BDArmory.BDACompetitionMode:199426823]: WHOPARTSHITWHOWITHMISSILES:AIF-38:91:AL-27 VVVV_2
[BDArmory.BDACompetitionMode:199426823]: WHOPARTSHITWHOWITHMISSILES:AIF-38_1:95:AL-27 VVVV_3:77:AL-27 VVVV_2
[BDArmory.BDACompetitionMode:199426823]: WHOPARTSHITWHOWITHMISSILES:AIF-38_3:94:AL-27 VVVV_2
[BDArmory.BDACompetitionMode:199426823]: WHOPARTSHITWHOWITHMISSILES:AL-27 VVVV:134:AIF-38_2
[BDArmory.BDACompetitionMode:199426823]: WHOPARTSHITWHOWITHMISSILES:AL-27 VVVV_2:143:AIF-38_1:131:AIF-38_3
[BDArmory.BDACompetitionMode:199426823]: WHOPARTSHITWHOWITHMISSILES:AL-27 VVVV_3:140:AIF-38:131:AIF-38_1
[BDArmory.BDACompetitionMode:199426823]: WHODAMAGEDWHOWITHMISSILES:AIF-38:29909.4:AL-27 VVVV_2
[BDArmory.BDACompetitionMode:199426823]: WHODAMAGEDWHOWITHMISSILES:AIF-38_1:415.8:AL-27 VVVV_3:15747.8:AL-27 VVVV_2
[BDArmory.BDACompetitionMode:199426823]: WHODAMAGEDWHOWITHMISSILES:AIF-38_3:35730.8:AL-27 VVVV_2
[BDArmory.BDACompetitionMode:199426823]: WHODAMAGEDWHOWITHMISSILES:AL-27 VVVV:78276.5:AIF-38_2
[BDArmory.BDACompetitionMode:199426823]: WHODAMAGEDWHOWITHMISSILES:AL-27 VVVV_3:20539.6:AIF-38_1
[BDArmory.BDACompetitionMode:199426823]: WHODAMAGEDWHOWITHBATTLEDAMAGE:AIF-38_1:8.8:AL-27 VVVV_2
[BDArmory.BDACompetitionMode:199426823]: WHODAMAGEDWHOWITHBATTLEDAMAGE:AIF-38_2:270.8:AL-27 VVVV_1:1.3:AL-27 VVVV_2
[BDArmory.BDACompetitionMode:199426823]: CLEANKILLMISSILES:AIF-38_3:AL-27 VVVV_2
[BDArmory.BDACompetitionMode:199426823]: CLEANKILLMISSILES:AL-27 VVVV:AIF-38_2
[BDArmory.BDACompetitionMode:199426823]: HPLEFT:AIF-38:64.3564356435644
[BDArmory.BDACompetitionMode:199426823]: HPLEFT:AIF-38_1:53.4653465346535
[BDArmory.BDACompetitionMode:199426823]: HPLEFT:AIF-38_2:61.3861386138614
[BDArmory.BDACompetitionMode:199426823]: HPLEFT:AIF-38_3:0
[BDArmory.BDACompetitionMode:199426823]: HPLEFT:AL-27 VVVV:0
[BDArmory.BDACompetitionMode:199426823]: HPLEFT:AL-27 VVVV_1:100
[BDArmory.BDACompetitionMode:199426823]: HPLEFT:AL-27 VVVV_2:100
[BDArmory.BDACompetitionMode:199426823]: HPLEFT:AL-27 VVVV_3:89.937106918239
[BDArmory.BDACompetitionMode:199426823]: ACCURACY:AIF-38:0/0:0/0
[BDArmory.BDACompetitionMode:199426823]: ACCURACY:AIF-38_1:3/8:0/0
[BDArmory.BDACompetitionMode:199426823]: ACCURACY:AIF-38_2:0/11:0/0
[BDArmory.BDACompetitionMode:199426823]: ACCURACY:AIF-38_3:0/0:0/0
[BDArmory.BDACompetitionMode:199426823]: ACCURACY:AL-27 VVVV:0/0:0/0
[BDArmory.BDACompetitionMode:199426823]: ACCURACY:AL-27 VVVV_1:40/289:0/0
[BDArmory.BDACompetitionMode:199426823]: ACCURACY:AL-27 VVVV_2:13/272:0/0
[BDArmory.BDACompetitionMode:199426823]: ACCURACY:AL-27 VVVV_3:0/70:0/0
