[BDArmory.BDACompetitionMode:198013517]: Dumping Results after -18s (of 0s) at 2026-04-10 19:46:44 -04:00
[BDArmory.BDACompetitionMode:198013517]: RESULT:Draw:[{"team": "PLAID AIF-42C5B LRP", "members": ["PLAID AIF-42C5B LRP", "PLAID AIF-42C5B LRP_1"]}, {"team": "AIF-37A", "members": ["AIF-37A", "AIF-37A_1"]}]
[BDArmory.BDACompetitionMode:198013517]: DEADTEAMS:[]
[BDArmory.BDACompetitionMode:198013517]: ALIVE:PLAID AIF-42C5B LRP_1
[BDArmory.BDACompetitionMode:198013517]: MIA:PLAID AIF-42C5B LRP
[BDArmory.BDACompetitionMode:198013517]: MIA:AIF-37A
[BDArmory.BDACompetitionMode:198013517]: MIA:AIF-37A_1
[BDArmory.BDACompetitionMode:198013517]: WHOHITWHOWITHMISSILES:AIF-37A:1:PLAID AIF-42C5B LRP_1
[BDArmory.BDACompetitionMode:198013517]: WHOHITWHOWITHMISSILES:AIF-37A_1:1:PLAID AIF-42C5B LRP
[BDArmory.BDACompetitionMode:198013517]: WHOPARTSHITWHOWITHMISSILES:AIF-37A:83:PLAID AIF-42C5B LRP_1
[BDArmory.BDACompetitionMode:198013517]: WHOPARTSHITWHOWITHMISSILES:AIF-37A_1:79:PLAID AIF-42C5B LRP
[BDArmory.BDACompetitionMode:198013517]: WHODAMAGEDWHOWITHMISSILES:AIF-37A:12427.3:PLAID AIF-42C5B LRP_1
[BDArmory.BDACompetitionMode:198013517]: WHODAMAGEDWHOWITHMISSILES:AIF-37A_1:11763.9:PLAID AIF-42C5B LRP
[BDArmory.BDACompetitionMode:198013517]: HPLEFT:PLAID AIF-42C5B LRP:0
[BDArmory.BDACompetitionMode:198013517]: HPLEFT:PLAID AIF-42C5B LRP_1:100
[BDArmory.BDACompetitionMode:198013517]: HPLEFT:AIF-37A:86.5853658536585
[BDArmory.BDACompetitionMode:198013517]: HPLEFT:AIF-37A_1:0
[BDArmory.BDACompetitionMode:198013517]: ACCURACY:PLAID AIF-42C5B LRP:0/0:0/0
[BDArmory.BDACompetitionMode:198013517]: ACCURACY:PLAID AIF-42C5B LRP_1:0/0:0/0
[BDArmory.BDACompetitionMode:198013517]: ACCURACY:AIF-37A:0/0:0/0
[BDArmory.BDACompetitionMode:198013517]: ACCURACY:AIF-37A_1:0/0:0/0
