[BDArmory.BDACompetitionMode:209715718]: Dumping Results after 46s (of 0s) at 2026-08-24 06:23:37 -04:00
[BDArmory.BDACompetitionMode:209715718]: RESULT:Win:{"team": "PLAID ASF-07 CERULEAN OPTIC (DF)", "members": ["PLAID ASF-07 CERULEAN OPTIC (DF)", "PLAID ASF-07 CERULEAN OPTIC (DF)_1", "PLAID ASF-07 CERULEAN OPTIC (DF)_2", "PLAID ASF-07 CERULEAN OPTIC (DF)_3"]}
[BDArmory.BDACompetitionMode:209715718]: DEADTEAMS:[{"team": "OZ-3a", "members": ["OZ-3a", "OZ-3a_1", "OZ-3a_2", "OZ-3a_3", "OZ-3a_3_F1"]}]
[BDArmory.BDACompetitionMode:209715718]: ALIVE:PLAID ASF-07 CERULEAN OPTIC (DF)
[BDArmory.BDACompetitionMode:209715718]: ALIVE:PLAID ASF-07 CERULEAN OPTIC (DF)_1
[BDArmory.BDACompetitionMode:209715718]: ALIVE:PLAID ASF-07 CERULEAN OPTIC (DF)_2
[BDArmory.BDACompetitionMode:209715718]: ALIVE:PLAID ASF-07 CERULEAN OPTIC (DF)_3
[BDArmory.BDACompetitionMode:209715718]: DEAD:4:36.0:OZ-3a
[BDArmory.BDACompetitionMode:209715718]: DEAD:0:11.0:OZ-3a_1
[BDArmory.BDACompetitionMode:209715718]: DEAD:3:25.0:OZ-3a_2
[BDArmory.BDACompetitionMode:209715718]: DEAD:1:19.0:OZ-3a_3
[BDArmory.BDACompetitionMode:209715718]: DEAD:2:20.0:OZ-3a_3_F1
[BDArmory.BDACompetitionMode:209715718]: WHOSHOTWHOWITHGUNS:OZ-3a:15:PLAID ASF-07 CERULEAN OPTIC (DF)_2:2:PLAID ASF-07 CERULEAN OPTIC (DF)
[BDArmory.BDACompetitionMode:209715718]: WHOSHOTWHOWITHGUNS:OZ-3a_1:25:PLAID ASF-07 CERULEAN OPTIC (DF)_2
[BDArmory.BDACompetitionMode:209715718]: WHOSHOTWHOWITHGUNS:OZ-3a_2:9:PLAID ASF-07 CERULEAN OPTIC (DF)_3:8:PLAID ASF-07 CERULEAN OPTIC (DF)_1
[BDArmory.BDACompetitionMode:209715718]: WHOSHOTWHOWITHGUNS:OZ-3a_3:19:PLAID ASF-07 CERULEAN OPTIC (DF)_1
[BDArmory.BDACompetitionMode:209715718]: WHOSHOTWHOWITHGUNS:PLAID ASF-07 CERULEAN OPTIC (DF)_3:15:OZ-3a
[BDArmory.BDACompetitionMode:209715718]: WHOSHOTWHOWITHGUNS:OZ-3a_3_F1:1:PLAID ASF-07 CERULEAN OPTIC (DF)_1
[BDArmory.BDACompetitionMode:209715718]: WHODAMAGEDWHOWITHGUNS:OZ-3a:1430.3:PLAID ASF-07 CERULEAN OPTIC (DF)_2:85.0:PLAID ASF-07 CERULEAN OPTIC (DF)
[BDArmory.BDACompetitionMode:209715718]: WHODAMAGEDWHOWITHGUNS:OZ-3a_1:1352.0:PLAID ASF-07 CERULEAN OPTIC (DF)_2
[BDArmory.BDACompetitionMode:209715718]: WHODAMAGEDWHOWITHGUNS:OZ-3a_2:520.1:PLAID ASF-07 CERULEAN OPTIC (DF)_3:525.8:PLAID ASF-07 CERULEAN OPTIC (DF)_1
[BDArmory.BDACompetitionMode:209715718]: WHODAMAGEDWHOWITHGUNS:OZ-3a_3:1606.7:PLAID ASF-07 CERULEAN OPTIC (DF)_1
[BDArmory.BDACompetitionMode:209715718]: WHODAMAGEDWHOWITHGUNS:PLAID ASF-07 CERULEAN OPTIC (DF)_3:1306.2:OZ-3a
[BDArmory.BDACompetitionMode:209715718]: WHODAMAGEDWHOWITHGUNS:OZ-3a_3_F1:48.7:PLAID ASF-07 CERULEAN OPTIC (DF)_1
[BDArmory.BDACompetitionMode:209715718]: WHODAMAGEDWHOWITHBATTLEDAMAGE:OZ-3a:343.1:PLAID ASF-07 CERULEAN OPTIC (DF)_2
[BDArmory.BDACompetitionMode:209715718]: WHODAMAGEDWHOWITHBATTLEDAMAGE:OZ-3a_1:63.2:PLAID ASF-07 CERULEAN OPTIC (DF)_2
[BDArmory.BDACompetitionMode:209715718]: WHODAMAGEDWHOWITHBATTLEDAMAGE:OZ-3a_2:19.3:PLAID ASF-07 CERULEAN OPTIC (DF)_3:9.7:PLAID ASF-07 CERULEAN OPTIC (DF)_1
[BDArmory.BDACompetitionMode:209715718]: WHODAMAGEDWHOWITHBATTLEDAMAGE:OZ-3a_3:109.5:PLAID ASF-07 CERULEAN OPTIC (DF)_1
[BDArmory.BDACompetitionMode:209715718]: WHODAMAGEDWHOWITHBATTLEDAMAGE:PLAID ASF-07 CERULEAN OPTIC (DF)_3:287.9:OZ-3a
[BDArmory.BDACompetitionMode:209715718]: HEADSHOTGUNS:OZ-3a:PLAID ASF-07 CERULEAN OPTIC (DF)
[BDArmory.BDACompetitionMode:209715718]: CLEANKILLGUNS:OZ-3a_1:PLAID ASF-07 CERULEAN OPTIC (DF)_2
[BDArmory.BDACompetitionMode:209715718]: KILLSTEALGUNS:OZ-3a_2:PLAID ASF-07 CERULEAN OPTIC (DF)_1
[BDArmory.BDACompetitionMode:209715718]: CLEANKILLGUNS:OZ-3a_3:PLAID ASF-07 CERULEAN OPTIC (DF)_1
[BDArmory.BDACompetitionMode:209715718]: CLEANKILLGUNS:OZ-3a_3_F1:PLAID ASF-07 CERULEAN OPTIC (DF)_1
[BDArmory.BDACompetitionMode:209715718]: HPLEFT:OZ-3a:0
[BDArmory.BDACompetitionMode:209715718]: HPLEFT:OZ-3a_1:0
[BDArmory.BDACompetitionMode:209715718]: HPLEFT:OZ-3a_2:0
[BDArmory.BDACompetitionMode:209715718]: HPLEFT:OZ-3a_3:0
[BDArmory.BDACompetitionMode:209715718]: HPLEFT:PLAID ASF-07 CERULEAN OPTIC (DF):101.123595505618
[BDArmory.BDACompetitionMode:209715718]: HPLEFT:PLAID ASF-07 CERULEAN OPTIC (DF)_1:101.123595505618
[BDArmory.BDACompetitionMode:209715718]: HPLEFT:PLAID ASF-07 CERULEAN OPTIC (DF)_2:101.123595505618
[BDArmory.BDACompetitionMode:209715718]: HPLEFT:PLAID ASF-07 CERULEAN OPTIC (DF)_3:82.0224719101124
[BDArmory.BDACompetitionMode:209715718]: HPLEFT:OZ-3a_3_F1:0
[BDArmory.BDACompetitionMode:209715718]: ACCURACY:OZ-3a:15/43:0/0
[BDArmory.BDACompetitionMode:209715718]: ACCURACY:OZ-3a_1:0/0:0/0
[BDArmory.BDACompetitionMode:209715718]: ACCURACY:OZ-3a_2:0/8:0/0
[BDArmory.BDACompetitionMode:209715718]: ACCURACY:OZ-3a_3:0/3:0/0
[BDArmory.BDACompetitionMode:209715718]: ACCURACY:PLAID ASF-07 CERULEAN OPTIC (DF):2/667:0/0
[BDArmory.BDACompetitionMode:209715718]: ACCURACY:PLAID ASF-07 CERULEAN OPTIC (DF)_1:28/686:0/0
[BDArmory.BDACompetitionMode:209715718]: ACCURACY:PLAID ASF-07 CERULEAN OPTIC (DF)_2:40/920:0/0
[BDArmory.BDACompetitionMode:209715718]: ACCURACY:PLAID ASF-07 CERULEAN OPTIC (DF)_3:9/426:0/0
[BDArmory.BDACompetitionMode:209715718]: ACCURACY:OZ-3a_3_F1:0/0:0/0
