[BDArmory.BDACompetitionMode:199424319]: Dumping Results after 87s (of 0s) at 2026-04-27 03:42:59 -04:00
[BDArmory.BDACompetitionMode:199424319]: RESULT:Win:{"team": "AIF-38", "members": ["AIF-38", "AIF-38_1", "AIF-38_2", "AIF-38_3"]}
[BDArmory.BDACompetitionMode:199424319]: DEADTEAMS:[{"team": "AL-34 Cooker V_VVVVdev", "members": ["AL-34 Cooker V/VVVVdev", "AL-34 Cooker V/VVVVdev_1", "AL-34 Cooker V/VVVVdev_2", "AL-34 Cooker V/VVVVdev_3"]}]
[BDArmory.BDACompetitionMode:199424319]: ALIVE:AIF-38
[BDArmory.BDACompetitionMode:199424319]: ALIVE:AIF-38_1
[BDArmory.BDACompetitionMode:199424319]: ALIVE:AIF-38_2
[BDArmory.BDACompetitionMode:199424319]: ALIVE:AIF-38_3
[BDArmory.BDACompetitionMode:199424319]: DEAD:1:62.0:AL-34 Cooker V/VVVVdev
[BDArmory.BDACompetitionMode:199424319]: DEAD:3:77.0:AL-34 Cooker V/VVVVdev_1
[BDArmory.BDACompetitionMode:199424319]: DEAD:0:47.0:AL-34 Cooker V/VVVVdev_2
[BDArmory.BDACompetitionMode:199424319]: DEAD:2:64.0:AL-34 Cooker V/VVVVdev_3
[BDArmory.BDACompetitionMode:199424319]: WHOSHOTWHOWITHGUNS:AL-34 Cooker V/VVVVdev_1:1:AIF-38_1:6:AIF-38_3:10:AIF-38:9:AIF-38_2
[BDArmory.BDACompetitionMode:199424319]: WHODAMAGEDWHOWITHGUNS:AL-34 Cooker V/VVVVdev_1:458.8:AIF-38_1:3270.1:AIF-38_3:3466.7:AIF-38:4306.3:AIF-38_2
[BDArmory.BDACompetitionMode:199424319]: WHOHITWHOWITHMISSILES:AL-34 Cooker V/VVVVdev:2:AIF-38_3:2:AIF-38_2:1:AIF-38:1:AIF-38_1
[BDArmory.BDACompetitionMode:199424319]: WHOHITWHOWITHMISSILES:AL-34 Cooker V/VVVVdev_1:3:AIF-38_3:2:AIF-38:2:AIF-38_1:1:AIF-38_2
[BDArmory.BDACompetitionMode:199424319]: WHOHITWHOWITHMISSILES:AL-34 Cooker V/VVVVdev_2:1:AIF-38:1:AIF-38_1:1:AIF-38_3
[BDArmory.BDACompetitionMode:199424319]: WHOHITWHOWITHMISSILES:AL-34 Cooker V/VVVVdev_3:2:AIF-38_1:2:AIF-38_3:1:AIF-38:1:AIF-38_2
[BDArmory.BDACompetitionMode:199424319]: WHOHITWHOWITHMISSILES:AIF-38_3:1:AL-34 Cooker V/VVVVdev_3
[BDArmory.BDACompetitionMode:199424319]: WHOPARTSHITWHOWITHMISSILES:AL-34 Cooker V/VVVVdev:197:AIF-38_3:198:AIF-38_2:73:AIF-38:76:AIF-38_1
[BDArmory.BDACompetitionMode:199424319]: WHOPARTSHITWHOWITHMISSILES:AL-34 Cooker V/VVVVdev_1:147:AIF-38_3:196:AIF-38:179:AIF-38_1:82:AIF-38_2
[BDArmory.BDACompetitionMode:199424319]: WHOPARTSHITWHOWITHMISSILES:AL-34 Cooker V/VVVVdev_2:116:AIF-38:106:AIF-38_1:107:AIF-38_3
[BDArmory.BDACompetitionMode:199424319]: WHOPARTSHITWHOWITHMISSILES:AL-34 Cooker V/VVVVdev_3:137:AIF-38_1:135:AIF-38_3:50:AIF-38:30:AIF-38_2
[BDArmory.BDACompetitionMode:199424319]: WHOPARTSHITWHOWITHMISSILES:AIF-38_3:91:AL-34 Cooker V/VVVVdev_3
[BDArmory.BDACompetitionMode:199424319]: WHODAMAGEDWHOWITHMISSILES:AL-34 Cooker V/VVVVdev:11116.5:AIF-38_3:24212.3:AIF-38_2:335.2:AIF-38_1
[BDArmory.BDACompetitionMode:199424319]: WHODAMAGEDWHOWITHMISSILES:AL-34 Cooker V/VVVVdev_1:76433.5:AIF-38:13904.9:AIF-38_1:7433.9:AIF-38_3
[BDArmory.BDACompetitionMode:199424319]: WHODAMAGEDWHOWITHMISSILES:AL-34 Cooker V/VVVVdev_2:11179.9:AIF-38:34048.7:AIF-38_1
[BDArmory.BDACompetitionMode:199424319]: WHODAMAGEDWHOWITHMISSILES:AL-34 Cooker V/VVVVdev_3:2431.0:AIF-38_1:18409.5:AIF-38_3:18087.8:AIF-38
[BDArmory.BDACompetitionMode:199424319]: WHODAMAGEDWHOWITHBATTLEDAMAGE:AL-34 Cooker V/VVVVdev_1:187.6:AIF-38_3:264.9:AIF-38:49.4:AIF-38_2
[BDArmory.BDACompetitionMode:199424319]: KILLSTEALMISSILES:AL-34 Cooker V/VVVVdev:AIF-38_2
[BDArmory.BDACompetitionMode:199424319]: KILLSTEALGUNS:AL-34 Cooker V/VVVVdev_1:AIF-38
[BDArmory.BDACompetitionMode:199424319]: KILLSTEALMISSILES:AL-34 Cooker V/VVVVdev_2:AIF-38_3
[BDArmory.BDACompetitionMode:199424319]: KILLSTEALMISSILES:AL-34 Cooker V/VVVVdev_3:AIF-38_3
[BDArmory.BDACompetitionMode:199424319]: HPLEFT:AL-34 Cooker V/VVVVdev:0
[BDArmory.BDACompetitionMode:199424319]: HPLEFT:AL-34 Cooker V/VVVVdev_1:0
[BDArmory.BDACompetitionMode:199424319]: HPLEFT:AL-34 Cooker V/VVVVdev_2:0
[BDArmory.BDACompetitionMode:199424319]: HPLEFT:AL-34 Cooker V/VVVVdev_3:0
[BDArmory.BDACompetitionMode:199424319]: HPLEFT:AIF-38:100
[BDArmory.BDACompetitionMode:199424319]: HPLEFT:AIF-38_1:100
[BDArmory.BDACompetitionMode:199424319]: HPLEFT:AIF-38_2:100
[BDArmory.BDACompetitionMode:199424319]: HPLEFT:AIF-38_3:100
[BDArmory.BDACompetitionMode:199424319]: ACCURACY:AL-34 Cooker V/VVVVdev:0/0:0/0
[BDArmory.BDACompetitionMode:199424319]: ACCURACY:AL-34 Cooker V/VVVVdev_1:0/0:0/0
[BDArmory.BDACompetitionMode:199424319]: ACCURACY:AL-34 Cooker V/VVVVdev_2:0/0:0/0
[BDArmory.BDACompetitionMode:199424319]: ACCURACY:AL-34 Cooker V/VVVVdev_3:0/0:0/0
[BDArmory.BDACompetitionMode:199424319]: ACCURACY:AIF-38:10/42:0/0
[BDArmory.BDACompetitionMode:199424319]: ACCURACY:AIF-38_1:1/17:0/0
[BDArmory.BDACompetitionMode:199424319]: ACCURACY:AIF-38_2:9/29:0/0
[BDArmory.BDACompetitionMode:199424319]: ACCURACY:AIF-38_3:6/48:0/0
