[BDArmory.BDACompetitionMode:196983952]: Dumping Results after 140s (of 0s) at 2026-03-29 21:48:51 -04:00
[BDArmory.BDACompetitionMode:196983952]: RESULT:Win:{"team": "PLAID AIF-42C5B LRP", "members": ["PLAID AIF-42C5B LRP", "PLAID AIF-42C5B LRP_1", "PLAID AIF-42C5B LRP_2"]}
[BDArmory.BDACompetitionMode:196983952]: DEADTEAMS:[{"team": "PLAID AIF-42C5B1 LRP", "members": ["PLAID AIF-42C5B1 LRP", "PLAID AIF-42C5B1 LRP_1", "PLAID AIF-42C5B1 LRP_2"]}]
[BDArmory.BDACompetitionMode:196983952]: ALIVE:PLAID AIF-42C5B LRP
[BDArmory.BDACompetitionMode:196983952]: ALIVE:PLAID AIF-42C5B LRP_1
[BDArmory.BDACompetitionMode:196983952]: ALIVE:PLAID AIF-42C5B LRP_2
[BDArmory.BDACompetitionMode:196983952]: DEAD:0:109.0:PLAID AIF-42C5B1 LRP
[BDArmory.BDACompetitionMode:196983952]: DEAD:2:129.0:PLAID AIF-42C5B1 LRP_1
[BDArmory.BDACompetitionMode:196983952]: DEAD:1:115.0:PLAID AIF-42C5B1 LRP_2
[BDArmory.BDACompetitionMode:196983952]: WHOSHOTWHOWITHGUNS:PLAID AIF-42C5B1 LRP:19:PLAID AIF-42C5B LRP_1:8:PLAID AIF-42C5B LRP_2
[BDArmory.BDACompetitionMode:196983952]: WHOSHOTWHOWITHGUNS:PLAID AIF-42C5B1 LRP_1:3:PLAID AIF-42C5B LRP_2
[BDArmory.BDACompetitionMode:196983952]: WHOSHOTWHOWITHGUNS:PLAID AIF-42C5B1 LRP_2:4:PLAID AIF-42C5B LRP
[BDArmory.BDACompetitionMode:196983952]: WHODAMAGEDWHOWITHGUNS:PLAID AIF-42C5B1 LRP:4036.3:PLAID AIF-42C5B LRP_1:1764.8:PLAID AIF-42C5B LRP_2:111.5:PLAID AIF-42C5B LRP
[BDArmory.BDACompetitionMode:196983952]: WHODAMAGEDWHOWITHGUNS:PLAID AIF-42C5B1 LRP_1:740.7:PLAID AIF-42C5B LRP_2
[BDArmory.BDACompetitionMode:196983952]: WHODAMAGEDWHOWITHGUNS:PLAID AIF-42C5B1 LRP_2:2788.5:PLAID AIF-42C5B LRP
[BDArmory.BDACompetitionMode:196983952]: WHOHITWHOWITHMISSILES:PLAID AIF-42C5B1 LRP:2:PLAID AIF-42C5B LRP_2:1:PLAID AIF-42C5B LRP
[BDArmory.BDACompetitionMode:196983952]: WHOHITWHOWITHMISSILES:PLAID AIF-42C5B1 LRP_1:1:PLAID AIF-42C5B LRP_2:1:PLAID AIF-42C5B LRP
[BDArmory.BDACompetitionMode:196983952]: WHOHITWHOWITHMISSILES:PLAID AIF-42C5B1 LRP_2:1:PLAID AIF-42C5B LRP:1:PLAID AIF-42C5B LRP_1
[BDArmory.BDACompetitionMode:196983952]: WHOPARTSHITWHOWITHMISSILES:PLAID AIF-42C5B1 LRP:104:PLAID AIF-42C5B LRP_2:49:PLAID AIF-42C5B LRP
[BDArmory.BDACompetitionMode:196983952]: WHOPARTSHITWHOWITHMISSILES:PLAID AIF-42C5B1 LRP_1:71:PLAID AIF-42C5B LRP_2:3:PLAID AIF-42C5B LRP
[BDArmory.BDACompetitionMode:196983952]: WHOPARTSHITWHOWITHMISSILES:PLAID AIF-42C5B1 LRP_2:56:PLAID AIF-42C5B LRP:10:PLAID AIF-42C5B LRP_1
[BDArmory.BDACompetitionMode:196983952]: WHODAMAGEDWHOWITHMISSILES:PLAID AIF-42C5B1 LRP:33064.7:PLAID AIF-42C5B LRP_2:6191.3:PLAID AIF-42C5B LRP
[BDArmory.BDACompetitionMode:196983952]: WHODAMAGEDWHOWITHMISSILES:PLAID AIF-42C5B1 LRP_1:40830.0:PLAID AIF-42C5B LRP_2
[BDArmory.BDACompetitionMode:196983952]: WHODAMAGEDWHOWITHMISSILES:PLAID AIF-42C5B1 LRP_2:59579.3:PLAID AIF-42C5B LRP:11619.8:PLAID AIF-42C5B LRP_1
[BDArmory.BDACompetitionMode:196983952]: WHODAMAGEDWHOWITHBATTLEDAMAGE:PLAID AIF-42C5B1 LRP:11167.8:PLAID AIF-42C5B LRP_1
[BDArmory.BDACompetitionMode:196983952]: WHODAMAGEDWHOWITHBATTLEDAMAGE:PLAID AIF-42C5B1 LRP_1:5496.4:PLAID AIF-42C5B LRP_2
[BDArmory.BDACompetitionMode:196983952]: WHODAMAGEDWHOWITHBATTLEDAMAGE:PLAID AIF-42C5B1 LRP_2:12162.5:PLAID AIF-42C5B LRP_1
[BDArmory.BDACompetitionMode:196983952]: WHODAMAGEDWHOWITHBATTLEDAMAGE:PLAID AIF-42C5B LRP_1:173.0:PLAID AIF-42C5B LRP_1
[BDArmory.BDACompetitionMode:196983952]: KILLSTEALGUNS:PLAID AIF-42C5B1 LRP:PLAID AIF-42C5B LRP_2
[BDArmory.BDACompetitionMode:196983952]: HEADSHOTGUNS:PLAID AIF-42C5B1 LRP_1:PLAID AIF-42C5B LRP_2
[BDArmory.BDACompetitionMode:196983952]: HEADSHOTMISSILES:PLAID AIF-42C5B1 LRP_2:PLAID AIF-42C5B LRP_1
[BDArmory.BDACompetitionMode:196983952]: HPLEFT:PLAID AIF-42C5B1 LRP:0
[BDArmory.BDACompetitionMode:196983952]: HPLEFT:PLAID AIF-42C5B1 LRP_1:0
[BDArmory.BDACompetitionMode:196983952]: HPLEFT:PLAID AIF-42C5B1 LRP_2:0
[BDArmory.BDACompetitionMode:196983952]: HPLEFT:PLAID AIF-42C5B LRP:100
[BDArmory.BDACompetitionMode:196983952]: HPLEFT:PLAID AIF-42C5B LRP_1:100
[BDArmory.BDACompetitionMode:196983952]: HPLEFT:PLAID AIF-42C5B LRP_2:100
[BDArmory.BDACompetitionMode:196983952]: ACCURACY:PLAID AIF-42C5B1 LRP:0/16:0/0
[BDArmory.BDACompetitionMode:196983952]: ACCURACY:PLAID AIF-42C5B1 LRP_1:0/0:0/0
[BDArmory.BDACompetitionMode:196983952]: ACCURACY:PLAID AIF-42C5B1 LRP_2:0/0:0/0
[BDArmory.BDACompetitionMode:196983952]: ACCURACY:PLAID AIF-42C5B LRP:4/103:0/0
[BDArmory.BDACompetitionMode:196983952]: ACCURACY:PLAID AIF-42C5B LRP_1:19/64:0/0
[BDArmory.BDACompetitionMode:196983952]: ACCURACY:PLAID AIF-42C5B LRP_2:11/139:0/0
