[BDArmory.BDACompetitionMode:208993574]: Dumping Results after 79s (of 0s) at 2026-08-15 21:48:31 -04:00
[BDArmory.BDACompetitionMode:208993574]: RESULT:Win:{"team": "AIF-38D5", "members": ["AIF-38D5", "AIF-38D5_1", "AIF-38D5_2", "AIF-38D5_3"]}
[BDArmory.BDACompetitionMode:208993574]: DEADTEAMS:[{"team": "AIF-38D2", "members": ["AIF-38D2", "AIF-38D2_1", "AIF-38D2_2", "AIF-38D2_3"]}]
[BDArmory.BDACompetitionMode:208993574]: ALIVE:AIF-38D5
[BDArmory.BDACompetitionMode:208993574]: ALIVE:AIF-38D5_1
[BDArmory.BDACompetitionMode:208993574]: ALIVE:AIF-38D5_3
[BDArmory.BDACompetitionMode:208993574]: DEAD:0:41.0:AIF-38D5_2
[BDArmory.BDACompetitionMode:208993574]: DEAD:2:62.0:AIF-38D2
[BDArmory.BDACompetitionMode:208993574]: DEAD:4:69.0:AIF-38D2_1
[BDArmory.BDACompetitionMode:208993574]: DEAD:3:63.0:AIF-38D2_2
[BDArmory.BDACompetitionMode:208993574]: DEAD:1:45.0:AIF-38D2_3
[BDArmory.BDACompetitionMode:208993574]: WHOSHOTWHOWITHGUNS:AIF-38D2:1:AIF-38D5_1:1:AIF-38D5
[BDArmory.BDACompetitionMode:208993574]: WHOSHOTWHOWITHGUNS:AIF-38D2_2:8:AIF-38D5_3:2:AIF-38D5_1
[BDArmory.BDACompetitionMode:208993574]: WHODAMAGEDWHOWITHGUNS:AIF-38D2:61.8:AIF-38D5_1:48.3:AIF-38D5
[BDArmory.BDACompetitionMode:208993574]: WHODAMAGEDWHOWITHGUNS:AIF-38D2_2:639.1:AIF-38D5_3:1107.6:AIF-38D5_1
[BDArmory.BDACompetitionMode:208993574]: WHOHITWHOWITHMISSILES:AIF-38D5_2:1:AIF-38D2:1:AIF-38D2_2:1:AIF-38D2_1
[BDArmory.BDACompetitionMode:208993574]: WHOHITWHOWITHMISSILES:AIF-38D2:3:AIF-38D5:1:AIF-38D5_3:2:AIF-38D5_1
[BDArmory.BDACompetitionMode:208993574]: WHOHITWHOWITHMISSILES:AIF-38D2_1:1:AIF-38D5_1:1:AIF-38D5_3:1:AIF-38D5
[BDArmory.BDACompetitionMode:208993574]: WHOHITWHOWITHMISSILES:AIF-38D2_2:3:AIF-38D5:1:AIF-38D5_1:2:AIF-38D5_3
[BDArmory.BDACompetitionMode:208993574]: WHOHITWHOWITHMISSILES:AIF-38D2_3:1:AIF-38D5_2:1:AIF-38D5_1
[BDArmory.BDACompetitionMode:208993574]: WHOPARTSHITWHOWITHMISSILES:AIF-38D5_2:75:AIF-38D2:17:AIF-38D2_2:11:AIF-38D2_1
[BDArmory.BDACompetitionMode:208993574]: WHOPARTSHITWHOWITHMISSILES:AIF-38D2:153:AIF-38D5:19:AIF-38D5_3:31:AIF-38D5_1
[BDArmory.BDACompetitionMode:208993574]: WHOPARTSHITWHOWITHMISSILES:AIF-38D2_1:93:AIF-38D5_1:13:AIF-38D5_3:11:AIF-38D5
[BDArmory.BDACompetitionMode:208993574]: WHOPARTSHITWHOWITHMISSILES:AIF-38D2_2:131:AIF-38D5:57:AIF-38D5_1:65:AIF-38D5_3
[BDArmory.BDACompetitionMode:208993574]: WHOPARTSHITWHOWITHMISSILES:AIF-38D2_3:94:AIF-38D5_2:24:AIF-38D5_1
[BDArmory.BDACompetitionMode:208993574]: WHODAMAGEDWHOWITHMISSILES:AIF-38D5_2:9506.0:AIF-38D2:5438.9:AIF-38D2_2:4365.2:AIF-38D2_1
[BDArmory.BDACompetitionMode:208993574]: WHODAMAGEDWHOWITHMISSILES:AIF-38D2:87775.3:AIF-38D5:16601.3:AIF-38D5_1
[BDArmory.BDACompetitionMode:208993574]: WHODAMAGEDWHOWITHMISSILES:AIF-38D2_1:26282.5:AIF-38D5_1:3974.5:AIF-38D5_3:27047.7:AIF-38D5
[BDArmory.BDACompetitionMode:208993574]: WHODAMAGEDWHOWITHMISSILES:AIF-38D2_2:33513.2:AIF-38D5:9736.7:AIF-38D5_1:7151.6:AIF-38D5_3
[BDArmory.BDACompetitionMode:208993574]: WHODAMAGEDWHOWITHMISSILES:AIF-38D2_3:53889.3:AIF-38D5_2:2742.8:AIF-38D5_1
[BDArmory.BDACompetitionMode:208993574]: WHODAMAGEDWHOWITHBATTLEDAMAGE:AIF-38D2:0.8:AIF-38D5
[BDArmory.BDACompetitionMode:208993574]: WHODAMAGEDWHOWITHBATTLEDAMAGE:AIF-38D2_2:35.6:AIF-38D5_3:9772.4:AIF-38D5_1
[BDArmory.BDACompetitionMode:208993574]: KILLSTEALMISSILES:AIF-38D5_2:AIF-38D2_1
[BDArmory.BDACompetitionMode:208993574]: KILLSTEALMISSILES:AIF-38D2:AIF-38D5
[BDArmory.BDACompetitionMode:208993574]: HEADSHOTMISSILES:AIF-38D2_1:AIF-38D5
[BDArmory.BDACompetitionMode:208993574]: KILLSTEALGUNS:AIF-38D2_2:AIF-38D5_1
[BDArmory.BDACompetitionMode:208993574]: HEADSHOTMISSILES:AIF-38D2_3:AIF-38D5_1
[BDArmory.BDACompetitionMode:208993574]: HPLEFT:AIF-38D5:100
[BDArmory.BDACompetitionMode:208993574]: HPLEFT:AIF-38D5_1:100
[BDArmory.BDACompetitionMode:208993574]: HPLEFT:AIF-38D5_2:0
[BDArmory.BDACompetitionMode:208993574]: HPLEFT:AIF-38D5_3:100
[BDArmory.BDACompetitionMode:208993574]: HPLEFT:AIF-38D2:0
[BDArmory.BDACompetitionMode:208993574]: HPLEFT:AIF-38D2_1:0
[BDArmory.BDACompetitionMode:208993574]: HPLEFT:AIF-38D2_2:0
[BDArmory.BDACompetitionMode:208993574]: HPLEFT:AIF-38D2_3:0
[BDArmory.BDACompetitionMode:208993574]: ACCURACY:AIF-38D5:1/13:0/0
[BDArmory.BDACompetitionMode:208993574]: ACCURACY:AIF-38D5_1:3/15:0/0
[BDArmory.BDACompetitionMode:208993574]: ACCURACY:AIF-38D5_2:0/0:0/0
[BDArmory.BDACompetitionMode:208993574]: ACCURACY:AIF-38D5_3:8/23:0/0
[BDArmory.BDACompetitionMode:208993574]: ACCURACY:AIF-38D2:0/0:0/0
[BDArmory.BDACompetitionMode:208993574]: ACCURACY:AIF-38D2_1:0/0:0/0
[BDArmory.BDACompetitionMode:208993574]: ACCURACY:AIF-38D2_2:0/0:0/0
[BDArmory.BDACompetitionMode:208993574]: ACCURACY:AIF-38D2_3:0/0:0/0
