[BDArmory.BDACompetitionMode:200982652]: Dumping Results after 121s (of 0s) at 2026-05-15 04:36:20 -04:00
[BDArmory.BDACompetitionMode:200982652]: RESULT:Win:{"team": "AIF-38C", "members": ["AIF-38C", "AIF-38C_1", "AIF-38C_2", "AIF-38C_3"]}
[BDArmory.BDACompetitionMode:200982652]: DEADTEAMS:[{"team": "AL-34 Arnika", "members": ["AL-34 Arnika", "AL-34 Arnika_1", "AL-34 Arnika_2", "AL-34 Arnika_3"]}]
[BDArmory.BDACompetitionMode:200982652]: ALIVE:AIF-38C
[BDArmory.BDACompetitionMode:200982652]: ALIVE:AIF-38C_1
[BDArmory.BDACompetitionMode:200982652]: ALIVE:AIF-38C_3
[BDArmory.BDACompetitionMode:200982652]: DEAD:2:102.0:AL-34 Arnika
[BDArmory.BDACompetitionMode:200982652]: DEAD:3:104.0:AL-34 Arnika_1
[BDArmory.BDACompetitionMode:200982652]: DEAD:1:89.0:AL-34 Arnika_2
[BDArmory.BDACompetitionMode:200982652]: DEAD:4:111.0:AL-34 Arnika_3
[BDArmory.BDACompetitionMode:200982652]: DEAD:0:63.0:AIF-38C_2
[BDArmory.BDACompetitionMode:200982652]: WHOSHOTWHOWITHGUNS:AL-34 Arnika:1:AIF-38C:3:AIF-38C_1:27:AIF-38C_3
[BDArmory.BDACompetitionMode:200982652]: WHOSHOTWHOWITHGUNS:AL-34 Arnika_1:5:AIF-38C_1
[BDArmory.BDACompetitionMode:200982652]: WHOSHOTWHOWITHGUNS:AL-34 Arnika_3:16:AIF-38C_1
[BDArmory.BDACompetitionMode:200982652]: WHOSHOTWHOWITHGUNS:AIF-38C:2:AL-34 Arnika
[BDArmory.BDACompetitionMode:200982652]: WHODAMAGEDWHOWITHGUNS:AL-34 Arnika:543.9:AIF-38C:1342.1:AIF-38C_1:10141.2:AIF-38C_3
[BDArmory.BDACompetitionMode:200982652]: WHODAMAGEDWHOWITHGUNS:AL-34 Arnika_1:1646.0:AIF-38C_1
[BDArmory.BDACompetitionMode:200982652]: WHODAMAGEDWHOWITHGUNS:AL-34 Arnika_3:7254.8:AIF-38C_1
[BDArmory.BDACompetitionMode:200982652]: WHODAMAGEDWHOWITHGUNS:AIF-38C:1376.6:AL-34 Arnika
[BDArmory.BDACompetitionMode:200982652]: WHOHITWHOWITHMISSILES:AL-34 Arnika:1:AIF-38C_1
[BDArmory.BDACompetitionMode:200982652]: WHOHITWHOWITHMISSILES:AL-34 Arnika_1:1:AIF-38C_3:1:AIF-38C_1
[BDArmory.BDACompetitionMode:200982652]: WHOHITWHOWITHMISSILES:AL-34 Arnika_2:1:AIF-38C_3:2:AIF-38C:1:AIF-38C_1
[BDArmory.BDACompetitionMode:200982652]: WHOHITWHOWITHMISSILES:AL-34 Arnika_3:1:AIF-38C_3
[BDArmory.BDACompetitionMode:200982652]: WHOHITWHOWITHMISSILES:AIF-38C:1:AL-34 Arnika_2
[BDArmory.BDACompetitionMode:200982652]: WHOHITWHOWITHMISSILES:AIF-38C_1:1:AL-34 Arnika_3
[BDArmory.BDACompetitionMode:200982652]: WHOHITWHOWITHMISSILES:AIF-38C_2:1:AL-34 Arnika_1
[BDArmory.BDACompetitionMode:200982652]: WHOPARTSHITWHOWITHMISSILES:AL-34 Arnika:96:AIF-38C_1
[BDArmory.BDACompetitionMode:200982652]: WHOPARTSHITWHOWITHMISSILES:AL-34 Arnika_1:107:AIF-38C_3:94:AIF-38C_1
[BDArmory.BDACompetitionMode:200982652]: WHOPARTSHITWHOWITHMISSILES:AL-34 Arnika_2:107:AIF-38C_3:119:AIF-38C:94:AIF-38C_1
[BDArmory.BDACompetitionMode:200982652]: WHOPARTSHITWHOWITHMISSILES:AL-34 Arnika_3:99:AIF-38C_3
[BDArmory.BDACompetitionMode:200982652]: WHOPARTSHITWHOWITHMISSILES:AIF-38C:101:AL-34 Arnika_2
[BDArmory.BDACompetitionMode:200982652]: WHOPARTSHITWHOWITHMISSILES:AIF-38C_1:96:AL-34 Arnika_3
[BDArmory.BDACompetitionMode:200982652]: WHOPARTSHITWHOWITHMISSILES:AIF-38C_2:101:AL-34 Arnika_1
[BDArmory.BDACompetitionMode:200982652]: WHODAMAGEDWHOWITHMISSILES:AL-34 Arnika_1:11945.5:AIF-38C_3:9853.5:AIF-38C_1
[BDArmory.BDACompetitionMode:200982652]: WHODAMAGEDWHOWITHMISSILES:AL-34 Arnika_2:9425.0:AIF-38C_3:10931.2:AIF-38C:74450.9:AIF-38C_1
[BDArmory.BDACompetitionMode:200982652]: WHODAMAGEDWHOWITHMISSILES:AL-34 Arnika_3:87825.5:AIF-38C_3
[BDArmory.BDACompetitionMode:200982652]: WHODAMAGEDWHOWITHMISSILES:AIF-38C_1:10557.7:AL-34 Arnika_3
[BDArmory.BDACompetitionMode:200982652]: WHODAMAGEDWHOWITHMISSILES:AIF-38C_2:44487.1:AL-34 Arnika_1
[BDArmory.BDACompetitionMode:200982652]: WHODAMAGEDWHOWITHBATTLEDAMAGE:AL-34 Arnika:176.1:AIF-38C_1:25493.5:AIF-38C_3
[BDArmory.BDACompetitionMode:200982652]: WHODAMAGEDWHOWITHBATTLEDAMAGE:AL-34 Arnika_1:34397.0:AIF-38C_1
[BDArmory.BDACompetitionMode:200982652]: WHODAMAGEDWHOWITHBATTLEDAMAGE:AL-34 Arnika_2:28493.1:AIF-38C_1
[BDArmory.BDACompetitionMode:200982652]: WHODAMAGEDWHOWITHBATTLEDAMAGE:AL-34 Arnika_3:26878.6:AIF-38C_3:16.4:AIF-38C_1
[BDArmory.BDACompetitionMode:200982652]: WHODAMAGEDWHOWITHBATTLEDAMAGE:AIF-38C_2:28059.3:AL-34 Arnika_1
[BDArmory.BDACompetitionMode:200982652]: HEADSHOTGUNS:AL-34 Arnika:AIF-38C_3
[BDArmory.BDACompetitionMode:200982652]: HEADSHOTGUNS:AL-34 Arnika_1:AIF-38C_1
[BDArmory.BDACompetitionMode:200982652]: HEADSHOTMISSILES:AL-34 Arnika_2:AIF-38C
[BDArmory.BDACompetitionMode:200982652]: HEADSHOTGUNS:AL-34 Arnika_3:AIF-38C_1
[BDArmory.BDACompetitionMode:200982652]: CLEANKILLMISSILES:AIF-38C_2:AL-34 Arnika_1
[BDArmory.BDACompetitionMode:200982652]: HPLEFT:AL-34 Arnika:0
[BDArmory.BDACompetitionMode:200982652]: HPLEFT:AL-34 Arnika_1:0
[BDArmory.BDACompetitionMode:200982652]: HPLEFT:AL-34 Arnika_2:0
[BDArmory.BDACompetitionMode:200982652]: HPLEFT:AL-34 Arnika_3:0
[BDArmory.BDACompetitionMode:200982652]: HPLEFT:AIF-38C:99.0384615384615
[BDArmory.BDACompetitionMode:200982652]: HPLEFT:AIF-38C_1:90.3846153846154
[BDArmory.BDACompetitionMode:200982652]: HPLEFT:AIF-38C_2:0
[BDArmory.BDACompetitionMode:200982652]: HPLEFT:AIF-38C_3:100
[BDArmory.BDACompetitionMode:200982652]: ACCURACY:AL-34 Arnika:2/30:0/0
[BDArmory.BDACompetitionMode:200982652]: ACCURACY:AL-34 Arnika_1:0/0:0/0
[BDArmory.BDACompetitionMode:200982652]: ACCURACY:AL-34 Arnika_2:0/0:0/0
[BDArmory.BDACompetitionMode:200982652]: ACCURACY:AL-34 Arnika_3:0/0:0/0
[BDArmory.BDACompetitionMode:200982652]: ACCURACY:AIF-38C:1/58:0/0
[BDArmory.BDACompetitionMode:200982652]: ACCURACY:AIF-38C_1:24/131:0/0
[BDArmory.BDACompetitionMode:200982652]: ACCURACY:AIF-38C_2:0/0:0/0
[BDArmory.BDACompetitionMode:200982652]: ACCURACY:AIF-38C_3:27/151:0/0
