[BDArmory.BDACompetitionMode:196829237]: Dumping Results after 101s (of 0s) at 2026-03-28 02:49:46 -04:00
[BDArmory.BDACompetitionMode:196829237]: RESULT:Win:{"team": "PLAID AIF-42C5B LRP", "members": ["PLAID AIF-42C5B LRP", "PLAID AIF-42C5B LRP_1", "PLAID AIF-42C5B LRP_2", "PLAID AIF-42C5B LRP_3", "PLAID AIF-42C5B LRP_4"]}
[BDArmory.BDACompetitionMode:196829237]: DEADTEAMS:[{"team": "LF-03 Avaria Mk11", "members": ["LF-03 Avaria Mk11", "LF-03 Avaria Mk11_1", "LF-03 Avaria Mk11_2", "LF-03 Avaria Mk11_3", "LF-03 Avaria Mk11_4"]}]
[BDArmory.BDACompetitionMode:196829237]: ALIVE:PLAID AIF-42C5B LRP
[BDArmory.BDACompetitionMode:196829237]: ALIVE:PLAID AIF-42C5B LRP_1
[BDArmory.BDACompetitionMode:196829237]: ALIVE:PLAID AIF-42C5B LRP_2
[BDArmory.BDACompetitionMode:196829237]: ALIVE:PLAID AIF-42C5B LRP_3
[BDArmory.BDACompetitionMode:196829237]: ALIVE:PLAID AIF-42C5B LRP_4
[BDArmory.BDACompetitionMode:196829237]: DEAD:4:90.0:LF-03 Avaria Mk11
[BDArmory.BDACompetitionMode:196829237]: DEAD:0:65.0:LF-03 Avaria Mk11_1
[BDArmory.BDACompetitionMode:196829237]: DEAD:3:84.0:LF-03 Avaria Mk11_2
[BDArmory.BDACompetitionMode:196829237]: DEAD:1:73.0:LF-03 Avaria Mk11_3
[BDArmory.BDACompetitionMode:196829237]: DEAD:2:77.0:LF-03 Avaria Mk11_4
[BDArmory.BDACompetitionMode:196829237]: WHOSHOTWHOWITHGUNS:LF-03 Avaria Mk11_4:3:PLAID AIF-42C5B LRP_1
[BDArmory.BDACompetitionMode:196829237]: WHODAMAGEDWHOWITHGUNS:LF-03 Avaria Mk11_4:796.6:PLAID AIF-42C5B LRP_1
[BDArmory.BDACompetitionMode:196829237]: WHOHITWHOWITHMISSILES:LF-03 Avaria Mk11:3:PLAID AIF-42C5B LRP_2:2:PLAID AIF-42C5B LRP_3:1:PLAID AIF-42C5B LRP_4
[BDArmory.BDACompetitionMode:196829237]: WHOHITWHOWITHMISSILES:LF-03 Avaria Mk11_1:1:PLAID AIF-42C5B LRP_1
[BDArmory.BDACompetitionMode:196829237]: WHOHITWHOWITHMISSILES:LF-03 Avaria Mk11_2:1:PLAID AIF-42C5B LRP_4:1:PLAID AIF-42C5B LRP_2
[BDArmory.BDACompetitionMode:196829237]: WHOHITWHOWITHMISSILES:LF-03 Avaria Mk11_3:1:PLAID AIF-42C5B LRP_1
[BDArmory.BDACompetitionMode:196829237]: WHOHITWHOWITHMISSILES:LF-03 Avaria Mk11_4:2:PLAID AIF-42C5B LRP_1:1:PLAID AIF-42C5B LRP
[BDArmory.BDACompetitionMode:196829237]: WHOHITWHOWITHMISSILES:PLAID AIF-42C5B LRP_3:1:LF-03 Avaria Mk11_4
[BDArmory.BDACompetitionMode:196829237]: WHOPARTSHITWHOWITHMISSILES:LF-03 Avaria Mk11:99:PLAID AIF-42C5B LRP_2:80:PLAID AIF-42C5B LRP_3:10:PLAID AIF-42C5B LRP_4
[BDArmory.BDACompetitionMode:196829237]: WHOPARTSHITWHOWITHMISSILES:LF-03 Avaria Mk11_1:44:PLAID AIF-42C5B LRP_1
[BDArmory.BDACompetitionMode:196829237]: WHOPARTSHITWHOWITHMISSILES:LF-03 Avaria Mk11_2:43:PLAID AIF-42C5B LRP_4:14:PLAID AIF-42C5B LRP_2
[BDArmory.BDACompetitionMode:196829237]: WHOPARTSHITWHOWITHMISSILES:LF-03 Avaria Mk11_3:51:PLAID AIF-42C5B LRP_1
[BDArmory.BDACompetitionMode:196829237]: WHOPARTSHITWHOWITHMISSILES:LF-03 Avaria Mk11_4:61:PLAID AIF-42C5B LRP_1:30:PLAID AIF-42C5B LRP
[BDArmory.BDACompetitionMode:196829237]: WHOPARTSHITWHOWITHMISSILES:PLAID AIF-42C5B LRP_3:69:LF-03 Avaria Mk11_4
[BDArmory.BDACompetitionMode:196829237]: WHODAMAGEDWHOWITHMISSILES:LF-03 Avaria Mk11:10583.1:PLAID AIF-42C5B LRP_2:40716.1:PLAID AIF-42C5B LRP_3:15837.6:PLAID AIF-42C5B LRP_4
[BDArmory.BDACompetitionMode:196829237]: WHODAMAGEDWHOWITHMISSILES:LF-03 Avaria Mk11_1:56231.1:PLAID AIF-42C5B LRP_1
[BDArmory.BDACompetitionMode:196829237]: WHODAMAGEDWHOWITHMISSILES:LF-03 Avaria Mk11_2:22785.3:PLAID AIF-42C5B LRP_4:3136.5:PLAID AIF-42C5B LRP_2
[BDArmory.BDACompetitionMode:196829237]: WHODAMAGEDWHOWITHMISSILES:LF-03 Avaria Mk11_4:41887.8:PLAID AIF-42C5B LRP_1:36842.1:PLAID AIF-42C5B LRP
[BDArmory.BDACompetitionMode:196829237]: WHODAMAGEDWHOWITHBATTLEDAMAGE:LF-03 Avaria Mk11:10093.8:PLAID AIF-42C5B LRP_4
[BDArmory.BDACompetitionMode:196829237]: WHODAMAGEDWHOWITHBATTLEDAMAGE:LF-03 Avaria Mk11_2:22914.6:PLAID AIF-42C5B LRP_2
[BDArmory.BDACompetitionMode:196829237]: WHODAMAGEDWHOWITHBATTLEDAMAGE:LF-03 Avaria Mk11_4:25148.6:PLAID AIF-42C5B LRP_1
[BDArmory.BDACompetitionMode:196829237]: HEADSHOTMISSILES:LF-03 Avaria Mk11:PLAID AIF-42C5B LRP_4
[BDArmory.BDACompetitionMode:196829237]: HEADSHOTMISSILES:LF-03 Avaria Mk11_2:PLAID AIF-42C5B LRP_2
[BDArmory.BDACompetitionMode:196829237]: KILLSTEALMISSILES:LF-03 Avaria Mk11_4:PLAID AIF-42C5B LRP_1
[BDArmory.BDACompetitionMode:196829237]: HPLEFT:LF-03 Avaria Mk11:0
[BDArmory.BDACompetitionMode:196829237]: HPLEFT:LF-03 Avaria Mk11_1:0
[BDArmory.BDACompetitionMode:196829237]: HPLEFT:LF-03 Avaria Mk11_2:0
[BDArmory.BDACompetitionMode:196829237]: HPLEFT:LF-03 Avaria Mk11_3:0
[BDArmory.BDACompetitionMode:196829237]: HPLEFT:LF-03 Avaria Mk11_4:0
[BDArmory.BDACompetitionMode:196829237]: HPLEFT:PLAID AIF-42C5B LRP:100
[BDArmory.BDACompetitionMode:196829237]: HPLEFT:PLAID AIF-42C5B LRP_1:100
[BDArmory.BDACompetitionMode:196829237]: HPLEFT:PLAID AIF-42C5B LRP_2:100
[BDArmory.BDACompetitionMode:196829237]: HPLEFT:PLAID AIF-42C5B LRP_3:100
[BDArmory.BDACompetitionMode:196829237]: HPLEFT:PLAID AIF-42C5B LRP_4:100
[BDArmory.BDACompetitionMode:196829237]: ACCURACY:LF-03 Avaria Mk11:0/0:0/0
[BDArmory.BDACompetitionMode:196829237]: ACCURACY:LF-03 Avaria Mk11_1:0/0:0/0
[BDArmory.BDACompetitionMode:196829237]: ACCURACY:LF-03 Avaria Mk11_2:0/0:0/0
[BDArmory.BDACompetitionMode:196829237]: ACCURACY:LF-03 Avaria Mk11_3:0/0:0/0
[BDArmory.BDACompetitionMode:196829237]: ACCURACY:LF-03 Avaria Mk11_4:0/0:0/0
[BDArmory.BDACompetitionMode:196829237]: ACCURACY:PLAID AIF-42C5B LRP:0/43:0/0
[BDArmory.BDACompetitionMode:196829237]: ACCURACY:PLAID AIF-42C5B LRP_1:3/54:0/0
[BDArmory.BDACompetitionMode:196829237]: ACCURACY:PLAID AIF-42C5B LRP_2:0/0:0/0
[BDArmory.BDACompetitionMode:196829237]: ACCURACY:PLAID AIF-42C5B LRP_3:0/0:0/0
[BDArmory.BDACompetitionMode:196829237]: ACCURACY:PLAID AIF-42C5B LRP_4:0/0:0/0
