[BDArmory.BDACompetitionMode:196580010]: Dumping Results after -967s (of 0s) at 2026-03-25 05:35:31 -04:00
[BDArmory.BDACompetitionMode:196580010]: RESULT:Win:{"team": "LF-03 Avaria Mk11", "members": ["LF-03 Avaria Mk11", "LF-03 Avaria Mk11_1"]}
[BDArmory.BDACompetitionMode:196580010]: DEADTEAMS:[{"team": "PLAID AIF-42C5A LRP", "members": ["PLAID AIF-42C5A LRP", "PLAID AIF-42C5A LRP_1"]}]
[BDArmory.BDACompetitionMode:196580010]: ALIVE:LF-03 Avaria Mk11_1
[BDArmory.BDACompetitionMode:196580010]: DEAD:0:74.0:LF-03 Avaria Mk11
[BDArmory.BDACompetitionMode:196580010]: DEAD:1:101.0:PLAID AIF-42C5A LRP
[BDArmory.BDACompetitionMode:196580010]: DEAD:2:106.0:PLAID AIF-42C5A LRP_1
[BDArmory.BDACompetitionMode:196580010]: WHOSHOTWHOWITHGUNS:PLAID AIF-42C5A LRP:33:LF-03 Avaria Mk11_1
[BDArmory.BDACompetitionMode:196580010]: WHOSHOTWHOWITHGUNS:PLAID AIF-42C5A LRP_1:13:LF-03 Avaria Mk11_1
[BDArmory.BDACompetitionMode:196580010]: WHODAMAGEDWHOWITHGUNS:PLAID AIF-42C5A LRP:5452.1:LF-03 Avaria Mk11_1
[BDArmory.BDACompetitionMode:196580010]: WHODAMAGEDWHOWITHGUNS:PLAID AIF-42C5A LRP_1:4143.8:LF-03 Avaria Mk11_1
[BDArmory.BDACompetitionMode:196580010]: WHOHITWHOWITHMISSILES:LF-03 Avaria Mk11:1:PLAID AIF-42C5A LRP
[BDArmory.BDACompetitionMode:196580010]: WHOHITWHOWITHMISSILES:PLAID AIF-42C5A LRP:1:LF-03 Avaria Mk11_1
[BDArmory.BDACompetitionMode:196580010]: WHOHITWHOWITHMISSILES:PLAID AIF-42C5A LRP_1:2:LF-03 Avaria Mk11_1
[BDArmory.BDACompetitionMode:196580010]: WHOPARTSHITWHOWITHMISSILES:LF-03 Avaria Mk11:51:PLAID AIF-42C5A LRP
[BDArmory.BDACompetitionMode:196580010]: WHOPARTSHITWHOWITHMISSILES:PLAID AIF-42C5A LRP:79:LF-03 Avaria Mk11_1
[BDArmory.BDACompetitionMode:196580010]: WHOPARTSHITWHOWITHMISSILES:PLAID AIF-42C5A LRP_1:142:LF-03 Avaria Mk11_1
[BDArmory.BDACompetitionMode:196580010]: WHODAMAGEDWHOWITHMISSILES:LF-03 Avaria Mk11:1647.7:PLAID AIF-42C5A LRP
[BDArmory.BDACompetitionMode:196580010]: WHODAMAGEDWHOWITHMISSILES:PLAID AIF-42C5A LRP:13996.3:LF-03 Avaria Mk11_1
[BDArmory.BDACompetitionMode:196580010]: WHODAMAGEDWHOWITHMISSILES:PLAID AIF-42C5A LRP_1:4374.7:LF-03 Avaria Mk11_1
[BDArmory.BDACompetitionMode:196580010]: WHODAMAGEDWHOWITHBATTLEDAMAGE:LF-03 Avaria Mk11_1:1701.3:LF-03 Avaria Mk11_1
[BDArmory.BDACompetitionMode:196580010]: WHODAMAGEDWHOWITHBATTLEDAMAGE:PLAID AIF-42C5A LRP:149.7:LF-03 Avaria Mk11_1:10505.2:PLAID AIF-42C5A LRP
[BDArmory.BDACompetitionMode:196580010]: WHODAMAGEDWHOWITHBATTLEDAMAGE:PLAID AIF-42C5A LRP_1:11918.6:LF-03 Avaria Mk11_1:9425.9:PLAID AIF-42C5A LRP_1
[BDArmory.BDACompetitionMode:196580010]: CLEANKILLGUNS:PLAID AIF-42C5A LRP:LF-03 Avaria Mk11_1
[BDArmory.BDACompetitionMode:196580010]: CLEANKILLGUNS:PLAID AIF-42C5A LRP_1:LF-03 Avaria Mk11_1
[BDArmory.BDACompetitionMode:196580010]: HPLEFT:LF-03 Avaria Mk11:0
[BDArmory.BDACompetitionMode:196580010]: HPLEFT:LF-03 Avaria Mk11_1:92
[BDArmory.BDACompetitionMode:196580010]: HPLEFT:PLAID AIF-42C5A LRP:0
[BDArmory.BDACompetitionMode:196580010]: HPLEFT:PLAID AIF-42C5A LRP_1:0
[BDArmory.BDACompetitionMode:196580010]: ACCURACY:LF-03 Avaria Mk11:0/0:0/0
[BDArmory.BDACompetitionMode:196580010]: ACCURACY:LF-03 Avaria Mk11_1:46/349:0/0
[BDArmory.BDACompetitionMode:196580010]: ACCURACY:PLAID AIF-42C5A LRP:0/0:0/0
[BDArmory.BDACompetitionMode:196580010]: ACCURACY:PLAID AIF-42C5A LRP_1:0/0:0/0
