[BDArmory.BDACompetitionMode:196026122]: Dumping Results after -196s (of 0s) at 2026-03-18 19:43:28 -04:00
[BDArmory.BDACompetitionMode:196026122]: RESULT:Win:{"team": "PLAID AIF-42C5B LRP", "members": ["PLAID AIF-42C5B LRP", "PLAID AIF-42C5B LRP_1"]}
[BDArmory.BDACompetitionMode:196026122]: DEADTEAMS:[{"team": "PLAID AIF-42C2 LRP", "members": ["PLAID AIF-42C2 LRP", "PLAID AIF-42C2 LRP_1"]}]
[BDArmory.BDACompetitionMode:196026122]: ALIVE:PLAID AIF-42C5B LRP
[BDArmory.BDACompetitionMode:196026122]: ALIVE:PLAID AIF-42C5B LRP_1
[BDArmory.BDACompetitionMode:196026122]: DEAD:1:80.0:PLAID AIF-42C2 LRP
[BDArmory.BDACompetitionMode:196026122]: DEAD:0:48.0:PLAID AIF-42C2 LRP_1
[BDArmory.BDACompetitionMode:196026122]: WHOSHOTWHOWITHGUNS:PLAID AIF-42C2 LRP:14:PLAID AIF-42C5B LRP
[BDArmory.BDACompetitionMode:196026122]: WHODAMAGEDWHOWITHGUNS:PLAID AIF-42C2 LRP:3350.9:PLAID AIF-42C5B LRP
[BDArmory.BDACompetitionMode:196026122]: WHOHITWHOWITHMISSILES:PLAID AIF-42C2 LRP:3:PLAID AIF-42C5B LRP:1:PLAID AIF-42C5B LRP_1
[BDArmory.BDACompetitionMode:196026122]: WHOHITWHOWITHMISSILES:PLAID AIF-42C2 LRP_1:1:PLAID AIF-42C5B LRP_1
[BDArmory.BDACompetitionMode:196026122]: WHOHITWHOWITHMISSILES:PLAID AIF-42C5B LRP_1:1:PLAID AIF-42C2 LRP
[BDArmory.BDACompetitionMode:196026122]: WHOPARTSHITWHOWITHMISSILES:PLAID AIF-42C2 LRP:193:PLAID AIF-42C5B LRP:64:PLAID AIF-42C5B LRP_1
[BDArmory.BDACompetitionMode:196026122]: WHOPARTSHITWHOWITHMISSILES:PLAID AIF-42C2 LRP_1:82:PLAID AIF-42C5B LRP_1
[BDArmory.BDACompetitionMode:196026122]: WHOPARTSHITWHOWITHMISSILES:PLAID AIF-42C5B LRP_1:73:PLAID AIF-42C2 LRP
[BDArmory.BDACompetitionMode:196026122]: WHODAMAGEDWHOWITHMISSILES:PLAID AIF-42C2 LRP:33959.8:PLAID AIF-42C5B LRP:29818.8:PLAID AIF-42C5B LRP_1
[BDArmory.BDACompetitionMode:196026122]: WHODAMAGEDWHOWITHMISSILES:PLAID AIF-42C2 LRP_1:43427.3:PLAID AIF-42C5B LRP_1
[BDArmory.BDACompetitionMode:196026122]: WHODAMAGEDWHOWITHMISSILES:PLAID AIF-42C5B LRP_1:8168.6:PLAID AIF-42C2 LRP
[BDArmory.BDACompetitionMode:196026122]: WHODAMAGEDWHOWITHBATTLEDAMAGE:PLAID AIF-42C2 LRP:406.7:PLAID AIF-42C5B LRP
[BDArmory.BDACompetitionMode:196026122]: KILLSTEALGUNS:PLAID AIF-42C2 LRP:PLAID AIF-42C5B LRP
[BDArmory.BDACompetitionMode:196026122]: CLEANKILLMISSILES:PLAID AIF-42C2 LRP_1:PLAID AIF-42C5B LRP_1
[BDArmory.BDACompetitionMode:196026122]: HPLEFT:PLAID AIF-42C2 LRP:0
[BDArmory.BDACompetitionMode:196026122]: HPLEFT:PLAID AIF-42C2 LRP_1:0
[BDArmory.BDACompetitionMode:196026122]: HPLEFT:PLAID AIF-42C5B LRP:100
[BDArmory.BDACompetitionMode:196026122]: HPLEFT:PLAID AIF-42C5B LRP_1:86.5853658536585
[BDArmory.BDACompetitionMode:196026122]: ACCURACY:PLAID AIF-42C2 LRP:0/39:0/0
[BDArmory.BDACompetitionMode:196026122]: ACCURACY:PLAID AIF-42C2 LRP_1:0/0:0/0
[BDArmory.BDACompetitionMode:196026122]: ACCURACY:PLAID AIF-42C5B LRP:14/118:0/0
[BDArmory.BDACompetitionMode:196026122]: ACCURACY:PLAID AIF-42C5B LRP_1:0/62:0/0
