[BDArmory.BDACompetitionMode:209713667]: Dumping Results after 64s (of 0s) at 2026-08-24 05:49:30 -04:00
[BDArmory.BDACompetitionMode:209713667]: RESULT:Win:{"team": "PLAID ASF-07 CERULEAN OPTIC (DF)", "members": ["PLAID ASF-07 CERULEAN OPTIC (DF)", "PLAID ASF-07 CERULEAN OPTIC (DF)_1"]}
[BDArmory.BDACompetitionMode:209713667]: DEADTEAMS:[{"team": "OZ-1 Skydancer Suidkaf", "members": ["OZ-1 Skydancer Suidkaf", "OZ-1 Skydancer Suidkaf_1", "OZ-1 Skydancer Suidkaf_1_F1"]}]
[BDArmory.BDACompetitionMode:209713667]: ALIVE:PLAID ASF-07 CERULEAN OPTIC (DF)
[BDArmory.BDACompetitionMode:209713667]: DEAD:0:13.0:PLAID ASF-07 CERULEAN OPTIC (DF)_1
[BDArmory.BDACompetitionMode:209713667]: DEAD:1:23.0:OZ-1 Skydancer Suidkaf
[BDArmory.BDACompetitionMode:209713667]: DEAD:2:54.0:OZ-1 Skydancer Suidkaf_1
[BDArmory.BDACompetitionMode:209713667]: DEAD:3:54.0:OZ-1 Skydancer Suidkaf_1_F1
[BDArmory.BDACompetitionMode:209713667]: WHOSHOTWHOWITHGUNS:PLAID ASF-07 CERULEAN OPTIC (DF)_1:3:OZ-1 Skydancer Suidkaf_1
[BDArmory.BDACompetitionMode:209713667]: WHOSHOTWHOWITHGUNS:OZ-1 Skydancer Suidkaf:14:PLAID ASF-07 CERULEAN OPTIC (DF)
[BDArmory.BDACompetitionMode:209713667]: WHOSHOTWHOWITHGUNS:OZ-1 Skydancer Suidkaf_1:2:PLAID ASF-07 CERULEAN OPTIC (DF)_1:27:PLAID ASF-07 CERULEAN OPTIC (DF)
[BDArmory.BDACompetitionMode:209713667]: WHOSHOTWHOWITHGUNS:OZ-1 Skydancer Suidkaf_1_F1:1:PLAID ASF-07 CERULEAN OPTIC (DF)
[BDArmory.BDACompetitionMode:209713667]: WHODAMAGEDWHOWITHGUNS:PLAID ASF-07 CERULEAN OPTIC (DF)_1:218.3:OZ-1 Skydancer Suidkaf_1
[BDArmory.BDACompetitionMode:209713667]: WHODAMAGEDWHOWITHGUNS:OZ-1 Skydancer Suidkaf:1281.4:PLAID ASF-07 CERULEAN OPTIC (DF)
[BDArmory.BDACompetitionMode:209713667]: WHODAMAGEDWHOWITHGUNS:OZ-1 Skydancer Suidkaf_1:117.6:PLAID ASF-07 CERULEAN OPTIC (DF)_1:2256.9:PLAID ASF-07 CERULEAN OPTIC (DF)
[BDArmory.BDACompetitionMode:209713667]: WHODAMAGEDWHOWITHGUNS:OZ-1 Skydancer Suidkaf_1_F1:120.7:PLAID ASF-07 CERULEAN OPTIC (DF)
[BDArmory.BDACompetitionMode:209713667]: WHODAMAGEDWHOWITHBATTLEDAMAGE:PLAID ASF-07 CERULEAN OPTIC (DF)_1:0.5:OZ-1 Skydancer Suidkaf_1
[BDArmory.BDACompetitionMode:209713667]: WHODAMAGEDWHOWITHBATTLEDAMAGE:OZ-1 Skydancer Suidkaf:106.0:PLAID ASF-07 CERULEAN OPTIC (DF)
[BDArmory.BDACompetitionMode:209713667]: WHODAMAGEDWHOWITHBATTLEDAMAGE:OZ-1 Skydancer Suidkaf_1:272.2:PLAID ASF-07 CERULEAN OPTIC (DF)
[BDArmory.BDACompetitionMode:209713667]: CLEANKILLGUNS:PLAID ASF-07 CERULEAN OPTIC (DF)_1:OZ-1 Skydancer Suidkaf_1
[BDArmory.BDACompetitionMode:209713667]: HEADSHOTGUNS:OZ-1 Skydancer Suidkaf_1:PLAID ASF-07 CERULEAN OPTIC (DF)
[BDArmory.BDACompetitionMode:209713667]: CLEANKILLGUNS:OZ-1 Skydancer Suidkaf_1_F1:PLAID ASF-07 CERULEAN OPTIC (DF)
[BDArmory.BDACompetitionMode:209713667]: HPLEFT:PLAID ASF-07 CERULEAN OPTIC (DF):101.298701298701
[BDArmory.BDACompetitionMode:209713667]: HPLEFT:PLAID ASF-07 CERULEAN OPTIC (DF)_1:0
[BDArmory.BDACompetitionMode:209713667]: HPLEFT:OZ-1 Skydancer Suidkaf:0
[BDArmory.BDACompetitionMode:209713667]: HPLEFT:OZ-1 Skydancer Suidkaf_1:0
[BDArmory.BDACompetitionMode:209713667]: HPLEFT:OZ-1 Skydancer Suidkaf_1_F1:0
[BDArmory.BDACompetitionMode:209713667]: ACCURACY:PLAID ASF-07 CERULEAN OPTIC (DF):42/217:0/0
[BDArmory.BDACompetitionMode:209713667]: ACCURACY:PLAID ASF-07 CERULEAN OPTIC (DF)_1:2/43:0/0
[BDArmory.BDACompetitionMode:209713667]: ACCURACY:OZ-1 Skydancer Suidkaf:0/3:0/0
[BDArmory.BDACompetitionMode:209713667]: ACCURACY:OZ-1 Skydancer Suidkaf_1:3/34:0/0
[BDArmory.BDACompetitionMode:209713667]: ACCURACY:OZ-1 Skydancer Suidkaf_1_F1:0/0:0/0
