[BDArmory.BDACompetitionMode:197197189]: Dumping Results after 129s (of 0s) at 2026-04-01 09:05:08 -04:00
[BDArmory.BDACompetitionMode:197197189]: RESULT:Win:{"team": "PLAID AIF-42C5B LRP", "members": ["PLAID AIF-42C5B LRP", "PLAID AIF-42C5B LRP_1", "PLAID AIF-42C5B LRP_2"]}
[BDArmory.BDACompetitionMode:197197189]: DEADTEAMS:[{"team": "PLAID AIF-42C5D LRP", "members": ["PLAID AIF-42C5D LRP", "PLAID AIF-42C5D LRP_1", "PLAID AIF-42C5D LRP_2"]}]
[BDArmory.BDACompetitionMode:197197189]: ALIVE:PLAID AIF-42C5B LRP
[BDArmory.BDACompetitionMode:197197189]: ALIVE:PLAID AIF-42C5B LRP_1
[BDArmory.BDACompetitionMode:197197189]: DEAD:1:81.0:PLAID AIF-42C5B LRP_2
[BDArmory.BDACompetitionMode:197197189]: DEAD:2:109.0:PLAID AIF-42C5D LRP
[BDArmory.BDACompetitionMode:197197189]: DEAD:3:118.0:PLAID AIF-42C5D LRP_1
[BDArmory.BDACompetitionMode:197197189]: DEAD:0:63.7:PLAID AIF-42C5D LRP_2
[BDArmory.BDACompetitionMode:197197189]: WHOSHOTWHOWITHGUNS:PLAID AIF-42C5B LRP_2:3:PLAID AIF-42C5D LRP
[BDArmory.BDACompetitionMode:197197189]: WHOSHOTWHOWITHGUNS:PLAID AIF-42C5D LRP:34:PLAID AIF-42C5B LRP
[BDArmory.BDACompetitionMode:197197189]: WHOSHOTWHOWITHGUNS:PLAID AIF-42C5D LRP_1:37:PLAID AIF-42C5B LRP_1:1:PLAID AIF-42C5B LRP
[BDArmory.BDACompetitionMode:197197189]: WHODAMAGEDWHOWITHGUNS:PLAID AIF-42C5B LRP_2:1325.3:PLAID AIF-42C5D LRP
[BDArmory.BDACompetitionMode:197197189]: WHODAMAGEDWHOWITHGUNS:PLAID AIF-42C5D LRP:8904.9:PLAID AIF-42C5B LRP
[BDArmory.BDACompetitionMode:197197189]: WHODAMAGEDWHOWITHGUNS:PLAID AIF-42C5D LRP_1:8557.7:PLAID AIF-42C5B LRP_1:247.6:PLAID AIF-42C5B LRP
[BDArmory.BDACompetitionMode:197197189]: WHOHITWHOWITHMISSILES:PLAID AIF-42C5B LRP_2:2:PLAID AIF-42C5D LRP
[BDArmory.BDACompetitionMode:197197189]: WHOHITWHOWITHMISSILES:PLAID AIF-42C5D LRP:1:PLAID AIF-42C5B LRP
[BDArmory.BDACompetitionMode:197197189]: WHOHITWHOWITHMISSILES:PLAID AIF-42C5D LRP_2:2:PLAID AIF-42C5B LRP
[BDArmory.BDACompetitionMode:197197189]: WHOPARTSHITWHOWITHMISSILES:PLAID AIF-42C5B LRP_2:118:PLAID AIF-42C5D LRP
[BDArmory.BDACompetitionMode:197197189]: WHOPARTSHITWHOWITHMISSILES:PLAID AIF-42C5D LRP:64:PLAID AIF-42C5B LRP
[BDArmory.BDACompetitionMode:197197189]: WHOPARTSHITWHOWITHMISSILES:PLAID AIF-42C5D LRP_2:132:PLAID AIF-42C5B LRP
[BDArmory.BDACompetitionMode:197197189]: WHODAMAGEDWHOWITHMISSILES:PLAID AIF-42C5B LRP_2:44239.0:PLAID AIF-42C5D LRP
[BDArmory.BDACompetitionMode:197197189]: WHODAMAGEDWHOWITHMISSILES:PLAID AIF-42C5D LRP:9199.0:PLAID AIF-42C5B LRP
[BDArmory.BDACompetitionMode:197197189]: WHODAMAGEDWHOWITHMISSILES:PLAID AIF-42C5D LRP_2:15560.9:PLAID AIF-42C5B LRP
[BDArmory.BDACompetitionMode:197197189]: WHORAMMEDWHO:PLAID AIF-42C5D LRP_1:50:PLAID AIF-42C5B LRP_1
[BDArmory.BDACompetitionMode:197197189]: WHODAMAGEDWHOWITHBATTLEDAMAGE:PLAID AIF-42C5B LRP_2:110.2:PLAID AIF-42C5D LRP
[BDArmory.BDACompetitionMode:197197189]: WHODAMAGEDWHOWITHBATTLEDAMAGE:PLAID AIF-42C5D LRP:14437.8:PLAID AIF-42C5B LRP:8178.2:PLAID AIF-42C5D LRP
[BDArmory.BDACompetitionMode:197197189]: WHODAMAGEDWHOWITHBATTLEDAMAGE:PLAID AIF-42C5D LRP_1:773.0:PLAID AIF-42C5B LRP_1:5885.4:PLAID AIF-42C5D LRP_1
[BDArmory.BDACompetitionMode:197197189]: GMKILL:PLAID AIF-42C5D LRP_2:GM
[BDArmory.BDACompetitionMode:197197189]: CLEANKILLMISSILES:PLAID AIF-42C5B LRP_2:PLAID AIF-42C5D LRP
[BDArmory.BDACompetitionMode:197197189]: CLEANKILLGUNS:PLAID AIF-42C5D LRP:PLAID AIF-42C5B LRP
[BDArmory.BDACompetitionMode:197197189]: KILLSTEALGUNS:PLAID AIF-42C5D LRP_1:PLAID AIF-42C5B LRP_1
[BDArmory.BDACompetitionMode:197197189]: HPLEFT:PLAID AIF-42C5B LRP:100
[BDArmory.BDACompetitionMode:197197189]: HPLEFT:PLAID AIF-42C5B LRP_1:100
[BDArmory.BDACompetitionMode:197197189]: HPLEFT:PLAID AIF-42C5B LRP_2:0
[BDArmory.BDACompetitionMode:197197189]: HPLEFT:PLAID AIF-42C5D LRP:0
[BDArmory.BDACompetitionMode:197197189]: HPLEFT:PLAID AIF-42C5D LRP_1:0
[BDArmory.BDACompetitionMode:197197189]: HPLEFT:PLAID AIF-42C5D LRP_2:0
[BDArmory.BDACompetitionMode:197197189]: ACCURACY:PLAID AIF-42C5B LRP:35/117:0/0
[BDArmory.BDACompetitionMode:197197189]: ACCURACY:PLAID AIF-42C5B LRP_1:37/238:0/0
[BDArmory.BDACompetitionMode:197197189]: ACCURACY:PLAID AIF-42C5B LRP_2:0/0:0/0
[BDArmory.BDACompetitionMode:197197189]: ACCURACY:PLAID AIF-42C5D LRP:3/35:0/0
[BDArmory.BDACompetitionMode:197197189]: ACCURACY:PLAID AIF-42C5D LRP_1:0/23:0/0
[BDArmory.BDACompetitionMode:197197189]: ACCURACY:PLAID AIF-42C5D LRP_2:0/0:0/0
