[BDArmory.BDACompetitionMode:196834051]: Dumping Results after 138s (of 0s) at 2026-03-28 04:10:38 -04:00
[BDArmory.BDACompetitionMode:196834051]: RESULT:Win:{"team": "PLAID AIF-42C5C LRP", "members": ["PLAID AIF-42C5C LRP", "PLAID AIF-42C5C LRP_1", "PLAID AIF-42C5C LRP_2", "PLAID AIF-42C5C LRP_3"]}
[BDArmory.BDACompetitionMode:196834051]: DEADTEAMS:[{"team": "PLAID AIF-42C5B LRP", "members": ["PLAID AIF-42C5B LRP", "PLAID AIF-42C5B LRP_1", "PLAID AIF-42C5B LRP_2", "PLAID AIF-42C5B LRP_3"]}]
[BDArmory.BDACompetitionMode:196834051]: ALIVE:PLAID AIF-42C5C LRP
[BDArmory.BDACompetitionMode:196834051]: ALIVE:PLAID AIF-42C5C LRP_2
[BDArmory.BDACompetitionMode:196834051]: ALIVE:PLAID AIF-42C5C LRP_3
[BDArmory.BDACompetitionMode:196834051]: DEAD:0:95.0:PLAID AIF-42C5B LRP
[BDArmory.BDACompetitionMode:196834051]: DEAD:2:107.0:PLAID AIF-42C5B LRP_1
[BDArmory.BDACompetitionMode:196834051]: DEAD:1:102.0:PLAID AIF-42C5B LRP_2
[BDArmory.BDACompetitionMode:196834051]: DEAD:3:127.0:PLAID AIF-42C5B LRP_3
[BDArmory.BDACompetitionMode:196834051]: MIA:PLAID AIF-42C5C LRP_1
[BDArmory.BDACompetitionMode:196834051]: WHOSHOTWHOWITHGUNS:PLAID AIF-42C5B LRP:4:PLAID AIF-42C5C LRP_2
[BDArmory.BDACompetitionMode:196834051]: WHOSHOTWHOWITHGUNS:PLAID AIF-42C5B LRP_1:2:PLAID AIF-42C5C LRP_3
[BDArmory.BDACompetitionMode:196834051]: WHOSHOTWHOWITHGUNS:PLAID AIF-42C5B LRP_2:22:PLAID AIF-42C5C LRP:1:PLAID AIF-42C5C LRP_2
[BDArmory.BDACompetitionMode:196834051]: WHOSHOTWHOWITHGUNS:PLAID AIF-42C5B LRP_3:2:PLAID AIF-42C5C LRP_2
[BDArmory.BDACompetitionMode:196834051]: WHODAMAGEDWHOWITHGUNS:PLAID AIF-42C5B LRP:1591.1:PLAID AIF-42C5C LRP_2
[BDArmory.BDACompetitionMode:196834051]: WHODAMAGEDWHOWITHGUNS:PLAID AIF-42C5B LRP_1:1073.0:PLAID AIF-42C5C LRP_3
[BDArmory.BDACompetitionMode:196834051]: WHODAMAGEDWHOWITHGUNS:PLAID AIF-42C5B LRP_2:4903.8:PLAID AIF-42C5C LRP:584.8:PLAID AIF-42C5C LRP_2
[BDArmory.BDACompetitionMode:196834051]: WHODAMAGEDWHOWITHGUNS:PLAID AIF-42C5B LRP_3:155.0:PLAID AIF-42C5C LRP_2
[BDArmory.BDACompetitionMode:196834051]: WHOHITWHOWITHMISSILES:PLAID AIF-42C5B LRP:1:PLAID AIF-42C5C LRP_2
[BDArmory.BDACompetitionMode:196834051]: WHOHITWHOWITHMISSILES:PLAID AIF-42C5B LRP_1:2:PLAID AIF-42C5C LRP_1
[BDArmory.BDACompetitionMode:196834051]: WHOHITWHOWITHMISSILES:PLAID AIF-42C5B LRP_2:1:PLAID AIF-42C5C LRP:1:PLAID AIF-42C5C LRP_2
[BDArmory.BDACompetitionMode:196834051]: WHOHITWHOWITHMISSILES:PLAID AIF-42C5B LRP_3:1:PLAID AIF-42C5C LRP_3:1:PLAID AIF-42C5C LRP_2
[BDArmory.BDACompetitionMode:196834051]: WHOHITWHOWITHMISSILES:PLAID AIF-42C5C LRP_1:1:PLAID AIF-42C5B LRP_2
[BDArmory.BDACompetitionMode:196834051]: WHOPARTSHITWHOWITHMISSILES:PLAID AIF-42C5B LRP:37:PLAID AIF-42C5C LRP_2
[BDArmory.BDACompetitionMode:196834051]: WHOPARTSHITWHOWITHMISSILES:PLAID AIF-42C5B LRP_1:110:PLAID AIF-42C5C LRP_1
[BDArmory.BDACompetitionMode:196834051]: WHOPARTSHITWHOWITHMISSILES:PLAID AIF-42C5B LRP_2:42:PLAID AIF-42C5C LRP:28:PLAID AIF-42C5C LRP_2
[BDArmory.BDACompetitionMode:196834051]: WHOPARTSHITWHOWITHMISSILES:PLAID AIF-42C5B LRP_3:62:PLAID AIF-42C5C LRP_3:8:PLAID AIF-42C5C LRP_2
[BDArmory.BDACompetitionMode:196834051]: WHOPARTSHITWHOWITHMISSILES:PLAID AIF-42C5C LRP_1:71:PLAID AIF-42C5B LRP_2
[BDArmory.BDACompetitionMode:196834051]: WHODAMAGEDWHOWITHMISSILES:PLAID AIF-42C5B LRP:33426.1:PLAID AIF-42C5C LRP_2
[BDArmory.BDACompetitionMode:196834051]: WHODAMAGEDWHOWITHMISSILES:PLAID AIF-42C5B LRP_1:19151.1:PLAID AIF-42C5C LRP_1
[BDArmory.BDACompetitionMode:196834051]: WHODAMAGEDWHOWITHMISSILES:PLAID AIF-42C5B LRP_2:16541.5:PLAID AIF-42C5C LRP
[BDArmory.BDACompetitionMode:196834051]: WHODAMAGEDWHOWITHMISSILES:PLAID AIF-42C5B LRP_3:69544.4:PLAID AIF-42C5C LRP_3:3150.5:PLAID AIF-42C5C LRP_2
[BDArmory.BDACompetitionMode:196834051]: WHODAMAGEDWHOWITHMISSILES:PLAID AIF-42C5C LRP_1:22886.9:PLAID AIF-42C5B LRP_2
[BDArmory.BDACompetitionMode:196834051]: WHODAMAGEDWHOWITHBATTLEDAMAGE:PLAID AIF-42C5B LRP:24.2:PLAID AIF-42C5C LRP_2:12328.5:PLAID AIF-42C5B LRP
[BDArmory.BDACompetitionMode:196834051]: WHODAMAGEDWHOWITHBATTLEDAMAGE:PLAID AIF-42C5B LRP_2:249.4:PLAID AIF-42C5C LRP:27047.3:PLAID AIF-42C5B LRP_2:11.3:PLAID AIF-42C5C LRP_2
[BDArmory.BDACompetitionMode:196834051]: WHODAMAGEDWHOWITHBATTLEDAMAGE:PLAID AIF-42C5B LRP_3:7695.0:PLAID AIF-42C5B LRP_3
[BDArmory.BDACompetitionMode:196834051]: WHODAMAGEDWHOWITHBATTLEDAMAGE:PLAID AIF-42C5C LRP:10.2:PLAID AIF-42C5B LRP_2:10152.9:PLAID AIF-42C5C LRP
[BDArmory.BDACompetitionMode:196834051]: WHODAMAGEDWHOWITHBATTLEDAMAGE:PLAID AIF-42C5C LRP_1:0.1:PLAID AIF-42C5B LRP_2
[BDArmory.BDACompetitionMode:196834051]: WHODAMAGEDWHOWITHBATTLEDAMAGE:PLAID AIF-42C5C LRP_3:1.4:PLAID AIF-42C5C LRP_3
[BDArmory.BDACompetitionMode:196834051]: CLEANKILLMISSILES:PLAID AIF-42C5B LRP:PLAID AIF-42C5C LRP_2
[BDArmory.BDACompetitionMode:196834051]: KILLSTEALGUNS:PLAID AIF-42C5B LRP_1:PLAID AIF-42C5C LRP_3
[BDArmory.BDACompetitionMode:196834051]: KILLSTEALGUNS:PLAID AIF-42C5B LRP_2:PLAID AIF-42C5C LRP
[BDArmory.BDACompetitionMode:196834051]: HEADSHOTGUNS:PLAID AIF-42C5B LRP_3:PLAID AIF-42C5C LRP_2
[BDArmory.BDACompetitionMode:196834051]: HPLEFT:PLAID AIF-42C5B LRP:0
[BDArmory.BDACompetitionMode:196834051]: HPLEFT:PLAID AIF-42C5B LRP_1:0
[BDArmory.BDACompetitionMode:196834051]: HPLEFT:PLAID AIF-42C5B LRP_2:0
[BDArmory.BDACompetitionMode:196834051]: HPLEFT:PLAID AIF-42C5B LRP_3:0
[BDArmory.BDACompetitionMode:196834051]: HPLEFT:PLAID AIF-42C5C LRP:46.25
[BDArmory.BDACompetitionMode:196834051]: HPLEFT:PLAID AIF-42C5C LRP_1:28.75
[BDArmory.BDACompetitionMode:196834051]: HPLEFT:PLAID AIF-42C5C LRP_2:100
[BDArmory.BDACompetitionMode:196834051]: HPLEFT:PLAID AIF-42C5C LRP_3:100
[BDArmory.BDACompetitionMode:196834051]: ACCURACY:PLAID AIF-42C5B LRP:0/0:0/0
[BDArmory.BDACompetitionMode:196834051]: ACCURACY:PLAID AIF-42C5B LRP_1:0/0:0/0
[BDArmory.BDACompetitionMode:196834051]: ACCURACY:PLAID AIF-42C5B LRP_2:0/0:0/0
[BDArmory.BDACompetitionMode:196834051]: ACCURACY:PLAID AIF-42C5B LRP_3:0/0:0/0
[BDArmory.BDACompetitionMode:196834051]: ACCURACY:PLAID AIF-42C5C LRP:22/116:0/0
[BDArmory.BDACompetitionMode:196834051]: ACCURACY:PLAID AIF-42C5C LRP_1:0/0:0/0
[BDArmory.BDACompetitionMode:196834051]: ACCURACY:PLAID AIF-42C5C LRP_2:7/130:0/0
[BDArmory.BDACompetitionMode:196834051]: ACCURACY:PLAID AIF-42C5C LRP_3:2/13:0/0
