[BDArmory.BDACompetitionMode:209714949]: Dumping Results after -102s (of 0s) at 2026-08-24 06:10:39 -04:00
[BDArmory.BDACompetitionMode:209714949]: RESULT:Win:{"team": "PLAID ASF-07 CERULEAN OPTIC (DF)", "members": ["PLAID ASF-07 CERULEAN OPTIC (DF)", "PLAID ASF-07 CERULEAN OPTIC (DF)_1", "PLAID ASF-07 CERULEAN OPTIC (DF)_2", "PLAID ASF-07 CERULEAN OPTIC (DF)_3"]}
[BDArmory.BDACompetitionMode:209714949]: DEADTEAMS:[{"team": "OZ-3a", "members": ["OZ-3a", "OZ-3a_1", "OZ-3a_2", "OZ-3a_3"]}]
[BDArmory.BDACompetitionMode:209714949]: ALIVE:PLAID ASF-07 CERULEAN OPTIC (DF)
[BDArmory.BDACompetitionMode:209714949]: ALIVE:PLAID ASF-07 CERULEAN OPTIC (DF)_2
[BDArmory.BDACompetitionMode:209714949]: MIA:PLAID ASF-07 CERULEAN OPTIC (DF)_1
[BDArmory.BDACompetitionMode:209714949]: DEAD:0:10.0:PLAID ASF-07 CERULEAN OPTIC (DF)_3
[BDArmory.BDACompetitionMode:209714949]: DEAD:3:31.0:OZ-3a
[BDArmory.BDACompetitionMode:209714949]: DEAD:4:44.0:OZ-3a_1
[BDArmory.BDACompetitionMode:209714949]: DEAD:2:30.0:OZ-3a_2
[BDArmory.BDACompetitionMode:209714949]: DEAD:1:11.0:OZ-3a_3
[BDArmory.BDACompetitionMode:209714949]: WHOSHOTWHOWITHGUNS:PLAID ASF-07 CERULEAN OPTIC (DF)_1:1:OZ-3a_1
[BDArmory.BDACompetitionMode:209714949]: WHOSHOTWHOWITHGUNS:PLAID ASF-07 CERULEAN OPTIC (DF)_3:1:OZ-3a
[BDArmory.BDACompetitionMode:209714949]: WHOSHOTWHOWITHGUNS:OZ-3a:16:PLAID ASF-07 CERULEAN OPTIC (DF)
[BDArmory.BDACompetitionMode:209714949]: WHOSHOTWHOWITHGUNS:OZ-3a_1:14:PLAID ASF-07 CERULEAN OPTIC (DF)_1:17:PLAID ASF-07 CERULEAN OPTIC (DF):2:PLAID ASF-07 CERULEAN OPTIC (DF)_2
[BDArmory.BDACompetitionMode:209714949]: WHOSHOTWHOWITHGUNS:OZ-3a_2:22:PLAID ASF-07 CERULEAN OPTIC (DF)_2
[BDArmory.BDACompetitionMode:209714949]: WHOSHOTWHOWITHGUNS:OZ-3a_3:16:PLAID ASF-07 CERULEAN OPTIC (DF)_1:6:PLAID ASF-07 CERULEAN OPTIC (DF)
[BDArmory.BDACompetitionMode:209714949]: WHODAMAGEDWHOWITHGUNS:PLAID ASF-07 CERULEAN OPTIC (DF)_1:46.1:OZ-3a_1
[BDArmory.BDACompetitionMode:209714949]: WHODAMAGEDWHOWITHGUNS:PLAID ASF-07 CERULEAN OPTIC (DF)_3:76.8:OZ-3a
[BDArmory.BDACompetitionMode:209714949]: WHODAMAGEDWHOWITHGUNS:OZ-3a:1256.1:PLAID ASF-07 CERULEAN OPTIC (DF)
[BDArmory.BDACompetitionMode:209714949]: WHODAMAGEDWHOWITHGUNS:OZ-3a_1:1018.2:PLAID ASF-07 CERULEAN OPTIC (DF)_1:1304.5:PLAID ASF-07 CERULEAN OPTIC (DF):65.6:PLAID ASF-07 CERULEAN OPTIC (DF)_2
[BDArmory.BDACompetitionMode:209714949]: WHODAMAGEDWHOWITHGUNS:OZ-3a_2:1311.8:PLAID ASF-07 CERULEAN OPTIC (DF)_2
[BDArmory.BDACompetitionMode:209714949]: WHODAMAGEDWHOWITHGUNS:OZ-3a_3:821.9:PLAID ASF-07 CERULEAN OPTIC (DF)_1:387.7:PLAID ASF-07 CERULEAN OPTIC (DF)
[BDArmory.BDACompetitionMode:209714949]: WHODAMAGEDWHOWITHBATTLEDAMAGE:OZ-3a:105.1:PLAID ASF-07 CERULEAN OPTIC (DF)
[BDArmory.BDACompetitionMode:209714949]: WHODAMAGEDWHOWITHBATTLEDAMAGE:OZ-3a_1:119.2:PLAID ASF-07 CERULEAN OPTIC (DF)_1:111.7:PLAID ASF-07 CERULEAN OPTIC (DF)
[BDArmory.BDACompetitionMode:209714949]: WHODAMAGEDWHOWITHBATTLEDAMAGE:OZ-3a_2:139.5:PLAID ASF-07 CERULEAN OPTIC (DF)_2
[BDArmory.BDACompetitionMode:209714949]: WHODAMAGEDWHOWITHBATTLEDAMAGE:OZ-3a_3:22.1:PLAID ASF-07 CERULEAN OPTIC (DF)_1:2.5:PLAID ASF-07 CERULEAN OPTIC (DF)
[BDArmory.BDACompetitionMode:209714949]: CLEANKILLGUNS:PLAID ASF-07 CERULEAN OPTIC (DF)_3:OZ-3a
[BDArmory.BDACompetitionMode:209714949]: HEADSHOTGUNS:OZ-3a_1:PLAID ASF-07 CERULEAN OPTIC (DF)
[BDArmory.BDACompetitionMode:209714949]: CLEANKILLGUNS:OZ-3a_2:PLAID ASF-07 CERULEAN OPTIC (DF)_2
[BDArmory.BDACompetitionMode:209714949]: KILLSTEALGUNS:OZ-3a_3:PLAID ASF-07 CERULEAN OPTIC (DF)_1
[BDArmory.BDACompetitionMode:209714949]: HPLEFT:PLAID ASF-07 CERULEAN OPTIC (DF):101.282051282051
[BDArmory.BDACompetitionMode:209714949]: HPLEFT:PLAID ASF-07 CERULEAN OPTIC (DF)_1:0
[BDArmory.BDACompetitionMode:209714949]: HPLEFT:PLAID ASF-07 CERULEAN OPTIC (DF)_2:101.282051282051
[BDArmory.BDACompetitionMode:209714949]: HPLEFT:PLAID ASF-07 CERULEAN OPTIC (DF)_3:0
[BDArmory.BDACompetitionMode:209714949]: HPLEFT:OZ-3a:0
[BDArmory.BDACompetitionMode:209714949]: HPLEFT:OZ-3a_1:0
[BDArmory.BDACompetitionMode:209714949]: HPLEFT:OZ-3a_2:0
[BDArmory.BDACompetitionMode:209714949]: HPLEFT:OZ-3a_3:0
[BDArmory.BDACompetitionMode:209714949]: ACCURACY:PLAID ASF-07 CERULEAN OPTIC (DF):39/308:0/0
[BDArmory.BDACompetitionMode:209714949]: ACCURACY:PLAID ASF-07 CERULEAN OPTIC (DF)_1:30/150:0/0
[BDArmory.BDACompetitionMode:209714949]: ACCURACY:PLAID ASF-07 CERULEAN OPTIC (DF)_2:24/119:0/0
[BDArmory.BDACompetitionMode:209714949]: ACCURACY:PLAID ASF-07 CERULEAN OPTIC (DF)_3:0/7:0/0
[BDArmory.BDACompetitionMode:209714949]: ACCURACY:OZ-3a:1/30:0/0
[BDArmory.BDACompetitionMode:209714949]: ACCURACY:OZ-3a_1:1/58:0/0
[BDArmory.BDACompetitionMode:209714949]: ACCURACY:OZ-3a_2:0/1:0/0
[BDArmory.BDACompetitionMode:209714949]: ACCURACY:OZ-3a_3:0/0:0/0
