[BDArmory.BDACompetitionMode:196579279]: Dumping Results after 84s (of 0s) at 2026-03-25 05:22:46 -04:00
[BDArmory.BDACompetitionMode:196579279]: RESULT:Win:{"team": "PLAID AIF-42C4 LRP", "members": ["PLAID AIF-42C4 LRP", "PLAID AIF-42C4 LRP_1"]}
[BDArmory.BDACompetitionMode:196579279]: DEADTEAMS:[{"team": "LF-03 Avaria Mk11", "members": ["LF-03 Avaria Mk11", "LF-03 Avaria Mk11_1"]}]
[BDArmory.BDACompetitionMode:196579279]: ALIVE:PLAID AIF-42C4 LRP
[BDArmory.BDACompetitionMode:196579279]: ALIVE:PLAID AIF-42C4 LRP_1
[BDArmory.BDACompetitionMode:196579279]: DEAD:1:73.0:LF-03 Avaria Mk11
[BDArmory.BDACompetitionMode:196579279]: DEAD:0:66.0:LF-03 Avaria Mk11_1
[BDArmory.BDACompetitionMode:196579279]: WHOSHOTWHOWITHGUNS:LF-03 Avaria Mk11:7:PLAID AIF-42C4 LRP_1:1:PLAID AIF-42C4 LRP
[BDArmory.BDACompetitionMode:196579279]: WHOSHOTWHOWITHGUNS:LF-03 Avaria Mk11_1:7:PLAID AIF-42C4 LRP
[BDArmory.BDACompetitionMode:196579279]: WHODAMAGEDWHOWITHGUNS:LF-03 Avaria Mk11:1806.8:PLAID AIF-42C4 LRP_1:300.1:PLAID AIF-42C4 LRP
[BDArmory.BDACompetitionMode:196579279]: WHODAMAGEDWHOWITHGUNS:LF-03 Avaria Mk11_1:1462.4:PLAID AIF-42C4 LRP
[BDArmory.BDACompetitionMode:196579279]: WHOHITWHOWITHMISSILES:LF-03 Avaria Mk11:2:PLAID AIF-42C4 LRP_1:2:PLAID AIF-42C4 LRP
[BDArmory.BDACompetitionMode:196579279]: WHOHITWHOWITHMISSILES:LF-03 Avaria Mk11_1:1:PLAID AIF-42C4 LRP
[BDArmory.BDACompetitionMode:196579279]: WHOPARTSHITWHOWITHMISSILES:LF-03 Avaria Mk11:51:PLAID AIF-42C4 LRP_1:30:PLAID AIF-42C4 LRP
[BDArmory.BDACompetitionMode:196579279]: WHOPARTSHITWHOWITHMISSILES:LF-03 Avaria Mk11_1:47:PLAID AIF-42C4 LRP
[BDArmory.BDACompetitionMode:196579279]: WHODAMAGEDWHOWITHMISSILES:LF-03 Avaria Mk11:26773.8:PLAID AIF-42C4 LRP_1:2747.4:PLAID AIF-42C4 LRP
[BDArmory.BDACompetitionMode:196579279]: WHODAMAGEDWHOWITHMISSILES:LF-03 Avaria Mk11_1:7089.8:PLAID AIF-42C4 LRP
[BDArmory.BDACompetitionMode:196579279]: WHODAMAGEDWHOWITHBATTLEDAMAGE:LF-03 Avaria Mk11:15509.0:PLAID AIF-42C4 LRP_1:5633.6:LF-03 Avaria Mk11
[BDArmory.BDACompetitionMode:196579279]: WHODAMAGEDWHOWITHBATTLEDAMAGE:LF-03 Avaria Mk11_1:9321.2:PLAID AIF-42C4 LRP
[BDArmory.BDACompetitionMode:196579279]: KILLSTEALGUNS:LF-03 Avaria Mk11:PLAID AIF-42C4 LRP_1
[BDArmory.BDACompetitionMode:196579279]: CLEANKILLGUNS:LF-03 Avaria Mk11_1:PLAID AIF-42C4 LRP
[BDArmory.BDACompetitionMode:196579279]: HPLEFT:PLAID AIF-42C4 LRP:100
[BDArmory.BDACompetitionMode:196579279]: HPLEFT:PLAID AIF-42C4 LRP_1:100
[BDArmory.BDACompetitionMode:196579279]: HPLEFT:LF-03 Avaria Mk11:0
[BDArmory.BDACompetitionMode:196579279]: HPLEFT:LF-03 Avaria Mk11_1:0
[BDArmory.BDACompetitionMode:196579279]: ACCURACY:PLAID AIF-42C4 LRP:8/149:0/0
[BDArmory.BDACompetitionMode:196579279]: ACCURACY:PLAID AIF-42C4 LRP_1:7/68:0/0
[BDArmory.BDACompetitionMode:196579279]: ACCURACY:LF-03 Avaria Mk11:0/29:0/0
[BDArmory.BDACompetitionMode:196579279]: ACCURACY:LF-03 Avaria Mk11_1:0/14:0/0
