[BDArmory.BDACompetitionMode:197192131]: Dumping Results after 146s (of 0s) at 2026-04-01 07:38:38 -04:00
[BDArmory.BDACompetitionMode:197192131]: RESULT:Win:{"team": "PLAID AIF-42C5D LRP", "members": ["PLAID AIF-42C5D LRP", "PLAID AIF-42C5D LRP_1", "PLAID AIF-42C5D LRP_2"]}
[BDArmory.BDACompetitionMode:197192131]: DEADTEAMS:[{"team": "PLAID AIF-42C5B LRP", "members": ["PLAID AIF-42C5B LRP", "PLAID AIF-42C5B LRP_1", "PLAID AIF-42C5B LRP_2"]}]
[BDArmory.BDACompetitionMode:197192131]: ALIVE:PLAID AIF-42C5D LRP
[BDArmory.BDACompetitionMode:197192131]: DEAD:4:142.7:PLAID AIF-42C5D LRP_1
[BDArmory.BDACompetitionMode:197192131]: DEAD:2:115.2:PLAID AIF-42C5D LRP_2
[BDArmory.BDACompetitionMode:197192131]: DEAD:3:134.3:PLAID AIF-42C5B LRP
[BDArmory.BDACompetitionMode:197192131]: DEAD:1:98.4:PLAID AIF-42C5B LRP_1
[BDArmory.BDACompetitionMode:197192131]: DEAD:0:78.2:PLAID AIF-42C5B LRP_2
[BDArmory.BDACompetitionMode:197192131]: WHOSHOTWHOWITHGUNS:PLAID AIF-42C5D LRP:5:PLAID AIF-42C5B LRP
[BDArmory.BDACompetitionMode:197192131]: WHOSHOTWHOWITHGUNS:PLAID AIF-42C5D LRP_1:10:PLAID AIF-42C5B LRP
[BDArmory.BDACompetitionMode:197192131]: WHOSHOTWHOWITHGUNS:PLAID AIF-42C5B LRP:4:PLAID AIF-42C5D LRP_2
[BDArmory.BDACompetitionMode:197192131]: WHOSHOTWHOWITHGUNS:PLAID AIF-42C5B LRP_1:11:PLAID AIF-42C5D LRP_2
[BDArmory.BDACompetitionMode:197192131]: WHOSHOTWHOWITHGUNS:PLAID AIF-42C5B LRP_2:11:PLAID AIF-42C5D LRP_2:7:PLAID AIF-42C5D LRP
[BDArmory.BDACompetitionMode:197192131]: WHODAMAGEDWHOWITHGUNS:PLAID AIF-42C5D LRP:1874.1:PLAID AIF-42C5B LRP
[BDArmory.BDACompetitionMode:197192131]: WHODAMAGEDWHOWITHGUNS:PLAID AIF-42C5D LRP_1:2570.0:PLAID AIF-42C5B LRP
[BDArmory.BDACompetitionMode:197192131]: WHODAMAGEDWHOWITHGUNS:PLAID AIF-42C5B LRP:1266.5:PLAID AIF-42C5D LRP_2
[BDArmory.BDACompetitionMode:197192131]: WHODAMAGEDWHOWITHGUNS:PLAID AIF-42C5B LRP_1:3108.7:PLAID AIF-42C5D LRP_2
[BDArmory.BDACompetitionMode:197192131]: WHODAMAGEDWHOWITHGUNS:PLAID AIF-42C5B LRP_2:4271.8:PLAID AIF-42C5D LRP_2:2009.8:PLAID AIF-42C5D LRP
[BDArmory.BDACompetitionMode:197192131]: WHOHITWHOWITHMISSILES:PLAID AIF-42C5D LRP:3:PLAID AIF-42C5B LRP
[BDArmory.BDACompetitionMode:197192131]: WHOHITWHOWITHMISSILES:PLAID AIF-42C5D LRP_2:1:PLAID AIF-42C5D LRP_1
[BDArmory.BDACompetitionMode:197192131]: WHOHITWHOWITHMISSILES:PLAID AIF-42C5B LRP_1:1:PLAID AIF-42C5D LRP_1
[BDArmory.BDACompetitionMode:197192131]: WHOHITWHOWITHMISSILES:PLAID AIF-42C5B LRP_2:2:PLAID AIF-42C5D LRP_2
[BDArmory.BDACompetitionMode:197192131]: WHOPARTSHITWHOWITHMISSILES:PLAID AIF-42C5D LRP:162:PLAID AIF-42C5B LRP
[BDArmory.BDACompetitionMode:197192131]: WHOPARTSHITWHOWITHMISSILES:PLAID AIF-42C5D LRP_2:68:PLAID AIF-42C5D LRP_1
[BDArmory.BDACompetitionMode:197192131]: WHOPARTSHITWHOWITHMISSILES:PLAID AIF-42C5B LRP_1:69:PLAID AIF-42C5D LRP_1
[BDArmory.BDACompetitionMode:197192131]: WHOPARTSHITWHOWITHMISSILES:PLAID AIF-42C5B LRP_2:145:PLAID AIF-42C5D LRP_2
[BDArmory.BDACompetitionMode:197192131]: WHODAMAGEDWHOWITHMISSILES:PLAID AIF-42C5D LRP:30487.8:PLAID AIF-42C5B LRP
[BDArmory.BDACompetitionMode:197192131]: WHODAMAGEDWHOWITHMISSILES:PLAID AIF-42C5D LRP_2:28642.6:PLAID AIF-42C5D LRP_1
[BDArmory.BDACompetitionMode:197192131]: WHODAMAGEDWHOWITHMISSILES:PLAID AIF-42C5B LRP_1:81908.1:PLAID AIF-42C5D LRP_1
[BDArmory.BDACompetitionMode:197192131]: WHODAMAGEDWHOWITHMISSILES:PLAID AIF-42C5B LRP_2:1356.3:PLAID AIF-42C5D LRP_2
[BDArmory.BDACompetitionMode:197192131]: WHODAMAGEDWHOWITHBATTLEDAMAGE:PLAID AIF-42C5D LRP:240.8:PLAID AIF-42C5B LRP
[BDArmory.BDACompetitionMode:197192131]: WHODAMAGEDWHOWITHBATTLEDAMAGE:PLAID AIF-42C5D LRP_1:168.2:PLAID AIF-42C5B LRP:17604.6:PLAID AIF-42C5D LRP_1
[BDArmory.BDACompetitionMode:197192131]: WHODAMAGEDWHOWITHBATTLEDAMAGE:PLAID AIF-42C5B LRP_1:20.1:PLAID AIF-42C5D LRP_1:78.0:PLAID AIF-42C5D LRP_2:8229.5:PLAID AIF-42C5B LRP_1
[BDArmory.BDACompetitionMode:197192131]: WHODAMAGEDWHOWITHBATTLEDAMAGE:PLAID AIF-42C5B LRP_2:350.4:PLAID AIF-42C5D LRP_2:9905.6:PLAID AIF-42C5B LRP_2:297.9:PLAID AIF-42C5D LRP
[BDArmory.BDACompetitionMode:197192131]: GMKILL:PLAID AIF-42C5D LRP_1:GM
[BDArmory.BDACompetitionMode:197192131]: GMKILL:PLAID AIF-42C5D LRP_2:GM
[BDArmory.BDACompetitionMode:197192131]: GMKILL:PLAID AIF-42C5B LRP:BigRedButton
[BDArmory.BDACompetitionMode:197192131]: GMKILL:PLAID AIF-42C5B LRP_1:GM
[BDArmory.BDACompetitionMode:197192131]: GMKILL:PLAID AIF-42C5B LRP_2:GM
[BDArmory.BDACompetitionMode:197192131]: HPLEFT:PLAID AIF-42C5D LRP:68.4210526315789
[BDArmory.BDACompetitionMode:197192131]: HPLEFT:PLAID AIF-42C5D LRP_1:0
[BDArmory.BDACompetitionMode:197192131]: HPLEFT:PLAID AIF-42C5D LRP_2:0
[BDArmory.BDACompetitionMode:197192131]: HPLEFT:PLAID AIF-42C5B LRP:0
[BDArmory.BDACompetitionMode:197192131]: HPLEFT:PLAID AIF-42C5B LRP_1:0
[BDArmory.BDACompetitionMode:197192131]: HPLEFT:PLAID AIF-42C5B LRP_2:0
[BDArmory.BDACompetitionMode:197192131]: ACCURACY:PLAID AIF-42C5D LRP:7/13:0/0
[BDArmory.BDACompetitionMode:197192131]: ACCURACY:PLAID AIF-42C5D LRP_1:0/43:0/0
[BDArmory.BDACompetitionMode:197192131]: ACCURACY:PLAID AIF-42C5D LRP_2:26/108:0/0
[BDArmory.BDACompetitionMode:197192131]: ACCURACY:PLAID AIF-42C5B LRP:15/210:0/0
[BDArmory.BDACompetitionMode:197192131]: ACCURACY:PLAID AIF-42C5B LRP_1:0/7:0/0
[BDArmory.BDACompetitionMode:197192131]: ACCURACY:PLAID AIF-42C5B LRP_2:0/0:0/0
