[BDArmory.BDACompetitionMode:196024723]: Dumping Results after -136s (of 0s) at 2026-03-18 19:21:06 -04:00
[BDArmory.BDACompetitionMode:196024723]: RESULT:Draw:[{"team": "PLAID AIF-42C2 LRP", "members": ["PLAID AIF-42C2 LRP", "PLAID AIF-42C2 LRP_1", "PLAID AIF-42C2 LRP_2"]}, {"team": "PLAID AIF-42C5A LRP", "members": ["PLAID AIF-42C5A LRP", "PLAID AIF-42C5A LRP_1", "PLAID AIF-42C5A LRP_2"]}]
[BDArmory.BDACompetitionMode:196024723]: DEADTEAMS:[]
[BDArmory.BDACompetitionMode:196024723]: DEAD:0:103.0:PLAID AIF-42C2 LRP
[BDArmory.BDACompetitionMode:196024723]: DEAD:2:127.0:PLAID AIF-42C2 LRP_1
[BDArmory.BDACompetitionMode:196024723]: MIA:PLAID AIF-42C2 LRP_2
[BDArmory.BDACompetitionMode:196024723]: DEAD:3:129.0:PLAID AIF-42C5A LRP
[BDArmory.BDACompetitionMode:196024723]: DEAD:1:117.0:PLAID AIF-42C5A LRP_1
[BDArmory.BDACompetitionMode:196024723]: MIA:PLAID AIF-42C5A LRP_2
[BDArmory.BDACompetitionMode:196024723]: WHOSHOTWHOWITHGUNS:PLAID AIF-42C2 LRP:32:PLAID AIF-42C5A LRP
[BDArmory.BDACompetitionMode:196024723]: WHOSHOTWHOWITHGUNS:PLAID AIF-42C2 LRP_1:28:PLAID AIF-42C5A LRP
[BDArmory.BDACompetitionMode:196024723]: WHOSHOTWHOWITHGUNS:PLAID AIF-42C2 LRP_2:1:PLAID AIF-42C5A LRP
[BDArmory.BDACompetitionMode:196024723]: WHOSHOTWHOWITHGUNS:PLAID AIF-42C5A LRP_1:23:PLAID AIF-42C2 LRP_1
[BDArmory.BDACompetitionMode:196024723]: WHODAMAGEDWHOWITHGUNS:PLAID AIF-42C2 LRP:9463.9:PLAID AIF-42C5A LRP
[BDArmory.BDACompetitionMode:196024723]: WHODAMAGEDWHOWITHGUNS:PLAID AIF-42C2 LRP_1:5987.5:PLAID AIF-42C5A LRP
[BDArmory.BDACompetitionMode:196024723]: WHODAMAGEDWHOWITHGUNS:PLAID AIF-42C2 LRP_2:435.4:PLAID AIF-42C5A LRP
[BDArmory.BDACompetitionMode:196024723]: WHODAMAGEDWHOWITHGUNS:PLAID AIF-42C5A LRP_1:6642.2:PLAID AIF-42C2 LRP_1
[BDArmory.BDACompetitionMode:196024723]: WHOHITWHOWITHMISSILES:PLAID AIF-42C2 LRP:1:PLAID AIF-42C5A LRP
[BDArmory.BDACompetitionMode:196024723]: WHOHITWHOWITHMISSILES:PLAID AIF-42C2 LRP_1:2:PLAID AIF-42C5A LRP_2
[BDArmory.BDACompetitionMode:196024723]: WHOHITWHOWITHMISSILES:PLAID AIF-42C2 LRP_2:1:PLAID AIF-42C5A LRP:2:PLAID AIF-42C5A LRP_1
[BDArmory.BDACompetitionMode:196024723]: WHOHITWHOWITHMISSILES:PLAID AIF-42C5A LRP_2:1:PLAID AIF-42C2 LRP
[BDArmory.BDACompetitionMode:196024723]: WHOPARTSHITWHOWITHMISSILES:PLAID AIF-42C2 LRP:65:PLAID AIF-42C5A LRP
[BDArmory.BDACompetitionMode:196024723]: WHOPARTSHITWHOWITHMISSILES:PLAID AIF-42C2 LRP_1:131:PLAID AIF-42C5A LRP_2
[BDArmory.BDACompetitionMode:196024723]: WHOPARTSHITWHOWITHMISSILES:PLAID AIF-42C2 LRP_2:79:PLAID AIF-42C5A LRP:144:PLAID AIF-42C5A LRP_1
[BDArmory.BDACompetitionMode:196024723]: WHOPARTSHITWHOWITHMISSILES:PLAID AIF-42C5A LRP_2:73:PLAID AIF-42C2 LRP
[BDArmory.BDACompetitionMode:196024723]: WHODAMAGEDWHOWITHMISSILES:PLAID AIF-42C2 LRP:21088.3:PLAID AIF-42C5A LRP
[BDArmory.BDACompetitionMode:196024723]: WHODAMAGEDWHOWITHMISSILES:PLAID AIF-42C2 LRP_1:21117.7:PLAID AIF-42C5A LRP_2
[BDArmory.BDACompetitionMode:196024723]: WHODAMAGEDWHOWITHMISSILES:PLAID AIF-42C2 LRP_2:55528.2:PLAID AIF-42C5A LRP_1
[BDArmory.BDACompetitionMode:196024723]: WHODAMAGEDWHOWITHMISSILES:PLAID AIF-42C5A LRP_2:31383.4:PLAID AIF-42C2 LRP
[BDArmory.BDACompetitionMode:196024723]: WHODAMAGEDWHOWITHBATTLEDAMAGE:PLAID AIF-42C2 LRP:218.0:PLAID AIF-42C5A LRP
[BDArmory.BDACompetitionMode:196024723]: WHODAMAGEDWHOWITHBATTLEDAMAGE:PLAID AIF-42C2 LRP_1:18613.0:PLAID AIF-42C5A LRP:10494.0:PLAID AIF-42C2 LRP_1
[BDArmory.BDACompetitionMode:196024723]: WHODAMAGEDWHOWITHBATTLEDAMAGE:PLAID AIF-42C2 LRP_2:408.2:PLAID AIF-42C5A LRP
[BDArmory.BDACompetitionMode:196024723]: WHODAMAGEDWHOWITHBATTLEDAMAGE:PLAID AIF-42C5A LRP:14.5:PLAID AIF-42C5A LRP
[BDArmory.BDACompetitionMode:196024723]: WHODAMAGEDWHOWITHBATTLEDAMAGE:PLAID AIF-42C5A LRP_1:1241.9:PLAID AIF-42C2 LRP_1
[BDArmory.BDACompetitionMode:196024723]: CLEANKILLMISSILES:PLAID AIF-42C2 LRP:PLAID AIF-42C5A LRP
[BDArmory.BDACompetitionMode:196024723]: HEADSHOTGUNS:PLAID AIF-42C2 LRP_1:PLAID AIF-42C5A LRP
[BDArmory.BDACompetitionMode:196024723]: HPLEFT:PLAID AIF-42C2 LRP:0
[BDArmory.BDACompetitionMode:196024723]: HPLEFT:PLAID AIF-42C2 LRP_1:0
[BDArmory.BDACompetitionMode:196024723]: HPLEFT:PLAID AIF-42C2 LRP_2:34.5238095238095
[BDArmory.BDACompetitionMode:196024723]: HPLEFT:PLAID AIF-42C5A LRP:0
[BDArmory.BDACompetitionMode:196024723]: HPLEFT:PLAID AIF-42C5A LRP_1:0
[BDArmory.BDACompetitionMode:196024723]: HPLEFT:PLAID AIF-42C5A LRP_2:70.7317073170732
[BDArmory.BDACompetitionMode:196024723]: ACCURACY:PLAID AIF-42C2 LRP:0/45:0/0
[BDArmory.BDACompetitionMode:196024723]: ACCURACY:PLAID AIF-42C2 LRP_1:23/317:0/0
[BDArmory.BDACompetitionMode:196024723]: ACCURACY:PLAID AIF-42C2 LRP_2:0/0:0/0
[BDArmory.BDACompetitionMode:196024723]: ACCURACY:PLAID AIF-42C5A LRP:61/347:0/0
[BDArmory.BDACompetitionMode:196024723]: ACCURACY:PLAID AIF-42C5A LRP_1:0/39:0/0
[BDArmory.BDACompetitionMode:196024723]: ACCURACY:PLAID AIF-42C5A LRP_2:0/36:0/0
