[BDArmory.BDACompetitionMode:197198711]: Dumping Results after 121s (of 0s) at 2026-04-01 09:31:25 -04:00
[BDArmory.BDACompetitionMode:197198711]: RESULT:Win:{"team": "PLAID AIF-42C5D LRP", "members": ["PLAID AIF-42C5D LRP", "PLAID AIF-42C5D LRP_1", "PLAID AIF-42C5D LRP_2"]}
[BDArmory.BDACompetitionMode:197198711]: DEADTEAMS:[{"team": "PLAID AIF-42C5B LRP", "members": ["PLAID AIF-42C5B LRP", "PLAID AIF-42C5B LRP_1", "PLAID AIF-42C5B LRP_2"]}]
[BDArmory.BDACompetitionMode:197198711]: ALIVE:PLAID AIF-42C5D LRP
[BDArmory.BDACompetitionMode:197198711]: ALIVE:PLAID AIF-42C5D LRP_1
[BDArmory.BDACompetitionMode:197198711]: ALIVE:PLAID AIF-42C5D LRP_2
[BDArmory.BDACompetitionMode:197198711]: DEAD:1:95.0:PLAID AIF-42C5B LRP
[BDArmory.BDACompetitionMode:197198711]: DEAD:0:82.0:PLAID AIF-42C5B LRP_1
[BDArmory.BDACompetitionMode:197198711]: DEAD:2:110.0:PLAID AIF-42C5B LRP_2
[BDArmory.BDACompetitionMode:197198711]: WHOSHOTWHOWITHGUNS:PLAID AIF-42C5D LRP_1:2:PLAID AIF-42C5B LRP_2
[BDArmory.BDACompetitionMode:197198711]: WHOSHOTWHOWITHGUNS:PLAID AIF-42C5B LRP:9:PLAID AIF-42C5D LRP
[BDArmory.BDACompetitionMode:197198711]: WHOSHOTWHOWITHGUNS:PLAID AIF-42C5B LRP_2:3:PLAID AIF-42C5D LRP:3:PLAID AIF-42C5D LRP_1:2:PLAID AIF-42C5D LRP_2
[BDArmory.BDACompetitionMode:197198711]: WHODAMAGEDWHOWITHGUNS:PLAID AIF-42C5D LRP_1:1233.4:PLAID AIF-42C5B LRP_2
[BDArmory.BDACompetitionMode:197198711]: WHODAMAGEDWHOWITHGUNS:PLAID AIF-42C5B LRP:3807.2:PLAID AIF-42C5D LRP
[BDArmory.BDACompetitionMode:197198711]: WHODAMAGEDWHOWITHGUNS:PLAID AIF-42C5B LRP_2:925.7:PLAID AIF-42C5D LRP:1395.9:PLAID AIF-42C5D LRP_1:188.1:PLAID AIF-42C5D LRP_2
[BDArmory.BDACompetitionMode:197198711]: WHOHITWHOWITHMISSILES:PLAID AIF-42C5B LRP:2:PLAID AIF-42C5D LRP:1:PLAID AIF-42C5D LRP_1
[BDArmory.BDACompetitionMode:197198711]: WHOHITWHOWITHMISSILES:PLAID AIF-42C5B LRP_1:2:PLAID AIF-42C5D LRP_1:1:PLAID AIF-42C5D LRP
[BDArmory.BDACompetitionMode:197198711]: WHOHITWHOWITHMISSILES:PLAID AIF-42C5B LRP_2:1:PLAID AIF-42C5D LRP:2:PLAID AIF-42C5D LRP_2
[BDArmory.BDACompetitionMode:197198711]: WHOPARTSHITWHOWITHMISSILES:PLAID AIF-42C5B LRP:127:PLAID AIF-42C5D LRP:40:PLAID AIF-42C5D LRP_1
[BDArmory.BDACompetitionMode:197198711]: WHOPARTSHITWHOWITHMISSILES:PLAID AIF-42C5B LRP_1:82:PLAID AIF-42C5D LRP_1:43:PLAID AIF-42C5D LRP
[BDArmory.BDACompetitionMode:197198711]: WHOPARTSHITWHOWITHMISSILES:PLAID AIF-42C5B LRP_2:74:PLAID AIF-42C5D LRP:104:PLAID AIF-42C5D LRP_2
[BDArmory.BDACompetitionMode:197198711]: WHODAMAGEDWHOWITHMISSILES:PLAID AIF-42C5B LRP:24655.3:PLAID AIF-42C5D LRP:11947.4:PLAID AIF-42C5D LRP_1
[BDArmory.BDACompetitionMode:197198711]: WHODAMAGEDWHOWITHMISSILES:PLAID AIF-42C5B LRP_1:37513.0:PLAID AIF-42C5D LRP_1:8581.4:PLAID AIF-42C5D LRP
[BDArmory.BDACompetitionMode:197198711]: WHODAMAGEDWHOWITHMISSILES:PLAID AIF-42C5B LRP_2:22929.5:PLAID AIF-42C5D LRP
[BDArmory.BDACompetitionMode:197198711]: WHODAMAGEDWHOWITHBATTLEDAMAGE:PLAID AIF-42C5D LRP_1:243.6:PLAID AIF-42C5B LRP_2
[BDArmory.BDACompetitionMode:197198711]: WHODAMAGEDWHOWITHBATTLEDAMAGE:PLAID AIF-42C5B LRP:127.3:PLAID AIF-42C5D LRP
[BDArmory.BDACompetitionMode:197198711]: WHODAMAGEDWHOWITHBATTLEDAMAGE:PLAID AIF-42C5B LRP_2:115.6:PLAID AIF-42C5D LRP_1:40.0:PLAID AIF-42C5D LRP:6.5:PLAID AIF-42C5D LRP_2
[BDArmory.BDACompetitionMode:197198711]: KILLSTEALMISSILES:PLAID AIF-42C5B LRP:PLAID AIF-42C5D LRP_1
[BDArmory.BDACompetitionMode:197198711]: KILLSTEALMISSILES:PLAID AIF-42C5B LRP_1:PLAID AIF-42C5D LRP_1
[BDArmory.BDACompetitionMode:197198711]: KILLSTEALGUNS:PLAID AIF-42C5B LRP_2:PLAID AIF-42C5D LRP
[BDArmory.BDACompetitionMode:197198711]: HPLEFT:PLAID AIF-42C5D LRP:100
[BDArmory.BDACompetitionMode:197198711]: HPLEFT:PLAID AIF-42C5D LRP_1:97.3684210526316
[BDArmory.BDACompetitionMode:197198711]: HPLEFT:PLAID AIF-42C5D LRP_2:100
[BDArmory.BDACompetitionMode:197198711]: HPLEFT:PLAID AIF-42C5B LRP:0
[BDArmory.BDACompetitionMode:197198711]: HPLEFT:PLAID AIF-42C5B LRP_1:0
[BDArmory.BDACompetitionMode:197198711]: HPLEFT:PLAID AIF-42C5B LRP_2:0
[BDArmory.BDACompetitionMode:197198711]: ACCURACY:PLAID AIF-42C5D LRP:12/181:0/0
[BDArmory.BDACompetitionMode:197198711]: ACCURACY:PLAID AIF-42C5D LRP_1:3/80:0/0
[BDArmory.BDACompetitionMode:197198711]: ACCURACY:PLAID AIF-42C5D LRP_2:2/112:0/0
[BDArmory.BDACompetitionMode:197198711]: ACCURACY:PLAID AIF-42C5B LRP:0/106:0/0
[BDArmory.BDACompetitionMode:197198711]: ACCURACY:PLAID AIF-42C5B LRP_1:0/0:0/0
[BDArmory.BDACompetitionMode:197198711]: ACCURACY:PLAID AIF-42C5B LRP_2:2/76:0/0
