[BDArmory.BDACompetitionMode:197194454]: Dumping Results after 155s (of 0s) at 2026-04-01 08:20:11 -04:00
[BDArmory.BDACompetitionMode:197194454]: RESULT:Win:{"team": "PLAID AIF-42C5D LRP", "members": ["PLAID AIF-42C5D LRP", "PLAID AIF-42C5D LRP_1", "PLAID AIF-42C5D LRP_2"]}
[BDArmory.BDACompetitionMode:197194454]: DEADTEAMS:[{"team": "PLAID AIF-42C5B LRP", "members": ["PLAID AIF-42C5B LRP", "PLAID AIF-42C5B LRP_1", "PLAID AIF-42C5B LRP_2"]}]
[BDArmory.BDACompetitionMode:197194454]: ALIVE:PLAID AIF-42C5D LRP
[BDArmory.BDACompetitionMode:197194454]: ALIVE:PLAID AIF-42C5D LRP_1
[BDArmory.BDACompetitionMode:197194454]: DEAD:3:143.7:PLAID AIF-42C5B LRP
[BDArmory.BDACompetitionMode:197194454]: DEAD:1:74.0:PLAID AIF-42C5B LRP_1
[BDArmory.BDACompetitionMode:197194454]: DEAD:0:69.0:PLAID AIF-42C5B LRP_2
[BDArmory.BDACompetitionMode:197194454]: DEAD:2:107.0:PLAID AIF-42C5D LRP_2
[BDArmory.BDACompetitionMode:197194454]: WHOSHOTWHOWITHGUNS:PLAID AIF-42C5B LRP:23:PLAID AIF-42C5D LRP
[BDArmory.BDACompetitionMode:197194454]: WHOSHOTWHOWITHGUNS:PLAID AIF-42C5B LRP_2:6:PLAID AIF-42C5D LRP
[BDArmory.BDACompetitionMode:197194454]: WHOSHOTWHOWITHGUNS:PLAID AIF-42C5D LRP_1:10:PLAID AIF-42C5B LRP
[BDArmory.BDACompetitionMode:197194454]: WHOSHOTWHOWITHGUNS:PLAID AIF-42C5D LRP_2:27:PLAID AIF-42C5B LRP
[BDArmory.BDACompetitionMode:197194454]: WHODAMAGEDWHOWITHGUNS:PLAID AIF-42C5B LRP:6737.4:PLAID AIF-42C5D LRP
[BDArmory.BDACompetitionMode:197194454]: WHODAMAGEDWHOWITHGUNS:PLAID AIF-42C5B LRP_2:2379.4:PLAID AIF-42C5D LRP
[BDArmory.BDACompetitionMode:197194454]: WHODAMAGEDWHOWITHGUNS:PLAID AIF-42C5D LRP_1:3232.7:PLAID AIF-42C5B LRP
[BDArmory.BDACompetitionMode:197194454]: WHODAMAGEDWHOWITHGUNS:PLAID AIF-42C5D LRP_2:6563.5:PLAID AIF-42C5B LRP
[BDArmory.BDACompetitionMode:197194454]: WHOHITWHOWITHMISSILES:PLAID AIF-42C5B LRP:1:PLAID AIF-42C5D LRP_1
[BDArmory.BDACompetitionMode:197194454]: WHOHITWHOWITHMISSILES:PLAID AIF-42C5B LRP_1:1:PLAID AIF-42C5D LRP
[BDArmory.BDACompetitionMode:197194454]: WHOHITWHOWITHMISSILES:PLAID AIF-42C5B LRP_2:1:PLAID AIF-42C5D LRP
[BDArmory.BDACompetitionMode:197194454]: WHOHITWHOWITHMISSILES:PLAID AIF-42C5D LRP:1:PLAID AIF-42C5B LRP_2
[BDArmory.BDACompetitionMode:197194454]: WHOHITWHOWITHMISSILES:PLAID AIF-42C5D LRP_1:2:PLAID AIF-42C5B LRP_1
[BDArmory.BDACompetitionMode:197194454]: WHOPARTSHITWHOWITHMISSILES:PLAID AIF-42C5B LRP:63:PLAID AIF-42C5D LRP_1
[BDArmory.BDACompetitionMode:197194454]: WHOPARTSHITWHOWITHMISSILES:PLAID AIF-42C5B LRP_1:67:PLAID AIF-42C5D LRP
[BDArmory.BDACompetitionMode:197194454]: WHOPARTSHITWHOWITHMISSILES:PLAID AIF-42C5B LRP_2:74:PLAID AIF-42C5D LRP
[BDArmory.BDACompetitionMode:197194454]: WHOPARTSHITWHOWITHMISSILES:PLAID AIF-42C5D LRP:70:PLAID AIF-42C5B LRP_2
[BDArmory.BDACompetitionMode:197194454]: WHOPARTSHITWHOWITHMISSILES:PLAID AIF-42C5D LRP_1:127:PLAID AIF-42C5B LRP_1
[BDArmory.BDACompetitionMode:197194454]: WHODAMAGEDWHOWITHMISSILES:PLAID AIF-42C5B LRP:3163.1:PLAID AIF-42C5D LRP_1
[BDArmory.BDACompetitionMode:197194454]: WHODAMAGEDWHOWITHMISSILES:PLAID AIF-42C5B LRP_1:43144.0:PLAID AIF-42C5D LRP
[BDArmory.BDACompetitionMode:197194454]: WHODAMAGEDWHOWITHMISSILES:PLAID AIF-42C5B LRP_2:11842.8:PLAID AIF-42C5D LRP
[BDArmory.BDACompetitionMode:197194454]: WHODAMAGEDWHOWITHMISSILES:PLAID AIF-42C5D LRP:65089.9:PLAID AIF-42C5B LRP_2
[BDArmory.BDACompetitionMode:197194454]: WHODAMAGEDWHOWITHMISSILES:PLAID AIF-42C5D LRP_1:19073.1:PLAID AIF-42C5B LRP_1
[BDArmory.BDACompetitionMode:197194454]: WHODAMAGEDWHOWITHBATTLEDAMAGE:PLAID AIF-42C5B LRP:377.9:PLAID AIF-42C5D LRP:5.3:PLAID AIF-42C5D LRP_2
[BDArmory.BDACompetitionMode:197194454]: WHODAMAGEDWHOWITHBATTLEDAMAGE:PLAID AIF-42C5B LRP_1:40403.4:PLAID AIF-42C5D LRP
[BDArmory.BDACompetitionMode:197194454]: WHODAMAGEDWHOWITHBATTLEDAMAGE:PLAID AIF-42C5B LRP_2:221.4:PLAID AIF-42C5D LRP:25791.6:PLAID AIF-42C5B LRP_2
[BDArmory.BDACompetitionMode:197194454]: WHODAMAGEDWHOWITHBATTLEDAMAGE:PLAID AIF-42C5D LRP_1:200.2:PLAID AIF-42C5B LRP
[BDArmory.BDACompetitionMode:197194454]: WHODAMAGEDWHOWITHBATTLEDAMAGE:PLAID AIF-42C5D LRP_2:60.9:PLAID AIF-42C5B LRP:18218.6:PLAID AIF-42C5D LRP_2
[BDArmory.BDACompetitionMode:197194454]: GMKILL:PLAID AIF-42C5B LRP:GM
[BDArmory.BDACompetitionMode:197194454]: CLEANKILLMISSILES:PLAID AIF-42C5B LRP_1:PLAID AIF-42C5D LRP
[BDArmory.BDACompetitionMode:197194454]: CLEANKILLGUNS:PLAID AIF-42C5D LRP_2:PLAID AIF-42C5B LRP
[BDArmory.BDACompetitionMode:197194454]: HPLEFT:PLAID AIF-42C5B LRP:0
[BDArmory.BDACompetitionMode:197194454]: HPLEFT:PLAID AIF-42C5B LRP_1:0
[BDArmory.BDACompetitionMode:197194454]: HPLEFT:PLAID AIF-42C5B LRP_2:0
[BDArmory.BDACompetitionMode:197194454]: HPLEFT:PLAID AIF-42C5D LRP:68.4210526315789
[BDArmory.BDACompetitionMode:197194454]: HPLEFT:PLAID AIF-42C5D LRP_1:72.3684210526316
[BDArmory.BDACompetitionMode:197194454]: HPLEFT:PLAID AIF-42C5D LRP_2:0
[BDArmory.BDACompetitionMode:197194454]: ACCURACY:PLAID AIF-42C5B LRP:37/391:0/0
[BDArmory.BDACompetitionMode:197194454]: ACCURACY:PLAID AIF-42C5B LRP_1:0/0:0/0
[BDArmory.BDACompetitionMode:197194454]: ACCURACY:PLAID AIF-42C5B LRP_2:0/0:0/0
[BDArmory.BDACompetitionMode:197194454]: ACCURACY:PLAID AIF-42C5D LRP:29/185:0/0
[BDArmory.BDACompetitionMode:197194454]: ACCURACY:PLAID AIF-42C5D LRP_1:0/0:0/0
[BDArmory.BDACompetitionMode:197194454]: ACCURACY:PLAID AIF-42C5D LRP_2:0/15:0/0
