[BDArmory.BDACompetitionMode:198013912]: Dumping Results after -8s (of 0s) at 2026-04-10 19:53:08 -04:00
[BDArmory.BDACompetitionMode:198013912]: RESULT:Draw:[{"team": "PLAID AIF-42C5B LRP", "members": ["PLAID AIF-42C5B LRP", "PLAID AIF-42C5B LRP_1"]}, {"team": "AIF-37A", "members": ["AIF-37A", "AIF-37A_1"]}]
[BDArmory.BDACompetitionMode:198013912]: DEADTEAMS:[]
[BDArmory.BDACompetitionMode:198013912]: ALIVE:PLAID AIF-42C5B LRP
[BDArmory.BDACompetitionMode:198013912]: ALIVE:PLAID AIF-42C5B LRP_1
[BDArmory.BDACompetitionMode:198013912]: ALIVE:AIF-37A
[BDArmory.BDACompetitionMode:198013912]: ALIVE:AIF-37A_1
[BDArmory.BDACompetitionMode:198013912]: WHOHITWHOWITHMISSILES:PLAID AIF-42C5B LRP:1:AIF-37A
[BDArmory.BDACompetitionMode:198013912]: WHOHITWHOWITHMISSILES:AIF-37A:2:PLAID AIF-42C5B LRP:2:PLAID AIF-42C5B LRP_1
[BDArmory.BDACompetitionMode:198013912]: WHOHITWHOWITHMISSILES:AIF-37A_1:1:PLAID AIF-42C5B LRP_1:1:PLAID AIF-42C5B LRP
[BDArmory.BDACompetitionMode:198013912]: WHOPARTSHITWHOWITHMISSILES:PLAID AIF-42C5B LRP:73:AIF-37A
[BDArmory.BDACompetitionMode:198013912]: WHOPARTSHITWHOWITHMISSILES:AIF-37A:161:PLAID AIF-42C5B LRP:112:PLAID AIF-42C5B LRP_1
[BDArmory.BDACompetitionMode:198013912]: WHOPARTSHITWHOWITHMISSILES:AIF-37A_1:83:PLAID AIF-42C5B LRP_1:55:PLAID AIF-42C5B LRP
[BDArmory.BDACompetitionMode:198013912]: WHODAMAGEDWHOWITHMISSILES:PLAID AIF-42C5B LRP:836.7:AIF-37A
[BDArmory.BDACompetitionMode:198013912]: WHODAMAGEDWHOWITHMISSILES:AIF-37A:796.1:PLAID AIF-42C5B LRP:36238.8:PLAID AIF-42C5B LRP_1
[BDArmory.BDACompetitionMode:198013912]: WHODAMAGEDWHOWITHMISSILES:AIF-37A_1:20080.1:PLAID AIF-42C5B LRP_1
[BDArmory.BDACompetitionMode:198013912]: HPLEFT:PLAID AIF-42C5B LRP:98.75
[BDArmory.BDACompetitionMode:198013912]: HPLEFT:PLAID AIF-42C5B LRP_1:100
[BDArmory.BDACompetitionMode:198013912]: HPLEFT:AIF-37A:42.8571428571429
[BDArmory.BDACompetitionMode:198013912]: HPLEFT:AIF-37A_1:69.0476190476191
[BDArmory.BDACompetitionMode:198013912]: ACCURACY:PLAID AIF-42C5B LRP:0/0:0/0
[BDArmory.BDACompetitionMode:198013912]: ACCURACY:PLAID AIF-42C5B LRP_1:0/0:0/0
[BDArmory.BDACompetitionMode:198013912]: ACCURACY:AIF-37A:0/0:0/0
[BDArmory.BDACompetitionMode:198013912]: ACCURACY:AIF-37A_1:0/0:0/0
