[BDArmory.BDACompetitionMode:200977891]: Dumping Results after 101s (of 0s) at 2026-05-15 03:14:26 -04:00
[BDArmory.BDACompetitionMode:200977891]: RESULT:Win:{"team": "AIF-38C", "members": ["AIF-38C", "AIF-38C_1"]}
[BDArmory.BDACompetitionMode:200977891]: DEADTEAMS:[{"team": "AL-27 Kallistemon", "members": ["AL-27 Kallistemon", "AL-27 Kallistemon_1"]}]
[BDArmory.BDACompetitionMode:200977891]: ALIVE:AIF-38C_1
[BDArmory.BDACompetitionMode:200977891]: DEAD:1:76.0:AL-27 Kallistemon
[BDArmory.BDACompetitionMode:200977891]: DEAD:2:91.0:AL-27 Kallistemon_1
[BDArmory.BDACompetitionMode:200977891]: DEAD:0:69.0:AIF-38C
[BDArmory.BDACompetitionMode:200977891]: WHOHITWHOWITHMISSILES:AL-27 Kallistemon:2:AIF-38C:1:AIF-38C_1
[BDArmory.BDACompetitionMode:200977891]: WHOHITWHOWITHMISSILES:AL-27 Kallistemon_1:1:AIF-38C:1:AIF-38C_1
[BDArmory.BDACompetitionMode:200977891]: WHOHITWHOWITHMISSILES:AIF-38C:1:AL-27 Kallistemon:1:AL-27 Kallistemon_1
[BDArmory.BDACompetitionMode:200977891]: WHOPARTSHITWHOWITHMISSILES:AL-27 Kallistemon:180:AIF-38C:132:AIF-38C_1
[BDArmory.BDACompetitionMode:200977891]: WHOPARTSHITWHOWITHMISSILES:AL-27 Kallistemon_1:140:AIF-38C:60:AIF-38C_1
[BDArmory.BDACompetitionMode:200977891]: WHOPARTSHITWHOWITHMISSILES:AIF-38C:100:AL-27 Kallistemon:91:AL-27 Kallistemon_1
[BDArmory.BDACompetitionMode:200977891]: WHODAMAGEDWHOWITHMISSILES:AL-27 Kallistemon:319409.5:AIF-38C:72664.5:AIF-38C_1
[BDArmory.BDACompetitionMode:200977891]: WHODAMAGEDWHOWITHMISSILES:AL-27 Kallistemon_1:54027.9:AIF-38C:76544.3:AIF-38C_1
[BDArmory.BDACompetitionMode:200977891]: WHODAMAGEDWHOWITHMISSILES:AIF-38C:10744.0:AL-27 Kallistemon:43373.8:AL-27 Kallistemon_1
[BDArmory.BDACompetitionMode:200977891]: WHODAMAGEDWHOWITHBATTLEDAMAGE:AL-27 Kallistemon_1:42124.0:AIF-38C_1
[BDArmory.BDACompetitionMode:200977891]: WHODAMAGEDWHOWITHBATTLEDAMAGE:AIF-38C:17605.1:AL-27 Kallistemon_1
[BDArmory.BDACompetitionMode:200977891]: HEADSHOTMISSILES:AL-27 Kallistemon:AIF-38C
[BDArmory.BDACompetitionMode:200977891]: HEADSHOTMISSILES:AL-27 Kallistemon_1:AIF-38C_1
[BDArmory.BDACompetitionMode:200977891]: KILLSTEALMISSILES:AIF-38C:AL-27 Kallistemon_1
[BDArmory.BDACompetitionMode:200977891]: HPLEFT:AL-27 Kallistemon:0
[BDArmory.BDACompetitionMode:200977891]: HPLEFT:AL-27 Kallistemon_1:0
[BDArmory.BDACompetitionMode:200977891]: HPLEFT:AIF-38C:0
[BDArmory.BDACompetitionMode:200977891]: HPLEFT:AIF-38C_1:100
[BDArmory.BDACompetitionMode:200977891]: ACCURACY:AL-27 Kallistemon:0/0:0/0
[BDArmory.BDACompetitionMode:200977891]: ACCURACY:AL-27 Kallistemon_1:0/0:0/0
[BDArmory.BDACompetitionMode:200977891]: ACCURACY:AIF-38C:0/0:0/0
[BDArmory.BDACompetitionMode:200977891]: ACCURACY:AIF-38C_1:0/0:0/0
