[BDArmory.BDACompetitionMode:196833164]: Dumping Results after 136s (of 0s) at 2026-03-28 03:55:31 -04:00
[BDArmory.BDACompetitionMode:196833164]: RESULT:Win:{"team": "PLAID AIF-42C5B LRP", "members": ["PLAID AIF-42C5B LRP", "PLAID AIF-42C5B LRP_1", "PLAID AIF-42C5B LRP_2", "PLAID AIF-42C5B LRP_3"]}
[BDArmory.BDACompetitionMode:196833164]: DEADTEAMS:[{"team": "PLAID AIF-42C5C LRP", "members": ["PLAID AIF-42C5C LRP", "PLAID AIF-42C5C LRP_1", "PLAID AIF-42C5C LRP_2", "PLAID AIF-42C5C LRP_3"]}]
[BDArmory.BDACompetitionMode:196833164]: ALIVE:PLAID AIF-42C5B LRP
[BDArmory.BDACompetitionMode:196833164]: ALIVE:PLAID AIF-42C5B LRP_1
[BDArmory.BDACompetitionMode:196833164]: ALIVE:PLAID AIF-42C5B LRP_2
[BDArmory.BDACompetitionMode:196833164]: ALIVE:PLAID AIF-42C5B LRP_3
[BDArmory.BDACompetitionMode:196833164]: DEAD:2:120.0:PLAID AIF-42C5C LRP
[BDArmory.BDACompetitionMode:196833164]: DEAD:0:71.0:PLAID AIF-42C5C LRP_1
[BDArmory.BDACompetitionMode:196833164]: DEAD:3:125.0:PLAID AIF-42C5C LRP_2
[BDArmory.BDACompetitionMode:196833164]: DEAD:1:102.0:PLAID AIF-42C5C LRP_3
[BDArmory.BDACompetitionMode:196833164]: WHOSHOTWHOWITHGUNS:PLAID AIF-42C5C LRP:9:PLAID AIF-42C5B LRP_3
[BDArmory.BDACompetitionMode:196833164]: WHOSHOTWHOWITHGUNS:PLAID AIF-42C5C LRP_2:15:PLAID AIF-42C5B LRP:1:PLAID AIF-42C5B LRP_2
[BDArmory.BDACompetitionMode:196833164]: WHOSHOTWHOWITHGUNS:PLAID AIF-42C5C LRP_3:3:PLAID AIF-42C5B LRP_2
[BDArmory.BDACompetitionMode:196833164]: WHODAMAGEDWHOWITHGUNS:PLAID AIF-42C5C LRP:2435.7:PLAID AIF-42C5B LRP_3
[BDArmory.BDACompetitionMode:196833164]: WHODAMAGEDWHOWITHGUNS:PLAID AIF-42C5C LRP_2:4290.5:PLAID AIF-42C5B LRP:236.5:PLAID AIF-42C5B LRP_2
[BDArmory.BDACompetitionMode:196833164]: WHODAMAGEDWHOWITHGUNS:PLAID AIF-42C5C LRP_3:1200.1:PLAID AIF-42C5B LRP_2
[BDArmory.BDACompetitionMode:196833164]: WHOHITWHOWITHMISSILES:PLAID AIF-42C5C LRP:1:PLAID AIF-42C5B LRP_1:1:PLAID AIF-42C5B LRP_3
[BDArmory.BDACompetitionMode:196833164]: WHOHITWHOWITHMISSILES:PLAID AIF-42C5C LRP_1:1:PLAID AIF-42C5B LRP_3
[BDArmory.BDACompetitionMode:196833164]: WHOHITWHOWITHMISSILES:PLAID AIF-42C5C LRP_2:3:PLAID AIF-42C5B LRP
[BDArmory.BDACompetitionMode:196833164]: WHOHITWHOWITHMISSILES:PLAID AIF-42C5C LRP_3:2:PLAID AIF-42C5B LRP_2:2:PLAID AIF-42C5B LRP_3
[BDArmory.BDACompetitionMode:196833164]: WHOHITWHOWITHMISSILES:PLAID AIF-42C5B LRP_2:1:PLAID AIF-42C5B LRP_3
[BDArmory.BDACompetitionMode:196833164]: WHOPARTSHITWHOWITHMISSILES:PLAID AIF-42C5C LRP:49:PLAID AIF-42C5B LRP_1:27:PLAID AIF-42C5B LRP_3
[BDArmory.BDACompetitionMode:196833164]: WHOPARTSHITWHOWITHMISSILES:PLAID AIF-42C5C LRP_1:75:PLAID AIF-42C5B LRP_3
[BDArmory.BDACompetitionMode:196833164]: WHOPARTSHITWHOWITHMISSILES:PLAID AIF-42C5C LRP_2:25:PLAID AIF-42C5B LRP
[BDArmory.BDACompetitionMode:196833164]: WHOPARTSHITWHOWITHMISSILES:PLAID AIF-42C5C LRP_3:77:PLAID AIF-42C5B LRP_2:64:PLAID AIF-42C5B LRP_3
[BDArmory.BDACompetitionMode:196833164]: WHOPARTSHITWHOWITHMISSILES:PLAID AIF-42C5B LRP_2:66:PLAID AIF-42C5B LRP_3
[BDArmory.BDACompetitionMode:196833164]: WHODAMAGEDWHOWITHMISSILES:PLAID AIF-42C5C LRP:38261.1:PLAID AIF-42C5B LRP_1:7055.4:PLAID AIF-42C5B LRP_3
[BDArmory.BDACompetitionMode:196833164]: WHODAMAGEDWHOWITHMISSILES:PLAID AIF-42C5C LRP_1:60589.8:PLAID AIF-42C5B LRP_3
[BDArmory.BDACompetitionMode:196833164]: WHODAMAGEDWHOWITHMISSILES:PLAID AIF-42C5C LRP_2:7923.3:PLAID AIF-42C5B LRP
[BDArmory.BDACompetitionMode:196833164]: WHODAMAGEDWHOWITHMISSILES:PLAID AIF-42C5C LRP_3:47444.3:PLAID AIF-42C5B LRP_2
[BDArmory.BDACompetitionMode:196833164]: WHODAMAGEDWHOWITHMISSILES:PLAID AIF-42C5B LRP_2:12184.8:PLAID AIF-42C5B LRP_3
[BDArmory.BDACompetitionMode:196833164]: WHODAMAGEDWHOWITHBATTLEDAMAGE:PLAID AIF-42C5C LRP:68.7:PLAID AIF-42C5B LRP_3:808.5:PLAID AIF-42C5C LRP
[BDArmory.BDACompetitionMode:196833164]: WHODAMAGEDWHOWITHBATTLEDAMAGE:PLAID AIF-42C5C LRP_1:9704.8:PLAID AIF-42C5B LRP_3
[BDArmory.BDACompetitionMode:196833164]: WHODAMAGEDWHOWITHBATTLEDAMAGE:PLAID AIF-42C5C LRP_2:449.6:PLAID AIF-42C5B LRP:29412.6:PLAID AIF-42C5C LRP_2
[BDArmory.BDACompetitionMode:196833164]: WHODAMAGEDWHOWITHBATTLEDAMAGE:PLAID AIF-42C5C LRP_3:147.9:PLAID AIF-42C5B LRP_3:353.6:PLAID AIF-42C5B LRP_2:18609.9:PLAID AIF-42C5C LRP_3
[BDArmory.BDACompetitionMode:196833164]: HEADSHOTGUNS:PLAID AIF-42C5C LRP:PLAID AIF-42C5B LRP_3
[BDArmory.BDACompetitionMode:196833164]: CLEANKILLMISSILES:PLAID AIF-42C5C LRP_1:PLAID AIF-42C5B LRP_3
[BDArmory.BDACompetitionMode:196833164]: HEADSHOTGUNS:PLAID AIF-42C5C LRP_2:PLAID AIF-42C5B LRP_2
[BDArmory.BDACompetitionMode:196833164]: KILLSTEALMISSILES:PLAID AIF-42C5C LRP_3:PLAID AIF-42C5B LRP_2
[BDArmory.BDACompetitionMode:196833164]: HPLEFT:PLAID AIF-42C5C LRP:0
[BDArmory.BDACompetitionMode:196833164]: HPLEFT:PLAID AIF-42C5C LRP_1:0
[BDArmory.BDACompetitionMode:196833164]: HPLEFT:PLAID AIF-42C5C LRP_2:0
[BDArmory.BDACompetitionMode:196833164]: HPLEFT:PLAID AIF-42C5C LRP_3:0
[BDArmory.BDACompetitionMode:196833164]: HPLEFT:PLAID AIF-42C5B LRP:100
[BDArmory.BDACompetitionMode:196833164]: HPLEFT:PLAID AIF-42C5B LRP_1:100
[BDArmory.BDACompetitionMode:196833164]: HPLEFT:PLAID AIF-42C5B LRP_2:76.25
[BDArmory.BDACompetitionMode:196833164]: HPLEFT:PLAID AIF-42C5B LRP_3:100
[BDArmory.BDACompetitionMode:196833164]: ACCURACY:PLAID AIF-42C5C LRP:0/0:0/0
[BDArmory.BDACompetitionMode:196833164]: ACCURACY:PLAID AIF-42C5C LRP_1:0/0:0/0
[BDArmory.BDACompetitionMode:196833164]: ACCURACY:PLAID AIF-42C5C LRP_2:0/0:0/0
[BDArmory.BDACompetitionMode:196833164]: ACCURACY:PLAID AIF-42C5C LRP_3:0/0:0/0
[BDArmory.BDACompetitionMode:196833164]: ACCURACY:PLAID AIF-42C5B LRP:15/158:0/0
[BDArmory.BDACompetitionMode:196833164]: ACCURACY:PLAID AIF-42C5B LRP_1:0/0:0/0
[BDArmory.BDACompetitionMode:196833164]: ACCURACY:PLAID AIF-42C5B LRP_2:4/55:0/0
[BDArmory.BDACompetitionMode:196833164]: ACCURACY:PLAID AIF-42C5B LRP_3:9/39:0/0
