[BDArmory.BDACompetitionMode:208994113]: Dumping Results after 107s (of 0s) at 2026-08-15 21:58:52 -04:00
[BDArmory.BDACompetitionMode:208994113]: RESULT:Win:{"team": "AIF-38D5", "members": ["AIF-38D5", "AIF-38D5_1", "AIF-38D5_2", "AIF-38D5_3", "AIF-38D5_4", "AIF-38D5_5"]}
[BDArmory.BDACompetitionMode:208994113]: DEADTEAMS:[{"team": "AIF-38D2", "members": ["AIF-38D2", "AIF-38D2_1", "AIF-38D2_2", "AIF-38D2_3", "AIF-38D2_4", "AIF-38D2_5"]}]
[BDArmory.BDACompetitionMode:208994113]: ALIVE:AIF-38D5_1
[BDArmory.BDACompetitionMode:208994113]: ALIVE:AIF-38D5_2
[BDArmory.BDACompetitionMode:208994113]: ALIVE:AIF-38D5_3
[BDArmory.BDACompetitionMode:208994113]: ALIVE:AIF-38D5_4
[BDArmory.BDACompetitionMode:208994113]: ALIVE:AIF-38D5_5
[BDArmory.BDACompetitionMode:208994113]: DEAD:6:96.0:AIF-38D2
[BDArmory.BDACompetitionMode:208994113]: DEAD:3:77.0:AIF-38D2_1
[BDArmory.BDACompetitionMode:208994113]: DEAD:0:62.0:AIF-38D2_2
[BDArmory.BDACompetitionMode:208994113]: DEAD:1:73.0:AIF-38D2_3
[BDArmory.BDACompetitionMode:208994113]: DEAD:4:88.0:AIF-38D2_4
[BDArmory.BDACompetitionMode:208994113]: DEAD:5:88.0:AIF-38D2_5
[BDArmory.BDACompetitionMode:208994113]: DEAD:2:75.0:AIF-38D5
[BDArmory.BDACompetitionMode:208994113]: WHOSHOTWHOWITHGUNS:AIF-38D2_1:17:AIF-38D5:45:AIF-38D5_1:9:AIF-38D5_2
[BDArmory.BDACompetitionMode:208994113]: WHOSHOTWHOWITHGUNS:AIF-38D2_3:5:AIF-38D5_1
[BDArmory.BDACompetitionMode:208994113]: WHOSHOTWHOWITHGUNS:AIF-38D5_4:1:AIF-38D2_3
[BDArmory.BDACompetitionMode:208994113]: WHODAMAGEDWHOWITHGUNS:AIF-38D2_1:2123.4:AIF-38D5:4949.1:AIF-38D5_1:784.8:AIF-38D5_2
[BDArmory.BDACompetitionMode:208994113]: WHODAMAGEDWHOWITHGUNS:AIF-38D2_3:329.4:AIF-38D5_1
[BDArmory.BDACompetitionMode:208994113]: WHODAMAGEDWHOWITHGUNS:AIF-38D5_4:87.4:AIF-38D2_3
[BDArmory.BDACompetitionMode:208994113]: WHOHITWHOWITHMISSILES:AIF-38D2:1:AIF-38D5:1:AIF-38D5_2
[BDArmory.BDACompetitionMode:208994113]: WHOHITWHOWITHMISSILES:AIF-38D2_1:1:AIF-38D5:1:AIF-38D5_2:1:AIF-38D5_1
[BDArmory.BDACompetitionMode:208994113]: WHOHITWHOWITHMISSILES:AIF-38D2_2:2:AIF-38D5_3:1:AIF-38D5_2
[BDArmory.BDACompetitionMode:208994113]: WHOHITWHOWITHMISSILES:AIF-38D2_3:5:AIF-38D5_1
[BDArmory.BDACompetitionMode:208994113]: WHOHITWHOWITHMISSILES:AIF-38D2_4:2:AIF-38D5_4
[BDArmory.BDACompetitionMode:208994113]: WHOHITWHOWITHMISSILES:AIF-38D2_5:1:AIF-38D5_2:1:AIF-38D5_3:1:AIF-38D5_5
[BDArmory.BDACompetitionMode:208994113]: WHOHITWHOWITHMISSILES:AIF-38D5:1:AIF-38D2_1
[BDArmory.BDACompetitionMode:208994113]: WHOHITWHOWITHMISSILES:AIF-38D5_3:1:AIF-38D2_2
[BDArmory.BDACompetitionMode:208994113]: WHOHITWHOWITHMISSILES:AIF-38D5_4:2:AIF-38D2_1
[BDArmory.BDACompetitionMode:208994113]: WHOHITWHOWITHMISSILES:AIF-38D5_5:1:AIF-38D2
[BDArmory.BDACompetitionMode:208994113]: WHOPARTSHITWHOWITHMISSILES:AIF-38D2:91:AIF-38D5:76:AIF-38D5_2
[BDArmory.BDACompetitionMode:208994113]: WHOPARTSHITWHOWITHMISSILES:AIF-38D2_1:86:AIF-38D5:76:AIF-38D5_2:23:AIF-38D5_1
[BDArmory.BDACompetitionMode:208994113]: WHOPARTSHITWHOWITHMISSILES:AIF-38D2_2:160:AIF-38D5_3:77:AIF-38D5_2
[BDArmory.BDACompetitionMode:208994113]: WHOPARTSHITWHOWITHMISSILES:AIF-38D2_3:314:AIF-38D5_1
[BDArmory.BDACompetitionMode:208994113]: WHOPARTSHITWHOWITHMISSILES:AIF-38D2_4:106:AIF-38D5_4
[BDArmory.BDACompetitionMode:208994113]: WHOPARTSHITWHOWITHMISSILES:AIF-38D2_5:94:AIF-38D5_2:89:AIF-38D5_3:32:AIF-38D5_5
[BDArmory.BDACompetitionMode:208994113]: WHOPARTSHITWHOWITHMISSILES:AIF-38D5:81:AIF-38D2_1
[BDArmory.BDACompetitionMode:208994113]: WHOPARTSHITWHOWITHMISSILES:AIF-38D5_3:84:AIF-38D2_2
[BDArmory.BDACompetitionMode:208994113]: WHOPARTSHITWHOWITHMISSILES:AIF-38D5_4:150:AIF-38D2_1
[BDArmory.BDACompetitionMode:208994113]: WHOPARTSHITWHOWITHMISSILES:AIF-38D5_5:81:AIF-38D2
[BDArmory.BDACompetitionMode:208994113]: WHODAMAGEDWHOWITHMISSILES:AIF-38D2:9515.6:AIF-38D5:7667.0:AIF-38D5_2
[BDArmory.BDACompetitionMode:208994113]: WHODAMAGEDWHOWITHMISSILES:AIF-38D2_1:3859.1:AIF-38D5:30589.2:AIF-38D5_2:33465.2:AIF-38D5_1
[BDArmory.BDACompetitionMode:208994113]: WHODAMAGEDWHOWITHMISSILES:AIF-38D2_2:35694.8:AIF-38D5_3:11994.0:AIF-38D5_2
[BDArmory.BDACompetitionMode:208994113]: WHODAMAGEDWHOWITHMISSILES:AIF-38D2_3:52523.1:AIF-38D5_1
[BDArmory.BDACompetitionMode:208994113]: WHODAMAGEDWHOWITHMISSILES:AIF-38D2_4:31927.3:AIF-38D5_4
[BDArmory.BDACompetitionMode:208994113]: WHODAMAGEDWHOWITHMISSILES:AIF-38D2_5:119305.5:AIF-38D5_2:2237.1:AIF-38D5_3:1168.4:AIF-38D5_5
[BDArmory.BDACompetitionMode:208994113]: WHODAMAGEDWHOWITHMISSILES:AIF-38D5:8449.8:AIF-38D2_1
[BDArmory.BDACompetitionMode:208994113]: WHODAMAGEDWHOWITHMISSILES:AIF-38D5_3:8485.0:AIF-38D2_2
[BDArmory.BDACompetitionMode:208994113]: WHODAMAGEDWHOWITHMISSILES:AIF-38D5_4:47969.5:AIF-38D2_1
[BDArmory.BDACompetitionMode:208994113]: WHODAMAGEDWHOWITHMISSILES:AIF-38D5_5:16988.4:AIF-38D2
[BDArmory.BDACompetitionMode:208994113]: WHODAMAGEDWHOWITHBATTLEDAMAGE:AIF-38D2_1:142.2:AIF-38D5:16.8:AIF-38D5_1
[BDArmory.BDACompetitionMode:208994113]: WHODAMAGEDWHOWITHBATTLEDAMAGE:AIF-38D2_4:100.1:AIF-38D5_4
[BDArmory.BDACompetitionMode:208994113]: WHODAMAGEDWHOWITHBATTLEDAMAGE:AIF-38D5_3:0.2:AIF-38D2_2
[BDArmory.BDACompetitionMode:208994113]: GMKILL:AIF-38D2:LandedTooLong
[BDArmory.BDACompetitionMode:208994113]: GMKILL:AIF-38D2_5:LandedTooLong
[BDArmory.BDACompetitionMode:208994113]: KILLSTEALMISSILES:AIF-38D2_1:AIF-38D5_1
[BDArmory.BDACompetitionMode:208994113]: CLEANKILLMISSILES:AIF-38D2_3:AIF-38D5_1
[BDArmory.BDACompetitionMode:208994113]: CLEANKILLMISSILES:AIF-38D2_4:AIF-38D5_4
[BDArmory.BDACompetitionMode:208994113]: HPLEFT:AIF-38D2:0
[BDArmory.BDACompetitionMode:208994113]: HPLEFT:AIF-38D2_1:0
[BDArmory.BDACompetitionMode:208994113]: HPLEFT:AIF-38D2_2:0
[BDArmory.BDACompetitionMode:208994113]: HPLEFT:AIF-38D2_3:0
[BDArmory.BDACompetitionMode:208994113]: HPLEFT:AIF-38D2_4:0
[BDArmory.BDACompetitionMode:208994113]: HPLEFT:AIF-38D2_5:0
[BDArmory.BDACompetitionMode:208994113]: HPLEFT:AIF-38D5:0
[BDArmory.BDACompetitionMode:208994113]: HPLEFT:AIF-38D5_1:100
[BDArmory.BDACompetitionMode:208994113]: HPLEFT:AIF-38D5_2:100
[BDArmory.BDACompetitionMode:208994113]: HPLEFT:AIF-38D5_3:96.551724137931
[BDArmory.BDACompetitionMode:208994113]: HPLEFT:AIF-38D5_4:77.0114942528736
[BDArmory.BDACompetitionMode:208994113]: HPLEFT:AIF-38D5_5:89.6551724137931
[BDArmory.BDACompetitionMode:208994113]: ACCURACY:AIF-38D2:0/0:0/0
[BDArmory.BDACompetitionMode:208994113]: ACCURACY:AIF-38D2_1:0/0:0/0
[BDArmory.BDACompetitionMode:208994113]: ACCURACY:AIF-38D2_2:0/0:0/0
[BDArmory.BDACompetitionMode:208994113]: ACCURACY:AIF-38D2_3:1/6:0/0
[BDArmory.BDACompetitionMode:208994113]: ACCURACY:AIF-38D2_4:0/0:0/0
[BDArmory.BDACompetitionMode:208994113]: ACCURACY:AIF-38D2_5:0/0:0/0
[BDArmory.BDACompetitionMode:208994113]: ACCURACY:AIF-38D5:17/30:0/0
[BDArmory.BDACompetitionMode:208994113]: ACCURACY:AIF-38D5_1:50/137:0/0
[BDArmory.BDACompetitionMode:208994113]: ACCURACY:AIF-38D5_2:9/26:0/0
[BDArmory.BDACompetitionMode:208994113]: ACCURACY:AIF-38D5_3:0/0:0/0
[BDArmory.BDACompetitionMode:208994113]: ACCURACY:AIF-38D5_4:0/0:0/0
[BDArmory.BDACompetitionMode:208994113]: ACCURACY:AIF-38D5_5:0/9:0/0
