[BDArmory.BDACompetitionMode:196981939]: Dumping Results after 104s (of 0s) at 2026-03-29 21:14:36 -04:00
[BDArmory.BDACompetitionMode:196981939]: RESULT:Win:{"team": "PLAID AIF-42C5B LRP", "members": ["PLAID AIF-42C5B LRP", "PLAID AIF-42C5B LRP_1", "PLAID AIF-42C5B LRP_2"]}
[BDArmory.BDACompetitionMode:196981939]: DEADTEAMS:[{"team": "PLAID AIF-42C5B1 LRP", "members": ["PLAID AIF-42C5B1 LRP", "PLAID AIF-42C5B1 LRP_1", "PLAID AIF-42C5B1 LRP_2"]}]
[BDArmory.BDACompetitionMode:196981939]: ALIVE:PLAID AIF-42C5B LRP
[BDArmory.BDACompetitionMode:196981939]: ALIVE:PLAID AIF-42C5B LRP_1
[BDArmory.BDACompetitionMode:196981939]: ALIVE:PLAID AIF-42C5B LRP_2
[BDArmory.BDACompetitionMode:196981939]: DEAD:1:88.0:PLAID AIF-42C5B1 LRP
[BDArmory.BDACompetitionMode:196981939]: DEAD:2:93.0:PLAID AIF-42C5B1 LRP_1
[BDArmory.BDACompetitionMode:196981939]: DEAD:0:68.0:PLAID AIF-42C5B1 LRP_2
[BDArmory.BDACompetitionMode:196981939]: WHOSHOTWHOWITHGUNS:PLAID AIF-42C5B1 LRP:25:PLAID AIF-42C5B LRP
[BDArmory.BDACompetitionMode:196981939]: WHODAMAGEDWHOWITHGUNS:PLAID AIF-42C5B1 LRP:9110.1:PLAID AIF-42C5B LRP
[BDArmory.BDACompetitionMode:196981939]: WHOHITWHOWITHMISSILES:PLAID AIF-42C5B1 LRP:1:PLAID AIF-42C5B LRP_2
[BDArmory.BDACompetitionMode:196981939]: WHOHITWHOWITHMISSILES:PLAID AIF-42C5B1 LRP_1:2:PLAID AIF-42C5B LRP_2:2:PLAID AIF-42C5B LRP
[BDArmory.BDACompetitionMode:196981939]: WHOHITWHOWITHMISSILES:PLAID AIF-42C5B1 LRP_2:1:PLAID AIF-42C5B LRP_1
[BDArmory.BDACompetitionMode:196981939]: WHOPARTSHITWHOWITHMISSILES:PLAID AIF-42C5B1 LRP:69:PLAID AIF-42C5B LRP_2
[BDArmory.BDACompetitionMode:196981939]: WHOPARTSHITWHOWITHMISSILES:PLAID AIF-42C5B1 LRP_1:79:PLAID AIF-42C5B LRP_2:83:PLAID AIF-42C5B LRP
[BDArmory.BDACompetitionMode:196981939]: WHOPARTSHITWHOWITHMISSILES:PLAID AIF-42C5B1 LRP_2:71:PLAID AIF-42C5B LRP_1
[BDArmory.BDACompetitionMode:196981939]: WHODAMAGEDWHOWITHMISSILES:PLAID AIF-42C5B1 LRP:11842.9:PLAID AIF-42C5B LRP_2
[BDArmory.BDACompetitionMode:196981939]: WHODAMAGEDWHOWITHMISSILES:PLAID AIF-42C5B1 LRP_1:2487.0:PLAID AIF-42C5B LRP_2:12488.6:PLAID AIF-42C5B LRP
[BDArmory.BDACompetitionMode:196981939]: WHODAMAGEDWHOWITHMISSILES:PLAID AIF-42C5B1 LRP_2:78614.0:PLAID AIF-42C5B LRP_1
[BDArmory.BDACompetitionMode:196981939]: WHODAMAGEDWHOWITHBATTLEDAMAGE:PLAID AIF-42C5B1 LRP:107.4:PLAID AIF-42C5B LRP:17217.5:PLAID AIF-42C5B1 LRP
[BDArmory.BDACompetitionMode:196981939]: WHODAMAGEDWHOWITHBATTLEDAMAGE:PLAID AIF-42C5B1 LRP_2:66570.5:PLAID AIF-42C5B LRP_1
[BDArmory.BDACompetitionMode:196981939]: KILLSTEALGUNS:PLAID AIF-42C5B1 LRP:PLAID AIF-42C5B LRP
[BDArmory.BDACompetitionMode:196981939]: KILLSTEALMISSILES:PLAID AIF-42C5B1 LRP_1:PLAID AIF-42C5B LRP_2
[BDArmory.BDACompetitionMode:196981939]: CLEANKILLMISSILES:PLAID AIF-42C5B1 LRP_2:PLAID AIF-42C5B LRP_1
[BDArmory.BDACompetitionMode:196981939]: HPLEFT:PLAID AIF-42C5B1 LRP:0
[BDArmory.BDACompetitionMode:196981939]: HPLEFT:PLAID AIF-42C5B1 LRP_1:0
[BDArmory.BDACompetitionMode:196981939]: HPLEFT:PLAID AIF-42C5B1 LRP_2:0
[BDArmory.BDACompetitionMode:196981939]: HPLEFT:PLAID AIF-42C5B LRP:100
[BDArmory.BDACompetitionMode:196981939]: HPLEFT:PLAID AIF-42C5B LRP_1:100
[BDArmory.BDACompetitionMode:196981939]: HPLEFT:PLAID AIF-42C5B LRP_2:100
[BDArmory.BDACompetitionMode:196981939]: ACCURACY:PLAID AIF-42C5B1 LRP:0/0:0/0
[BDArmory.BDACompetitionMode:196981939]: ACCURACY:PLAID AIF-42C5B1 LRP_1:0/0:0/0
[BDArmory.BDACompetitionMode:196981939]: ACCURACY:PLAID AIF-42C5B1 LRP_2:0/0:0/0
[BDArmory.BDACompetitionMode:196981939]: ACCURACY:PLAID AIF-42C5B LRP:25/69:0/0
[BDArmory.BDACompetitionMode:196981939]: ACCURACY:PLAID AIF-42C5B LRP_1:0/0:0/0
[BDArmory.BDACompetitionMode:196981939]: ACCURACY:PLAID AIF-42C5B LRP_2:0/0:0/0
