[BDArmory.BDACompetitionMode:208994812]: Dumping Results after 98s (of 0s) at 2026-08-15 22:10:25 -04:00
[BDArmory.BDACompetitionMode:208994812]: RESULT:Win:{"team": "AIF-38D5", "members": ["AIF-38D5", "AIF-38D5_1", "AIF-38D5_2", "AIF-38D5_3", "AIF-38D5_4", "AIF-38D5_5"]}
[BDArmory.BDACompetitionMode:208994812]: DEADTEAMS:[{"team": "AIF-38D2", "members": ["AIF-38D2", "AIF-38D2_1", "AIF-38D2_2", "AIF-38D2_3", "AIF-38D2_4", "AIF-38D2_5"]}]
[BDArmory.BDACompetitionMode:208994812]: ALIVE:AIF-38D5
[BDArmory.BDACompetitionMode:208994812]: ALIVE:AIF-38D5_1
[BDArmory.BDACompetitionMode:208994812]: ALIVE:AIF-38D5_3
[BDArmory.BDACompetitionMode:208994812]: ALIVE:AIF-38D5_4
[BDArmory.BDACompetitionMode:208994812]: ALIVE:AIF-38D5_5
[BDArmory.BDACompetitionMode:208994812]: DEAD:3:82.0:AIF-38D2
[BDArmory.BDACompetitionMode:208994812]: DEAD:2:77.0:AIF-38D2_1
[BDArmory.BDACompetitionMode:208994812]: DEAD:1:65.0:AIF-38D2_2
[BDArmory.BDACompetitionMode:208994812]: DEAD:5:84.0:AIF-38D2_3
[BDArmory.BDACompetitionMode:208994812]: DEAD:4:83.0:AIF-38D2_4
[BDArmory.BDACompetitionMode:208994812]: DEAD:6:88.0:AIF-38D2_5
[BDArmory.BDACompetitionMode:208994812]: DEAD:0:40.0:AIF-38D5_2
[BDArmory.BDACompetitionMode:208994812]: WHOSHOTWHOWITHGUNS:AIF-38D2_1:15:AIF-38D5:4:AIF-38D5_5:27:AIF-38D5_1
[BDArmory.BDACompetitionMode:208994812]: WHOSHOTWHOWITHGUNS:AIF-38D2_5:2:AIF-38D5_4
[BDArmory.BDACompetitionMode:208994812]: WHODAMAGEDWHOWITHGUNS:AIF-38D2_1:1199.0:AIF-38D5:329.9:AIF-38D5_5:3912.9:AIF-38D5_1
[BDArmory.BDACompetitionMode:208994812]: WHODAMAGEDWHOWITHGUNS:AIF-38D2_5:1571.7:AIF-38D5_4
[BDArmory.BDACompetitionMode:208994812]: WHOHITWHOWITHMISSILES:AIF-38D2:2:AIF-38D5:1:AIF-38D5_1
[BDArmory.BDACompetitionMode:208994812]: WHOHITWHOWITHMISSILES:AIF-38D2_1:2:AIF-38D5_1
[BDArmory.BDACompetitionMode:208994812]: WHOHITWHOWITHMISSILES:AIF-38D2_2:1:AIF-38D5_2:1:AIF-38D5_4
[BDArmory.BDACompetitionMode:208994812]: WHOHITWHOWITHMISSILES:AIF-38D2_3:2:AIF-38D5_1:1:AIF-38D5_3:1:AIF-38D5_5
[BDArmory.BDACompetitionMode:208994812]: WHOHITWHOWITHMISSILES:AIF-38D2_4:1:AIF-38D5_2:1:AIF-38D5_5:1:AIF-38D5_4
[BDArmory.BDACompetitionMode:208994812]: WHOHITWHOWITHMISSILES:AIF-38D2_5:1:AIF-38D5:1:AIF-38D5_3:1:AIF-38D5_5:2:AIF-38D5_4:1:AIF-38D5_1
[BDArmory.BDACompetitionMode:208994812]: WHOHITWHOWITHMISSILES:AIF-38D5:1:AIF-38D2_1
[BDArmory.BDACompetitionMode:208994812]: WHOHITWHOWITHMISSILES:AIF-38D5_2:1:AIF-38D2_2:1:AIF-38D2
[BDArmory.BDACompetitionMode:208994812]: WHOPARTSHITWHOWITHMISSILES:AIF-38D2:118:AIF-38D5:65:AIF-38D5_1
[BDArmory.BDACompetitionMode:208994812]: WHOPARTSHITWHOWITHMISSILES:AIF-38D2_1:166:AIF-38D5_1
[BDArmory.BDACompetitionMode:208994812]: WHOPARTSHITWHOWITHMISSILES:AIF-38D2_2:89:AIF-38D5_2:82:AIF-38D5_4
[BDArmory.BDACompetitionMode:208994812]: WHOPARTSHITWHOWITHMISSILES:AIF-38D2_3:110:AIF-38D5_1:27:AIF-38D5_3:12:AIF-38D5_5
[BDArmory.BDACompetitionMode:208994812]: WHOPARTSHITWHOWITHMISSILES:AIF-38D2_4:94:AIF-38D5_2:74:AIF-38D5_5:19:AIF-38D5_4
[BDArmory.BDACompetitionMode:208994812]: WHOPARTSHITWHOWITHMISSILES:AIF-38D2_5:92:AIF-38D5:29:AIF-38D5_3:25:AIF-38D5_5:29:AIF-38D5_4:11:AIF-38D5_1
[BDArmory.BDACompetitionMode:208994812]: WHOPARTSHITWHOWITHMISSILES:AIF-38D5:84:AIF-38D2_1
[BDArmory.BDACompetitionMode:208994812]: WHOPARTSHITWHOWITHMISSILES:AIF-38D5_2:86:AIF-38D2_2:24:AIF-38D2
[BDArmory.BDACompetitionMode:208994812]: WHODAMAGEDWHOWITHMISSILES:AIF-38D2:43802.8:AIF-38D5:37766.9:AIF-38D5_1
[BDArmory.BDACompetitionMode:208994812]: WHODAMAGEDWHOWITHMISSILES:AIF-38D2_1:39734.3:AIF-38D5_1
[BDArmory.BDACompetitionMode:208994812]: WHODAMAGEDWHOWITHMISSILES:AIF-38D2_2:10962.2:AIF-38D5_2:25116.1:AIF-38D5_4
[BDArmory.BDACompetitionMode:208994812]: WHODAMAGEDWHOWITHMISSILES:AIF-38D2_3:41603.6:AIF-38D5_1:9413.4:AIF-38D5_3:4411.3:AIF-38D5_5
[BDArmory.BDACompetitionMode:208994812]: WHODAMAGEDWHOWITHMISSILES:AIF-38D2_4:37169.5:AIF-38D5_2:27504.8:AIF-38D5_5:8583.1:AIF-38D5_4
[BDArmory.BDACompetitionMode:208994812]: WHODAMAGEDWHOWITHMISSILES:AIF-38D2_5:14967.3:AIF-38D5:1774.1:AIF-38D5_3:6445.8:AIF-38D5_5:9538.5:AIF-38D5_4:21495.1:AIF-38D5_1
[BDArmory.BDACompetitionMode:208994812]: WHODAMAGEDWHOWITHMISSILES:AIF-38D5:5849.6:AIF-38D2_1
[BDArmory.BDACompetitionMode:208994812]: WHODAMAGEDWHOWITHMISSILES:AIF-38D5_2:21630.7:AIF-38D2_2:38752.3:AIF-38D2
[BDArmory.BDACompetitionMode:208994812]: WHODAMAGEDWHOWITHBATTLEDAMAGE:AIF-38D2:104.4:AIF-38D5_1
[BDArmory.BDACompetitionMode:208994812]: WHODAMAGEDWHOWITHBATTLEDAMAGE:AIF-38D2_1:20533.4:AIF-38D5_1
[BDArmory.BDACompetitionMode:208994812]: WHODAMAGEDWHOWITHBATTLEDAMAGE:AIF-38D2_5:0.2:AIF-38D5_4
[BDArmory.BDACompetitionMode:208994812]: GMKILL:AIF-38D2:LandedTooLong
[BDArmory.BDACompetitionMode:208994812]: GMKILL:AIF-38D2_4:LandedTooLong
[BDArmory.BDACompetitionMode:208994812]: KILLSTEALGUNS:AIF-38D2_1:AIF-38D5_1
[BDArmory.BDACompetitionMode:208994812]: HEADSHOTMISSILES:AIF-38D2_2:AIF-38D5_4
[BDArmory.BDACompetitionMode:208994812]: KILLSTEALMISSILES:AIF-38D2_3:AIF-38D5_5
[BDArmory.BDACompetitionMode:208994812]: KILLSTEALGUNS:AIF-38D2_5:AIF-38D5_4
[BDArmory.BDACompetitionMode:208994812]: KILLSTEALMISSILES:AIF-38D5_2:AIF-38D2
[BDArmory.BDACompetitionMode:208994812]: HPLEFT:AIF-38D2:0
[BDArmory.BDACompetitionMode:208994812]: HPLEFT:AIF-38D2_1:0
[BDArmory.BDACompetitionMode:208994812]: HPLEFT:AIF-38D2_2:0
[BDArmory.BDACompetitionMode:208994812]: HPLEFT:AIF-38D2_3:0
[BDArmory.BDACompetitionMode:208994812]: HPLEFT:AIF-38D2_4:0
[BDArmory.BDACompetitionMode:208994812]: HPLEFT:AIF-38D2_5:0
[BDArmory.BDACompetitionMode:208994812]: HPLEFT:AIF-38D5:55.1724137931034
[BDArmory.BDACompetitionMode:208994812]: HPLEFT:AIF-38D5_1:100
[BDArmory.BDACompetitionMode:208994812]: HPLEFT:AIF-38D5_2:0
[BDArmory.BDACompetitionMode:208994812]: HPLEFT:AIF-38D5_3:100
[BDArmory.BDACompetitionMode:208994812]: HPLEFT:AIF-38D5_4:100
[BDArmory.BDACompetitionMode:208994812]: HPLEFT:AIF-38D5_5:100
[BDArmory.BDACompetitionMode:208994812]: ACCURACY:AIF-38D2:0/0:0/0
[BDArmory.BDACompetitionMode:208994812]: ACCURACY:AIF-38D2_1:0/0:0/0
[BDArmory.BDACompetitionMode:208994812]: ACCURACY:AIF-38D2_2:0/0:0/0
[BDArmory.BDACompetitionMode:208994812]: ACCURACY:AIF-38D2_3:0/0:0/0
[BDArmory.BDACompetitionMode:208994812]: ACCURACY:AIF-38D2_4:0/0:0/0
[BDArmory.BDACompetitionMode:208994812]: ACCURACY:AIF-38D2_5:0/0:0/0
[BDArmory.BDACompetitionMode:208994812]: ACCURACY:AIF-38D5:15/82:0/0
[BDArmory.BDACompetitionMode:208994812]: ACCURACY:AIF-38D5_1:27/83:0/0
[BDArmory.BDACompetitionMode:208994812]: ACCURACY:AIF-38D5_2:0/0:0/0
[BDArmory.BDACompetitionMode:208994812]: ACCURACY:AIF-38D5_3:0/10:0/0
[BDArmory.BDACompetitionMode:208994812]: ACCURACY:AIF-38D5_4:2/37:0/0
[BDArmory.BDACompetitionMode:208994812]: ACCURACY:AIF-38D5_5:4/18:0/0
