[BDArmory.BDACompetitionMode:208990838]: Dumping Results after -21s (of 0s) at 2026-08-15 21:02:42 -04:00
[BDArmory.BDACompetitionMode:208990838]: RESULT:Mutual Annihilation
[BDArmory.BDACompetitionMode:208990838]: DEADTEAMS:[{"team": "AIF-38D4", "members": ["AIF-38D4", "AIF-38D4_1", "AIF-38D4_2"]}, {"team": "AIF-38D5", "members": ["AIF-38D5", "AIF-38D5_1", "AIF-38D5_2"]}]
[BDArmory.BDACompetitionMode:208990838]: DEAD:2:64.0:AIF-38D4
[BDArmory.BDACompetitionMode:208990838]: MIA:AIF-38D4_1
[BDArmory.BDACompetitionMode:208990838]: MIA:AIF-38D4_2
[BDArmory.BDACompetitionMode:208990838]: MIA:AIF-38D5
[BDArmory.BDACompetitionMode:208990838]: DEAD:0:34.0:AIF-38D5_1
[BDArmory.BDACompetitionMode:208990838]: DEAD:1:34.0:AIF-38D5_2
[BDArmory.BDACompetitionMode:208990838]: WHOSHOTWHOWITHGUNS:AIF-38D4_2:9:AIF-38D5
[BDArmory.BDACompetitionMode:208990838]: WHODAMAGEDWHOWITHGUNS:AIF-38D4_2:807.7:AIF-38D5
[BDArmory.BDACompetitionMode:208990838]: WHOHITWHOWITHMISSILES:AIF-38D4:4:AIF-38D5
[BDArmory.BDACompetitionMode:208990838]: WHOHITWHOWITHMISSILES:AIF-38D4_1:1:AIF-38D5_2
[BDArmory.BDACompetitionMode:208990838]: WHOHITWHOWITHMISSILES:AIF-38D4_2:1:AIF-38D5_1:1:AIF-38D5
[BDArmory.BDACompetitionMode:208990838]: WHOHITWHOWITHMISSILES:AIF-38D5_1:1:AIF-38D4_1
[BDArmory.BDACompetitionMode:208990838]: WHOHITWHOWITHMISSILES:AIF-38D5_2:1:AIF-38D4_2:1:AIF-38D4
[BDArmory.BDACompetitionMode:208990838]: WHOPARTSHITWHOWITHMISSILES:AIF-38D4:237:AIF-38D5
[BDArmory.BDACompetitionMode:208990838]: WHOPARTSHITWHOWITHMISSILES:AIF-38D4_1:87:AIF-38D5_2
[BDArmory.BDACompetitionMode:208990838]: WHOPARTSHITWHOWITHMISSILES:AIF-38D4_2:89:AIF-38D5_1:51:AIF-38D5
[BDArmory.BDACompetitionMode:208990838]: WHOPARTSHITWHOWITHMISSILES:AIF-38D5_1:86:AIF-38D4_1
[BDArmory.BDACompetitionMode:208990838]: WHOPARTSHITWHOWITHMISSILES:AIF-38D5_2:82:AIF-38D4_2:59:AIF-38D4
[BDArmory.BDACompetitionMode:208990838]: WHODAMAGEDWHOWITHMISSILES:AIF-38D4:53747.2:AIF-38D5
[BDArmory.BDACompetitionMode:208990838]: WHODAMAGEDWHOWITHMISSILES:AIF-38D4_1:147970.5:AIF-38D5_2
[BDArmory.BDACompetitionMode:208990838]: WHODAMAGEDWHOWITHMISSILES:AIF-38D4_2:21720.8:AIF-38D5_1:4642.1:AIF-38D5
[BDArmory.BDACompetitionMode:208990838]: WHODAMAGEDWHOWITHMISSILES:AIF-38D5_1:120390.2:AIF-38D4_1
[BDArmory.BDACompetitionMode:208990838]: WHODAMAGEDWHOWITHMISSILES:AIF-38D5_2:20604.6:AIF-38D4_2:2135.8:AIF-38D4
[BDArmory.BDACompetitionMode:208990838]: WHODAMAGEDWHOWITHBATTLEDAMAGE:AIF-38D4_1:23669.1:AIF-38D5_2
[BDArmory.BDACompetitionMode:208990838]: WHODAMAGEDWHOWITHBATTLEDAMAGE:AIF-38D4_2:16.6:AIF-38D5
[BDArmory.BDACompetitionMode:208990838]: CLEANKILLMISSILES:AIF-38D4:AIF-38D5
[BDArmory.BDACompetitionMode:208990838]: CLEANKILLMISSILES:AIF-38D5_1:AIF-38D4_1
[BDArmory.BDACompetitionMode:208990838]: KILLSTEALMISSILES:AIF-38D5_2:AIF-38D4
[BDArmory.BDACompetitionMode:208990838]: HPLEFT:AIF-38D4:0
[BDArmory.BDACompetitionMode:208990838]: HPLEFT:AIF-38D4_1:0
[BDArmory.BDACompetitionMode:208990838]: HPLEFT:AIF-38D4_2:0
[BDArmory.BDACompetitionMode:208990838]: HPLEFT:AIF-38D5:0
[BDArmory.BDACompetitionMode:208990838]: HPLEFT:AIF-38D5_1:0
[BDArmory.BDACompetitionMode:208990838]: HPLEFT:AIF-38D5_2:0
[BDArmory.BDACompetitionMode:208990838]: ACCURACY:AIF-38D4:0/0:0/0
[BDArmory.BDACompetitionMode:208990838]: ACCURACY:AIF-38D4_1:0/0:0/0
[BDArmory.BDACompetitionMode:208990838]: ACCURACY:AIF-38D4_2:0/0:0/0
[BDArmory.BDACompetitionMode:208990838]: ACCURACY:AIF-38D5:9/133:0/0
[BDArmory.BDACompetitionMode:208990838]: ACCURACY:AIF-38D5_1:0/0:0/0
[BDArmory.BDACompetitionMode:208990838]: ACCURACY:AIF-38D5_2:0/0:0/0
