[BDArmory.BDACompetitionMode:200979517]: Dumping Results after 116s (of 0s) at 2026-05-15 03:42:31 -04:00
[BDArmory.BDACompetitionMode:200979517]: RESULT:Win:{"team": "AIF-38C", "members": ["AIF-38C", "AIF-38C_1"]}
[BDArmory.BDACompetitionMode:200979517]: DEADTEAMS:[{"team": "AL-27 Kallistemon", "members": ["AL-27 Kallistemon", "AL-27 Kallistemon_1"]}]
[BDArmory.BDACompetitionMode:200979517]: ALIVE:AIF-38C
[BDArmory.BDACompetitionMode:200979517]: DEAD:0:91.0:AL-27 Kallistemon
[BDArmory.BDACompetitionMode:200979517]: DEAD:1:106.0:AL-27 Kallistemon_1
[BDArmory.BDACompetitionMode:200979517]: MIA:AIF-38C_1
[BDArmory.BDACompetitionMode:200979517]: WHOSHOTWHOWITHGUNS:AL-27 Kallistemon_1:8:AIF-38C
[BDArmory.BDACompetitionMode:200979517]: WHODAMAGEDWHOWITHGUNS:AL-27 Kallistemon_1:3540.7:AIF-38C
[BDArmory.BDACompetitionMode:200979517]: WHOHITWHOWITHMISSILES:AL-27 Kallistemon:1:AIF-38C_1:1:AIF-38C
[BDArmory.BDACompetitionMode:200979517]: WHOHITWHOWITHMISSILES:AL-27 Kallistemon_1:2:AIF-38C
[BDArmory.BDACompetitionMode:200979517]: WHOHITWHOWITHMISSILES:AIF-38C_1:1:AL-27 Kallistemon
[BDArmory.BDACompetitionMode:200979517]: WHOPARTSHITWHOWITHMISSILES:AL-27 Kallistemon:140:AIF-38C_1:135:AIF-38C
[BDArmory.BDACompetitionMode:200979517]: WHOPARTSHITWHOWITHMISSILES:AL-27 Kallistemon_1:209:AIF-38C
[BDArmory.BDACompetitionMode:200979517]: WHOPARTSHITWHOWITHMISSILES:AIF-38C_1:94:AL-27 Kallistemon
[BDArmory.BDACompetitionMode:200979517]: WHODAMAGEDWHOWITHMISSILES:AL-27 Kallistemon:1713.1:AIF-38C_1:103250.1:AIF-38C
[BDArmory.BDACompetitionMode:200979517]: WHODAMAGEDWHOWITHMISSILES:AL-27 Kallistemon_1:80773.3:AIF-38C
[BDArmory.BDACompetitionMode:200979517]: WHODAMAGEDWHOWITHMISSILES:AIF-38C_1:38197.4:AL-27 Kallistemon
[BDArmory.BDACompetitionMode:200979517]: WHODAMAGEDWHOWITHBATTLEDAMAGE:AL-27 Kallistemon_1:102.4:AIF-38C:368.4:AL-27 Kallistemon_1
[BDArmory.BDACompetitionMode:200979517]: KILLSTEALMISSILES:AL-27 Kallistemon:AIF-38C
[BDArmory.BDACompetitionMode:200979517]: HPLEFT:AL-27 Kallistemon:0
[BDArmory.BDACompetitionMode:200979517]: HPLEFT:AL-27 Kallistemon_1:0
[BDArmory.BDACompetitionMode:200979517]: HPLEFT:AIF-38C:100
[BDArmory.BDACompetitionMode:200979517]: HPLEFT:AIF-38C_1:14.4230769230769
[BDArmory.BDACompetitionMode:200979517]: ACCURACY:AL-27 Kallistemon:0/0:0/0
[BDArmory.BDACompetitionMode:200979517]: ACCURACY:AL-27 Kallistemon_1:0/0:0/0
[BDArmory.BDACompetitionMode:200979517]: ACCURACY:AIF-38C:8/74:0/0
[BDArmory.BDACompetitionMode:200979517]: ACCURACY:AIF-38C_1:0/0:0/0
