[BDArmory.BDACompetitionMode:208996393]: Dumping Results after -5s (of 0s) at 2026-08-15 22:35:02 -04:00
[BDArmory.BDACompetitionMode:208996393]: RESULT:Win:{"team": "PLAID AIF-42D", "members": ["PLAID AIF-42D", "PLAID AIF-42D_1"]}
[BDArmory.BDACompetitionMode:208996393]: DEADTEAMS:[{"team": "AIF-38D5", "members": ["AIF-38D5", "AIF-38D5_1"]}]
[BDArmory.BDACompetitionMode:208996393]: MIA:AIF-38D5
[BDArmory.BDACompetitionMode:208996393]: DEAD:0:58.0:AIF-38D5_1
[BDArmory.BDACompetitionMode:208996393]: MIA:PLAID AIF-42D
[BDArmory.BDACompetitionMode:208996393]: MIA:PLAID AIF-42D_1
[BDArmory.BDACompetitionMode:208996393]: WHOSHOTWHOWITHGUNS:AIF-38D5:8:PLAID AIF-42D
[BDArmory.BDACompetitionMode:208996393]: WHODAMAGEDWHOWITHGUNS:AIF-38D5:2790.5:PLAID AIF-42D
[BDArmory.BDACompetitionMode:208996393]: WHOHITWHOWITHMISSILES:AIF-38D5:2:PLAID AIF-42D
[BDArmory.BDACompetitionMode:208996393]: WHOHITWHOWITHMISSILES:AIF-38D5_1:1:PLAID AIF-42D_1
[BDArmory.BDACompetitionMode:208996393]: WHOPARTSHITWHOWITHMISSILES:AIF-38D5:156:PLAID AIF-42D
[BDArmory.BDACompetitionMode:208996393]: WHOPARTSHITWHOWITHMISSILES:AIF-38D5_1:83:PLAID AIF-42D_1
[BDArmory.BDACompetitionMode:208996393]: WHODAMAGEDWHOWITHMISSILES:AIF-38D5:19146.7:PLAID AIF-42D
[BDArmory.BDACompetitionMode:208996393]: WHODAMAGEDWHOWITHMISSILES:AIF-38D5_1:38277.4:PLAID AIF-42D_1
[BDArmory.BDACompetitionMode:208996393]: WHODAMAGEDWHOWITHBATTLEDAMAGE:AIF-38D5:6.1:PLAID AIF-42D
[BDArmory.BDACompetitionMode:208996393]: WHODAMAGEDWHOWITHBATTLEDAMAGE:AIF-38D5_1:19521.5:PLAID AIF-42D_1
[BDArmory.BDACompetitionMode:208996393]: CLEANKILLMISSILES:AIF-38D5_1:PLAID AIF-42D_1
[BDArmory.BDACompetitionMode:208996393]: HPLEFT:AIF-38D5:0
[BDArmory.BDACompetitionMode:208996393]: HPLEFT:AIF-38D5_1:0
[BDArmory.BDACompetitionMode:208996393]: HPLEFT:PLAID AIF-42D:100
[BDArmory.BDACompetitionMode:208996393]: HPLEFT:PLAID AIF-42D_1:0
[BDArmory.BDACompetitionMode:208996393]: ACCURACY:AIF-38D5:0/0:0/0
[BDArmory.BDACompetitionMode:208996393]: ACCURACY:AIF-38D5_1:0/0:0/0
[BDArmory.BDACompetitionMode:208996393]: ACCURACY:PLAID AIF-42D:8/55:0/0
[BDArmory.BDACompetitionMode:208996393]: ACCURACY:PLAID AIF-42D_1:0/0:0/0
