[BDArmory.BDACompetitionMode:199415303]: Dumping Results after 102s (of 0s) at 2026-04-27 01:11:30 -04:00
[BDArmory.BDACompetitionMode:199415303]: RESULT:Win:{"team": "AIF-38", "members": ["AIF-38", "AIF-38_1"]}
[BDArmory.BDACompetitionMode:199415303]: DEADTEAMS:[{"team": "K-73 NMX 6", "members": ["K-73 NMX 6", "K-73 NMX 6_1"]}]
[BDArmory.BDACompetitionMode:199415303]: ALIVE:AIF-38
[BDArmory.BDACompetitionMode:199415303]: DEAD:1:92.0:K-73 NMX 6
[BDArmory.BDACompetitionMode:199415303]: DEAD:0:43.0:K-73 NMX 6_1
[BDArmory.BDACompetitionMode:199415303]: MIA:AIF-38_1
[BDArmory.BDACompetitionMode:199415303]: WHOSHOTWHOWITHGUNS:K-73 NMX 6:31:AIF-38
[BDArmory.BDACompetitionMode:199415303]: WHOSHOTWHOWITHGUNS:AIF-38:3:K-73 NMX 6
[BDArmory.BDACompetitionMode:199415303]: WHODAMAGEDWHOWITHGUNS:K-73 NMX 6:9617.2:AIF-38
[BDArmory.BDACompetitionMode:199415303]: WHODAMAGEDWHOWITHGUNS:AIF-38:1024.9:K-73 NMX 6
[BDArmory.BDACompetitionMode:199415303]: WHOHITWHOWITHMISSILES:K-73 NMX 6:1:AIF-38
[BDArmory.BDACompetitionMode:199415303]: WHOHITWHOWITHMISSILES:K-73 NMX 6_1:1:AIF-38_1:1:AIF-38
[BDArmory.BDACompetitionMode:199415303]: WHOHITWHOWITHMISSILES:AIF-38:1:K-73 NMX 6
[BDArmory.BDACompetitionMode:199415303]: WHOHITWHOWITHMISSILES:AIF-38_1:1:K-73 NMX 6_1
[BDArmory.BDACompetitionMode:199415303]: WHOPARTSHITWHOWITHMISSILES:K-73 NMX 6:84:AIF-38
[BDArmory.BDACompetitionMode:199415303]: WHOPARTSHITWHOWITHMISSILES:K-73 NMX 6_1:96:AIF-38_1:19:AIF-38
[BDArmory.BDACompetitionMode:199415303]: WHOPARTSHITWHOWITHMISSILES:AIF-38:10:K-73 NMX 6
[BDArmory.BDACompetitionMode:199415303]: WHOPARTSHITWHOWITHMISSILES:AIF-38_1:93:K-73 NMX 6_1
[BDArmory.BDACompetitionMode:199415303]: WHODAMAGEDWHOWITHMISSILES:K-73 NMX 6_1:97926.0:AIF-38_1:42128.2:AIF-38
[BDArmory.BDACompetitionMode:199415303]: WHODAMAGEDWHOWITHMISSILES:AIF-38_1:45996.5:K-73 NMX 6_1
[BDArmory.BDACompetitionMode:199415303]: WHODAMAGEDWHOWITHBATTLEDAMAGE:K-73 NMX 6:365.8:AIF-38:1340.0:K-73 NMX 6
[BDArmory.BDACompetitionMode:199415303]: WHODAMAGEDWHOWITHBATTLEDAMAGE:K-73 NMX 6_1:27529.8:AIF-38
[BDArmory.BDACompetitionMode:199415303]: WHODAMAGEDWHOWITHBATTLEDAMAGE:AIF-38:350.6:K-73 NMX 6
[BDArmory.BDACompetitionMode:199415303]: CLEANKILLGUNS:K-73 NMX 6:AIF-38
[BDArmory.BDACompetitionMode:199415303]: KILLSTEALMISSILES:K-73 NMX 6_1:AIF-38
[BDArmory.BDACompetitionMode:199415303]: HPLEFT:K-73 NMX 6:0
[BDArmory.BDACompetitionMode:199415303]: HPLEFT:K-73 NMX 6_1:0
[BDArmory.BDACompetitionMode:199415303]: HPLEFT:AIF-38:100
[BDArmory.BDACompetitionMode:199415303]: HPLEFT:AIF-38_1:22.4489795918367
[BDArmory.BDACompetitionMode:199415303]: ACCURACY:K-73 NMX 6:3/32:0/0
[BDArmory.BDACompetitionMode:199415303]: ACCURACY:K-73 NMX 6_1:0/0:0/0
[BDArmory.BDACompetitionMode:199415303]: ACCURACY:AIF-38:31/144:0/0
[BDArmory.BDACompetitionMode:199415303]: ACCURACY:AIF-38_1:0/0:0/0
