[BDArmory.BDACompetitionMode:196581662]: Dumping Results after 156s (of 0s) at 2026-03-25 06:04:02 -04:00
[BDArmory.BDACompetitionMode:196581662]: RESULT:Win:{"team": "PLAID AIF-42C5B LRP", "members": ["PLAID AIF-42C5B LRP", "PLAID AIF-42C5B LRP_1"]}
[BDArmory.BDACompetitionMode:196581662]: DEADTEAMS:[{"team": "PLAID AIF-27 VVVV", "members": ["PLAID AIF-27 VVVV", "PLAID AIF-27 VVVV_1"]}]
[BDArmory.BDACompetitionMode:196581662]: ALIVE:PLAID AIF-42C5B LRP_1
[BDArmory.BDACompetitionMode:196581662]: MIA:PLAID AIF-42C5B LRP
[BDArmory.BDACompetitionMode:196581662]: DEAD:0:81.0:PLAID AIF-27 VVVV
[BDArmory.BDACompetitionMode:196581662]: DEAD:1:125.0:PLAID AIF-27 VVVV_1
[BDArmory.BDACompetitionMode:196581662]: WHOSHOTWHOWITHGUNS:PLAID AIF-27 VVVV:18:PLAID AIF-42C5B LRP_1
[BDArmory.BDACompetitionMode:196581662]: WHOSHOTWHOWITHGUNS:PLAID AIF-27 VVVV_1:32:PLAID AIF-42C5B LRP_1
[BDArmory.BDACompetitionMode:196581662]: WHODAMAGEDWHOWITHGUNS:PLAID AIF-27 VVVV:5638.0:PLAID AIF-42C5B LRP_1
[BDArmory.BDACompetitionMode:196581662]: WHODAMAGEDWHOWITHGUNS:PLAID AIF-27 VVVV_1:6468.1:PLAID AIF-42C5B LRP_1
[BDArmory.BDACompetitionMode:196581662]: WHOHITWHOWITHMISSILES:PLAID AIF-42C5B LRP:1:PLAID AIF-27 VVVV_1
[BDArmory.BDACompetitionMode:196581662]: WHOHITWHOWITHMISSILES:PLAID AIF-27 VVVV:2:PLAID AIF-42C5B LRP_1
[BDArmory.BDACompetitionMode:196581662]: WHOHITWHOWITHMISSILES:PLAID AIF-27 VVVV_1:2:PLAID AIF-42C5B LRP_1
[BDArmory.BDACompetitionMode:196581662]: WHOPARTSHITWHOWITHMISSILES:PLAID AIF-42C5B LRP:78:PLAID AIF-27 VVVV_1
[BDArmory.BDACompetitionMode:196581662]: WHOPARTSHITWHOWITHMISSILES:PLAID AIF-27 VVVV:262:PLAID AIF-42C5B LRP_1
[BDArmory.BDACompetitionMode:196581662]: WHOPARTSHITWHOWITHMISSILES:PLAID AIF-27 VVVV_1:162:PLAID AIF-42C5B LRP_1
[BDArmory.BDACompetitionMode:196581662]: WHODAMAGEDWHOWITHMISSILES:PLAID AIF-42C5B LRP:7922.1:PLAID AIF-27 VVVV_1
[BDArmory.BDACompetitionMode:196581662]: WHODAMAGEDWHOWITHMISSILES:PLAID AIF-27 VVVV:27631.3:PLAID AIF-42C5B LRP_1
[BDArmory.BDACompetitionMode:196581662]: WHODAMAGEDWHOWITHMISSILES:PLAID AIF-27 VVVV_1:13173.6:PLAID AIF-42C5B LRP_1
[BDArmory.BDACompetitionMode:196581662]: WHODAMAGEDWHOWITHBATTLEDAMAGE:PLAID AIF-27 VVVV:38.4:PLAID AIF-42C5B LRP_1
[BDArmory.BDACompetitionMode:196581662]: WHODAMAGEDWHOWITHBATTLEDAMAGE:PLAID AIF-27 VVVV_1:133.9:PLAID AIF-42C5B LRP_1:28794.1:PLAID AIF-27 VVVV_1
[BDArmory.BDACompetitionMode:196581662]: CLEANKILLGUNS:PLAID AIF-27 VVVV:PLAID AIF-42C5B LRP_1
[BDArmory.BDACompetitionMode:196581662]: CLEANKILLGUNS:PLAID AIF-27 VVVV_1:PLAID AIF-42C5B LRP_1
[BDArmory.BDACompetitionMode:196581662]: HPLEFT:PLAID AIF-42C5B LRP:18.2926829268293
[BDArmory.BDACompetitionMode:196581662]: HPLEFT:PLAID AIF-42C5B LRP_1:96.3414634146341
[BDArmory.BDACompetitionMode:196581662]: HPLEFT:PLAID AIF-27 VVVV:0
[BDArmory.BDACompetitionMode:196581662]: HPLEFT:PLAID AIF-27 VVVV_1:0
[BDArmory.BDACompetitionMode:196581662]: ACCURACY:PLAID AIF-42C5B LRP:0/0:0/0
[BDArmory.BDACompetitionMode:196581662]: ACCURACY:PLAID AIF-42C5B LRP_1:50/393:0/0
[BDArmory.BDACompetitionMode:196581662]: ACCURACY:PLAID AIF-27 VVVV:0/1:0/0
[BDArmory.BDACompetitionMode:196581662]: ACCURACY:PLAID AIF-27 VVVV_1:0/143:0/0
