[BDArmory.BDACompetitionMode:197609425]: Dumping Results after 113s (of 0s) at 2026-04-06 03:34:51 -04:00
[BDArmory.BDACompetitionMode:197609425]: RESULT:Win:{"team": "New folder", "members": ["PLAID CFV-11F \"HAKORI\"", "PLAID ZRQ-11104 AMBER OPTIC", "PLAID CFV-11F \"HAKORI\"_1"]}
[BDArmory.BDACompetitionMode:197609425]: DEADTEAMS:[{"team": "New folder (2)", "members": ["PLAID MBT-42F3 \"NAVAJO\"", "PLAID MBT-42F3 \"NAVAJO\"_1", "PLAID MBT-42F3 \"NAVAJO\"_2", "PLAID MBT-42F3 \"NAVAJO\"_3", "PLAID MBT-42F3 \"NAVAJO\"_4"]}]
[BDArmory.BDACompetitionMode:197609425]: ALIVE:PLAID CFV-11F "HAKORI"
[BDArmory.BDACompetitionMode:197609425]: ALIVE:PLAID CFV-11F "HAKORI"_1
[BDArmory.BDACompetitionMode:197609425]: MIA:PLAID ZRQ-11104 AMBER OPTIC
[BDArmory.BDACompetitionMode:197609425]: DEAD:3:93.8:PLAID MBT-42F3 "NAVAJO"
[BDArmory.BDACompetitionMode:197609425]: DEAD:0:70.8:PLAID MBT-42F3 "NAVAJO"_1
[BDArmory.BDACompetitionMode:197609425]: DEAD:1:78.2:PLAID MBT-42F3 "NAVAJO"_2
[BDArmory.BDACompetitionMode:197609425]: DEAD:4:102.9:PLAID MBT-42F3 "NAVAJO"_3
[BDArmory.BDACompetitionMode:197609425]: DEAD:2:84.7:PLAID MBT-42F3 "NAVAJO"_4
[BDArmory.BDACompetitionMode:197609425]: WHOHITWHOWITHMISSILES:PLAID MBT-42F3 "NAVAJO":4:PLAID CFV-11F "HAKORI"
[BDArmory.BDACompetitionMode:197609425]: WHOHITWHOWITHMISSILES:PLAID MBT-42F3 "NAVAJO"_1:2:PLAID CFV-11F "HAKORI"_1:2:PLAID CFV-11F "HAKORI"
[BDArmory.BDACompetitionMode:197609425]: WHOHITWHOWITHMISSILES:PLAID MBT-42F3 "NAVAJO"_2:2:PLAID CFV-11F "HAKORI":5:PLAID CFV-11F "HAKORI"_1
[BDArmory.BDACompetitionMode:197609425]: WHOHITWHOWITHMISSILES:PLAID MBT-42F3 "NAVAJO"_3:4:PLAID CFV-11F "HAKORI"_1:4:PLAID CFV-11F "HAKORI"
[BDArmory.BDACompetitionMode:197609425]: WHOHITWHOWITHMISSILES:PLAID MBT-42F3 "NAVAJO"_4:2:PLAID CFV-11F "HAKORI":3:PLAID CFV-11F "HAKORI"_1
[BDArmory.BDACompetitionMode:197609425]: WHOPARTSHITWHOWITHMISSILES:PLAID MBT-42F3 "NAVAJO":509:PLAID CFV-11F "HAKORI"
[BDArmory.BDACompetitionMode:197609425]: WHOPARTSHITWHOWITHMISSILES:PLAID MBT-42F3 "NAVAJO"_1:369:PLAID CFV-11F "HAKORI"_1:378:PLAID CFV-11F "HAKORI"
[BDArmory.BDACompetitionMode:197609425]: WHOPARTSHITWHOWITHMISSILES:PLAID MBT-42F3 "NAVAJO"_2:351:PLAID CFV-11F "HAKORI":626:PLAID CFV-11F "HAKORI"_1
[BDArmory.BDACompetitionMode:197609425]: WHOPARTSHITWHOWITHMISSILES:PLAID MBT-42F3 "NAVAJO"_3:579:PLAID CFV-11F "HAKORI"_1:589:PLAID CFV-11F "HAKORI"
[BDArmory.BDACompetitionMode:197609425]: WHOPARTSHITWHOWITHMISSILES:PLAID MBT-42F3 "NAVAJO"_4:107:PLAID CFV-11F "HAKORI":517:PLAID CFV-11F "HAKORI"_1
[BDArmory.BDACompetitionMode:197609425]: WHODAMAGEDWHOWITHMISSILES:PLAID MBT-42F3 "NAVAJO":531237.5:PLAID CFV-11F "HAKORI"
[BDArmory.BDACompetitionMode:197609425]: WHODAMAGEDWHOWITHMISSILES:PLAID MBT-42F3 "NAVAJO"_1:281849.2:PLAID CFV-11F "HAKORI":273041.7:PLAID CFV-11F "HAKORI"_1
[BDArmory.BDACompetitionMode:197609425]: WHODAMAGEDWHOWITHMISSILES:PLAID MBT-42F3 "NAVAJO"_2:480423.4:PLAID CFV-11F "HAKORI":430202.3:PLAID CFV-11F "HAKORI"_1
[BDArmory.BDACompetitionMode:197609425]: WHODAMAGEDWHOWITHMISSILES:PLAID MBT-42F3 "NAVAJO"_3:649639.3:PLAID CFV-11F "HAKORI"_1:862292.6:PLAID CFV-11F "HAKORI"
[BDArmory.BDACompetitionMode:197609425]: WHODAMAGEDWHOWITHMISSILES:PLAID MBT-42F3 "NAVAJO"_4:274988.1:PLAID CFV-11F "HAKORI"_1:125199.9:PLAID CFV-11F "HAKORI"
[BDArmory.BDACompetitionMode:197609425]: WHODAMAGEDWHOWITHBATTLEDAMAGE:PLAID MBT-42F3 "NAVAJO":223.2:PLAID CFV-11F "HAKORI"
[BDArmory.BDACompetitionMode:197609425]: WHODAMAGEDWHOWITHBATTLEDAMAGE:PLAID MBT-42F3 "NAVAJO"_1:186.0:PLAID CFV-11F "HAKORI":186.0:PLAID CFV-11F "HAKORI"_1
[BDArmory.BDACompetitionMode:197609425]: WHODAMAGEDWHOWITHBATTLEDAMAGE:PLAID MBT-42F3 "NAVAJO"_2:372.0:PLAID CFV-11F "HAKORI"_1
[BDArmory.BDACompetitionMode:197609425]: WHODAMAGEDWHOWITHBATTLEDAMAGE:PLAID MBT-42F3 "NAVAJO"_3:223.2:PLAID CFV-11F "HAKORI"
[BDArmory.BDACompetitionMode:197609425]: WHODAMAGEDWHOWITHBATTLEDAMAGE:PLAID MBT-42F3 "NAVAJO"_4:186.0:PLAID CFV-11F "HAKORI"_1:186.0:PLAID CFV-11F "HAKORI"
[BDArmory.BDACompetitionMode:197609425]: GMKILL:PLAID MBT-42F3 "NAVAJO":GM
[BDArmory.BDACompetitionMode:197609425]: GMKILL:PLAID MBT-42F3 "NAVAJO"_1:GM
[BDArmory.BDACompetitionMode:197609425]: GMKILL:PLAID MBT-42F3 "NAVAJO"_2:GM
[BDArmory.BDACompetitionMode:197609425]: GMKILL:PLAID MBT-42F3 "NAVAJO"_3:GM
[BDArmory.BDACompetitionMode:197609425]: GMKILL:PLAID MBT-42F3 "NAVAJO"_4:GM
[BDArmory.BDACompetitionMode:197609425]: HPLEFT:PLAID CFV-11F "HAKORI":101.807228915663
[BDArmory.BDACompetitionMode:197609425]: HPLEFT:PLAID ZRQ-11104 AMBER OPTIC:100
[BDArmory.BDACompetitionMode:197609425]: HPLEFT:PLAID CFV-11F "HAKORI"_1:101.807228915663
[BDArmory.BDACompetitionMode:197609425]: HPLEFT:PLAID MBT-42F3 "NAVAJO":0
[BDArmory.BDACompetitionMode:197609425]: HPLEFT:PLAID MBT-42F3 "NAVAJO"_1:0
[BDArmory.BDACompetitionMode:197609425]: HPLEFT:PLAID MBT-42F3 "NAVAJO"_2:0
[BDArmory.BDACompetitionMode:197609425]: HPLEFT:PLAID MBT-42F3 "NAVAJO"_3:0
[BDArmory.BDACompetitionMode:197609425]: HPLEFT:PLAID MBT-42F3 "NAVAJO"_4:0
[BDArmory.BDACompetitionMode:197609425]: ACCURACY:PLAID CFV-11F "HAKORI":0/0:0/0
[BDArmory.BDACompetitionMode:197609425]: ACCURACY:PLAID ZRQ-11104 AMBER OPTIC:0/0:0/0
[BDArmory.BDACompetitionMode:197609425]: ACCURACY:PLAID CFV-11F "HAKORI"_1:0/0:0/0
[BDArmory.BDACompetitionMode:197609425]: ACCURACY:PLAID MBT-42F3 "NAVAJO":0/256:0/0
[BDArmory.BDACompetitionMode:197609425]: ACCURACY:PLAID MBT-42F3 "NAVAJO"_1:0/157:0/0
[BDArmory.BDACompetitionMode:197609425]: ACCURACY:PLAID MBT-42F3 "NAVAJO"_2:0/153:0/0
[BDArmory.BDACompetitionMode:197609425]: ACCURACY:PLAID MBT-42F3 "NAVAJO"_3:0/257:0/0
[BDArmory.BDACompetitionMode:197609425]: ACCURACY:PLAID MBT-42F3 "NAVAJO"_4:0/131:0/0
