[BDArmory.BDACompetitionMode:199413674]: Dumping Results after 104s (of 0s) at 2026-04-27 00:44:48 -04:00
[BDArmory.BDACompetitionMode:199413674]: RESULT:Win:{"team": "AIF-38", "members": ["AIF-38", "AIF-38_1"]}
[BDArmory.BDACompetitionMode:199413674]: DEADTEAMS:[{"team": "AL-27 VVVV", "members": ["AL-27 VVVV", "AL-27 VVVV_1"]}]
[BDArmory.BDACompetitionMode:199413674]: DEAD:2:104.0:AIF-38
[BDArmory.BDACompetitionMode:199413674]: MIA:AIF-38_1
[BDArmory.BDACompetitionMode:199413674]: DEAD:1:63.0:AL-27 VVVV
[BDArmory.BDACompetitionMode:199413674]: DEAD:0:42.0:AL-27 VVVV_1
[BDArmory.BDACompetitionMode:199413674]: WHOSHOTWHOWITHGUNS:AIF-38:16:AIF-38_1
[BDArmory.BDACompetitionMode:199413674]: WHOSHOTWHOWITHGUNS:AIF-38_1:16:AIF-38
[BDArmory.BDACompetitionMode:199413674]: WHODAMAGEDWHOWITHGUNS:AIF-38:5908.8:AIF-38_1
[BDArmory.BDACompetitionMode:199413674]: WHODAMAGEDWHOWITHGUNS:AIF-38_1:4917.3:AIF-38
[BDArmory.BDACompetitionMode:199413674]: WHOHITWHOWITHMISSILES:AL-27 VVVV:1:AIF-38:2:AIF-38_1
[BDArmory.BDACompetitionMode:199413674]: WHOHITWHOWITHMISSILES:AL-27 VVVV_1:1:AIF-38_1
[BDArmory.BDACompetitionMode:199413674]: WHOPARTSHITWHOWITHMISSILES:AL-27 VVVV:141:AIF-38:277:AIF-38_1
[BDArmory.BDACompetitionMode:199413674]: WHOPARTSHITWHOWITHMISSILES:AL-27 VVVV_1:139:AIF-38_1
[BDArmory.BDACompetitionMode:199413674]: WHODAMAGEDWHOWITHMISSILES:AL-27 VVVV:879.6:AIF-38:11233.9:AIF-38_1
[BDArmory.BDACompetitionMode:199413674]: WHODAMAGEDWHOWITHMISSILES:AL-27 VVVV_1:26771.6:AIF-38_1
[BDArmory.BDACompetitionMode:199413674]: WHODAMAGEDWHOWITHBATTLEDAMAGE:AIF-38:196.3:AIF-38_1
[BDArmory.BDACompetitionMode:199413674]: WHODAMAGEDWHOWITHBATTLEDAMAGE:AIF-38_1:24.2:AIF-38
[BDArmory.BDACompetitionMode:199413674]: CLEANKILLGUNS:AIF-38:AIF-38_1
[BDArmory.BDACompetitionMode:199413674]: HEADSHOTMISSILES:AL-27 VVVV:AIF-38_1
[BDArmory.BDACompetitionMode:199413674]: CLEANKILLMISSILES:AL-27 VVVV_1:AIF-38_1
[BDArmory.BDACompetitionMode:199413674]: HPLEFT:AIF-38:0
[BDArmory.BDACompetitionMode:199413674]: HPLEFT:AIF-38_1:89.7959183673469
[BDArmory.BDACompetitionMode:199413674]: HPLEFT:AL-27 VVVV:0
[BDArmory.BDACompetitionMode:199413674]: HPLEFT:AL-27 VVVV_1:0
[BDArmory.BDACompetitionMode:199413674]: ACCURACY:AIF-38:16/221:0/0
[BDArmory.BDACompetitionMode:199413674]: ACCURACY:AIF-38_1:16/217:0/0
[BDArmory.BDACompetitionMode:199413674]: ACCURACY:AL-27 VVVV:0/0:0/0
[BDArmory.BDACompetitionMode:199413674]: ACCURACY:AL-27 VVVV_1:0/0:0/0
