[BDArmory.BDACompetitionMode:196834279]: Dumping Results after 162s (of 0s) at 2026-03-28 04:14:47 -04:00
[BDArmory.BDACompetitionMode:196834279]: RESULT:Win:{"team": "PLAID AIF-42C5B LRP", "members": ["PLAID AIF-42C5B LRP", "PLAID AIF-42C5B LRP_1", "PLAID AIF-42C5B LRP_2", "PLAID AIF-42C5B LRP_3"]}
[BDArmory.BDACompetitionMode:196834279]: DEADTEAMS:[{"team": "PLAID AIF-42C5C LRP", "members": ["PLAID AIF-42C5C LRP", "PLAID AIF-42C5C LRP_1", "PLAID AIF-42C5C LRP_2", "PLAID AIF-42C5C LRP_3"]}]
[BDArmory.BDACompetitionMode:196834279]: ALIVE:PLAID AIF-42C5B LRP_2
[BDArmory.BDACompetitionMode:196834279]: ALIVE:PLAID AIF-42C5B LRP_3
[BDArmory.BDACompetitionMode:196834279]: DEAD:4:138.0:PLAID AIF-42C5C LRP
[BDArmory.BDACompetitionMode:196834279]: DEAD:3:126.0:PLAID AIF-42C5C LRP_1
[BDArmory.BDACompetitionMode:196834279]: DEAD:1:112.0:PLAID AIF-42C5C LRP_2
[BDArmory.BDACompetitionMode:196834279]: DEAD:5:151.0:PLAID AIF-42C5C LRP_3
[BDArmory.BDACompetitionMode:196834279]: DEAD:0:91.0:PLAID AIF-42C5B LRP
[BDArmory.BDACompetitionMode:196834279]: DEAD:2:117.0:PLAID AIF-42C5B LRP_1
[BDArmory.BDACompetitionMode:196834279]: WHOSHOTWHOWITHGUNS:PLAID AIF-42C5C LRP:2:PLAID AIF-42C5B LRP:1:PLAID AIF-42C5B LRP_2
[BDArmory.BDACompetitionMode:196834279]: WHOSHOTWHOWITHGUNS:PLAID AIF-42C5C LRP_1:16:PLAID AIF-42C5B LRP_2:11:PLAID AIF-42C5B LRP_3
[BDArmory.BDACompetitionMode:196834279]: WHOSHOTWHOWITHGUNS:PLAID AIF-42C5C LRP_3:2:PLAID AIF-42C5B LRP_3
[BDArmory.BDACompetitionMode:196834279]: WHOSHOTWHOWITHGUNS:PLAID AIF-42C5B LRP_1:2:PLAID AIF-42C5C LRP_1
[BDArmory.BDACompetitionMode:196834279]: WHODAMAGEDWHOWITHGUNS:PLAID AIF-42C5C LRP:955.9:PLAID AIF-42C5B LRP:54.6:PLAID AIF-42C5B LRP_2
[BDArmory.BDACompetitionMode:196834279]: WHODAMAGEDWHOWITHGUNS:PLAID AIF-42C5C LRP_1:3440.9:PLAID AIF-42C5B LRP_2:3773.4:PLAID AIF-42C5B LRP_3
[BDArmory.BDACompetitionMode:196834279]: WHODAMAGEDWHOWITHGUNS:PLAID AIF-42C5C LRP_3:550.8:PLAID AIF-42C5B LRP_3
[BDArmory.BDACompetitionMode:196834279]: WHODAMAGEDWHOWITHGUNS:PLAID AIF-42C5B LRP_1:151.6:PLAID AIF-42C5C LRP_1
[BDArmory.BDACompetitionMode:196834279]: WHOHITWHOWITHMISSILES:PLAID AIF-42C5C LRP:2:PLAID AIF-42C5B LRP
[BDArmory.BDACompetitionMode:196834279]: WHOHITWHOWITHMISSILES:PLAID AIF-42C5C LRP_2:1:PLAID AIF-42C5B LRP
[BDArmory.BDACompetitionMode:196834279]: WHOHITWHOWITHMISSILES:PLAID AIF-42C5C LRP_3:1:PLAID AIF-42C5B LRP_3:1:PLAID AIF-42C5B LRP_2
[BDArmory.BDACompetitionMode:196834279]: WHOHITWHOWITHMISSILES:PLAID AIF-42C5B LRP:1:PLAID AIF-42C5C LRP
[BDArmory.BDACompetitionMode:196834279]: WHOHITWHOWITHMISSILES:PLAID AIF-42C5B LRP_1:1:PLAID AIF-42C5C LRP_1
[BDArmory.BDACompetitionMode:196834279]: WHOHITWHOWITHMISSILES:PLAID AIF-42C5B LRP_3:1:PLAID AIF-42C5C LRP
[BDArmory.BDACompetitionMode:196834279]: WHOPARTSHITWHOWITHMISSILES:PLAID AIF-42C5C LRP:128:PLAID AIF-42C5B LRP
[BDArmory.BDACompetitionMode:196834279]: WHOPARTSHITWHOWITHMISSILES:PLAID AIF-42C5C LRP_2:74:PLAID AIF-42C5B LRP
[BDArmory.BDACompetitionMode:196834279]: WHOPARTSHITWHOWITHMISSILES:PLAID AIF-42C5C LRP_3:74:PLAID AIF-42C5B LRP_3:62:PLAID AIF-42C5B LRP_2
[BDArmory.BDACompetitionMode:196834279]: WHOPARTSHITWHOWITHMISSILES:PLAID AIF-42C5B LRP:73:PLAID AIF-42C5C LRP
[BDArmory.BDACompetitionMode:196834279]: WHOPARTSHITWHOWITHMISSILES:PLAID AIF-42C5B LRP_1:73:PLAID AIF-42C5C LRP_1
[BDArmory.BDACompetitionMode:196834279]: WHOPARTSHITWHOWITHMISSILES:PLAID AIF-42C5B LRP_3:79:PLAID AIF-42C5C LRP
[BDArmory.BDACompetitionMode:196834279]: WHODAMAGEDWHOWITHMISSILES:PLAID AIF-42C5C LRP:26683.4:PLAID AIF-42C5B LRP
[BDArmory.BDACompetitionMode:196834279]: WHODAMAGEDWHOWITHMISSILES:PLAID AIF-42C5C LRP_2:13815.3:PLAID AIF-42C5B LRP
[BDArmory.BDACompetitionMode:196834279]: WHODAMAGEDWHOWITHMISSILES:PLAID AIF-42C5C LRP_3:9349.8:PLAID AIF-42C5B LRP_3:63107.1:PLAID AIF-42C5B LRP_2
[BDArmory.BDACompetitionMode:196834279]: WHODAMAGEDWHOWITHMISSILES:PLAID AIF-42C5B LRP:2002.9:PLAID AIF-42C5C LRP
[BDArmory.BDACompetitionMode:196834279]: WHODAMAGEDWHOWITHMISSILES:PLAID AIF-42C5B LRP_1:11477.7:PLAID AIF-42C5C LRP_1
[BDArmory.BDACompetitionMode:196834279]: WHODAMAGEDWHOWITHMISSILES:PLAID AIF-42C5B LRP_3:22688.9:PLAID AIF-42C5C LRP
[BDArmory.BDACompetitionMode:196834279]: WHODAMAGEDWHOWITHBATTLEDAMAGE:PLAID AIF-42C5C LRP_1:449.6:PLAID AIF-42C5B LRP_2:16565.1:PLAID AIF-42C5C LRP_1:115.2:PLAID AIF-42C5B LRP_3
[BDArmory.BDACompetitionMode:196834279]: WHODAMAGEDWHOWITHBATTLEDAMAGE:PLAID AIF-42C5C LRP_3:5235.0:PLAID AIF-42C5B LRP_2
[BDArmory.BDACompetitionMode:196834279]: WHODAMAGEDWHOWITHBATTLEDAMAGE:PLAID AIF-42C5B LRP_2:109.7:PLAID AIF-42C5C LRP_1
[BDArmory.BDACompetitionMode:196834279]: HEADSHOTGUNS:PLAID AIF-42C5C LRP_1:PLAID AIF-42C5B LRP_3
[BDArmory.BDACompetitionMode:196834279]: CLEANKILLMISSILES:PLAID AIF-42C5B LRP:PLAID AIF-42C5C LRP
[BDArmory.BDACompetitionMode:196834279]: CLEANKILLMISSILES:PLAID AIF-42C5B LRP_1:PLAID AIF-42C5C LRP_1
[BDArmory.BDACompetitionMode:196834279]: HPLEFT:PLAID AIF-42C5C LRP:0
[BDArmory.BDACompetitionMode:196834279]: HPLEFT:PLAID AIF-42C5C LRP_1:0
[BDArmory.BDACompetitionMode:196834279]: HPLEFT:PLAID AIF-42C5C LRP_2:0
[BDArmory.BDACompetitionMode:196834279]: HPLEFT:PLAID AIF-42C5C LRP_3:0
[BDArmory.BDACompetitionMode:196834279]: HPLEFT:PLAID AIF-42C5B LRP:0
[BDArmory.BDACompetitionMode:196834279]: HPLEFT:PLAID AIF-42C5B LRP_1:0
[BDArmory.BDACompetitionMode:196834279]: HPLEFT:PLAID AIF-42C5B LRP_2:100
[BDArmory.BDACompetitionMode:196834279]: HPLEFT:PLAID AIF-42C5B LRP_3:75
[BDArmory.BDACompetitionMode:196834279]: ACCURACY:PLAID AIF-42C5C LRP:0/0:0/0
[BDArmory.BDACompetitionMode:196834279]: ACCURACY:PLAID AIF-42C5C LRP_1:2/26:0/0
[BDArmory.BDACompetitionMode:196834279]: ACCURACY:PLAID AIF-42C5C LRP_2:0/0:0/0
[BDArmory.BDACompetitionMode:196834279]: ACCURACY:PLAID AIF-42C5C LRP_3:0/0:0/0
[BDArmory.BDACompetitionMode:196834279]: ACCURACY:PLAID AIF-42C5B LRP:2/60:0/0
[BDArmory.BDACompetitionMode:196834279]: ACCURACY:PLAID AIF-42C5B LRP_1:0/10:0/0
[BDArmory.BDACompetitionMode:196834279]: ACCURACY:PLAID AIF-42C5B LRP_2:17/213:0/0
[BDArmory.BDACompetitionMode:196834279]: ACCURACY:PLAID AIF-42C5B LRP_3:13/68:0/0
