[BDArmory.BDACompetitionMode:200983055]: Dumping Results after 118s (of 0s) at 2026-05-15 04:42:51 -04:00
[BDArmory.BDACompetitionMode:200983055]: RESULT:Win:{"team": "AIF-38C", "members": ["AIF-38C", "AIF-38C_1", "AIF-38C_2", "AIF-38C_3"]}
[BDArmory.BDACompetitionMode:200983055]: DEADTEAMS:[{"team": "AL-34 Arnika", "members": ["AL-34 Arnika", "AL-34 Arnika_1", "AL-34 Arnika_2", "AL-34 Arnika_3"]}]
[BDArmory.BDACompetitionMode:200983055]: ALIVE:AIF-38C
[BDArmory.BDACompetitionMode:200983055]: ALIVE:AIF-38C_1
[BDArmory.BDACompetitionMode:200983055]: ALIVE:AIF-38C_2
[BDArmory.BDACompetitionMode:200983055]: DEAD:4:108.0:AL-34 Arnika
[BDArmory.BDACompetitionMode:200983055]: DEAD:1:67.0:AL-34 Arnika_1
[BDArmory.BDACompetitionMode:200983055]: DEAD:2:85.0:AL-34 Arnika_2
[BDArmory.BDACompetitionMode:200983055]: DEAD:3:101.0:AL-34 Arnika_3
[BDArmory.BDACompetitionMode:200983055]: DEAD:0:66.0:AIF-38C_3
[BDArmory.BDACompetitionMode:200983055]: WHOSHOTWHOWITHGUNS:AL-34 Arnika:19:AIF-38C_1:9:AIF-38C
[BDArmory.BDACompetitionMode:200983055]: WHOSHOTWHOWITHGUNS:AL-34 Arnika_3:28:AIF-38C:7:AIF-38C_2
[BDArmory.BDACompetitionMode:200983055]: WHODAMAGEDWHOWITHGUNS:AL-34 Arnika:6660.4:AIF-38C_1:5595.3:AIF-38C
[BDArmory.BDACompetitionMode:200983055]: WHODAMAGEDWHOWITHGUNS:AL-34 Arnika_3:9864.7:AIF-38C:2118.3:AIF-38C_2
[BDArmory.BDACompetitionMode:200983055]: WHOHITWHOWITHMISSILES:AL-34 Arnika:1:AIF-38C_2
[BDArmory.BDACompetitionMode:200983055]: WHOHITWHOWITHMISSILES:AL-34 Arnika_1:1:AIF-38C_3:1:AIF-38C_2
[BDArmory.BDACompetitionMode:200983055]: WHOHITWHOWITHMISSILES:AL-34 Arnika_2:2:AIF-38C_1:2:AIF-38C_2:2:AIF-38C
[BDArmory.BDACompetitionMode:200983055]: WHOHITWHOWITHMISSILES:AL-34 Arnika_3:1:AIF-38C_2:1:AIF-38C_1
[BDArmory.BDACompetitionMode:200983055]: WHOHITWHOWITHMISSILES:AIF-38C:1:AL-34 Arnika_2
[BDArmory.BDACompetitionMode:200983055]: WHOHITWHOWITHMISSILES:AIF-38C_2:1:AL-34 Arnika_3:1:AL-34 Arnika_2
[BDArmory.BDACompetitionMode:200983055]: WHOHITWHOWITHMISSILES:AIF-38C_3:1:AL-34 Arnika_3
[BDArmory.BDACompetitionMode:200983055]: WHOPARTSHITWHOWITHMISSILES:AL-34 Arnika:100:AIF-38C_2
[BDArmory.BDACompetitionMode:200983055]: WHOPARTSHITWHOWITHMISSILES:AL-34 Arnika_1:105:AIF-38C_3:80:AIF-38C_2
[BDArmory.BDACompetitionMode:200983055]: WHOPARTSHITWHOWITHMISSILES:AL-34 Arnika_2:116:AIF-38C_1:64:AIF-38C_2:52:AIF-38C
[BDArmory.BDACompetitionMode:200983055]: WHOPARTSHITWHOWITHMISSILES:AL-34 Arnika_3:103:AIF-38C_2:27:AIF-38C_1
[BDArmory.BDACompetitionMode:200983055]: WHOPARTSHITWHOWITHMISSILES:AIF-38C:100:AL-34 Arnika_2
[BDArmory.BDACompetitionMode:200983055]: WHOPARTSHITWHOWITHMISSILES:AIF-38C_2:95:AL-34 Arnika_3:92:AL-34 Arnika_2
[BDArmory.BDACompetitionMode:200983055]: WHOPARTSHITWHOWITHMISSILES:AIF-38C_3:99:AL-34 Arnika_3
[BDArmory.BDACompetitionMode:200983055]: WHODAMAGEDWHOWITHMISSILES:AL-34 Arnika:7835.7:AIF-38C_2
[BDArmory.BDACompetitionMode:200983055]: WHODAMAGEDWHOWITHMISSILES:AL-34 Arnika_1:6643.6:AIF-38C_3:2439.1:AIF-38C_2
[BDArmory.BDACompetitionMode:200983055]: WHODAMAGEDWHOWITHMISSILES:AL-34 Arnika_2:33109.6:AIF-38C_1:35497.7:AIF-38C_2:26613.5:AIF-38C
[BDArmory.BDACompetitionMode:200983055]: WHODAMAGEDWHOWITHMISSILES:AL-34 Arnika_3:10127.6:AIF-38C_2:16433.2:AIF-38C_1
[BDArmory.BDACompetitionMode:200983055]: WHODAMAGEDWHOWITHMISSILES:AIF-38C:5409.3:AL-34 Arnika_2
[BDArmory.BDACompetitionMode:200983055]: WHODAMAGEDWHOWITHMISSILES:AIF-38C_3:24695.5:AL-34 Arnika_3
[BDArmory.BDACompetitionMode:200983055]: WHODAMAGEDWHOWITHBATTLEDAMAGE:AL-34 Arnika:152.1:AIF-38C_1:97.0:AIF-38C
[BDArmory.BDACompetitionMode:200983055]: WHODAMAGEDWHOWITHBATTLEDAMAGE:AL-34 Arnika_2:20898.9:AIF-38C_1
[BDArmory.BDACompetitionMode:200983055]: WHODAMAGEDWHOWITHBATTLEDAMAGE:AL-34 Arnika_3:22299.2:AIF-38C:1.0:AIF-38C_2
[BDArmory.BDACompetitionMode:200983055]: KILLSTEALGUNS:AL-34 Arnika:AIF-38C_1
[BDArmory.BDACompetitionMode:200983055]: KILLSTEALMISSILES:AL-34 Arnika_1:AIF-38C_2
[BDArmory.BDACompetitionMode:200983055]: KILLSTEALMISSILES:AL-34 Arnika_2:AIF-38C_2
[BDArmory.BDACompetitionMode:200983055]: HEADSHOTGUNS:AL-34 Arnika_3:AIF-38C_2
[BDArmory.BDACompetitionMode:200983055]: CLEANKILLMISSILES:AIF-38C_3:AL-34 Arnika_3
[BDArmory.BDACompetitionMode:200983055]: HPLEFT:AL-34 Arnika:0
[BDArmory.BDACompetitionMode:200983055]: HPLEFT:AL-34 Arnika_1:0
[BDArmory.BDACompetitionMode:200983055]: HPLEFT:AL-34 Arnika_2:0
[BDArmory.BDACompetitionMode:200983055]: HPLEFT:AL-34 Arnika_3:0
[BDArmory.BDACompetitionMode:200983055]: HPLEFT:AIF-38C:95.1923076923077
[BDArmory.BDACompetitionMode:200983055]: HPLEFT:AIF-38C_1:100
[BDArmory.BDACompetitionMode:200983055]: HPLEFT:AIF-38C_2:100
[BDArmory.BDACompetitionMode:200983055]: HPLEFT:AIF-38C_3:0
[BDArmory.BDACompetitionMode:200983055]: ACCURACY:AL-34 Arnika:0/0:0/0
[BDArmory.BDACompetitionMode:200983055]: ACCURACY:AL-34 Arnika_1:0/0:0/0
[BDArmory.BDACompetitionMode:200983055]: ACCURACY:AL-34 Arnika_2:0/0:0/0
[BDArmory.BDACompetitionMode:200983055]: ACCURACY:AL-34 Arnika_3:0/0:0/0
[BDArmory.BDACompetitionMode:200983055]: ACCURACY:AIF-38C:37/170:0/0
[BDArmory.BDACompetitionMode:200983055]: ACCURACY:AIF-38C_1:19/169:0/0
[BDArmory.BDACompetitionMode:200983055]: ACCURACY:AIF-38C_2:7/62:0/0
[BDArmory.BDACompetitionMode:200983055]: ACCURACY:AIF-38C_3:0/0:0/0
