[BDArmory.BDACompetitionMode:198902528]: Dumping Results after 131s (of 0s) at 2026-04-21 02:44:39 -04:00
[BDArmory.BDACompetitionMode:198902528]: RESULT:Win:{"team": "PLAID AIF-42C5D1", "members": ["PLAID AIF-42C5D1", "PLAID AIF-42C5D1_1"]}
[BDArmory.BDACompetitionMode:198902528]: DEADTEAMS:[{"team": "F-52F-20 Kargadan KWS PLAID", "members": ["F-52F-20 Kargadan KWS PLAID", "F-52F-20 Kargadan KWS PLAID_1"]}]
[BDArmory.BDACompetitionMode:198902528]: ALIVE:PLAID AIF-42C5D1_1
[BDArmory.BDACompetitionMode:198902528]: DEAD:0:72.0:PLAID AIF-42C5D1
[BDArmory.BDACompetitionMode:198902528]: DEAD:1:110.0:F-52F-20 Kargadan KWS PLAID
[BDArmory.BDACompetitionMode:198902528]: DEAD:2:121.0:F-52F-20 Kargadan KWS PLAID_1
[BDArmory.BDACompetitionMode:198902528]: WHOSHOTWHOWITHGUNS:PLAID AIF-42C5D1_1:6:F-52F-20 Kargadan KWS PLAID_1
[BDArmory.BDACompetitionMode:198902528]: WHOSHOTWHOWITHGUNS:F-52F-20 Kargadan KWS PLAID:7:PLAID AIF-42C5D1_1
[BDArmory.BDACompetitionMode:198902528]: WHOSHOTWHOWITHGUNS:F-52F-20 Kargadan KWS PLAID_1:5:PLAID AIF-42C5D1_1
[BDArmory.BDACompetitionMode:198902528]: WHODAMAGEDWHOWITHGUNS:PLAID AIF-42C5D1_1:1583.8:F-52F-20 Kargadan KWS PLAID_1
[BDArmory.BDACompetitionMode:198902528]: WHODAMAGEDWHOWITHGUNS:F-52F-20 Kargadan KWS PLAID:1769.8:PLAID AIF-42C5D1_1
[BDArmory.BDACompetitionMode:198902528]: WHODAMAGEDWHOWITHGUNS:F-52F-20 Kargadan KWS PLAID_1:1928.1:PLAID AIF-42C5D1_1
[BDArmory.BDACompetitionMode:198902528]: WHOHITWHOWITHMISSILES:PLAID AIF-42C5D1:1:F-52F-20 Kargadan KWS PLAID:1:F-52F-20 Kargadan KWS PLAID_1
[BDArmory.BDACompetitionMode:198902528]: WHOHITWHOWITHMISSILES:PLAID AIF-42C5D1_1:1:F-52F-20 Kargadan KWS PLAID_1
[BDArmory.BDACompetitionMode:198902528]: WHOHITWHOWITHMISSILES:F-52F-20 Kargadan KWS PLAID:1:F-52F-20 Kargadan KWS PLAID_1
[BDArmory.BDACompetitionMode:198902528]: WHOPARTSHITWHOWITHMISSILES:PLAID AIF-42C5D1:71:F-52F-20 Kargadan KWS PLAID:69:F-52F-20 Kargadan KWS PLAID_1
[BDArmory.BDACompetitionMode:198902528]: WHOPARTSHITWHOWITHMISSILES:PLAID AIF-42C5D1_1:68:F-52F-20 Kargadan KWS PLAID_1
[BDArmory.BDACompetitionMode:198902528]: WHOPARTSHITWHOWITHMISSILES:F-52F-20 Kargadan KWS PLAID:65:F-52F-20 Kargadan KWS PLAID_1
[BDArmory.BDACompetitionMode:198902528]: WHODAMAGEDWHOWITHMISSILES:PLAID AIF-42C5D1:36381.9:F-52F-20 Kargadan KWS PLAID_1
[BDArmory.BDACompetitionMode:198902528]: WHODAMAGEDWHOWITHMISSILES:PLAID AIF-42C5D1_1:2745.2:F-52F-20 Kargadan KWS PLAID_1
[BDArmory.BDACompetitionMode:198902528]: WHODAMAGEDWHOWITHMISSILES:F-52F-20 Kargadan KWS PLAID:11007.4:F-52F-20 Kargadan KWS PLAID_1
[BDArmory.BDACompetitionMode:198902528]: WHODAMAGEDWHOWITHBATTLEDAMAGE:PLAID AIF-42C5D1:41677.6:F-52F-20 Kargadan KWS PLAID_1
[BDArmory.BDACompetitionMode:198902528]: WHODAMAGEDWHOWITHBATTLEDAMAGE:PLAID AIF-42C5D1_1:770.1:F-52F-20 Kargadan KWS PLAID_1
[BDArmory.BDACompetitionMode:198902528]: WHODAMAGEDWHOWITHBATTLEDAMAGE:F-52F-20 Kargadan KWS PLAID:416.2:PLAID AIF-42C5D1_1:15929.0:F-52F-20 Kargadan KWS PLAID
[BDArmory.BDACompetitionMode:198902528]: WHODAMAGEDWHOWITHBATTLEDAMAGE:F-52F-20 Kargadan KWS PLAID_1:206.4:PLAID AIF-42C5D1_1:502.0:F-52F-20 Kargadan KWS PLAID_1
[BDArmory.BDACompetitionMode:198902528]: HEADSHOTMISSILES:PLAID AIF-42C5D1:F-52F-20 Kargadan KWS PLAID_1
[BDArmory.BDACompetitionMode:198902528]: CLEANKILLGUNS:F-52F-20 Kargadan KWS PLAID_1:PLAID AIF-42C5D1_1
[BDArmory.BDACompetitionMode:198902528]: HPLEFT:PLAID AIF-42C5D1:0
[BDArmory.BDACompetitionMode:198902528]: HPLEFT:PLAID AIF-42C5D1_1:91.25
[BDArmory.BDACompetitionMode:198902528]: HPLEFT:F-52F-20 Kargadan KWS PLAID:0
[BDArmory.BDACompetitionMode:198902528]: HPLEFT:F-52F-20 Kargadan KWS PLAID_1:0
[BDArmory.BDACompetitionMode:198902528]: ACCURACY:PLAID AIF-42C5D1:0/0:0/0
[BDArmory.BDACompetitionMode:198902528]: ACCURACY:PLAID AIF-42C5D1_1:12/327:0/0
[BDArmory.BDACompetitionMode:198902528]: ACCURACY:F-52F-20 Kargadan KWS PLAID:0/110:0/0
[BDArmory.BDACompetitionMode:198902528]: ACCURACY:F-52F-20 Kargadan KWS PLAID_1:6/500:0/0
