[BDArmory.BDACompetitionMode:201152774]: Dumping Results after -166s (of 0s) at 2026-05-17 03:50:55 -04:00
[BDArmory.BDACompetitionMode:201152774]: RESULT:Mutual Annihilation
[BDArmory.BDACompetitionMode:201152774]: DEADTEAMS:[{"team": "AL-27 Kallistemon dev", "members": ["AL-27 Kallistemon dev", "AL-27 Kallistemon dev_1"]}, {"team": "AIF-38C", "members": ["AIF-38C", "AIF-38C_1"]}]
[BDArmory.BDACompetitionMode:201152774]: DEAD:0:125.0:AL-27 Kallistemon dev
[BDArmory.BDACompetitionMode:201152774]: DEAD:1:145.0:AL-27 Kallistemon dev_1
[BDArmory.BDACompetitionMode:201152774]: MIA:AIF-38C
[BDArmory.BDACompetitionMode:201152774]: MIA:AIF-38C_1
[BDArmory.BDACompetitionMode:201152774]: WHOSHOTWHOWITHGUNS:AL-27 Kallistemon dev:19:AIF-38C
[BDArmory.BDACompetitionMode:201152774]: WHOSHOTWHOWITHGUNS:AL-27 Kallistemon dev_1:29:AIF-38C
[BDArmory.BDACompetitionMode:201152774]: WHODAMAGEDWHOWITHGUNS:AL-27 Kallistemon dev:7423.3:AIF-38C
[BDArmory.BDACompetitionMode:201152774]: WHODAMAGEDWHOWITHGUNS:AL-27 Kallistemon dev_1:10993.7:AIF-38C
[BDArmory.BDACompetitionMode:201152774]: WHOHITWHOWITHMISSILES:AL-27 Kallistemon dev:1:AIF-38C_1
[BDArmory.BDACompetitionMode:201152774]: WHOHITWHOWITHMISSILES:AL-27 Kallistemon dev_1:1:AIF-38C_1
[BDArmory.BDACompetitionMode:201152774]: WHOHITWHOWITHMISSILES:AIF-38C_1:2:AL-27 Kallistemon dev_1:2:AL-27 Kallistemon dev
[BDArmory.BDACompetitionMode:201152774]: WHOPARTSHITWHOWITHMISSILES:AL-27 Kallistemon dev:144:AIF-38C_1
[BDArmory.BDACompetitionMode:201152774]: WHOPARTSHITWHOWITHMISSILES:AL-27 Kallistemon dev_1:136:AIF-38C_1
[BDArmory.BDACompetitionMode:201152774]: WHOPARTSHITWHOWITHMISSILES:AIF-38C_1:175:AL-27 Kallistemon dev_1:127:AL-27 Kallistemon dev
[BDArmory.BDACompetitionMode:201152774]: WHODAMAGEDWHOWITHMISSILES:AL-27 Kallistemon dev_1:13614.7:AIF-38C_1
[BDArmory.BDACompetitionMode:201152774]: WHODAMAGEDWHOWITHMISSILES:AIF-38C_1:84627.4:AL-27 Kallistemon dev_1
[BDArmory.BDACompetitionMode:201152774]: WHODAMAGEDWHOWITHBATTLEDAMAGE:AL-27 Kallistemon dev:163.2:AIF-38C:1662.3:AL-27 Kallistemon dev
[BDArmory.BDACompetitionMode:201152774]: WHODAMAGEDWHOWITHBATTLEDAMAGE:AL-27 Kallistemon dev_1:315.5:AIF-38C:13809.7:AL-27 Kallistemon dev_1
[BDArmory.BDACompetitionMode:201152774]: HEADSHOTGUNS:AL-27 Kallistemon dev:AIF-38C
[BDArmory.BDACompetitionMode:201152774]: HEADSHOTGUNS:AL-27 Kallistemon dev_1:AIF-38C
[BDArmory.BDACompetitionMode:201152774]: HPLEFT:AL-27 Kallistemon dev:0
[BDArmory.BDACompetitionMode:201152774]: HPLEFT:AL-27 Kallistemon dev_1:0
[BDArmory.BDACompetitionMode:201152774]: HPLEFT:AIF-38C:0
[BDArmory.BDACompetitionMode:201152774]: HPLEFT:AIF-38C_1:0
[BDArmory.BDACompetitionMode:201152774]: ACCURACY:AL-27 Kallistemon dev:0/121:0/0
[BDArmory.BDACompetitionMode:201152774]: ACCURACY:AL-27 Kallistemon dev_1:0/0:0/0
[BDArmory.BDACompetitionMode:201152774]: ACCURACY:AIF-38C:48/459:0/0
[BDArmory.BDACompetitionMode:201152774]: ACCURACY:AIF-38C_1:0/0:0/0
