[BDArmory.BDACompetitionMode:196982109]: Dumping Results after 191s (of 0s) at 2026-03-29 21:18:56 -04:00
[BDArmory.BDACompetitionMode:196982109]: RESULT:Win:{"team": "PLAID AIF-42C5B LRP", "members": ["PLAID AIF-42C5B LRP", "PLAID AIF-42C5B LRP_1", "PLAID AIF-42C5B LRP_2"]}
[BDArmory.BDACompetitionMode:196982109]: DEADTEAMS:[{"team": "PLAID AIF-42C5B1 LRP", "members": ["PLAID AIF-42C5B1 LRP", "PLAID AIF-42C5B1 LRP_1", "PLAID AIF-42C5B1 LRP_2"]}]
[BDArmory.BDACompetitionMode:196982109]: ALIVE:PLAID AIF-42C5B LRP_1
[BDArmory.BDACompetitionMode:196982109]: DEAD:3:163.0:PLAID AIF-42C5B LRP
[BDArmory.BDACompetitionMode:196982109]: DEAD:0:87.0:PLAID AIF-42C5B LRP_2
[BDArmory.BDACompetitionMode:196982109]: DEAD:2:123.0:PLAID AIF-42C5B1 LRP
[BDArmory.BDACompetitionMode:196982109]: DEAD:1:93.0:PLAID AIF-42C5B1 LRP_1
[BDArmory.BDACompetitionMode:196982109]: DEAD:4:179.0:PLAID AIF-42C5B1 LRP_2
[BDArmory.BDACompetitionMode:196982109]: WHOSHOTWHOWITHGUNS:PLAID AIF-42C5B LRP_2:16:PLAID AIF-42C5B1 LRP
[BDArmory.BDACompetitionMode:196982109]: WHOSHOTWHOWITHGUNS:PLAID AIF-42C5B1 LRP:22:PLAID AIF-42C5B LRP_1
[BDArmory.BDACompetitionMode:196982109]: WHOSHOTWHOWITHGUNS:PLAID AIF-42C5B1 LRP_2:3:PLAID AIF-42C5B LRP_1
[BDArmory.BDACompetitionMode:196982109]: WHODAMAGEDWHOWITHGUNS:PLAID AIF-42C5B LRP_2:5399.5:PLAID AIF-42C5B1 LRP
[BDArmory.BDACompetitionMode:196982109]: WHODAMAGEDWHOWITHGUNS:PLAID AIF-42C5B1 LRP:5662.5:PLAID AIF-42C5B LRP_1
[BDArmory.BDACompetitionMode:196982109]: WHODAMAGEDWHOWITHGUNS:PLAID AIF-42C5B1 LRP_2:723.7:PLAID AIF-42C5B LRP_1
[BDArmory.BDACompetitionMode:196982109]: WHOHITWHOWITHMISSILES:PLAID AIF-42C5B LRP:1:PLAID AIF-42C5B1 LRP
[BDArmory.BDACompetitionMode:196982109]: WHOHITWHOWITHMISSILES:PLAID AIF-42C5B1 LRP_1:2:PLAID AIF-42C5B LRP
[BDArmory.BDACompetitionMode:196982109]: WHOHITWHOWITHMISSILES:PLAID AIF-42C5B1 LRP_2:1:PLAID AIF-42C5B LRP
[BDArmory.BDACompetitionMode:196982109]: WHOPARTSHITWHOWITHMISSILES:PLAID AIF-42C5B LRP:68:PLAID AIF-42C5B1 LRP
[BDArmory.BDACompetitionMode:196982109]: WHOPARTSHITWHOWITHMISSILES:PLAID AIF-42C5B1 LRP_1:129:PLAID AIF-42C5B LRP
[BDArmory.BDACompetitionMode:196982109]: WHOPARTSHITWHOWITHMISSILES:PLAID AIF-42C5B1 LRP_2:62:PLAID AIF-42C5B LRP
[BDArmory.BDACompetitionMode:196982109]: WHODAMAGEDWHOWITHMISSILES:PLAID AIF-42C5B LRP:9725.5:PLAID AIF-42C5B1 LRP
[BDArmory.BDACompetitionMode:196982109]: WHODAMAGEDWHOWITHMISSILES:PLAID AIF-42C5B1 LRP_1:43353.3:PLAID AIF-42C5B LRP
[BDArmory.BDACompetitionMode:196982109]: WHODAMAGEDWHOWITHMISSILES:PLAID AIF-42C5B1 LRP_2:62176.7:PLAID AIF-42C5B LRP
[BDArmory.BDACompetitionMode:196982109]: WHODAMAGEDWHOWITHBATTLEDAMAGE:PLAID AIF-42C5B LRP_2:11.8:PLAID AIF-42C5B1 LRP:8165.7:PLAID AIF-42C5B LRP_2
[BDArmory.BDACompetitionMode:196982109]: WHODAMAGEDWHOWITHBATTLEDAMAGE:PLAID AIF-42C5B1 LRP:482.8:PLAID AIF-42C5B LRP_1
[BDArmory.BDACompetitionMode:196982109]: WHODAMAGEDWHOWITHBATTLEDAMAGE:PLAID AIF-42C5B1 LRP_1:34858.2:PLAID AIF-42C5B LRP
[BDArmory.BDACompetitionMode:196982109]: WHODAMAGEDWHOWITHBATTLEDAMAGE:PLAID AIF-42C5B1 LRP_2:18954.4:PLAID AIF-42C5B LRP
[BDArmory.BDACompetitionMode:196982109]: GMKILL:PLAID AIF-42C5B LRP:LandedTooLong
[BDArmory.BDACompetitionMode:196982109]: GMKILL:PLAID AIF-42C5B1 LRP_2:LandedTooLong
[BDArmory.BDACompetitionMode:196982109]: CLEANKILLGUNS:PLAID AIF-42C5B LRP_2:PLAID AIF-42C5B1 LRP
[BDArmory.BDACompetitionMode:196982109]: CLEANKILLGUNS:PLAID AIF-42C5B1 LRP:PLAID AIF-42C5B LRP_1
[BDArmory.BDACompetitionMode:196982109]: CLEANKILLMISSILES:PLAID AIF-42C5B1 LRP_1:PLAID AIF-42C5B LRP
[BDArmory.BDACompetitionMode:196982109]: HPLEFT:PLAID AIF-42C5B LRP:0
[BDArmory.BDACompetitionMode:196982109]: HPLEFT:PLAID AIF-42C5B LRP_1:100
[BDArmory.BDACompetitionMode:196982109]: HPLEFT:PLAID AIF-42C5B LRP_2:0
[BDArmory.BDACompetitionMode:196982109]: HPLEFT:PLAID AIF-42C5B1 LRP:0
[BDArmory.BDACompetitionMode:196982109]: HPLEFT:PLAID AIF-42C5B1 LRP_1:0
[BDArmory.BDACompetitionMode:196982109]: HPLEFT:PLAID AIF-42C5B1 LRP_2:0
[BDArmory.BDACompetitionMode:196982109]: ACCURACY:PLAID AIF-42C5B LRP:0/13:0/0
[BDArmory.BDACompetitionMode:196982109]: ACCURACY:PLAID AIF-42C5B LRP_1:25/263:0/0
[BDArmory.BDACompetitionMode:196982109]: ACCURACY:PLAID AIF-42C5B LRP_2:0/0:0/0
[BDArmory.BDACompetitionMode:196982109]: ACCURACY:PLAID AIF-42C5B1 LRP:16/118:0/0
[BDArmory.BDACompetitionMode:196982109]: ACCURACY:PLAID AIF-42C5B1 LRP_1:0/10:0/0
[BDArmory.BDACompetitionMode:196982109]: ACCURACY:PLAID AIF-42C5B1 LRP_2:0/0:0/0
