[BDArmory.BDACompetitionMode:196833370]: Dumping Results after 147s (of 0s) at 2026-03-28 03:59:22 -04:00
[BDArmory.BDACompetitionMode:196833370]: RESULT:Win:{"team": "PLAID AIF-42C5B LRP", "members": ["PLAID AIF-42C5B LRP", "PLAID AIF-42C5B LRP_1", "PLAID AIF-42C5B LRP_2", "PLAID AIF-42C5B LRP_3"]}
[BDArmory.BDACompetitionMode:196833370]: DEADTEAMS:[{"team": "PLAID AIF-42C5C LRP", "members": ["PLAID AIF-42C5C LRP", "PLAID AIF-42C5C LRP_1", "PLAID AIF-42C5C LRP_2", "PLAID AIF-42C5C LRP_3"]}]
[BDArmory.BDACompetitionMode:196833370]: ALIVE:PLAID AIF-42C5B LRP_1
[BDArmory.BDACompetitionMode:196833370]: ALIVE:PLAID AIF-42C5B LRP_2
[BDArmory.BDACompetitionMode:196833370]: MIA:PLAID AIF-42C5B LRP
[BDArmory.BDACompetitionMode:196833370]: DEAD:1:110.0:PLAID AIF-42C5B LRP_3
[BDArmory.BDACompetitionMode:196833370]: DEAD:3:131.0:PLAID AIF-42C5C LRP
[BDArmory.BDACompetitionMode:196833370]: DEAD:0:71.0:PLAID AIF-42C5C LRP_1
[BDArmory.BDACompetitionMode:196833370]: DEAD:2:111.0:PLAID AIF-42C5C LRP_2
[BDArmory.BDACompetitionMode:196833370]: DEAD:4:136.0:PLAID AIF-42C5C LRP_3
[BDArmory.BDACompetitionMode:196833370]: WHOSHOTWHOWITHGUNS:PLAID AIF-42C5B LRP_3:5:PLAID AIF-42C5C LRP_2
[BDArmory.BDACompetitionMode:196833370]: WHOSHOTWHOWITHGUNS:PLAID AIF-42C5C LRP:2:PLAID AIF-42C5B LRP_3:10:PLAID AIF-42C5B LRP_2:9:PLAID AIF-42C5B LRP:6:PLAID AIF-42C5B LRP_1
[BDArmory.BDACompetitionMode:196833370]: WHODAMAGEDWHOWITHGUNS:PLAID AIF-42C5B LRP_3:1004.8:PLAID AIF-42C5C LRP_2
[BDArmory.BDACompetitionMode:196833370]: WHODAMAGEDWHOWITHGUNS:PLAID AIF-42C5C LRP:847.6:PLAID AIF-42C5B LRP_3:2755.0:PLAID AIF-42C5B LRP_2:2291.5:PLAID AIF-42C5B LRP:1776.0:PLAID AIF-42C5B LRP_1
[BDArmory.BDACompetitionMode:196833370]: WHOHITWHOWITHMISSILES:PLAID AIF-42C5B LRP_2:2:PLAID AIF-42C5C LRP
[BDArmory.BDACompetitionMode:196833370]: WHOHITWHOWITHMISSILES:PLAID AIF-42C5B LRP_3:1:PLAID AIF-42C5C LRP_2
[BDArmory.BDACompetitionMode:196833370]: WHOHITWHOWITHMISSILES:PLAID AIF-42C5C LRP:1:PLAID AIF-42C5B LRP
[BDArmory.BDACompetitionMode:196833370]: WHOHITWHOWITHMISSILES:PLAID AIF-42C5C LRP_1:1:PLAID AIF-42C5B LRP_3
[BDArmory.BDACompetitionMode:196833370]: WHOHITWHOWITHMISSILES:PLAID AIF-42C5C LRP_2:2:PLAID AIF-42C5B LRP_2
[BDArmory.BDACompetitionMode:196833370]: WHOHITWHOWITHMISSILES:PLAID AIF-42C5C LRP_3:3:PLAID AIF-42C5B LRP_1:3:PLAID AIF-42C5B LRP
[BDArmory.BDACompetitionMode:196833370]: WHOPARTSHITWHOWITHMISSILES:PLAID AIF-42C5B LRP_2:142:PLAID AIF-42C5C LRP
[BDArmory.BDACompetitionMode:196833370]: WHOPARTSHITWHOWITHMISSILES:PLAID AIF-42C5B LRP_3:12:PLAID AIF-42C5C LRP_2
[BDArmory.BDACompetitionMode:196833370]: WHOPARTSHITWHOWITHMISSILES:PLAID AIF-42C5C LRP:69:PLAID AIF-42C5B LRP
[BDArmory.BDACompetitionMode:196833370]: WHOPARTSHITWHOWITHMISSILES:PLAID AIF-42C5C LRP_1:65:PLAID AIF-42C5B LRP_3
[BDArmory.BDACompetitionMode:196833370]: WHOPARTSHITWHOWITHMISSILES:PLAID AIF-42C5C LRP_2:134:PLAID AIF-42C5B LRP_2
[BDArmory.BDACompetitionMode:196833370]: WHOPARTSHITWHOWITHMISSILES:PLAID AIF-42C5C LRP_3:168:PLAID AIF-42C5B LRP_1:104:PLAID AIF-42C5B LRP
[BDArmory.BDACompetitionMode:196833370]: WHODAMAGEDWHOWITHMISSILES:PLAID AIF-42C5B LRP_3:1162.5:PLAID AIF-42C5C LRP_2
[BDArmory.BDACompetitionMode:196833370]: WHODAMAGEDWHOWITHMISSILES:PLAID AIF-42C5C LRP:15250.2:PLAID AIF-42C5B LRP
[BDArmory.BDACompetitionMode:196833370]: WHODAMAGEDWHOWITHMISSILES:PLAID AIF-42C5C LRP_1:110181.8:PLAID AIF-42C5B LRP_3
[BDArmory.BDACompetitionMode:196833370]: WHODAMAGEDWHOWITHMISSILES:PLAID AIF-42C5C LRP_2:35634.4:PLAID AIF-42C5B LRP_2
[BDArmory.BDACompetitionMode:196833370]: WHODAMAGEDWHOWITHMISSILES:PLAID AIF-42C5C LRP_3:39562.0:PLAID AIF-42C5B LRP_1:4621.2:PLAID AIF-42C5B LRP
[BDArmory.BDACompetitionMode:196833370]: WHORAMMEDWHO:PLAID AIF-42C5C LRP:6:PLAID AIF-42C5B LRP_2
[BDArmory.BDACompetitionMode:196833370]: WHODAMAGEDWHOWITHBATTLEDAMAGE:PLAID AIF-42C5B LRP:7.6:PLAID AIF-42C5B LRP_1:10187.7:PLAID AIF-42C5B LRP
[BDArmory.BDACompetitionMode:196833370]: WHODAMAGEDWHOWITHBATTLEDAMAGE:PLAID AIF-42C5B LRP_2:10.7:PLAID AIF-42C5B LRP_1
[BDArmory.BDACompetitionMode:196833370]: WHODAMAGEDWHOWITHBATTLEDAMAGE:PLAID AIF-42C5B LRP_3:35.4:PLAID AIF-42C5C LRP_2:21129.1:PLAID AIF-42C5B LRP_3
[BDArmory.BDACompetitionMode:196833370]: WHODAMAGEDWHOWITHBATTLEDAMAGE:PLAID AIF-42C5C LRP:150.3:PLAID AIF-42C5B LRP_3:71.8:PLAID AIF-42C5B LRP_2:38.9:PLAID AIF-42C5B LRP:3.1:PLAID AIF-42C5B LRP_1
[BDArmory.BDACompetitionMode:196833370]: WHODAMAGEDWHOWITHBATTLEDAMAGE:PLAID AIF-42C5C LRP_1:5918.2:PLAID AIF-42C5B LRP_3
[BDArmory.BDACompetitionMode:196833370]: CLEANKILLMISSILES:PLAID AIF-42C5B LRP_3:PLAID AIF-42C5C LRP_2
[BDArmory.BDACompetitionMode:196833370]: KILLSTEALGUNS:PLAID AIF-42C5C LRP:PLAID AIF-42C5B LRP_1
[BDArmory.BDACompetitionMode:196833370]: CLEANKILLMISSILES:PLAID AIF-42C5C LRP_1:PLAID AIF-42C5B LRP_3
[BDArmory.BDACompetitionMode:196833370]: CLEANKILLMISSILES:PLAID AIF-42C5C LRP_2:PLAID AIF-42C5B LRP_2
[BDArmory.BDACompetitionMode:196833370]: HPLEFT:PLAID AIF-42C5B LRP:62.5
[BDArmory.BDACompetitionMode:196833370]: HPLEFT:PLAID AIF-42C5B LRP_1:100
[BDArmory.BDACompetitionMode:196833370]: HPLEFT:PLAID AIF-42C5B LRP_2:100
[BDArmory.BDACompetitionMode:196833370]: HPLEFT:PLAID AIF-42C5B LRP_3:0
[BDArmory.BDACompetitionMode:196833370]: HPLEFT:PLAID AIF-42C5C LRP:0
[BDArmory.BDACompetitionMode:196833370]: HPLEFT:PLAID AIF-42C5C LRP_1:0
[BDArmory.BDACompetitionMode:196833370]: HPLEFT:PLAID AIF-42C5C LRP_2:0
[BDArmory.BDACompetitionMode:196833370]: HPLEFT:PLAID AIF-42C5C LRP_3:0
[BDArmory.BDACompetitionMode:196833370]: ACCURACY:PLAID AIF-42C5B LRP:9/121:0/0
[BDArmory.BDACompetitionMode:196833370]: ACCURACY:PLAID AIF-42C5B LRP_1:6/167:0/0
[BDArmory.BDACompetitionMode:196833370]: ACCURACY:PLAID AIF-42C5B LRP_2:10/152:0/0
[BDArmory.BDACompetitionMode:196833370]: ACCURACY:PLAID AIF-42C5B LRP_3:2/26:0/0
[BDArmory.BDACompetitionMode:196833370]: ACCURACY:PLAID AIF-42C5C LRP:0/0:0/0
[BDArmory.BDACompetitionMode:196833370]: ACCURACY:PLAID AIF-42C5C LRP_1:0/0:0/0
[BDArmory.BDACompetitionMode:196833370]: ACCURACY:PLAID AIF-42C5C LRP_2:5/82:0/0
[BDArmory.BDACompetitionMode:196833370]: ACCURACY:PLAID AIF-42C5C LRP_3:0/0:0/0
