[BDArmory.BDACompetitionMode:201148240]: Dumping Results after 133s (of 0s) at 2026-05-17 02:34:07 -04:00
[BDArmory.BDACompetitionMode:201148240]: RESULT:Win:{"team": "AIF-38C", "members": ["AIF-38C", "AIF-38C_1"]}
[BDArmory.BDACompetitionMode:201148240]: DEADTEAMS:[{"team": "F_A-27BN Voron", "members": ["F/A-27BN Voron", "F/A-27BN Voron_1"]}]
[BDArmory.BDACompetitionMode:201148240]: ALIVE:AIF-38C
[BDArmory.BDACompetitionMode:201148240]: MIA:AIF-38C_1
[BDArmory.BDACompetitionMode:201148240]: DEAD:0:119.0:F/A-27BN Voron
[BDArmory.BDACompetitionMode:201148240]: DEAD:1:123.0:F/A-27BN Voron_1
[BDArmory.BDACompetitionMode:201148240]: WHOSHOTWHOWITHGUNS:AIF-38C_1:3:F/A-27BN Voron_1
[BDArmory.BDACompetitionMode:201148240]: WHOSHOTWHOWITHGUNS:F/A-27BN Voron_1:1:AIF-38C_1:11:AIF-38C
[BDArmory.BDACompetitionMode:201148240]: WHODAMAGEDWHOWITHGUNS:AIF-38C_1:1685.0:F/A-27BN Voron_1
[BDArmory.BDACompetitionMode:201148240]: WHODAMAGEDWHOWITHGUNS:F/A-27BN Voron_1:611.9:AIF-38C_1:2853.4:AIF-38C
[BDArmory.BDACompetitionMode:201148240]: WHOHITWHOWITHMISSILES:AIF-38C:1:F/A-27BN Voron
[BDArmory.BDACompetitionMode:201148240]: WHOHITWHOWITHMISSILES:AIF-38C_1:1:F/A-27BN Voron
[BDArmory.BDACompetitionMode:201148240]: WHOHITWHOWITHMISSILES:F/A-27BN Voron:2:AIF-38C
[BDArmory.BDACompetitionMode:201148240]: WHOPARTSHITWHOWITHMISSILES:AIF-38C:96:F/A-27BN Voron
[BDArmory.BDACompetitionMode:201148240]: WHOPARTSHITWHOWITHMISSILES:AIF-38C_1:97:F/A-27BN Voron
[BDArmory.BDACompetitionMode:201148240]: WHOPARTSHITWHOWITHMISSILES:F/A-27BN Voron:150:AIF-38C
[BDArmory.BDACompetitionMode:201148240]: WHODAMAGEDWHOWITHMISSILES:AIF-38C_1:29387.1:F/A-27BN Voron
[BDArmory.BDACompetitionMode:201148240]: WHODAMAGEDWHOWITHMISSILES:F/A-27BN Voron:22609.5:AIF-38C
[BDArmory.BDACompetitionMode:201148240]: WHODAMAGEDWHOWITHBATTLEDAMAGE:AIF-38C_1:8.0:F/A-27BN Voron_1
[BDArmory.BDACompetitionMode:201148240]: WHODAMAGEDWHOWITHBATTLEDAMAGE:F/A-27BN Voron:32193.2:AIF-38C
[BDArmory.BDACompetitionMode:201148240]: WHODAMAGEDWHOWITHBATTLEDAMAGE:F/A-27BN Voron_1:155.6:AIF-38C_1:118.5:AIF-38C
[BDArmory.BDACompetitionMode:201148240]: CLEANKILLMISSILES:F/A-27BN Voron:AIF-38C
[BDArmory.BDACompetitionMode:201148240]: HEADSHOTGUNS:F/A-27BN Voron_1:AIF-38C
[BDArmory.BDACompetitionMode:201148240]: HPLEFT:AIF-38C:100
[BDArmory.BDACompetitionMode:201148240]: HPLEFT:AIF-38C_1:4.80769230769231
[BDArmory.BDACompetitionMode:201148240]: HPLEFT:F/A-27BN Voron:0
[BDArmory.BDACompetitionMode:201148240]: HPLEFT:F/A-27BN Voron_1:0
[BDArmory.BDACompetitionMode:201148240]: ACCURACY:AIF-38C:11/89:0/0
[BDArmory.BDACompetitionMode:201148240]: ACCURACY:AIF-38C_1:1/32:0/0
[BDArmory.BDACompetitionMode:201148240]: ACCURACY:F/A-27BN Voron:0/0:0/0
[BDArmory.BDACompetitionMode:201148240]: ACCURACY:F/A-27BN Voron_1:3/43:0/0
