[BDArmory.BDACompetitionMode:201149852]: Dumping Results after 100s (of 0s) at 2026-05-17 03:00:13 -04:00
[BDArmory.BDACompetitionMode:201149852]: RESULT:Win:{"team": "AIF-38C", "members": ["AIF-38C", "AIF-38C_1"]}
[BDArmory.BDACompetitionMode:201149852]: DEADTEAMS:[{"team": "F_A-27BN Voron", "members": ["F/A-27BN Voron", "F/A-27BN Voron_1"]}]
[BDArmory.BDACompetitionMode:201149852]: ALIVE:AIF-38C
[BDArmory.BDACompetitionMode:201149852]: ALIVE:AIF-38C_1
[BDArmory.BDACompetitionMode:201149852]: DEAD:0:90.0:F/A-27BN Voron
[BDArmory.BDACompetitionMode:201149852]: DEAD:1:90.0:F/A-27BN Voron_1
[BDArmory.BDACompetitionMode:201149852]: WHOHITWHOWITHMISSILES:F/A-27BN Voron:1:AIF-38C_1
[BDArmory.BDACompetitionMode:201149852]: WHOHITWHOWITHMISSILES:F/A-27BN Voron_1:1:AIF-38C_1
[BDArmory.BDACompetitionMode:201149852]: WHOHITWHOWITHMISSILES:AIF-38C:1:F/A-27BN Voron
[BDArmory.BDACompetitionMode:201149852]: WHOHITWHOWITHMISSILES:AIF-38C_1:1:F/A-27BN Voron
[BDArmory.BDACompetitionMode:201149852]: WHOPARTSHITWHOWITHMISSILES:F/A-27BN Voron:78:AIF-38C_1
[BDArmory.BDACompetitionMode:201149852]: WHOPARTSHITWHOWITHMISSILES:F/A-27BN Voron_1:78:AIF-38C_1
[BDArmory.BDACompetitionMode:201149852]: WHOPARTSHITWHOWITHMISSILES:AIF-38C:94:F/A-27BN Voron
[BDArmory.BDACompetitionMode:201149852]: WHOPARTSHITWHOWITHMISSILES:AIF-38C_1:90:F/A-27BN Voron
[BDArmory.BDACompetitionMode:201149852]: WHODAMAGEDWHOWITHMISSILES:F/A-27BN Voron:18212.2:AIF-38C_1
[BDArmory.BDACompetitionMode:201149852]: WHODAMAGEDWHOWITHMISSILES:F/A-27BN Voron_1:37383.1:AIF-38C_1
[BDArmory.BDACompetitionMode:201149852]: WHODAMAGEDWHOWITHMISSILES:AIF-38C:3518.5:F/A-27BN Voron
[BDArmory.BDACompetitionMode:201149852]: WHODAMAGEDWHOWITHMISSILES:AIF-38C_1:14988.3:F/A-27BN Voron
[BDArmory.BDACompetitionMode:201149852]: WHODAMAGEDWHOWITHBATTLEDAMAGE:AIF-38C_1:0.1:F/A-27BN Voron
[BDArmory.BDACompetitionMode:201149852]: CLEANKILLMISSILES:F/A-27BN Voron:AIF-38C_1
[BDArmory.BDACompetitionMode:201149852]: CLEANKILLMISSILES:F/A-27BN Voron_1:AIF-38C_1
[BDArmory.BDACompetitionMode:201149852]: HPLEFT:F/A-27BN Voron:0
[BDArmory.BDACompetitionMode:201149852]: HPLEFT:F/A-27BN Voron_1:0
[BDArmory.BDACompetitionMode:201149852]: HPLEFT:AIF-38C:94.2307692307692
[BDArmory.BDACompetitionMode:201149852]: HPLEFT:AIF-38C_1:78.8461538461538
[BDArmory.BDACompetitionMode:201149852]: ACCURACY:F/A-27BN Voron:0/0:0/0
[BDArmory.BDACompetitionMode:201149852]: ACCURACY:F/A-27BN Voron_1:0/0:0/0
[BDArmory.BDACompetitionMode:201149852]: ACCURACY:AIF-38C:0/0:0/0
[BDArmory.BDACompetitionMode:201149852]: ACCURACY:AIF-38C_1:0/0:0/0
