[BDArmory.BDACompetitionMode:197193671]: Dumping Results after 139s (of 0s) at 2026-04-01 08:07:13 -04:00
[BDArmory.BDACompetitionMode:197193671]: RESULT:Win:{"team": "PLAID AIF-42C5D LRP", "members": ["PLAID AIF-42C5D LRP", "PLAID AIF-42C5D LRP_1", "PLAID AIF-42C5D LRP_2"]}
[BDArmory.BDACompetitionMode:197193671]: DEADTEAMS:[{"team": "PLAID AIF-42C5B LRP", "members": ["PLAID AIF-42C5B LRP", "PLAID AIF-42C5B LRP_1", "PLAID AIF-42C5B LRP_2"]}]
[BDArmory.BDACompetitionMode:197193671]: ALIVE:PLAID AIF-42C5D LRP
[BDArmory.BDACompetitionMode:197193671]: ALIVE:PLAID AIF-42C5D LRP_1
[BDArmory.BDACompetitionMode:197193671]: ALIVE:PLAID AIF-42C5D LRP_2
[BDArmory.BDACompetitionMode:197193671]: DEAD:2:127.2:PLAID AIF-42C5B LRP
[BDArmory.BDACompetitionMode:197193671]: DEAD:1:126.8:PLAID AIF-42C5B LRP_1
[BDArmory.BDACompetitionMode:197193671]: DEAD:0:110.4:PLAID AIF-42C5B LRP_2
[BDArmory.BDACompetitionMode:197193671]: WHOSHOTWHOWITHGUNS:PLAID AIF-42C5B LRP:8:PLAID AIF-42C5D LRP_1:23:PLAID AIF-42C5D LRP
[BDArmory.BDACompetitionMode:197193671]: WHOSHOTWHOWITHGUNS:PLAID AIF-42C5B LRP_1:16:PLAID AIF-42C5D LRP_2
[BDArmory.BDACompetitionMode:197193671]: WHOSHOTWHOWITHGUNS:PLAID AIF-42C5B LRP_2:2:PLAID AIF-42C5D LRP
[BDArmory.BDACompetitionMode:197193671]: WHOSHOTWHOWITHGUNS:PLAID AIF-42C5D LRP_1:4:PLAID AIF-42C5B LRP_1
[BDArmory.BDACompetitionMode:197193671]: WHOSHOTWHOWITHGUNS:PLAID AIF-42C5D LRP_2:18:PLAID AIF-42C5B LRP_2
[BDArmory.BDACompetitionMode:197193671]: WHODAMAGEDWHOWITHGUNS:PLAID AIF-42C5B LRP:2926.6:PLAID AIF-42C5D LRP_1:4996.4:PLAID AIF-42C5D LRP
[BDArmory.BDACompetitionMode:197193671]: WHODAMAGEDWHOWITHGUNS:PLAID AIF-42C5B LRP_1:4583.9:PLAID AIF-42C5D LRP_2
[BDArmory.BDACompetitionMode:197193671]: WHODAMAGEDWHOWITHGUNS:PLAID AIF-42C5B LRP_2:1036.0:PLAID AIF-42C5D LRP
[BDArmory.BDACompetitionMode:197193671]: WHODAMAGEDWHOWITHGUNS:PLAID AIF-42C5D LRP_1:1857.8:PLAID AIF-42C5B LRP_1
[BDArmory.BDACompetitionMode:197193671]: WHODAMAGEDWHOWITHGUNS:PLAID AIF-42C5D LRP_2:3421.3:PLAID AIF-42C5B LRP_2
[BDArmory.BDACompetitionMode:197193671]: WHOHITWHOWITHMISSILES:PLAID AIF-42C5B LRP:1:PLAID AIF-42C5D LRP_1
[BDArmory.BDACompetitionMode:197193671]: WHOHITWHOWITHMISSILES:PLAID AIF-42C5B LRP_2:1:PLAID AIF-42C5D LRP:1:PLAID AIF-42C5B LRP
[BDArmory.BDACompetitionMode:197193671]: WHOHITWHOWITHMISSILES:PLAID AIF-42C5D LRP_1:1:PLAID AIF-42C5B LRP_1
[BDArmory.BDACompetitionMode:197193671]: WHOHITWHOWITHMISSILES:PLAID AIF-42C5D LRP_2:1:PLAID AIF-42C5B LRP
[BDArmory.BDACompetitionMode:197193671]: WHOPARTSHITWHOWITHMISSILES:PLAID AIF-42C5B LRP:72:PLAID AIF-42C5D LRP_1
[BDArmory.BDACompetitionMode:197193671]: WHOPARTSHITWHOWITHMISSILES:PLAID AIF-42C5B LRP_2:73:PLAID AIF-42C5D LRP:52:PLAID AIF-42C5B LRP
[BDArmory.BDACompetitionMode:197193671]: WHOPARTSHITWHOWITHMISSILES:PLAID AIF-42C5D LRP_1:69:PLAID AIF-42C5B LRP_1
[BDArmory.BDACompetitionMode:197193671]: WHOPARTSHITWHOWITHMISSILES:PLAID AIF-42C5D LRP_2:70:PLAID AIF-42C5B LRP
[BDArmory.BDACompetitionMode:197193671]: WHODAMAGEDWHOWITHMISSILES:PLAID AIF-42C5B LRP_2:18909.1:PLAID AIF-42C5D LRP:12889.1:PLAID AIF-42C5B LRP
[BDArmory.BDACompetitionMode:197193671]: WHODAMAGEDWHOWITHMISSILES:PLAID AIF-42C5D LRP_1:15315.5:PLAID AIF-42C5B LRP_1
[BDArmory.BDACompetitionMode:197193671]: WHODAMAGEDWHOWITHMISSILES:PLAID AIF-42C5D LRP_2:11455.9:PLAID AIF-42C5B LRP
[BDArmory.BDACompetitionMode:197193671]: WHORAMMEDWHO:PLAID AIF-42C5B LRP:1:PLAID AIF-42C5D LRP
[BDArmory.BDACompetitionMode:197193671]: WHODAMAGEDWHOWITHBATTLEDAMAGE:PLAID AIF-42C5B LRP:134.6:PLAID AIF-42C5D LRP_1:532.9:PLAID AIF-42C5D LRP:9551.7:PLAID AIF-42C5B LRP
[BDArmory.BDACompetitionMode:197193671]: WHODAMAGEDWHOWITHBATTLEDAMAGE:PLAID AIF-42C5B LRP_1:320.7:PLAID AIF-42C5D LRP_2:8246.8:PLAID AIF-42C5B LRP_1
[BDArmory.BDACompetitionMode:197193671]: WHODAMAGEDWHOWITHBATTLEDAMAGE:PLAID AIF-42C5B LRP_2:215.7:PLAID AIF-42C5D LRP
[BDArmory.BDACompetitionMode:197193671]: WHODAMAGEDWHOWITHBATTLEDAMAGE:PLAID AIF-42C5D LRP_1:100.2:PLAID AIF-42C5B LRP_1
[BDArmory.BDACompetitionMode:197193671]: WHODAMAGEDWHOWITHBATTLEDAMAGE:PLAID AIF-42C5D LRP_2:159.2:PLAID AIF-42C5B LRP_2
[BDArmory.BDACompetitionMode:197193671]: GMKILL:PLAID AIF-42C5B LRP:GM
[BDArmory.BDACompetitionMode:197193671]: GMKILL:PLAID AIF-42C5B LRP_1:GM
[BDArmory.BDACompetitionMode:197193671]: GMKILL:PLAID AIF-42C5B LRP_2:GM
[BDArmory.BDACompetitionMode:197193671]: HPLEFT:PLAID AIF-42C5B LRP:0
[BDArmory.BDACompetitionMode:197193671]: HPLEFT:PLAID AIF-42C5B LRP_1:0
[BDArmory.BDACompetitionMode:197193671]: HPLEFT:PLAID AIF-42C5B LRP_2:0
[BDArmory.BDACompetitionMode:197193671]: HPLEFT:PLAID AIF-42C5D LRP:98.6842105263158
[BDArmory.BDACompetitionMode:197193671]: HPLEFT:PLAID AIF-42C5D LRP_1:75
[BDArmory.BDACompetitionMode:197193671]: HPLEFT:PLAID AIF-42C5D LRP_2:80.2631578947369
[BDArmory.BDACompetitionMode:197193671]: ACCURACY:PLAID AIF-42C5B LRP:0/61:0/0
[BDArmory.BDACompetitionMode:197193671]: ACCURACY:PLAID AIF-42C5B LRP_1:4/93:0/0
[BDArmory.BDACompetitionMode:197193671]: ACCURACY:PLAID AIF-42C5B LRP_2:18/121:0/0
[BDArmory.BDACompetitionMode:197193671]: ACCURACY:PLAID AIF-42C5D LRP:25/147:0/0
[BDArmory.BDACompetitionMode:197193671]: ACCURACY:PLAID AIF-42C5D LRP_1:8/82:0/0
[BDArmory.BDACompetitionMode:197193671]: ACCURACY:PLAID AIF-42C5D LRP_2:16/85:0/0
