[BDArmory.BDACompetitionMode:197194890]: Dumping Results after 134s (of 0s) at 2026-04-01 08:27:21 -04:00
[BDArmory.BDACompetitionMode:197194890]: RESULT:Win:{"team": "PLAID AIF-42C5B LRP", "members": ["PLAID AIF-42C5B LRP", "PLAID AIF-42C5B LRP_1", "PLAID AIF-42C5B LRP_2"]}
[BDArmory.BDACompetitionMode:197194890]: DEADTEAMS:[{"team": "PLAID AIF-42C5D LRP", "members": ["PLAID AIF-42C5D LRP", "PLAID AIF-42C5D LRP_1", "PLAID AIF-42C5D LRP_2"]}]
[BDArmory.BDACompetitionMode:197194890]: ALIVE:PLAID AIF-42C5B LRP
[BDArmory.BDACompetitionMode:197194890]: ALIVE:PLAID AIF-42C5B LRP_1
[BDArmory.BDACompetitionMode:197194890]: DEAD:0:95.0:PLAID AIF-42C5B LRP_2
[BDArmory.BDACompetitionMode:197194890]: DEAD:3:122.0:PLAID AIF-42C5D LRP
[BDArmory.BDACompetitionMode:197194890]: DEAD:1:102.2:PLAID AIF-42C5D LRP_1
[BDArmory.BDACompetitionMode:197194890]: DEAD:2:120.0:PLAID AIF-42C5D LRP_2
[BDArmory.BDACompetitionMode:197194890]: WHOSHOTWHOWITHGUNS:PLAID AIF-42C5B LRP:1:PLAID AIF-42C5D LRP_2
[BDArmory.BDACompetitionMode:197194890]: WHOSHOTWHOWITHGUNS:PLAID AIF-42C5B LRP_1:6:PLAID AIF-42C5D LRP_2
[BDArmory.BDACompetitionMode:197194890]: WHOSHOTWHOWITHGUNS:PLAID AIF-42C5B LRP_2:4:PLAID AIF-42C5D LRP
[BDArmory.BDACompetitionMode:197194890]: WHOSHOTWHOWITHGUNS:PLAID AIF-42C5D LRP:31:PLAID AIF-42C5B LRP_1
[BDArmory.BDACompetitionMode:197194890]: WHOSHOTWHOWITHGUNS:PLAID AIF-42C5D LRP_1:14:PLAID AIF-42C5B LRP_1
[BDArmory.BDACompetitionMode:197194890]: WHOSHOTWHOWITHGUNS:PLAID AIF-42C5D LRP_2:1:PLAID AIF-42C5B LRP_2:17:PLAID AIF-42C5B LRP
[BDArmory.BDACompetitionMode:197194890]: WHODAMAGEDWHOWITHGUNS:PLAID AIF-42C5B LRP:747.9:PLAID AIF-42C5D LRP_2
[BDArmory.BDACompetitionMode:197194890]: WHODAMAGEDWHOWITHGUNS:PLAID AIF-42C5B LRP_1:2703.2:PLAID AIF-42C5D LRP_2
[BDArmory.BDACompetitionMode:197194890]: WHODAMAGEDWHOWITHGUNS:PLAID AIF-42C5B LRP_2:1581.6:PLAID AIF-42C5D LRP
[BDArmory.BDACompetitionMode:197194890]: WHODAMAGEDWHOWITHGUNS:PLAID AIF-42C5D LRP:7198.5:PLAID AIF-42C5B LRP_1
[BDArmory.BDACompetitionMode:197194890]: WHODAMAGEDWHOWITHGUNS:PLAID AIF-42C5D LRP_1:6428.0:PLAID AIF-42C5B LRP_1
[BDArmory.BDACompetitionMode:197194890]: WHODAMAGEDWHOWITHGUNS:PLAID AIF-42C5D LRP_2:390.0:PLAID AIF-42C5B LRP_2:3415.4:PLAID AIF-42C5B LRP
[BDArmory.BDACompetitionMode:197194890]: WHOHITWHOWITHMISSILES:PLAID AIF-42C5B LRP_2:1:PLAID AIF-42C5D LRP
[BDArmory.BDACompetitionMode:197194890]: WHOHITWHOWITHMISSILES:PLAID AIF-42C5D LRP:1:PLAID AIF-42C5B LRP_1
[BDArmory.BDACompetitionMode:197194890]: WHOHITWHOWITHMISSILES:PLAID AIF-42C5D LRP_1:2:PLAID AIF-42C5B LRP_1
[BDArmory.BDACompetitionMode:197194890]: WHOHITWHOWITHMISSILES:PLAID AIF-42C5D LRP_2:1:PLAID AIF-42C5B LRP_2:2:PLAID AIF-42C5B LRP
[BDArmory.BDACompetitionMode:197194890]: WHOPARTSHITWHOWITHMISSILES:PLAID AIF-42C5B LRP_2:74:PLAID AIF-42C5D LRP
[BDArmory.BDACompetitionMode:197194890]: WHOPARTSHITWHOWITHMISSILES:PLAID AIF-42C5D LRP:71:PLAID AIF-42C5B LRP_1
[BDArmory.BDACompetitionMode:197194890]: WHOPARTSHITWHOWITHMISSILES:PLAID AIF-42C5D LRP_1:125:PLAID AIF-42C5B LRP_1
[BDArmory.BDACompetitionMode:197194890]: WHOPARTSHITWHOWITHMISSILES:PLAID AIF-42C5D LRP_2:73:PLAID AIF-42C5B LRP_2:131:PLAID AIF-42C5B LRP
[BDArmory.BDACompetitionMode:197194890]: WHODAMAGEDWHOWITHMISSILES:PLAID AIF-42C5B LRP_2:26507.0:PLAID AIF-42C5D LRP
[BDArmory.BDACompetitionMode:197194890]: WHODAMAGEDWHOWITHMISSILES:PLAID AIF-42C5D LRP:5381.3:PLAID AIF-42C5B LRP_1
[BDArmory.BDACompetitionMode:197194890]: WHODAMAGEDWHOWITHMISSILES:PLAID AIF-42C5D LRP_1:32922.2:PLAID AIF-42C5B LRP_1
[BDArmory.BDACompetitionMode:197194890]: WHODAMAGEDWHOWITHMISSILES:PLAID AIF-42C5D LRP_2:57750.5:PLAID AIF-42C5B LRP
[BDArmory.BDACompetitionMode:197194890]: WHODAMAGEDWHOWITHBATTLEDAMAGE:PLAID AIF-42C5B LRP_2:482.8:PLAID AIF-42C5D LRP:24406.5:PLAID AIF-42C5B LRP_2
[BDArmory.BDACompetitionMode:197194890]: WHODAMAGEDWHOWITHBATTLEDAMAGE:PLAID AIF-42C5D LRP:398.7:PLAID AIF-42C5B LRP_1:9556.6:PLAID AIF-42C5D LRP
[BDArmory.BDACompetitionMode:197194890]: WHODAMAGEDWHOWITHBATTLEDAMAGE:PLAID AIF-42C5D LRP_1:526.9:PLAID AIF-42C5B LRP_1
[BDArmory.BDACompetitionMode:197194890]: WHODAMAGEDWHOWITHBATTLEDAMAGE:PLAID AIF-42C5D LRP_2:160.2:PLAID AIF-42C5B LRP
[BDArmory.BDACompetitionMode:197194890]: GMKILL:PLAID AIF-42C5D LRP:GM
[BDArmory.BDACompetitionMode:197194890]: GMKILL:PLAID AIF-42C5D LRP_1:GM
[BDArmory.BDACompetitionMode:197194890]: HEADSHOTGUNS:PLAID AIF-42C5D LRP_2:PLAID AIF-42C5B LRP
[BDArmory.BDACompetitionMode:197194890]: HPLEFT:PLAID AIF-42C5B LRP:97.5
[BDArmory.BDACompetitionMode:197194890]: HPLEFT:PLAID AIF-42C5B LRP_1:96.25
[BDArmory.BDACompetitionMode:197194890]: HPLEFT:PLAID AIF-42C5B LRP_2:0
[BDArmory.BDACompetitionMode:197194890]: HPLEFT:PLAID AIF-42C5D LRP:0
[BDArmory.BDACompetitionMode:197194890]: HPLEFT:PLAID AIF-42C5D LRP_1:0
[BDArmory.BDACompetitionMode:197194890]: HPLEFT:PLAID AIF-42C5D LRP_2:0
[BDArmory.BDACompetitionMode:197194890]: ACCURACY:PLAID AIF-42C5B LRP:17/127:0/0
[BDArmory.BDACompetitionMode:197194890]: ACCURACY:PLAID AIF-42C5B LRP_1:45/211:0/0
[BDArmory.BDACompetitionMode:197194890]: ACCURACY:PLAID AIF-42C5B LRP_2:1/48:0/0
[BDArmory.BDACompetitionMode:197194890]: ACCURACY:PLAID AIF-42C5D LRP:4/35:0/0
[BDArmory.BDACompetitionMode:197194890]: ACCURACY:PLAID AIF-42C5D LRP_1:0/0:0/0
[BDArmory.BDACompetitionMode:197194890]: ACCURACY:PLAID AIF-42C5D LRP_2:7/114:0/0
