[BDArmory.BDACompetitionMode:198901416]: Dumping Results after -5s (of 0s) at 2026-04-21 02:24:52 -04:00
[BDArmory.BDACompetitionMode:198901416]: RESULT:Draw:[{"team": "PLAID AIF-42C5D1", "members": ["PLAID AIF-42C5D1", "PLAID AIF-42C5D1_1"]}, {"team": "K-73 NMX 5", "members": ["K-73 NMX 5", "K-73 NMX 5_1"]}]
[BDArmory.BDACompetitionMode:198901416]: DEADTEAMS:[]
[BDArmory.BDACompetitionMode:198901416]: DEAD:0:50.0:PLAID AIF-42C5D1
[BDArmory.BDACompetitionMode:198901416]: MIA:PLAID AIF-42C5D1_1
[BDArmory.BDACompetitionMode:198901416]: MIA:K-73 NMX 5
[BDArmory.BDACompetitionMode:198901416]: DEAD:1:56.0:K-73 NMX 5_1
[BDArmory.BDACompetitionMode:198901416]: WHOHITWHOWITHMISSILES:PLAID AIF-42C5D1:1:K-73 NMX 5_1
[BDArmory.BDACompetitionMode:198901416]: WHOHITWHOWITHMISSILES:PLAID AIF-42C5D1_1:1:K-73 NMX 5_1
[BDArmory.BDACompetitionMode:198901416]: WHOHITWHOWITHMISSILES:K-73 NMX 5_1:1:PLAID AIF-42C5D1_1
[BDArmory.BDACompetitionMode:198901416]: WHOPARTSHITWHOWITHMISSILES:PLAID AIF-42C5D1:75:K-73 NMX 5_1
[BDArmory.BDACompetitionMode:198901416]: WHOPARTSHITWHOWITHMISSILES:PLAID AIF-42C5D1_1:66:K-73 NMX 5_1
[BDArmory.BDACompetitionMode:198901416]: WHOPARTSHITWHOWITHMISSILES:K-73 NMX 5_1:26:PLAID AIF-42C5D1_1
[BDArmory.BDACompetitionMode:198901416]: WHODAMAGEDWHOWITHMISSILES:PLAID AIF-42C5D1:35674.6:K-73 NMX 5_1
[BDArmory.BDACompetitionMode:198901416]: WHODAMAGEDWHOWITHMISSILES:PLAID AIF-42C5D1_1:23916.7:K-73 NMX 5_1
[BDArmory.BDACompetitionMode:198901416]: WHODAMAGEDWHOWITHBATTLEDAMAGE:PLAID AIF-42C5D1:40566.3:K-73 NMX 5_1
[BDArmory.BDACompetitionMode:198901416]: WHODAMAGEDWHOWITHBATTLEDAMAGE:PLAID AIF-42C5D1_1:47.8:K-73 NMX 5_1
[BDArmory.BDACompetitionMode:198901416]: CLEANKILLMISSILES:PLAID AIF-42C5D1:K-73 NMX 5_1
[BDArmory.BDACompetitionMode:198901416]: CLEANKILLMISSILES:K-73 NMX 5_1:PLAID AIF-42C5D1_1
[BDArmory.BDACompetitionMode:198901416]: HPLEFT:PLAID AIF-42C5D1:0
[BDArmory.BDACompetitionMode:198901416]: HPLEFT:PLAID AIF-42C5D1_1:20
[BDArmory.BDACompetitionMode:198901416]: HPLEFT:K-73 NMX 5:100
[BDArmory.BDACompetitionMode:198901416]: HPLEFT:K-73 NMX 5_1:0
[BDArmory.BDACompetitionMode:198901416]: ACCURACY:PLAID AIF-42C5D1:0/0:0/0
[BDArmory.BDACompetitionMode:198901416]: ACCURACY:PLAID AIF-42C5D1_1:0/0:0/0
[BDArmory.BDACompetitionMode:198901416]: ACCURACY:K-73 NMX 5:0/0:0/0
[BDArmory.BDACompetitionMode:198901416]: ACCURACY:K-73 NMX 5_1:0/0:0/0
