[BDArmory.BDACompetitionMode:203547944]: Dumping Results after -324s (of 0s) at 2026-06-13 21:08:53 -04:00
[BDArmory.BDACompetitionMode:203547944]: RESULT:Win:{"team": "AIF-38D FRAAAANCE", "members": ["AIF-38D FRAAAANCE", "AIF-38D FRAAAANCE_1", "AIF-38D FRAAAANCE_2"]}
[BDArmory.BDACompetitionMode:203547944]: DEADTEAMS:[{"team": "AIF-38D R27", "members": ["AIF-38D R27", "AIF-38D R27_1", "AIF-38D R27_2"]}]
[BDArmory.BDACompetitionMode:203547944]: ALIVE:AIF-38D FRAAAANCE_2
[BDArmory.BDACompetitionMode:203547944]: MIA:AIF-38D R27
[BDArmory.BDACompetitionMode:203547944]: MIA:AIF-38D R27_1
[BDArmory.BDACompetitionMode:203547944]: MIA:AIF-38D R27_2
[BDArmory.BDACompetitionMode:203547944]: MIA:AIF-38D FRAAAANCE
[BDArmory.BDACompetitionMode:203547944]: MIA:AIF-38D FRAAAANCE_1
[BDArmory.BDACompetitionMode:203547944]: HPLEFT:AIF-38D R27:0
[BDArmory.BDACompetitionMode:203547944]: HPLEFT:AIF-38D R27_1:0
[BDArmory.BDACompetitionMode:203547944]: HPLEFT:AIF-38D R27_2:0
[BDArmory.BDACompetitionMode:203547944]: HPLEFT:AIF-38D FRAAAANCE:0
[BDArmory.BDACompetitionMode:203547944]: HPLEFT:AIF-38D FRAAAANCE_1:0
[BDArmory.BDACompetitionMode:203547944]: HPLEFT:AIF-38D FRAAAANCE_2:100
[BDArmory.BDACompetitionMode:203547944]: ACCURACY:AIF-38D R27:0/0:0/0
[BDArmory.BDACompetitionMode:203547944]: ACCURACY:AIF-38D R27_1:0/0:0/0
[BDArmory.BDACompetitionMode:203547944]: ACCURACY:AIF-38D R27_2:0/0:0/0
[BDArmory.BDACompetitionMode:203547944]: ACCURACY:AIF-38D FRAAAANCE:0/0:0/0
[BDArmory.BDACompetitionMode:203547944]: ACCURACY:AIF-38D FRAAAANCE_1:0/0:0/0
[BDArmory.BDACompetitionMode:203547944]: ACCURACY:AIF-38D FRAAAANCE_2:0/0:0/0
