[BDArmory.BDACompetitionMode:196983511]: Dumping Results after 176s (of 0s) at 2026-03-29 21:42:09 -04:00
[BDArmory.BDACompetitionMode:196983511]: RESULT:Win:{"team": "PLAID AIF-42C5B1 LRP", "members": ["PLAID AIF-42C5B1 LRP", "PLAID AIF-42C5B1 LRP_1", "PLAID AIF-42C5B1 LRP_2"]}
[BDArmory.BDACompetitionMode:196983511]: DEADTEAMS:[{"team": "PLAID AIF-42C5B LRP", "members": ["PLAID AIF-42C5B LRP", "PLAID AIF-42C5B LRP_1", "PLAID AIF-42C5B LRP_2"]}]
[BDArmory.BDACompetitionMode:196983511]: ALIVE:PLAID AIF-42C5B1 LRP_2
[BDArmory.BDACompetitionMode:196983511]: DEAD:3:165.0:PLAID AIF-42C5B LRP
[BDArmory.BDACompetitionMode:196983511]: DEAD:0:100.0:PLAID AIF-42C5B LRP_1
[BDArmory.BDACompetitionMode:196983511]: DEAD:2:156.0:PLAID AIF-42C5B LRP_2
[BDArmory.BDACompetitionMode:196983511]: DEAD:1:149.0:PLAID AIF-42C5B1 LRP
[BDArmory.BDACompetitionMode:196983511]: DEAD:4:165.0:PLAID AIF-42C5B1 LRP_1
[BDArmory.BDACompetitionMode:196983511]: WHOSHOTWHOWITHGUNS:PLAID AIF-42C5B LRP:26:PLAID AIF-42C5B1 LRP_2
[BDArmory.BDACompetitionMode:196983511]: WHOSHOTWHOWITHGUNS:PLAID AIF-42C5B LRP_1:15:PLAID AIF-42C5B1 LRP_2
[BDArmory.BDACompetitionMode:196983511]: WHOSHOTWHOWITHGUNS:PLAID AIF-42C5B LRP_2:5:PLAID AIF-42C5B1 LRP:13:PLAID AIF-42C5B1 LRP_2
[BDArmory.BDACompetitionMode:196983511]: WHOSHOTWHOWITHGUNS:PLAID AIF-42C5B1 LRP:22:PLAID AIF-42C5B LRP_2
[BDArmory.BDACompetitionMode:196983511]: WHOSHOTWHOWITHGUNS:PLAID AIF-42C5B1 LRP_1:8:PLAID AIF-42C5B LRP
[BDArmory.BDACompetitionMode:196983511]: WHOSHOTWHOWITHGUNS:PLAID AIF-42C5B1 LRP_2:2:PLAID AIF-42C5B LRP
[BDArmory.BDACompetitionMode:196983511]: WHODAMAGEDWHOWITHGUNS:PLAID AIF-42C5B LRP:5387.8:PLAID AIF-42C5B1 LRP_2
[BDArmory.BDACompetitionMode:196983511]: WHODAMAGEDWHOWITHGUNS:PLAID AIF-42C5B LRP_1:3631.0:PLAID AIF-42C5B1 LRP_2
[BDArmory.BDACompetitionMode:196983511]: WHODAMAGEDWHOWITHGUNS:PLAID AIF-42C5B LRP_2:846.3:PLAID AIF-42C5B1 LRP:3452.3:PLAID AIF-42C5B1 LRP_2
[BDArmory.BDACompetitionMode:196983511]: WHODAMAGEDWHOWITHGUNS:PLAID AIF-42C5B1 LRP:6906.4:PLAID AIF-42C5B LRP_2
[BDArmory.BDACompetitionMode:196983511]: WHODAMAGEDWHOWITHGUNS:PLAID AIF-42C5B1 LRP_1:3954.6:PLAID AIF-42C5B LRP
[BDArmory.BDACompetitionMode:196983511]: WHODAMAGEDWHOWITHGUNS:PLAID AIF-42C5B1 LRP_2:689.8:PLAID AIF-42C5B LRP
[BDArmory.BDACompetitionMode:196983511]: WHOHITWHOWITHMISSILES:PLAID AIF-42C5B LRP:1:PLAID AIF-42C5B1 LRP_2
[BDArmory.BDACompetitionMode:196983511]: WHOHITWHOWITHMISSILES:PLAID AIF-42C5B1 LRP_1:4:PLAID AIF-42C5B LRP
[BDArmory.BDACompetitionMode:196983511]: WHOPARTSHITWHOWITHMISSILES:PLAID AIF-42C5B LRP:70:PLAID AIF-42C5B1 LRP_2
[BDArmory.BDACompetitionMode:196983511]: WHOPARTSHITWHOWITHMISSILES:PLAID AIF-42C5B1 LRP_1:245:PLAID AIF-42C5B LRP
[BDArmory.BDACompetitionMode:196983511]: WHODAMAGEDWHOWITHMISSILES:PLAID AIF-42C5B LRP:4819.9:PLAID AIF-42C5B1 LRP_2
[BDArmory.BDACompetitionMode:196983511]: WHODAMAGEDWHOWITHMISSILES:PLAID AIF-42C5B1 LRP_1:78380.2:PLAID AIF-42C5B LRP
[BDArmory.BDACompetitionMode:196983511]: WHODAMAGEDWHOWITHBATTLEDAMAGE:PLAID AIF-42C5B LRP:182.0:PLAID AIF-42C5B1 LRP_2:19510.9:PLAID AIF-42C5B LRP
[BDArmory.BDACompetitionMode:196983511]: WHODAMAGEDWHOWITHBATTLEDAMAGE:PLAID AIF-42C5B LRP_1:17.7:PLAID AIF-42C5B1 LRP_2
[BDArmory.BDACompetitionMode:196983511]: WHODAMAGEDWHOWITHBATTLEDAMAGE:PLAID AIF-42C5B LRP_2:61.2:PLAID AIF-42C5B1 LRP:151.5:PLAID AIF-42C5B1 LRP_2:7000.5:PLAID AIF-42C5B LRP_2
[BDArmory.BDACompetitionMode:196983511]: WHODAMAGEDWHOWITHBATTLEDAMAGE:PLAID AIF-42C5B1 LRP:386.1:PLAID AIF-42C5B LRP_2:19393.3:PLAID AIF-42C5B1 LRP
[BDArmory.BDACompetitionMode:196983511]: WHODAMAGEDWHOWITHBATTLEDAMAGE:PLAID AIF-42C5B1 LRP_1:414.8:PLAID AIF-42C5B LRP
[BDArmory.BDACompetitionMode:196983511]: CLEANKILLGUNS:PLAID AIF-42C5B LRP:PLAID AIF-42C5B1 LRP_2
[BDArmory.BDACompetitionMode:196983511]: CLEANKILLGUNS:PLAID AIF-42C5B LRP_1:PLAID AIF-42C5B1 LRP_2
[BDArmory.BDACompetitionMode:196983511]: HEADSHOTGUNS:PLAID AIF-42C5B LRP_2:PLAID AIF-42C5B1 LRP_2
[BDArmory.BDACompetitionMode:196983511]: CLEANKILLGUNS:PLAID AIF-42C5B1 LRP:PLAID AIF-42C5B LRP_2
[BDArmory.BDACompetitionMode:196983511]: HPLEFT:PLAID AIF-42C5B LRP:0
[BDArmory.BDACompetitionMode:196983511]: HPLEFT:PLAID AIF-42C5B LRP_1:0
[BDArmory.BDACompetitionMode:196983511]: HPLEFT:PLAID AIF-42C5B LRP_2:0
[BDArmory.BDACompetitionMode:196983511]: HPLEFT:PLAID AIF-42C5B1 LRP:0
[BDArmory.BDACompetitionMode:196983511]: HPLEFT:PLAID AIF-42C5B1 LRP_1:0
[BDArmory.BDACompetitionMode:196983511]: HPLEFT:PLAID AIF-42C5B1 LRP_2:98.75
[BDArmory.BDACompetitionMode:196983511]: ACCURACY:PLAID AIF-42C5B LRP:10/197:0/0
[BDArmory.BDACompetitionMode:196983511]: ACCURACY:PLAID AIF-42C5B LRP_1:0/0:0/0
[BDArmory.BDACompetitionMode:196983511]: ACCURACY:PLAID AIF-42C5B LRP_2:22/219:0/0
[BDArmory.BDACompetitionMode:196983511]: ACCURACY:PLAID AIF-42C5B1 LRP:5/48:0/0
[BDArmory.BDACompetitionMode:196983511]: ACCURACY:PLAID AIF-42C5B1 LRP_1:0/0:0/0
[BDArmory.BDACompetitionMode:196983511]: ACCURACY:PLAID AIF-42C5B1 LRP_2:54/487:0/0
