[BDArmory.BDACompetitionMode:196979171]: Dumping Results after 119s (of 0s) at 2026-03-29 20:28:48 -04:00
[BDArmory.BDACompetitionMode:196979171]: RESULT:Win:{"team": "PLAID AIF-42C5B LRP", "members": ["PLAID AIF-42C5B LRP", "PLAID AIF-42C5B LRP_1", "PLAID AIF-42C5B LRP_2", "PLAID AIF-42C5B LRP_3"]}
[BDArmory.BDACompetitionMode:196979171]: DEADTEAMS:[{"team": "Dark Bramble K", "members": ["Dark Bramble K", "Dark Bramble K_1", "Dark Bramble K_2", "Dark Bramble K_3"]}]
[BDArmory.BDACompetitionMode:196979171]: ALIVE:PLAID AIF-42C5B LRP_1
[BDArmory.BDACompetitionMode:196979171]: ALIVE:PLAID AIF-42C5B LRP_3
[BDArmory.BDACompetitionMode:196979171]: MIA:PLAID AIF-42C5B LRP
[BDArmory.BDACompetitionMode:196979171]: DEAD:4:110.0:PLAID AIF-42C5B LRP_2
[BDArmory.BDACompetitionMode:196979171]: DEAD:0:94.0:Dark Bramble K
[BDArmory.BDACompetitionMode:196979171]: DEAD:1:99.0:Dark Bramble K_1
[BDArmory.BDACompetitionMode:196979171]: DEAD:2:106.0:Dark Bramble K_2
[BDArmory.BDACompetitionMode:196979171]: DEAD:3:107.0:Dark Bramble K_3
[BDArmory.BDACompetitionMode:196979171]: WHOSHOTWHOWITHGUNS:PLAID AIF-42C5B LRP:14:Dark Bramble K_1:3:Dark Bramble K_2
[BDArmory.BDACompetitionMode:196979171]: WHOSHOTWHOWITHGUNS:PLAID AIF-42C5B LRP_3:2:Dark Bramble K_2
[BDArmory.BDACompetitionMode:196979171]: WHOSHOTWHOWITHGUNS:Dark Bramble K_2:2:PLAID AIF-42C5B LRP_2:1:PLAID AIF-42C5B LRP_1
[BDArmory.BDACompetitionMode:196979171]: WHOSHOTWHOWITHGUNS:Dark Bramble K_3:12:PLAID AIF-42C5B LRP:9:PLAID AIF-42C5B LRP_1
[BDArmory.BDACompetitionMode:196979171]: WHODAMAGEDWHOWITHGUNS:PLAID AIF-42C5B LRP:2885.4:Dark Bramble K_1:393.5:Dark Bramble K_2
[BDArmory.BDACompetitionMode:196979171]: WHODAMAGEDWHOWITHGUNS:PLAID AIF-42C5B LRP_3:670.5:Dark Bramble K_2
[BDArmory.BDACompetitionMode:196979171]: WHODAMAGEDWHOWITHGUNS:Dark Bramble K_1:0.1:PLAID AIF-42C5B LRP_2
[BDArmory.BDACompetitionMode:196979171]: WHODAMAGEDWHOWITHGUNS:Dark Bramble K_2:486.4:PLAID AIF-42C5B LRP_2:243.3:PLAID AIF-42C5B LRP_1
[BDArmory.BDACompetitionMode:196979171]: WHODAMAGEDWHOWITHGUNS:Dark Bramble K_3:5701.4:PLAID AIF-42C5B LRP:2727.8:PLAID AIF-42C5B LRP_1
[BDArmory.BDACompetitionMode:196979171]: WHOHITWHOWITHMISSILES:PLAID AIF-42C5B LRP_1:1:Dark Bramble K_1
[BDArmory.BDACompetitionMode:196979171]: WHOHITWHOWITHMISSILES:PLAID AIF-42C5B LRP_2:1:Dark Bramble K:1:Dark Bramble K_3
[BDArmory.BDACompetitionMode:196979171]: WHOHITWHOWITHMISSILES:PLAID AIF-42C5B LRP_3:1:Dark Bramble K
[BDArmory.BDACompetitionMode:196979171]: WHOHITWHOWITHMISSILES:Dark Bramble K_2:1:PLAID AIF-42C5B LRP_3:1:Dark Bramble K_1:1:PLAID AIF-42C5B LRP
[BDArmory.BDACompetitionMode:196979171]: WHOPARTSHITWHOWITHMISSILES:PLAID AIF-42C5B LRP_1:71:Dark Bramble K_1
[BDArmory.BDACompetitionMode:196979171]: WHOPARTSHITWHOWITHMISSILES:PLAID AIF-42C5B LRP_2:69:Dark Bramble K:35:Dark Bramble K_3
[BDArmory.BDACompetitionMode:196979171]: WHOPARTSHITWHOWITHMISSILES:PLAID AIF-42C5B LRP_3:68:Dark Bramble K
[BDArmory.BDACompetitionMode:196979171]: WHOPARTSHITWHOWITHMISSILES:Dark Bramble K_2:26:PLAID AIF-42C5B LRP_3:48:Dark Bramble K_1:31:PLAID AIF-42C5B LRP
[BDArmory.BDACompetitionMode:196979171]: WHODAMAGEDWHOWITHMISSILES:PLAID AIF-42C5B LRP_1:15650.8:Dark Bramble K_1
[BDArmory.BDACompetitionMode:196979171]: WHODAMAGEDWHOWITHMISSILES:PLAID AIF-42C5B LRP_2:35672.0:Dark Bramble K
[BDArmory.BDACompetitionMode:196979171]: WHODAMAGEDWHOWITHMISSILES:PLAID AIF-42C5B LRP_3:11973.5:Dark Bramble K
[BDArmory.BDACompetitionMode:196979171]: WHODAMAGEDWHOWITHMISSILES:Dark Bramble K_2:12834.1:Dark Bramble K_1:10650.5:PLAID AIF-42C5B LRP
[BDArmory.BDACompetitionMode:196979171]: WHODAMAGEDWHOWITHBATTLEDAMAGE:PLAID AIF-42C5B LRP:221.8:Dark Bramble K_1:122.7:Dark Bramble K_2:9563.7:PLAID AIF-42C5B LRP
[BDArmory.BDACompetitionMode:196979171]: WHODAMAGEDWHOWITHBATTLEDAMAGE:Dark Bramble K_2:0.6:PLAID AIF-42C5B LRP_2
[BDArmory.BDACompetitionMode:196979171]: WHODAMAGEDWHOWITHBATTLEDAMAGE:Dark Bramble K_3:50.1:PLAID AIF-42C5B LRP:86.9:PLAID AIF-42C5B LRP_1
[BDArmory.BDACompetitionMode:196979171]: GMKILL:Dark Bramble K_3:LandedTooLong
[BDArmory.BDACompetitionMode:196979171]: CLEANKILLGUNS:Dark Bramble K_1:PLAID AIF-42C5B LRP_2
[BDArmory.BDACompetitionMode:196979171]: KILLSTEALGUNS:Dark Bramble K_2:PLAID AIF-42C5B LRP_1
[BDArmory.BDACompetitionMode:196979171]: HPLEFT:PLAID AIF-42C5B LRP:20
[BDArmory.BDACompetitionMode:196979171]: HPLEFT:PLAID AIF-42C5B LRP_1:80
[BDArmory.BDACompetitionMode:196979171]: HPLEFT:PLAID AIF-42C5B LRP_2:0
[BDArmory.BDACompetitionMode:196979171]: HPLEFT:PLAID AIF-42C5B LRP_3:76.25
[BDArmory.BDACompetitionMode:196979171]: HPLEFT:Dark Bramble K:0
[BDArmory.BDACompetitionMode:196979171]: HPLEFT:Dark Bramble K_1:0
[BDArmory.BDACompetitionMode:196979171]: HPLEFT:Dark Bramble K_2:0
[BDArmory.BDACompetitionMode:196979171]: HPLEFT:Dark Bramble K_3:0
[BDArmory.BDACompetitionMode:196979171]: ACCURACY:PLAID AIF-42C5B LRP:12/18:0/0
[BDArmory.BDACompetitionMode:196979171]: ACCURACY:PLAID AIF-42C5B LRP_1:10/73:0/0
[BDArmory.BDACompetitionMode:196979171]: ACCURACY:PLAID AIF-42C5B LRP_2:2/45:0/0
[BDArmory.BDACompetitionMode:196979171]: ACCURACY:PLAID AIF-42C5B LRP_3:0/33:0/0
[BDArmory.BDACompetitionMode:196979171]: ACCURACY:Dark Bramble K:0/50:0/0
[BDArmory.BDACompetitionMode:196979171]: ACCURACY:Dark Bramble K_1:14/43:0/0
[BDArmory.BDACompetitionMode:196979171]: ACCURACY:Dark Bramble K_2:5/163:0/0
[BDArmory.BDACompetitionMode:196979171]: ACCURACY:Dark Bramble K_3:0/3:0/0
