[BDArmory.BDACompetitionMode:199423682]: Dumping Results after -46s (of 0s) at 2026-04-27 03:30:23 -04:00
[BDArmory.BDACompetitionMode:199423682]: RESULT:Mutual Annihilation
[BDArmory.BDACompetitionMode:199423682]: DEADTEAMS:[{"team": "AIF-38", "members": ["AIF-38", "AIF-38_1"]}, {"team": "AL-34 Cooker V_VVVVdev", "members": ["AL-34 Cooker V/VVVVdev", "AL-34 Cooker V/VVVVdev_1"]}]
[BDArmory.BDACompetitionMode:199423682]: MIA:AIF-38
[BDArmory.BDACompetitionMode:199423682]: MIA:AIF-38_1
[BDArmory.BDACompetitionMode:199423682]: DEAD:1:74.0:AL-34 Cooker V/VVVVdev
[BDArmory.BDACompetitionMode:199423682]: DEAD:0:68.0:AL-34 Cooker V/VVVVdev_1
[BDArmory.BDACompetitionMode:199423682]: WHOSHOTWHOWITHGUNS:AL-34 Cooker V/VVVVdev:2:AIF-38:11:AIF-38_1
[BDArmory.BDACompetitionMode:199423682]: WHODAMAGEDWHOWITHGUNS:AL-34 Cooker V/VVVVdev:827.6:AIF-38:4270.4:AIF-38_1
[BDArmory.BDACompetitionMode:199423682]: WHOHITWHOWITHMISSILES:AIF-38:1:AL-34 Cooker V/VVVVdev
[BDArmory.BDACompetitionMode:199423682]: WHOHITWHOWITHMISSILES:AL-34 Cooker V/VVVVdev:1:AIF-38:1:AIF-38_1
[BDArmory.BDACompetitionMode:199423682]: WHOHITWHOWITHMISSILES:AL-34 Cooker V/VVVVdev_1:1:AIF-38:1:AIF-38_1
[BDArmory.BDACompetitionMode:199423682]: WHOPARTSHITWHOWITHMISSILES:AIF-38:98:AL-34 Cooker V/VVVVdev
[BDArmory.BDACompetitionMode:199423682]: WHOPARTSHITWHOWITHMISSILES:AL-34 Cooker V/VVVVdev:112:AIF-38:102:AIF-38_1
[BDArmory.BDACompetitionMode:199423682]: WHOPARTSHITWHOWITHMISSILES:AL-34 Cooker V/VVVVdev_1:109:AIF-38:87:AIF-38_1
[BDArmory.BDACompetitionMode:199423682]: WHODAMAGEDWHOWITHMISSILES:AIF-38:4276.6:AL-34 Cooker V/VVVVdev
[BDArmory.BDACompetitionMode:199423682]: WHODAMAGEDWHOWITHMISSILES:AL-34 Cooker V/VVVVdev:7285.6:AIF-38_1
[BDArmory.BDACompetitionMode:199423682]: WHODAMAGEDWHOWITHMISSILES:AL-34 Cooker V/VVVVdev_1:45866.2:AIF-38:18191.5:AIF-38_1
[BDArmory.BDACompetitionMode:199423682]: WHODAMAGEDWHOWITHBATTLEDAMAGE:AIF-38:0.1:AL-34 Cooker V/VVVVdev
[BDArmory.BDACompetitionMode:199423682]: WHODAMAGEDWHOWITHBATTLEDAMAGE:AL-34 Cooker V/VVVVdev:90.3:AIF-38:14.2:AIF-38_1
[BDArmory.BDACompetitionMode:199423682]: HEADSHOTGUNS:AL-34 Cooker V/VVVVdev:AIF-38_1
[BDArmory.BDACompetitionMode:199423682]: HEADSHOTMISSILES:AL-34 Cooker V/VVVVdev_1:AIF-38_1
[BDArmory.BDACompetitionMode:199423682]: HPLEFT:AIF-38:0
[BDArmory.BDACompetitionMode:199423682]: HPLEFT:AIF-38_1:0
[BDArmory.BDACompetitionMode:199423682]: HPLEFT:AL-34 Cooker V/VVVVdev:0
[BDArmory.BDACompetitionMode:199423682]: HPLEFT:AL-34 Cooker V/VVVVdev_1:0
[BDArmory.BDACompetitionMode:199423682]: ACCURACY:AIF-38:2/34:0/0
[BDArmory.BDACompetitionMode:199423682]: ACCURACY:AIF-38_1:11/34:0/0
[BDArmory.BDACompetitionMode:199423682]: ACCURACY:AL-34 Cooker V/VVVVdev:0/0:0/0
[BDArmory.BDACompetitionMode:199423682]: ACCURACY:AL-34 Cooker V/VVVVdev_1:0/0:0/0
